---
http_interactions:
- request:
    method: get
    uri: https://staging2-lcm-prod.intgdc.com/gdc/md/j2tzl8cmbome4ugne2mhli9wj9pmd9w6/objects/query?category=projectDashboard&limit=50&offset=0
    body:
      encoding: US-ASCII
      string: ''
    headers:
      Accept:
      - application/json, application/zip
      Accept-Encoding:
      - gzip, deflate
      User-Agent:
      - gooddata-gem/2.1.3/x86_64-darwin18/2.4.5
      Content-Type:
      - application/json
      X-Gdc-Authtt:
      - "<X_GDC_AUTHTT>"
      X-Gdc-Request:
      - ":mqq9aj74KN01b_JNGLlprw:87j9rfkFvfbBE1KgiPs6qg"
      Stats-On:
      - ''
      Host:
      - staging2-lcm-prod.intgdc.com
  response:
    status:
      code: 200
      message: OK
    headers:
      Date:
      - Thu, 18 Apr 2019 13:06:48 GMT
      Server:
      - GoodData WebApp
      Keep-Alive:
      - timeout=5, max=100
      X-Gdc-Log-Header:
      - ''
      Cache-Control:
      - no-cache, no-store, must-revalidate
      Content-Type:
      - application/json;charset=UTF-8
      Transfer-Encoding:
      - chunked
      Vary:
      - Accept-Encoding
      - origin
      X-Gdc-Request:
      - ":mqq9aj74KN01b_JNGLlprw:87j9rfkFvfbBE1KgiPs6qg:fE0bH0b1ZgmkeDCa"
      X-Gdc-Request-Time:
      - '42'
      Strict-Transport-Security:
      - max-age=10886400; includeSubDomains; preload;
    body:
      encoding: ASCII-8BIT
      string: '{"objects":{"paging":{"count":2,"offset":0},"items":[{"projectDashboard":{"content":{"tabs":[{"identifier":"aab9ZlWqgy9M","title":"Tab
        1","items":[{"reportItem":{"obj":"/gdc/md/j2tzl8cmbome4ugne2mhli9wj9pmd9w6/obj/358","sizeY":100,"sizeX":640,"visualization":{"grid":{"columnWidths":[]},"oneNumber":{"labels":{}}},"style":{"displayTitle":1,"background":{"opacity":0.0}},"positionY":0,"filters":[],"positionX":0}},{"reportItem":{"obj":"/gdc/md/j2tzl8cmbome4ugne2mhli9wj9pmd9w6/obj/356","sizeY":100,"sizeX":640,"visualization":{"grid":{"columnWidths":[]},"oneNumber":{"labels":{}}},"style":{"displayTitle":1,"background":{"opacity":0.0}},"positionY":150,"filters":[],"positionX":0}},{"reportItem":{"obj":"/gdc/md/j2tzl8cmbome4ugne2mhli9wj9pmd9w6/obj/360","sizeY":100,"sizeX":640,"visualization":{"grid":{"columnWidths":[]},"oneNumber":{"labels":{}}},"style":{"displayTitle":1,"background":{"opacity":0.0}},"positionY":0,"filters":[],"positionX":0}}]},{"identifier":"aac9ZlWqgy9M","title":"Tab
        2","items":[{"reportItem":{"obj":"/gdc/md/j2tzl8cmbome4ugne2mhli9wj9pmd9w6/obj/358","sizeY":100,"sizeX":640,"visualization":{"grid":{"columnWidths":[]},"oneNumber":{"labels":{}}},"style":{"displayTitle":1,"background":{"opacity":0.0}},"positionY":0,"filters":[],"positionX":0}},{"reportItem":{"obj":"/gdc/md/j2tzl8cmbome4ugne2mhli9wj9pmd9w6/obj/356","sizeY":100,"sizeX":640,"visualization":{"grid":{"columnWidths":[]},"oneNumber":{"labels":{}}},"style":{"displayTitle":1,"background":{"opacity":0.0}},"positionY":150,"filters":[],"positionX":0}},{"reportItem":{"obj":"/gdc/md/j2tzl8cmbome4ugne2mhli9wj9pmd9w6/obj/360","sizeY":100,"sizeX":640,"visualization":{"grid":{"columnWidths":[]},"oneNumber":{"labels":{}}},"style":{"displayTitle":1,"background":{"opacity":0.0}},"positionY":0,"filters":[],"positionX":0}}]}],"filters":[]},"meta":{"author":"/gdc/account/profile/5ad80b895edcc438e5a4418e222733fa","uri":"/gdc/md/j2tzl8cmbome4ugne2mhli9wj9pmd9w6/obj/361","tags":"dashboard","created":"2019-04-18
        14:58:04","identifier":"dashboard.dashboard.2","deprecated":"0","summary":"","isProduction":1,"title":"Dashboard
        2","category":"projectDashboard","updated":"2019-04-18 14:36:13","contributor":"/gdc/account/profile/5ad80b895edcc438e5a4418e222733fa"}}},{"projectDashboard":{"content":{"tabs":[{"identifier":"aac9ZeDKgyVm","title":"Tab
        1","items":[{"reportItem":{"obj":"/gdc/md/j2tzl8cmbome4ugne2mhli9wj9pmd9w6/obj/358","sizeY":100,"sizeX":640,"visualization":{"grid":{"columnWidths":[]},"oneNumber":{"labels":{}}},"style":{"displayTitle":1,"background":{"opacity":0.0}},"positionY":0,"filters":[],"positionX":0}},{"reportItem":{"obj":"/gdc/md/j2tzl8cmbome4ugne2mhli9wj9pmd9w6/obj/356","sizeY":100,"sizeX":640,"visualization":{"grid":{"columnWidths":[]},"oneNumber":{"labels":{}}},"style":{"displayTitle":1,"background":{"opacity":0.0}},"positionY":150,"filters":[],"positionX":0}},{"reportItem":{"obj":"/gdc/md/j2tzl8cmbome4ugne2mhli9wj9pmd9w6/obj/360","sizeY":100,"sizeX":640,"visualization":{"grid":{"columnWidths":[]},"oneNumber":{"labels":{}}},"style":{"displayTitle":1,"background":{"opacity":0.0}},"positionY":0,"filters":[],"positionX":0}},{"reportItem":{"obj":"/gdc/md/j2tzl8cmbome4ugne2mhli9wj9pmd9w6/obj/353","sizeY":200,"sizeX":300,"visualization":{"grid":{"columnWidths":[]},"oneNumber":{"labels":{}}},"style":{"displayTitle":1,"background":{"opacity":0.0}},"positionY":300,"filters":[],"positionX":0}}]},{"identifier":"aad9ZeDKgyVm","title":"Tab
        2","items":[{"reportItem":{"obj":"/gdc/md/j2tzl8cmbome4ugne2mhli9wj9pmd9w6/obj/358","sizeY":100,"sizeX":640,"visualization":{"grid":{"columnWidths":[]},"oneNumber":{"labels":{}}},"style":{"displayTitle":1,"background":{"opacity":0.0}},"positionY":0,"filters":[],"positionX":0}},{"reportItem":{"obj":"/gdc/md/j2tzl8cmbome4ugne2mhli9wj9pmd9w6/obj/356","sizeY":100,"sizeX":640,"visualization":{"grid":{"columnWidths":[]},"oneNumber":{"labels":{}}},"style":{"displayTitle":1,"background":{"opacity":0.0}},"positionY":150,"filters":[],"positionX":0}},{"reportItem":{"obj":"/gdc/md/j2tzl8cmbome4ugne2mhli9wj9pmd9w6/obj/360","sizeY":100,"sizeX":640,"visualization":{"grid":{"columnWidths":[]},"oneNumber":{"labels":{}}},"style":{"displayTitle":1,"background":{"opacity":0.0}},"positionY":0,"filters":[],"positionX":0}}]}],"filters":[]},"meta":{"author":"/gdc/account/profile/5ad80b895edcc438e5a4418e222733fa","uri":"/gdc/md/j2tzl8cmbome4ugne2mhli9wj9pmd9w6/obj/362","tags":"dashboard","created":"2019-04-18
        14:58:04","identifier":"dashboard.dashboard.1","deprecated":"0","summary":"","isProduction":1,"title":"Dashboard
        1","category":"projectDashboard","updated":"2019-04-18 14:55:10","contributor":"/gdc/account/profile/5ad80b895edcc438e5a4418e222733fa"}}}]}}'
    http_version: 
  recorded_at: Thu, 18 Apr 2019 13:06:48 GMT
- request:
    method: get
    uri: https://staging2-lcm-prod.intgdc.com/gdc/md/j2tzl8cmbome4ugne2mhli9wj9pmd9w6/obj/358
    body:
      encoding: US-ASCII
      string: ''
    headers:
      Accept:
      - application/json, application/zip
      Accept-Encoding:
      - gzip, deflate
      User-Agent:
      - gooddata-gem/2.1.3/x86_64-darwin18/2.4.5
      Content-Type:
      - application/json
      X-Gdc-Authtt:
      - "<X_GDC_AUTHTT>"
      X-Gdc-Request:
      - ":mqq9aj74KN01b_JNGLlprw:bPbkPIURaNkDWaQK_um0ng"
      Stats-On:
      - ''
      Host:
      - staging2-lcm-prod.intgdc.com
  response:
    status:
      code: 200
      message: OK
    headers:
      Date:
      - Thu, 18 Apr 2019 13:06:49 GMT
      Server:
      - GoodData WebApp
      Keep-Alive:
      - timeout=5, max=100
      X-Gdc-Log-Header:
      - ''
      Cache-Control:
      - no-cache, no-store, must-revalidate
      Content-Type:
      - application/json;charset=UTF-8
      X-Gdc-Request:
      - ":mqq9aj74KN01b_JNGLlprw:bPbkPIURaNkDWaQK_um0ng:OVlqojI41E9LN9WJ"
      Vary:
      - origin
      X-Gdc-Request-Time:
      - '46'
      Transfer-Encoding:
      - chunked
      Strict-Transport-Security:
      - max-age=10886400; includeSubDomains; preload;
    body:
      encoding: ASCII-8BIT
      string: '{"report":{"content":{"domains":[],"definitions":["/gdc/md/j2tzl8cmbome4ugne2mhli9wj9pmd9w6/obj/357"]},"meta":{"author":"/gdc/account/profile/5ad80b895edcc438e5a4418e222733fa","uri":"/gdc/md/j2tzl8cmbome4ugne2mhli9wj9pmd9w6/obj/358","tags":"","created":"2019-04-18
        14:58:04","identifier":"report.customers.count.by.gender","deprecated":"0","summary":"","isProduction":1,"title":"Customers
        Count By Gender","category":"report","updated":"2019-04-18 14:35:08","contributor":"/gdc/account/profile/5ad80b895edcc438e5a4418e222733fa"}}}'
    http_version: 
  recorded_at: Thu, 18 Apr 2019 13:06:49 GMT
- request:
    method: get
    uri: https://staging2-lcm-prod.intgdc.com/gdc/md/j2tzl8cmbome4ugne2mhli9wj9pmd9w6/obj/356
    body:
      encoding: US-ASCII
      string: ''
    headers:
      Accept:
      - application/json, application/zip
      Accept-Encoding:
      - gzip, deflate
      User-Agent:
      - gooddata-gem/2.1.3/x86_64-darwin18/2.4.5
      Content-Type:
      - application/json
      X-Gdc-Authtt:
      - "<X_GDC_AUTHTT>"
      X-Gdc-Request:
      - ":mqq9aj74KN01b_JNGLlprw:91xEmCrSqtSC0MJ_1RyOXQ"
      Stats-On:
      - ''
      Host:
      - staging2-lcm-prod.intgdc.com
  response:
    status:
      code: 200
      message: OK
    headers:
      Date:
      - Thu, 18 Apr 2019 13:06:50 GMT
      Server:
      - GoodData WebApp
      Keep-Alive:
      - timeout=5, max=100
      X-Gdc-Log-Header:
      - ''
      Cache-Control:
      - no-cache, no-store, must-revalidate
      Content-Type:
      - application/json;charset=UTF-8
      X-Gdc-Request:
      - ":mqq9aj74KN01b_JNGLlprw:91xEmCrSqtSC0MJ_1RyOXQ:Qyfvqyi4cGyVEP4q"
      Vary:
      - origin
      X-Gdc-Request-Time:
      - '30'
      Transfer-Encoding:
      - chunked
      Strict-Transport-Security:
      - max-age=10886400; includeSubDomains; preload;
    body:
      encoding: ASCII-8BIT
      string: '{"report":{"content":{"domains":[],"definitions":["/gdc/md/j2tzl8cmbome4ugne2mhli9wj9pmd9w6/obj/355"]},"meta":{"author":"/gdc/account/profile/5ad80b895edcc438e5a4418e222733fa","uri":"/gdc/md/j2tzl8cmbome4ugne2mhli9wj9pmd9w6/obj/356","tags":"","created":"2019-04-18
        14:58:04","identifier":"report.customers.count.by.state","deprecated":"0","summary":"","isProduction":1,"title":"Customers
        Count By State","category":"report","updated":"2019-04-18 14:35:14","contributor":"/gdc/account/profile/5ad80b895edcc438e5a4418e222733fa"}}}'
    http_version: 
  recorded_at: Thu, 18 Apr 2019 13:06:50 GMT
- request:
    method: get
    uri: https://staging2-lcm-prod.intgdc.com/gdc/md/j2tzl8cmbome4ugne2mhli9wj9pmd9w6/obj/360
    body:
      encoding: US-ASCII
      string: ''
    headers:
      Accept:
      - application/json, application/zip
      Accept-Encoding:
      - gzip, deflate
      User-Agent:
      - gooddata-gem/2.1.3/x86_64-darwin18/2.4.5
      Content-Type:
      - application/json
      X-Gdc-Authtt:
      - "<X_GDC_AUTHTT>"
      X-Gdc-Request:
      - ":mqq9aj74KN01b_JNGLlprw:VOUeqLl9CV9wGgr1DYEpjw"
      Stats-On:
      - ''
      Host:
      - staging2-lcm-prod.intgdc.com
  response:
    status:
      code: 200
      message: OK
    headers:
      Date:
      - Thu, 18 Apr 2019 13:06:50 GMT
      Server:
      - GoodData WebApp
      Keep-Alive:
      - timeout=5, max=100
      X-Gdc-Log-Header:
      - ''
      Cache-Control:
      - no-cache, no-store, must-revalidate
      Content-Type:
      - application/json;charset=UTF-8
      X-Gdc-Request:
      - ":mqq9aj74KN01b_JNGLlprw:VOUeqLl9CV9wGgr1DYEpjw:8LCeA23xtGjPgZPP"
      Vary:
      - origin
      X-Gdc-Request-Time:
      - '30'
      Transfer-Encoding:
      - chunked
      Strict-Transport-Security:
      - max-age=10886400; includeSubDomains; preload;
    body:
      encoding: ASCII-8BIT
      string: '{"report":{"content":{"domains":[],"definitions":["/gdc/md/j2tzl8cmbome4ugne2mhli9wj9pmd9w6/obj/359"]},"meta":{"author":"/gdc/account/profile/5ad80b895edcc438e5a4418e222733fa","uri":"/gdc/md/j2tzl8cmbome4ugne2mhli9wj9pmd9w6/obj/360","tags":"","created":"2019-04-18
        14:58:04","identifier":"report.report.contains.ca","deprecated":"0","summary":"","isProduction":1,"title":"Report
        contains CA","category":"report","updated":"2019-04-18 14:35:45","contributor":"/gdc/account/profile/5ad80b895edcc438e5a4418e222733fa"}}}'
    http_version: 
  recorded_at: Thu, 18 Apr 2019 13:06:50 GMT
- request:
    method: get
    uri: https://staging2-lcm-prod.intgdc.com/gdc/md/j2tzl8cmbome4ugne2mhli9wj9pmd9w6/obj/358
    body:
      encoding: US-ASCII
      string: ''
    headers:
      Accept:
      - application/json, application/zip
      Accept-Encoding:
      - gzip, deflate
      User-Agent:
      - gooddata-gem/2.1.3/x86_64-darwin18/2.4.5
      Content-Type:
      - application/json
      X-Gdc-Authtt:
      - "<X_GDC_AUTHTT>"
      X-Gdc-Request:
      - ":mqq9aj74KN01b_JNGLlprw:eQSUd7lHA-c-0Ec5TEoRbg"
      Stats-On:
      - ''
      Host:
      - staging2-lcm-prod.intgdc.com
  response:
    status:
      code: 200
      message: OK
    headers:
      Date:
      - Thu, 18 Apr 2019 13:06:51 GMT
      Server:
      - GoodData WebApp
      Keep-Alive:
      - timeout=5, max=100
      X-Gdc-Log-Header:
      - ''
      Cache-Control:
      - no-cache, no-store, must-revalidate
      Content-Type:
      - application/json;charset=UTF-8
      X-Gdc-Request:
      - ":mqq9aj74KN01b_JNGLlprw:eQSUd7lHA-c-0Ec5TEoRbg:4CB3sYfsWexdPRYs"
      Vary:
      - origin
      X-Gdc-Request-Time:
      - '27'
      Transfer-Encoding:
      - chunked
      Strict-Transport-Security:
      - max-age=10886400; includeSubDomains; preload;
    body:
      encoding: ASCII-8BIT
      string: '{"report":{"content":{"domains":[],"definitions":["/gdc/md/j2tzl8cmbome4ugne2mhli9wj9pmd9w6/obj/357"]},"meta":{"author":"/gdc/account/profile/5ad80b895edcc438e5a4418e222733fa","uri":"/gdc/md/j2tzl8cmbome4ugne2mhli9wj9pmd9w6/obj/358","tags":"","created":"2019-04-18
        14:58:04","identifier":"report.customers.count.by.gender","deprecated":"0","summary":"","isProduction":1,"title":"Customers
        Count By Gender","category":"report","updated":"2019-04-18 14:35:08","contributor":"/gdc/account/profile/5ad80b895edcc438e5a4418e222733fa"}}}'
    http_version: 
  recorded_at: Thu, 18 Apr 2019 13:06:51 GMT
- request:
    method: get
    uri: https://staging2-lcm-prod.intgdc.com/gdc/md/j2tzl8cmbome4ugne2mhli9wj9pmd9w6/obj/356
    body:
      encoding: US-ASCII
      string: ''
    headers:
      Accept:
      - application/json, application/zip
      Accept-Encoding:
      - gzip, deflate
      User-Agent:
      - gooddata-gem/2.1.3/x86_64-darwin18/2.4.5
      Content-Type:
      - application/json
      X-Gdc-Authtt:
      - "<X_GDC_AUTHTT>"
      X-Gdc-Request:
      - ":mqq9aj74KN01b_JNGLlprw:GQvX_w3hWct-tXfCJwGntg"
      Stats-On:
      - ''
      Host:
      - staging2-lcm-prod.intgdc.com
  response:
    status:
      code: 200
      message: OK
    headers:
      Date:
      - Thu, 18 Apr 2019 13:06:52 GMT
      Server:
      - GoodData WebApp
      Keep-Alive:
      - timeout=5, max=100
      X-Gdc-Log-Header:
      - ''
      Cache-Control:
      - no-cache, no-store, must-revalidate
      Content-Type:
      - application/json;charset=UTF-8
      X-Gdc-Request:
      - ":mqq9aj74KN01b_JNGLlprw:GQvX_w3hWct-tXfCJwGntg:Ow1E6PHiJJMBCUxP"
      Vary:
      - origin
      X-Gdc-Request-Time:
      - '27'
      Transfer-Encoding:
      - chunked
      Strict-Transport-Security:
      - max-age=10886400; includeSubDomains; preload;
    body:
      encoding: ASCII-8BIT
      string: '{"report":{"content":{"domains":[],"definitions":["/gdc/md/j2tzl8cmbome4ugne2mhli9wj9pmd9w6/obj/355"]},"meta":{"author":"/gdc/account/profile/5ad80b895edcc438e5a4418e222733fa","uri":"/gdc/md/j2tzl8cmbome4ugne2mhli9wj9pmd9w6/obj/356","tags":"","created":"2019-04-18
        14:58:04","identifier":"report.customers.count.by.state","deprecated":"0","summary":"","isProduction":1,"title":"Customers
        Count By State","category":"report","updated":"2019-04-18 14:35:14","contributor":"/gdc/account/profile/5ad80b895edcc438e5a4418e222733fa"}}}'
    http_version: 
  recorded_at: Thu, 18 Apr 2019 13:06:52 GMT
- request:
    method: get
    uri: https://staging2-lcm-prod.intgdc.com/gdc/md/j2tzl8cmbome4ugne2mhli9wj9pmd9w6/obj/360
    body:
      encoding: US-ASCII
      string: ''
    headers:
      Accept:
      - application/json, application/zip
      Accept-Encoding:
      - gzip, deflate
      User-Agent:
      - gooddata-gem/2.1.3/x86_64-darwin18/2.4.5
      Content-Type:
      - application/json
      X-Gdc-Authtt:
      - "<X_GDC_AUTHTT>"
      X-Gdc-Request:
      - ":mqq9aj74KN01b_JNGLlprw:Pcx-gcnygPUFhdWaPSazoA"
      Stats-On:
      - ''
      Host:
      - staging2-lcm-prod.intgdc.com
  response:
    status:
      code: 200
      message: OK
    headers:
      Date:
      - Thu, 18 Apr 2019 13:06:52 GMT
      Server:
      - GoodData WebApp
      Keep-Alive:
      - timeout=5, max=100
      X-Gdc-Log-Header:
      - ''
      Cache-Control:
      - no-cache, no-store, must-revalidate
      Content-Type:
      - application/json;charset=UTF-8
      X-Gdc-Request:
      - ":mqq9aj74KN01b_JNGLlprw:Pcx-gcnygPUFhdWaPSazoA:kxV1j8Om3AOfKx4E"
      Vary:
      - origin
      X-Gdc-Request-Time:
      - '34'
      Transfer-Encoding:
      - chunked
      Strict-Transport-Security:
      - max-age=10886400; includeSubDomains; preload;
    body:
      encoding: ASCII-8BIT
      string: '{"report":{"content":{"domains":[],"definitions":["/gdc/md/j2tzl8cmbome4ugne2mhli9wj9pmd9w6/obj/359"]},"meta":{"author":"/gdc/account/profile/5ad80b895edcc438e5a4418e222733fa","uri":"/gdc/md/j2tzl8cmbome4ugne2mhli9wj9pmd9w6/obj/360","tags":"","created":"2019-04-18
        14:58:04","identifier":"report.report.contains.ca","deprecated":"0","summary":"","isProduction":1,"title":"Report
        contains CA","category":"report","updated":"2019-04-18 14:35:45","contributor":"/gdc/account/profile/5ad80b895edcc438e5a4418e222733fa"}}}'
    http_version: 
  recorded_at: Thu, 18 Apr 2019 13:06:52 GMT
- request:
    method: get
    uri: https://staging2-lcm-prod.intgdc.com/gdc/md/j2tzl8cmbome4ugne2mhli9wj9pmd9w6/obj/358
    body:
      encoding: US-ASCII
      string: ''
    headers:
      Accept:
      - application/json, application/zip
      Accept-Encoding:
      - gzip, deflate
      User-Agent:
      - gooddata-gem/2.1.3/x86_64-darwin18/2.4.5
      Content-Type:
      - application/json
      X-Gdc-Authtt:
      - "<X_GDC_AUTHTT>"
      X-Gdc-Request:
      - ":mqq9aj74KN01b_JNGLlprw:PcoLSsuCmxB_7LgdXMUfTQ"
      Stats-On:
      - ''
      Host:
      - staging2-lcm-prod.intgdc.com
  response:
    status:
      code: 200
      message: OK
    headers:
      Date:
      - Thu, 18 Apr 2019 13:06:53 GMT
      Server:
      - GoodData WebApp
      Keep-Alive:
      - timeout=5, max=100
      X-Gdc-Log-Header:
      - ''
      Cache-Control:
      - no-cache, no-store, must-revalidate
      Content-Type:
      - application/json;charset=UTF-8
      X-Gdc-Request:
      - ":mqq9aj74KN01b_JNGLlprw:PcoLSsuCmxB_7LgdXMUfTQ:D5byH5IU9fcH4yma"
      Vary:
      - origin
      X-Gdc-Request-Time:
      - '26'
      Transfer-Encoding:
      - chunked
      Strict-Transport-Security:
      - max-age=10886400; includeSubDomains; preload;
    body:
      encoding: ASCII-8BIT
      string: '{"report":{"content":{"domains":[],"definitions":["/gdc/md/j2tzl8cmbome4ugne2mhli9wj9pmd9w6/obj/357"]},"meta":{"author":"/gdc/account/profile/5ad80b895edcc438e5a4418e222733fa","uri":"/gdc/md/j2tzl8cmbome4ugne2mhli9wj9pmd9w6/obj/358","tags":"","created":"2019-04-18
        14:58:04","identifier":"report.customers.count.by.gender","deprecated":"0","summary":"","isProduction":1,"title":"Customers
        Count By Gender","category":"report","updated":"2019-04-18 14:35:08","contributor":"/gdc/account/profile/5ad80b895edcc438e5a4418e222733fa"}}}'
    http_version: 
  recorded_at: Thu, 18 Apr 2019 13:06:53 GMT
- request:
    method: get
    uri: https://staging2-lcm-prod.intgdc.com/gdc/md/j2tzl8cmbome4ugne2mhli9wj9pmd9w6/obj/356
    body:
      encoding: US-ASCII
      string: ''
    headers:
      Accept:
      - application/json, application/zip
      Accept-Encoding:
      - gzip, deflate
      User-Agent:
      - gooddata-gem/2.1.3/x86_64-darwin18/2.4.5
      Content-Type:
      - application/json
      X-Gdc-Authtt:
      - "<X_GDC_AUTHTT>"
      X-Gdc-Request:
      - ":mqq9aj74KN01b_JNGLlprw:cG5iHINWYOvIHYFPSSazqQ"
      Stats-On:
      - ''
      Host:
      - staging2-lcm-prod.intgdc.com
  response:
    status:
      code: 200
      message: OK
    headers:
      Date:
      - Thu, 18 Apr 2019 13:06:54 GMT
      Server:
      - GoodData WebApp
      Keep-Alive:
      - timeout=5, max=100
      X-Gdc-Log-Header:
      - ''
      Cache-Control:
      - no-cache, no-store, must-revalidate
      Content-Type:
      - application/json;charset=UTF-8
      X-Gdc-Request:
      - ":mqq9aj74KN01b_JNGLlprw:cG5iHINWYOvIHYFPSSazqQ:MczwIN81A0mRNbgL"
      Vary:
      - origin
      X-Gdc-Request-Time:
      - '30'
      Transfer-Encoding:
      - chunked
      Strict-Transport-Security:
      - max-age=10886400; includeSubDomains; preload;
    body:
      encoding: ASCII-8BIT
      string: '{"report":{"content":{"domains":[],"definitions":["/gdc/md/j2tzl8cmbome4ugne2mhli9wj9pmd9w6/obj/355"]},"meta":{"author":"/gdc/account/profile/5ad80b895edcc438e5a4418e222733fa","uri":"/gdc/md/j2tzl8cmbome4ugne2mhli9wj9pmd9w6/obj/356","tags":"","created":"2019-04-18
        14:58:04","identifier":"report.customers.count.by.state","deprecated":"0","summary":"","isProduction":1,"title":"Customers
        Count By State","category":"report","updated":"2019-04-18 14:35:14","contributor":"/gdc/account/profile/5ad80b895edcc438e5a4418e222733fa"}}}'
    http_version: 
  recorded_at: Thu, 18 Apr 2019 13:06:54 GMT
- request:
    method: get
    uri: https://staging2-lcm-prod.intgdc.com/gdc/md/j2tzl8cmbome4ugne2mhli9wj9pmd9w6/obj/360
    body:
      encoding: US-ASCII
      string: ''
    headers:
      Accept:
      - application/json, application/zip
      Accept-Encoding:
      - gzip, deflate
      User-Agent:
      - gooddata-gem/2.1.3/x86_64-darwin18/2.4.5
      Content-Type:
      - application/json
      X-Gdc-Authtt:
      - "<X_GDC_AUTHTT>"
      X-Gdc-Request:
      - ":mqq9aj74KN01b_JNGLlprw:b0UKFODqbu9QAcFAR4idZw"
      Stats-On:
      - ''
      Host:
      - staging2-lcm-prod.intgdc.com
  response:
    status:
      code: 200
      message: OK
    headers:
      Date:
      - Thu, 18 Apr 2019 13:06:54 GMT
      Server:
      - GoodData WebApp
      Keep-Alive:
      - timeout=5, max=100
      X-Gdc-Log-Header:
      - ''
      Cache-Control:
      - no-cache, no-store, must-revalidate
      Content-Type:
      - application/json;charset=UTF-8
      X-Gdc-Request:
      - ":mqq9aj74KN01b_JNGLlprw:b0UKFODqbu9QAcFAR4idZw:B4X94PjDRcdKQrhm"
      Vary:
      - origin
      X-Gdc-Request-Time:
      - '29'
      Transfer-Encoding:
      - chunked
      Strict-Transport-Security:
      - max-age=10886400; includeSubDomains; preload;
    body:
      encoding: ASCII-8BIT
      string: '{"report":{"content":{"domains":[],"definitions":["/gdc/md/j2tzl8cmbome4ugne2mhli9wj9pmd9w6/obj/359"]},"meta":{"author":"/gdc/account/profile/5ad80b895edcc438e5a4418e222733fa","uri":"/gdc/md/j2tzl8cmbome4ugne2mhli9wj9pmd9w6/obj/360","tags":"","created":"2019-04-18
        14:58:04","identifier":"report.report.contains.ca","deprecated":"0","summary":"","isProduction":1,"title":"Report
        contains CA","category":"report","updated":"2019-04-18 14:35:45","contributor":"/gdc/account/profile/5ad80b895edcc438e5a4418e222733fa"}}}'
    http_version: 
  recorded_at: Thu, 18 Apr 2019 13:06:54 GMT
- request:
    method: get
    uri: https://staging2-lcm-prod.intgdc.com/gdc/md/j2tzl8cmbome4ugne2mhli9wj9pmd9w6/obj/353
    body:
      encoding: US-ASCII
      string: ''
    headers:
      Accept:
      - application/json, application/zip
      Accept-Encoding:
      - gzip, deflate
      User-Agent:
      - gooddata-gem/2.1.3/x86_64-darwin18/2.4.5
      Content-Type:
      - application/json
      X-Gdc-Authtt:
      - "<X_GDC_AUTHTT>"
      X-Gdc-Request:
      - ":mqq9aj74KN01b_JNGLlprw:nZUGdkyAlycbiC3z0PCiCQ"
      Stats-On:
      - ''
      Host:
      - staging2-lcm-prod.intgdc.com
  response:
    status:
      code: 200
      message: OK
    headers:
      Date:
      - Thu, 18 Apr 2019 13:06:55 GMT
      Server:
      - GoodData WebApp
      Keep-Alive:
      - timeout=5, max=100
      X-Gdc-Log-Header:
      - ''
      Cache-Control:
      - no-cache, no-store, must-revalidate
      Content-Type:
      - application/json;charset=UTF-8
      X-Gdc-Request:
      - ":mqq9aj74KN01b_JNGLlprw:nZUGdkyAlycbiC3z0PCiCQ:NE0iqezG68a7kJ0q"
      Vary:
      - origin
      X-Gdc-Request-Time:
      - '27'
      Transfer-Encoding:
      - chunked
      Strict-Transport-Security:
      - max-age=10886400; includeSubDomains; preload;
    body:
      encoding: ASCII-8BIT
      string: '{"report":{"content":{"domains":[],"definitions":["/gdc/md/j2tzl8cmbome4ugne2mhli9wj9pmd9w6/obj/352"]},"meta":{"author":"/gdc/account/profile/5ad80b895edcc438e5a4418e222733fa","uri":"/gdc/md/j2tzl8cmbome4ugne2mhli9wj9pmd9w6/obj/353","tags":"","created":"2019-04-18
        14:58:04","identifier":"aab937oqg41V","deprecated":"0","summary":"","isProduction":1,"title":"Awesome
        report","category":"report","updated":"2019-04-18 14:55:09","contributor":"/gdc/account/profile/5ad80b895edcc438e5a4418e222733fa"}}}'
    http_version: 
  recorded_at: Thu, 18 Apr 2019 13:06:55 GMT
- request:
    method: get
    uri: https://staging2-lcm-prod.intgdc.com/gdc/md/j2tzl8cmbome4ugne2mhli9wj9pmd9w6/obj/358
    body:
      encoding: US-ASCII
      string: ''
    headers:
      Accept:
      - application/json, application/zip
      Accept-Encoding:
      - gzip, deflate
      User-Agent:
      - gooddata-gem/2.1.3/x86_64-darwin18/2.4.5
      Content-Type:
      - application/json
      X-Gdc-Authtt:
      - "<X_GDC_AUTHTT>"
      X-Gdc-Request:
      - ":mqq9aj74KN01b_JNGLlprw:vbQpWd7a7mOEIfhWUgFgpQ"
      Stats-On:
      - ''
      Host:
      - staging2-lcm-prod.intgdc.com
  response:
    status:
      code: 200
      message: OK
    headers:
      Date:
      - Thu, 18 Apr 2019 13:06:56 GMT
      Server:
      - GoodData WebApp
      Keep-Alive:
      - timeout=5, max=100
      X-Gdc-Log-Header:
      - ''
      Cache-Control:
      - no-cache, no-store, must-revalidate
      Content-Type:
      - application/json;charset=UTF-8
      X-Gdc-Request:
      - ":mqq9aj74KN01b_JNGLlprw:vbQpWd7a7mOEIfhWUgFgpQ:9s16jlcR2Zyo8Czu"
      Vary:
      - origin
      X-Gdc-Request-Time:
      - '27'
      Transfer-Encoding:
      - chunked
      Strict-Transport-Security:
      - max-age=10886400; includeSubDomains; preload;
    body:
      encoding: ASCII-8BIT
      string: '{"report":{"content":{"domains":[],"definitions":["/gdc/md/j2tzl8cmbome4ugne2mhli9wj9pmd9w6/obj/357"]},"meta":{"author":"/gdc/account/profile/5ad80b895edcc438e5a4418e222733fa","uri":"/gdc/md/j2tzl8cmbome4ugne2mhli9wj9pmd9w6/obj/358","tags":"","created":"2019-04-18
        14:58:04","identifier":"report.customers.count.by.gender","deprecated":"0","summary":"","isProduction":1,"title":"Customers
        Count By Gender","category":"report","updated":"2019-04-18 14:35:08","contributor":"/gdc/account/profile/5ad80b895edcc438e5a4418e222733fa"}}}'
    http_version: 
  recorded_at: Thu, 18 Apr 2019 13:06:56 GMT
- request:
    method: get
    uri: https://staging2-lcm-prod.intgdc.com/gdc/md/j2tzl8cmbome4ugne2mhli9wj9pmd9w6/obj/356
    body:
      encoding: US-ASCII
      string: ''
    headers:
      Accept:
      - application/json, application/zip
      Accept-Encoding:
      - gzip, deflate
      User-Agent:
      - gooddata-gem/2.1.3/x86_64-darwin18/2.4.5
      Content-Type:
      - application/json
      X-Gdc-Authtt:
      - "<X_GDC_AUTHTT>"
      X-Gdc-Request:
      - ":mqq9aj74KN01b_JNGLlprw:liH-TM9s_PYJqcimDiPvKg"
      Stats-On:
      - ''
      Host:
      - staging2-lcm-prod.intgdc.com
  response:
    status:
      code: 200
      message: OK
    headers:
      Date:
      - Thu, 18 Apr 2019 13:06:57 GMT
      Server:
      - GoodData WebApp
      Keep-Alive:
      - timeout=5, max=100
      X-Gdc-Log-Header:
      - ''
      Cache-Control:
      - no-cache, no-store, must-revalidate
      Content-Type:
      - application/json;charset=UTF-8
      X-Gdc-Request:
      - ":mqq9aj74KN01b_JNGLlprw:liH-TM9s_PYJqcimDiPvKg:Z4oJ3GSHHsYqupML"
      Vary:
      - origin
      X-Gdc-Request-Time:
      - '30'
      Transfer-Encoding:
      - chunked
      Strict-Transport-Security:
      - max-age=10886400; includeSubDomains; preload;
    body:
      encoding: ASCII-8BIT
      string: '{"report":{"content":{"domains":[],"definitions":["/gdc/md/j2tzl8cmbome4ugne2mhli9wj9pmd9w6/obj/355"]},"meta":{"author":"/gdc/account/profile/5ad80b895edcc438e5a4418e222733fa","uri":"/gdc/md/j2tzl8cmbome4ugne2mhli9wj9pmd9w6/obj/356","tags":"","created":"2019-04-18
        14:58:04","identifier":"report.customers.count.by.state","deprecated":"0","summary":"","isProduction":1,"title":"Customers
        Count By State","category":"report","updated":"2019-04-18 14:35:14","contributor":"/gdc/account/profile/5ad80b895edcc438e5a4418e222733fa"}}}'
    http_version: 
  recorded_at: Thu, 18 Apr 2019 13:06:57 GMT
- request:
    method: get
    uri: https://staging2-lcm-prod.intgdc.com/gdc/md/j2tzl8cmbome4ugne2mhli9wj9pmd9w6/obj/360
    body:
      encoding: US-ASCII
      string: ''
    headers:
      Accept:
      - application/json, application/zip
      Accept-Encoding:
      - gzip, deflate
      User-Agent:
      - gooddata-gem/2.1.3/x86_64-darwin18/2.4.5
      Content-Type:
      - application/json
      X-Gdc-Authtt:
      - "<X_GDC_AUTHTT>"
      X-Gdc-Request:
      - ":mqq9aj74KN01b_JNGLlprw:mE0pDHlTmnCbZso7Xi-pAw"
      Stats-On:
      - ''
      Host:
      - staging2-lcm-prod.intgdc.com
  response:
    status:
      code: 200
      message: OK
    headers:
      Date:
      - Thu, 18 Apr 2019 13:06:58 GMT
      Server:
      - GoodData WebApp
      Keep-Alive:
      - timeout=5, max=100
      X-Gdc-Log-Header:
      - ''
      Cache-Control:
      - no-cache, no-store, must-revalidate
      Content-Type:
      - application/json;charset=UTF-8
      X-Gdc-Request:
      - ":mqq9aj74KN01b_JNGLlprw:mE0pDHlTmnCbZso7Xi-pAw:ZGMGLGGugNVc8m8f"
      Vary:
      - origin
      X-Gdc-Request-Time:
      - '27'
      Transfer-Encoding:
      - chunked
      Strict-Transport-Security:
      - max-age=10886400; includeSubDomains; preload;
    body:
      encoding: ASCII-8BIT
      string: '{"report":{"content":{"domains":[],"definitions":["/gdc/md/j2tzl8cmbome4ugne2mhli9wj9pmd9w6/obj/359"]},"meta":{"author":"/gdc/account/profile/5ad80b895edcc438e5a4418e222733fa","uri":"/gdc/md/j2tzl8cmbome4ugne2mhli9wj9pmd9w6/obj/360","tags":"","created":"2019-04-18
        14:58:04","identifier":"report.report.contains.ca","deprecated":"0","summary":"","isProduction":1,"title":"Report
        contains CA","category":"report","updated":"2019-04-18 14:35:45","contributor":"/gdc/account/profile/5ad80b895edcc438e5a4418e222733fa"}}}'
    http_version: 
  recorded_at: Thu, 18 Apr 2019 13:06:58 GMT
- request:
    method: get
    uri: https://staging2-lcm-prod.intgdc.com/gdc/md/j2tzl8cmbome4ugne2mhli9wj9pmd9w6/obj/357
    body:
      encoding: US-ASCII
      string: ''
    headers:
      Accept:
      - application/json, application/zip
      Accept-Encoding:
      - gzip, deflate
      User-Agent:
      - gooddata-gem/2.1.3/x86_64-darwin18/2.4.5
      Content-Type:
      - application/json
      X-Gdc-Authtt:
      - "<X_GDC_AUTHTT>"
      X-Gdc-Request:
      - ":mqq9aj74KN01b_JNGLlprw:4sy6gmklrMJzetx-NaBkRA"
      Stats-On:
      - ''
      Host:
      - staging2-lcm-prod.intgdc.com
  response:
    status:
      code: 200
      message: OK
    headers:
      Date:
      - Thu, 18 Apr 2019 13:06:58 GMT
      Server:
      - GoodData WebApp
      Keep-Alive:
      - timeout=5, max=100
      X-Gdc-Log-Header:
      - ''
      Cache-Control:
      - no-cache, no-store, must-revalidate
      Content-Type:
      - application/json;charset=UTF-8
      X-Gdc-Request:
      - ":mqq9aj74KN01b_JNGLlprw:4sy6gmklrMJzetx-NaBkRA:2wQqAD2YAwI54cJZ"
      Vary:
      - origin
      X-Gdc-Request-Time:
      - '32'
      Transfer-Encoding:
      - chunked
      Strict-Transport-Security:
      - max-age=10886400; includeSubDomains; preload;
    body:
      encoding: ASCII-8BIT
      string: '{"reportDefinition":{"content":{"grid":{"sort":{"columns":[],"rows":[]},"columnWidths":[],"columns":[{"attribute":{"alias":"","totals":[[]],"uri":"/gdc/md/j2tzl8cmbome4ugne2mhli9wj9pmd9w6/obj/295"}}],"metrics":[{"alias":"Customers
        Count","uri":"/gdc/md/j2tzl8cmbome4ugne2mhli9wj9pmd9w6/obj/354"}],"rows":["metricGroup"]},"format":"grid","filters":[]},"links":{"explain2":"/gdc/md/j2tzl8cmbome4ugne2mhli9wj9pmd9w6/obj/357/explain2"},"meta":{"author":"/gdc/account/profile/5ad80b895edcc438e5a4418e222733fa","uri":"/gdc/md/j2tzl8cmbome4ugne2mhli9wj9pmd9w6/obj/357","tags":"","created":"2019-04-18
        14:58:04","identifier":"aae9XDwAhiPM","deprecated":"0","summary":"","isProduction":1,"title":"Untitled
        report definition","category":"reportDefinition","updated":"2019-04-18 14:35:05","contributor":"/gdc/account/profile/5ad80b895edcc438e5a4418e222733fa"}}}'
    http_version: 
  recorded_at: Thu, 18 Apr 2019 13:06:58 GMT
- request:
    method: get
    uri: https://staging2-lcm-prod.intgdc.com/gdc/md/j2tzl8cmbome4ugne2mhli9wj9pmd9w6/obj/355
    body:
      encoding: US-ASCII
      string: ''
    headers:
      Accept:
      - application/json, application/zip
      Accept-Encoding:
      - gzip, deflate
      User-Agent:
      - gooddata-gem/2.1.3/x86_64-darwin18/2.4.5
      Content-Type:
      - application/json
      X-Gdc-Authtt:
      - "<X_GDC_AUTHTT>"
      X-Gdc-Request:
      - ":mqq9aj74KN01b_JNGLlprw:-iD47F293bHYyLdMRZ_sNw"
      Stats-On:
      - ''
      Host:
      - staging2-lcm-prod.intgdc.com
  response:
    status:
      code: 200
      message: OK
    headers:
      Date:
      - Thu, 18 Apr 2019 13:06:59 GMT
      Server:
      - GoodData WebApp
      Keep-Alive:
      - timeout=5, max=100
      X-Gdc-Log-Header:
      - ''
      Cache-Control:
      - no-cache, no-store, must-revalidate
      Content-Type:
      - application/json;charset=UTF-8
      X-Gdc-Request:
      - ":mqq9aj74KN01b_JNGLlprw:-iD47F293bHYyLdMRZ_sNw:9tIj583q3HYeqeCK"
      Vary:
      - origin
      X-Gdc-Request-Time:
      - '49'
      Transfer-Encoding:
      - chunked
      Strict-Transport-Security:
      - max-age=10886400; includeSubDomains; preload;
    body:
      encoding: ASCII-8BIT
      string: '{"reportDefinition":{"content":{"grid":{"sort":{"columns":[],"rows":[]},"columnWidths":[],"columns":[{"attribute":{"alias":"","totals":[[]],"uri":"/gdc/md/j2tzl8cmbome4ugne2mhli9wj9pmd9w6/obj/287"}}],"metrics":[{"alias":"Customers
        Count","uri":"/gdc/md/j2tzl8cmbome4ugne2mhli9wj9pmd9w6/obj/354"}],"rows":["metricGroup"]},"format":"grid","filters":[]},"links":{"explain2":"/gdc/md/j2tzl8cmbome4ugne2mhli9wj9pmd9w6/obj/355/explain2"},"meta":{"author":"/gdc/account/profile/5ad80b895edcc438e5a4418e222733fa","uri":"/gdc/md/j2tzl8cmbome4ugne2mhli9wj9pmd9w6/obj/355","tags":"","created":"2019-04-18
        14:58:04","identifier":"aab9Y6jngzGZ","deprecated":"0","summary":"","isProduction":1,"title":"Untitled
        report definition","category":"reportDefinition","updated":"2019-04-18 14:35:12","contributor":"/gdc/account/profile/5ad80b895edcc438e5a4418e222733fa"}}}'
    http_version: 
  recorded_at: Thu, 18 Apr 2019 13:06:59 GMT
- request:
    method: get
    uri: https://staging2-lcm-prod.intgdc.com/gdc/md/j2tzl8cmbome4ugne2mhli9wj9pmd9w6/obj/359
    body:
      encoding: US-ASCII
      string: ''
    headers:
      Accept:
      - application/json, application/zip
      Accept-Encoding:
      - gzip, deflate
      User-Agent:
      - gooddata-gem/2.1.3/x86_64-darwin18/2.4.5
      Content-Type:
      - application/json
      X-Gdc-Authtt:
      - "<X_GDC_AUTHTT>"
      X-Gdc-Request:
      - ":mqq9aj74KN01b_JNGLlprw:cy8FBfssvX-Nb70b7GBWoA"
      Stats-On:
      - ''
      Host:
      - staging2-lcm-prod.intgdc.com
  response:
    status:
      code: 200
      message: OK
    headers:
      Date:
      - Thu, 18 Apr 2019 13:07:00 GMT
      Server:
      - GoodData WebApp
      Keep-Alive:
      - timeout=5, max=100
      X-Gdc-Log-Header:
      - ''
      Cache-Control:
      - no-cache, no-store, must-revalidate
      Content-Type:
      - application/json;charset=UTF-8
      X-Gdc-Request:
      - ":mqq9aj74KN01b_JNGLlprw:cy8FBfssvX-Nb70b7GBWoA:3hJJuHcmkjtpI5uj"
      Vary:
      - origin
      X-Gdc-Request-Time:
      - '33'
      Transfer-Encoding:
      - chunked
      Strict-Transport-Security:
      - max-age=10886400; includeSubDomains; preload;
    body:
      encoding: ASCII-8BIT
      string: '{"reportDefinition":{"content":{"grid":{"sort":{"columns":[],"rows":[]},"columnWidths":[],"columns":[],"metrics":[],"rows":[{"attribute":{"alias":"","totals":[],"uri":"/gdc/md/j2tzl8cmbome4ugne2mhli9wj9pmd9w6/obj/310"}}]},"format":"grid","filters":[]},"links":{"explain2":"/gdc/md/j2tzl8cmbome4ugne2mhli9wj9pmd9w6/obj/359/explain2"},"meta":{"author":"/gdc/account/profile/5ad80b895edcc438e5a4418e222733fa","uri":"/gdc/md/j2tzl8cmbome4ugne2mhli9wj9pmd9w6/obj/359","tags":"","created":"2019-04-18
        14:58:04","identifier":"aac9Y8mehwWz","deprecated":"0","summary":"","isProduction":1,"title":"Untitled
        report definition","category":"reportDefinition","updated":"2019-04-18 14:35:43","contributor":"/gdc/account/profile/5ad80b895edcc438e5a4418e222733fa"}}}'
    http_version: 
  recorded_at: Thu, 18 Apr 2019 13:07:00 GMT
- request:
    method: get
    uri: https://staging2-lcm-prod.intgdc.com/gdc/md/j2tzl8cmbome4ugne2mhli9wj9pmd9w6/obj/352
    body:
      encoding: US-ASCII
      string: ''
    headers:
      Accept:
      - application/json, application/zip
      Accept-Encoding:
      - gzip, deflate
      User-Agent:
      - gooddata-gem/2.1.3/x86_64-darwin18/2.4.5
      Content-Type:
      - application/json
      X-Gdc-Authtt:
      - "<X_GDC_AUTHTT>"
      X-Gdc-Request:
      - ":mqq9aj74KN01b_JNGLlprw:YEm4KpEScKZFpStEtyjFpw"
      Stats-On:
      - ''
      Host:
      - staging2-lcm-prod.intgdc.com
  response:
    status:
      code: 200
      message: OK
    headers:
      Date:
      - Thu, 18 Apr 2019 13:07:01 GMT
      Server:
      - GoodData WebApp
      Keep-Alive:
      - timeout=5, max=100
      X-Gdc-Log-Header:
      - ''
      Cache-Control:
      - no-cache, no-store, must-revalidate
      Content-Type:
      - application/json;charset=UTF-8
      X-Gdc-Request:
      - ":mqq9aj74KN01b_JNGLlprw:YEm4KpEScKZFpStEtyjFpw:5V7wAQPezmYjvU1P"
      Vary:
      - origin
      X-Gdc-Request-Time:
      - '31'
      Transfer-Encoding:
      - chunked
      Strict-Transport-Security:
      - max-age=10886400; includeSubDomains; preload;
    body:
      encoding: ASCII-8BIT
      string: '{"reportDefinition":{"content":{"grid":{"sort":{"columns":[],"rows":[]},"columnWidths":[],"columns":[{"attribute":{"alias":"","totals":[[]],"uri":"/gdc/md/j2tzl8cmbome4ugne2mhli9wj9pmd9w6/obj/287"}}],"metrics":[{"alias":"Average
        Income","uri":"/gdc/md/j2tzl8cmbome4ugne2mhli9wj9pmd9w6/obj/351"}],"rows":["metricGroup"]},"format":"grid","filters":[]},"links":{"explain2":"/gdc/md/j2tzl8cmbome4ugne2mhli9wj9pmd9w6/obj/352/explain2"},"meta":{"author":"/gdc/account/profile/5ad80b895edcc438e5a4418e222733fa","uri":"/gdc/md/j2tzl8cmbome4ugne2mhli9wj9pmd9w6/obj/352","tags":"","created":"2019-04-18
        14:58:04","identifier":"aab9361dcnhd","deprecated":"0","summary":"","isProduction":1,"title":"Untitled
        report definition","category":"reportDefinition","updated":"2019-04-18 14:55:06","contributor":"/gdc/account/profile/5ad80b895edcc438e5a4418e222733fa"}}}'
    http_version: 
  recorded_at: Thu, 18 Apr 2019 13:07:01 GMT
- request:
    method: get
    uri: https://staging2-lcm-prod.intgdc.com/gdc/md/j2tzl8cmbome4ugne2mhli9wj9pmd9w6/obj/354
    body:
      encoding: US-ASCII
      string: ''
    headers:
      Accept:
      - application/json, application/zip
      Accept-Encoding:
      - gzip, deflate
      User-Agent:
      - gooddata-gem/2.1.3/x86_64-darwin18/2.4.5
      Content-Type:
      - application/json
      X-Gdc-Authtt:
      - "<X_GDC_AUTHTT>"
      X-Gdc-Request:
      - ":mqq9aj74KN01b_JNGLlprw:n68rRO5h-G5MteP3cjrRsQ"
      Stats-On:
      - ''
      Host:
      - staging2-lcm-prod.intgdc.com
  response:
    status:
      code: 200
      message: OK
    headers:
      Date:
      - Thu, 18 Apr 2019 13:07:01 GMT
      Server:
      - GoodData WebApp
      Keep-Alive:
      - timeout=5, max=100
      X-Gdc-Log-Header:
      - ''
      Cache-Control:
      - no-cache, no-store, must-revalidate
      Content-Type:
      - application/json;charset=UTF-8
      X-Gdc-Request:
      - ":mqq9aj74KN01b_JNGLlprw:n68rRO5h-G5MteP3cjrRsQ:83GJ9O051o94ldNZ"
      Vary:
      - origin
      X-Gdc-Request-Time:
      - '31'
      Transfer-Encoding:
      - chunked
      Strict-Transport-Security:
      - max-age=10886400; includeSubDomains; preload;
    body:
      encoding: ASCII-8BIT
      string: '{"metric":{"content":{"format":"#,##0","tree":{"content":[{"content":[{"value":"COUNT","content":[{"value":"/gdc/md/j2tzl8cmbome4ugne2mhli9wj9pmd9w6/obj/283","position":{"column":27,"line":1},"type":"attribute
        object"}],"position":{"column":21,"line":1},"type":"function"}],"position":{"column":21,"line":1},"type":"expression"}],"position":{"column":14,"line":1},"type":"metric"},"expression":"SELECT
        COUNT([/gdc/md/j2tzl8cmbome4ugne2mhli9wj9pmd9w6/obj/283])"},"links":{"explain2":"/gdc/md/j2tzl8cmbome4ugne2mhli9wj9pmd9w6/obj/354/explain2"},"meta":{"author":"/gdc/account/profile/5ad80b895edcc438e5a4418e222733fa","uri":"/gdc/md/j2tzl8cmbome4ugne2mhli9wj9pmd9w6/obj/354","tags":"","created":"2019-04-18
        14:58:04","identifier":"metric.customers.count","deprecated":"0","summary":"","isProduction":1,"title":"Customers
        Count","category":"metric","updated":"2019-04-18 14:34:44","contributor":"/gdc/account/profile/5ad80b895edcc438e5a4418e222733fa"}}}'
    http_version: 
  recorded_at: Thu, 18 Apr 2019 13:07:02 GMT
- request:
    method: get
    uri: https://staging2-lcm-prod.intgdc.com/gdc/md/j2tzl8cmbome4ugne2mhli9wj9pmd9w6/obj/354
    body:
      encoding: US-ASCII
      string: ''
    headers:
      Accept:
      - application/json, application/zip
      Accept-Encoding:
      - gzip, deflate
      User-Agent:
      - gooddata-gem/2.1.3/x86_64-darwin18/2.4.5
      Content-Type:
      - application/json
      X-Gdc-Authtt:
      - "<X_GDC_AUTHTT>"
      X-Gdc-Request:
      - ":mqq9aj74KN01b_JNGLlprw:CA1ModQaO-C7QNETsru9LA"
      Stats-On:
      - ''
      Host:
      - staging2-lcm-prod.intgdc.com
  response:
    status:
      code: 200
      message: OK
    headers:
      Date:
      - Thu, 18 Apr 2019 13:07:02 GMT
      Server:
      - GoodData WebApp
      Keep-Alive:
      - timeout=5, max=99
      X-Gdc-Log-Header:
      - ''
      Cache-Control:
      - no-cache, no-store, must-revalidate
      Content-Type:
      - application/json;charset=UTF-8
      X-Gdc-Request:
      - ":mqq9aj74KN01b_JNGLlprw:CA1ModQaO-C7QNETsru9LA:Ol1Ysq7XJKWnN6sz"
      Vary:
      - origin
      X-Gdc-Request-Time:
      - '32'
      Transfer-Encoding:
      - chunked
      Strict-Transport-Security:
      - max-age=10886400; includeSubDomains; preload;
    body:
      encoding: ASCII-8BIT
      string: '{"metric":{"content":{"format":"#,##0","tree":{"content":[{"content":[{"value":"COUNT","content":[{"value":"/gdc/md/j2tzl8cmbome4ugne2mhli9wj9pmd9w6/obj/283","position":{"column":27,"line":1},"type":"attribute
        object"}],"position":{"column":21,"line":1},"type":"function"}],"position":{"column":21,"line":1},"type":"expression"}],"position":{"column":14,"line":1},"type":"metric"},"expression":"SELECT
        COUNT([/gdc/md/j2tzl8cmbome4ugne2mhli9wj9pmd9w6/obj/283])"},"links":{"explain2":"/gdc/md/j2tzl8cmbome4ugne2mhli9wj9pmd9w6/obj/354/explain2"},"meta":{"author":"/gdc/account/profile/5ad80b895edcc438e5a4418e222733fa","uri":"/gdc/md/j2tzl8cmbome4ugne2mhli9wj9pmd9w6/obj/354","tags":"","created":"2019-04-18
        14:58:04","identifier":"metric.customers.count","deprecated":"0","summary":"","isProduction":1,"title":"Customers
        Count","category":"metric","updated":"2019-04-18 14:34:44","contributor":"/gdc/account/profile/5ad80b895edcc438e5a4418e222733fa"}}}'
    http_version: 
  recorded_at: Thu, 18 Apr 2019 13:07:02 GMT
- request:
    method: get
    uri: https://staging2-lcm-prod.intgdc.com/gdc/md/j2tzl8cmbome4ugne2mhli9wj9pmd9w6/obj/351
    body:
      encoding: US-ASCII
      string: ''
    headers:
      Accept:
      - application/json, application/zip
      Accept-Encoding:
      - gzip, deflate
      User-Agent:
      - gooddata-gem/2.1.3/x86_64-darwin18/2.4.5
      Content-Type:
      - application/json
      X-Gdc-Authtt:
      - "<X_GDC_AUTHTT>"
      X-Gdc-Request:
      - ":mqq9aj74KN01b_JNGLlprw:DH2FJJgpqkpaGGX9O_8a6w"
      Stats-On:
      - ''
      Host:
      - staging2-lcm-prod.intgdc.com
  response:
    status:
      code: 200
      message: OK
    headers:
      Date:
      - Thu, 18 Apr 2019 13:07:03 GMT
      Server:
      - GoodData WebApp
      Keep-Alive:
      - timeout=5, max=100
      X-Gdc-Log-Header:
      - ''
      Cache-Control:
      - no-cache, no-store, must-revalidate
      Content-Type:
      - application/json;charset=UTF-8
      X-Gdc-Request:
      - ":mqq9aj74KN01b_JNGLlprw:DH2FJJgpqkpaGGX9O_8a6w:XFxoiuRUkmLdskxr"
      Vary:
      - origin
      X-Gdc-Request-Time:
      - '34'
      Transfer-Encoding:
      - chunked
      Strict-Transport-Security:
      - max-age=10886400; includeSubDomains; preload;
    body:
      encoding: ASCII-8BIT
      string: '{"metric":{"content":{"format":"#,##0","tree":{"content":[{"content":[{"value":"AVG","content":[{"value":"/gdc/md/j2tzl8cmbome4ugne2mhli9wj9pmd9w6/obj/313","position":{"column":25,"line":1},"type":"fact
        object"}],"position":{"column":21,"line":1},"type":"function"}],"position":{"column":21,"line":1},"type":"expression"}],"position":{"column":14,"line":1},"type":"metric"},"expression":"SELECT
        AVG([/gdc/md/j2tzl8cmbome4ugne2mhli9wj9pmd9w6/obj/313])"},"links":{"explain2":"/gdc/md/j2tzl8cmbome4ugne2mhli9wj9pmd9w6/obj/351/explain2"},"meta":{"author":"/gdc/account/profile/5ad80b895edcc438e5a4418e222733fa","uri":"/gdc/md/j2tzl8cmbome4ugne2mhli9wj9pmd9w6/obj/351","tags":"","created":"2019-04-18
        14:58:03","identifier":"metric.average.income","deprecated":"0","summary":"","isProduction":1,"title":"Average
        Income","category":"metric","updated":"2019-04-18 14:55:03","contributor":"/gdc/account/profile/5ad80b895edcc438e5a4418e222733fa"}}}'
    http_version: 
  recorded_at: Thu, 18 Apr 2019 13:07:03 GMT
- request:
    method: get
    uri: https://staging2-lcm-prod.intgdc.com/gdc/md/j2tzl8cmbome4ugne2mhli9wj9pmd9w6/objects/query?category=metric&limit=50&offset=0
    body:
      encoding: US-ASCII
      string: ''
    headers:
      Accept:
      - application/json, application/zip
      Accept-Encoding:
      - gzip, deflate
      User-Agent:
      - gooddata-gem/2.1.3/x86_64-darwin18/2.4.5
      Content-Type:
      - application/json
      X-Gdc-Authtt:
      - "<X_GDC_AUTHTT>"
      X-Gdc-Request:
      - ":mqq9aj74KN01b_JNGLlprw:61sGl9az5LpQ_J-_dFaj3Q"
      Stats-On:
      - ''
      Host:
      - staging2-lcm-prod.intgdc.com
  response:
    status:
      code: 200
      message: OK
    headers:
      Date:
      - Thu, 18 Apr 2019 13:07:04 GMT
      Server:
      - GoodData WebApp
      Keep-Alive:
      - timeout=5, max=100
      X-Gdc-Log-Header:
      - ''
      Cache-Control:
      - no-cache, no-store, must-revalidate
      Content-Type:
      - application/json;charset=UTF-8
      Transfer-Encoding:
      - chunked
      Vary:
      - Accept-Encoding
      - origin
      X-Gdc-Request:
      - ":mqq9aj74KN01b_JNGLlprw:61sGl9az5LpQ_J-_dFaj3Q:1ak7YQ6AJ6zGIhj2"
      X-Gdc-Request-Time:
      - '43'
      Strict-Transport-Security:
      - max-age=10886400; includeSubDomains; preload;
    body:
      encoding: ASCII-8BIT
      string: '{"objects":{"paging":{"count":3,"offset":0},"items":[{"metric":{"content":{"format":"#,##0","tree":{"content":[{"content":[{"value":"MAX","content":[{"value":"/gdc/md/j2tzl8cmbome4ugne2mhli9wj9pmd9w6/obj/315","position":{"column":25,"line":1},"type":"fact
        object"}],"position":{"column":21,"line":1},"type":"function"}],"position":{"column":21,"line":1},"type":"expression"}],"position":{"column":14,"line":1},"type":"metric"},"expression":"SELECT
        MAX([/gdc/md/j2tzl8cmbome4ugne2mhli9wj9pmd9w6/obj/315])"},"links":{"explain2":"/gdc/md/j2tzl8cmbome4ugne2mhli9wj9pmd9w6/obj/350/explain2"},"meta":{"author":"/gdc/account/profile/5ad80b895edcc438e5a4418e222733fa","uri":"/gdc/md/j2tzl8cmbome4ugne2mhli9wj9pmd9w6/obj/350","tags":"metric","created":"2019-04-18
        14:58:03","identifier":"metric.max.claim.amount","deprecated":"0","summary":"","isProduction":1,"title":"Max
        Claim Amount","category":"metric","updated":"2019-04-18 14:34:27","contributor":"/gdc/account/profile/5ad80b895edcc438e5a4418e222733fa"}}},{"metric":{"content":{"format":"#,##0","tree":{"content":[{"content":[{"value":"AVG","content":[{"value":"/gdc/md/j2tzl8cmbome4ugne2mhli9wj9pmd9w6/obj/313","position":{"column":25,"line":1},"type":"fact
        object"}],"position":{"column":21,"line":1},"type":"function"}],"position":{"column":21,"line":1},"type":"expression"}],"position":{"column":14,"line":1},"type":"metric"},"expression":"SELECT
        AVG([/gdc/md/j2tzl8cmbome4ugne2mhli9wj9pmd9w6/obj/313])"},"links":{"explain2":"/gdc/md/j2tzl8cmbome4ugne2mhli9wj9pmd9w6/obj/351/explain2"},"meta":{"author":"/gdc/account/profile/5ad80b895edcc438e5a4418e222733fa","uri":"/gdc/md/j2tzl8cmbome4ugne2mhli9wj9pmd9w6/obj/351","tags":"","created":"2019-04-18
        14:58:03","identifier":"metric.average.income","deprecated":"0","summary":"","isProduction":1,"title":"Average
        Income","category":"metric","updated":"2019-04-18 14:55:03","contributor":"/gdc/account/profile/5ad80b895edcc438e5a4418e222733fa"}}},{"metric":{"content":{"format":"#,##0","tree":{"content":[{"content":[{"value":"COUNT","content":[{"value":"/gdc/md/j2tzl8cmbome4ugne2mhli9wj9pmd9w6/obj/283","position":{"column":27,"line":1},"type":"attribute
        object"}],"position":{"column":21,"line":1},"type":"function"}],"position":{"column":21,"line":1},"type":"expression"}],"position":{"column":14,"line":1},"type":"metric"},"expression":"SELECT
        COUNT([/gdc/md/j2tzl8cmbome4ugne2mhli9wj9pmd9w6/obj/283])"},"links":{"explain2":"/gdc/md/j2tzl8cmbome4ugne2mhli9wj9pmd9w6/obj/354/explain2"},"meta":{"author":"/gdc/account/profile/5ad80b895edcc438e5a4418e222733fa","uri":"/gdc/md/j2tzl8cmbome4ugne2mhli9wj9pmd9w6/obj/354","tags":"","created":"2019-04-18
        14:58:04","identifier":"metric.customers.count","deprecated":"0","summary":"","isProduction":1,"title":"Customers
        Count","category":"metric","updated":"2019-04-18 14:34:44","contributor":"/gdc/account/profile/5ad80b895edcc438e5a4418e222733fa"}}}]}}'
    http_version: 
  recorded_at: Thu, 18 Apr 2019 13:07:04 GMT
- request:
    method: get
    uri: https://staging2-lcm-prod.intgdc.com/gdc/md/ifu9pf5wu697rww6y7zld524mvkm7zy4/objects/query?category=metric&limit=50&offset=0
    body:
      encoding: US-ASCII
      string: ''
    headers:
      Accept:
      - application/json, application/zip
      Accept-Encoding:
      - gzip, deflate
      User-Agent:
      - gooddata-gem/2.1.3/x86_64-darwin18/2.4.5
      Content-Type:
      - application/json
      X-Gdc-Authtt:
      - "<X_GDC_AUTHTT>"
      X-Gdc-Request:
      - ":mqq9aj74KN01b_JNGLlprw:8HsxhFHCYXnYdtQwAGg29w"
      Stats-On:
      - ''
      Host:
      - staging2-lcm-prod.intgdc.com
  response:
    status:
      code: 200
      message: OK
    headers:
      Date:
      - Thu, 18 Apr 2019 13:07:05 GMT
      Server:
      - GoodData WebApp
      Keep-Alive:
      - timeout=5, max=100
      X-Gdc-Log-Header:
      - ''
      Cache-Control:
      - no-cache, no-store, must-revalidate
      Content-Type:
      - application/json;charset=UTF-8
      Transfer-Encoding:
      - chunked
      Vary:
      - Accept-Encoding
      - origin
      X-Gdc-Request:
      - ":mqq9aj74KN01b_JNGLlprw:8HsxhFHCYXnYdtQwAGg29w:fIzpxDA31mmJ2hvS"
      X-Gdc-Request-Time:
      - '38'
      Strict-Transport-Security:
      - max-age=10886400; includeSubDomains; preload;
    body:
      encoding: ASCII-8BIT
      string: '{"objects":{"paging":{"count":3,"offset":0},"items":[{"metric":{"content":{"format":"#,##0","tree":{"content":[{"content":[{"value":"MAX","content":[{"value":"/gdc/md/ifu9pf5wu697rww6y7zld524mvkm7zy4/obj/315","position":{"column":25,"line":1},"type":"fact
        object"}],"position":{"column":21,"line":1},"type":"function"}],"position":{"column":21,"line":1},"type":"expression"}],"position":{"column":14,"line":1},"type":"metric"},"expression":"SELECT
        MAX([/gdc/md/ifu9pf5wu697rww6y7zld524mvkm7zy4/obj/315])"},"links":{"explain2":"/gdc/md/ifu9pf5wu697rww6y7zld524mvkm7zy4/obj/350/explain2"},"meta":{"locked":1,"author":"/gdc/account/profile/5ad80b895edcc438e5a4418e222733fa","uri":"/gdc/md/ifu9pf5wu697rww6y7zld524mvkm7zy4/obj/350","tags":"_lcm_managed_object
        metric","created":"2019-04-18 14:40:34","identifier":"metric.max.claim.amount","deprecated":"0","summary":"","isProduction":1,"title":"Max
        Claim Amount","category":"metric","updated":"2019-04-18 15:04:57","contributor":"/gdc/account/profile/5ad80b895edcc438e5a4418e222733fa"}}},{"metric":{"content":{"format":"#,##0","tree":{"content":[{"content":[{"value":"COUNT","content":[{"value":"/gdc/md/ifu9pf5wu697rww6y7zld524mvkm7zy4/obj/286","position":{"column":27,"line":1},"type":"attribute
        object"}],"position":{"column":21,"line":1},"type":"function"}],"position":{"column":21,"line":1},"type":"expression"}],"position":{"column":14,"line":1},"type":"metric"},"expression":"SELECT
        COUNT([/gdc/md/ifu9pf5wu697rww6y7zld524mvkm7zy4/obj/286])"},"links":{"explain2":"/gdc/md/ifu9pf5wu697rww6y7zld524mvkm7zy4/obj/351/explain2"},"meta":{"locked":1,"author":"/gdc/account/profile/5ad80b895edcc438e5a4418e222733fa","uri":"/gdc/md/ifu9pf5wu697rww6y7zld524mvkm7zy4/obj/351","tags":"_lcm_managed_object","created":"2019-04-18
        14:40:34","identifier":"metric.customers.count","deprecated":"0","summary":"","isProduction":1,"title":"Customers
        Count","category":"metric","updated":"2019-04-18 15:04:57","contributor":"/gdc/account/profile/5ad80b895edcc438e5a4418e222733fa"}}},{"metric":{"content":{"format":"#,##0","tree":{"content":[{"content":[{"value":"AVG","content":[{"value":"/gdc/md/ifu9pf5wu697rww6y7zld524mvkm7zy4/obj/313","position":{"column":25,"line":1},"type":"fact
        object"}],"position":{"column":21,"line":1},"type":"function"}],"position":{"column":21,"line":1},"type":"expression"}],"position":{"column":14,"line":1},"type":"metric"},"expression":"SELECT
        AVG([/gdc/md/ifu9pf5wu697rww6y7zld524mvkm7zy4/obj/313])"},"links":{"explain2":"/gdc/md/ifu9pf5wu697rww6y7zld524mvkm7zy4/obj/367/explain2"},"meta":{"locked":1,"author":"/gdc/account/profile/5ad80b895edcc438e5a4418e222733fa","uri":"/gdc/md/ifu9pf5wu697rww6y7zld524mvkm7zy4/obj/367","tags":"_lcm_managed_object","created":"2019-04-18
        15:04:57","identifier":"metric.average.income","deprecated":"0","summary":"","isProduction":1,"title":"Average
        Income","category":"metric","updated":"2019-04-18 14:55:03","contributor":"/gdc/account/profile/5ad80b895edcc438e5a4418e222733fa"}}}]}}'
    http_version: 
  recorded_at: Thu, 18 Apr 2019 13:07:05 GMT
- request:
    method: get
    uri: https://staging2-lcm-prod.intgdc.com/gdc/md/yh4nq8fhp6fvw8vch2eb259dj7fy3q9x/objects/query?category=metric&limit=50&offset=0
    body:
      encoding: US-ASCII
      string: ''
    headers:
      Accept:
      - application/json, application/zip
      Accept-Encoding:
      - gzip, deflate
      User-Agent:
      - gooddata-gem/2.1.3/x86_64-darwin18/2.4.5
      Content-Type:
      - application/json
      X-Gdc-Authtt:
      - "<X_GDC_AUTHTT>"
      X-Gdc-Request:
      - ":mqq9aj74KN01b_JNGLlprw:NkZ0D4yJuXTr9ujvIhFLyA"
      Stats-On:
      - ''
      Host:
      - staging2-lcm-prod.intgdc.com
  response:
    status:
      code: 200
      message: OK
    headers:
      Date:
      - Thu, 18 Apr 2019 13:07:05 GMT
      Server:
      - GoodData WebApp
      Keep-Alive:
      - timeout=5, max=100
      X-Gdc-Log-Header:
      - ''
      Cache-Control:
      - no-cache, no-store, must-revalidate
      Content-Type:
      - application/json;charset=UTF-8
      Transfer-Encoding:
      - chunked
      Vary:
      - Accept-Encoding
      - origin
      X-Gdc-Request:
      - ":mqq9aj74KN01b_JNGLlprw:NkZ0D4yJuXTr9ujvIhFLyA:6ibbmCptdlt9PmfD"
      X-Gdc-Request-Time:
      - '131'
      Strict-Transport-Security:
      - max-age=10886400; includeSubDomains; preload;
    body:
      encoding: ASCII-8BIT
      string: '{"objects":{"paging":{"count":3,"offset":0},"items":[{"metric":{"content":{"format":"#,##0","tree":{"content":[{"content":[{"value":"MAX","content":[{"value":"/gdc/md/yh4nq8fhp6fvw8vch2eb259dj7fy3q9x/obj/315","position":{"column":25,"line":1},"type":"fact
        object"}],"position":{"column":21,"line":1},"type":"function"}],"position":{"column":21,"line":1},"type":"expression"}],"position":{"column":14,"line":1},"type":"metric"},"expression":"SELECT
        MAX([/gdc/md/yh4nq8fhp6fvw8vch2eb259dj7fy3q9x/obj/315])"},"links":{"explain2":"/gdc/md/yh4nq8fhp6fvw8vch2eb259dj7fy3q9x/obj/350/explain2"},"meta":{"locked":1,"author":"/gdc/account/profile/5ad80b895edcc438e5a4418e222733fa","uri":"/gdc/md/yh4nq8fhp6fvw8vch2eb259dj7fy3q9x/obj/350","tags":"_lcm_managed_object
        metric","created":"2019-04-18 14:40:34","identifier":"metric.max.claim.amount","deprecated":"0","summary":"","isProduction":1,"title":"Max
        Claim Amount","category":"metric","updated":"2019-04-18 15:05:00","contributor":"/gdc/account/profile/5ad80b895edcc438e5a4418e222733fa"}}},{"metric":{"content":{"format":"#,##0","tree":{"content":[{"content":[{"value":"COUNT","content":[{"value":"/gdc/md/yh4nq8fhp6fvw8vch2eb259dj7fy3q9x/obj/286","position":{"column":27,"line":1},"type":"attribute
        object"}],"position":{"column":21,"line":1},"type":"function"}],"position":{"column":21,"line":1},"type":"expression"}],"position":{"column":14,"line":1},"type":"metric"},"expression":"SELECT
        COUNT([/gdc/md/yh4nq8fhp6fvw8vch2eb259dj7fy3q9x/obj/286])"},"links":{"explain2":"/gdc/md/yh4nq8fhp6fvw8vch2eb259dj7fy3q9x/obj/351/explain2"},"meta":{"locked":1,"author":"/gdc/account/profile/5ad80b895edcc438e5a4418e222733fa","uri":"/gdc/md/yh4nq8fhp6fvw8vch2eb259dj7fy3q9x/obj/351","tags":"_lcm_managed_object","created":"2019-04-18
        14:40:34","identifier":"metric.customers.count","deprecated":"0","summary":"","isProduction":1,"title":"Customers
        Count","category":"metric","updated":"2019-04-18 15:05:00","contributor":"/gdc/account/profile/5ad80b895edcc438e5a4418e222733fa"}}},{"metric":{"content":{"format":"#,##0","tree":{"content":[{"content":[{"value":"AVG","content":[{"value":"/gdc/md/yh4nq8fhp6fvw8vch2eb259dj7fy3q9x/obj/313","position":{"column":25,"line":1},"type":"fact
        object"}],"position":{"column":21,"line":1},"type":"function"}],"position":{"column":21,"line":1},"type":"expression"}],"position":{"column":14,"line":1},"type":"metric"},"expression":"SELECT
        AVG([/gdc/md/yh4nq8fhp6fvw8vch2eb259dj7fy3q9x/obj/313])"},"links":{"explain2":"/gdc/md/yh4nq8fhp6fvw8vch2eb259dj7fy3q9x/obj/369/explain2"},"meta":{"locked":1,"author":"/gdc/account/profile/5ad80b895edcc438e5a4418e222733fa","uri":"/gdc/md/yh4nq8fhp6fvw8vch2eb259dj7fy3q9x/obj/369","tags":"_lcm_managed_object","created":"2019-04-18
        15:05:00","identifier":"metric.average.income","deprecated":"0","summary":"","isProduction":1,"title":"Average
        Income","category":"metric","updated":"2019-04-18 14:55:03","contributor":"/gdc/account/profile/5ad80b895edcc438e5a4418e222733fa"}}}]}}'
    http_version: 
  recorded_at: Thu, 18 Apr 2019 13:07:06 GMT
recorded_with: VCR 4.0.0
