---
http_interactions:
- request:
    method: post
    uri: https://staging2-lcm-prod.intgdc.com/gdc/projects/iuykw7i9avrd0zf2n9ts5i7c48oeclti/dataload/processes/b4d771ca-0909-45b6-ae19-baeba079a733/executions
    body:
      encoding: UTF-8
      string: '{"execution":{"graph":"process.rb","params":{},"hiddenParams":{}}}'
    headers:
      Accept:
      - application/json, application/zip
      Accept-Encoding:
      - gzip, deflate
      User-Agent:
      - gooddata-gem/1.1.0/x86_64-linux/2.4.1
      Content-Type:
      - application/json
      X-Gdc-Authtt:
      - "<X_GDC_AUTHTT>"
      X-Gdc-Request:
      - RuaP0Eu51dppxrAckD6Erg:5nibhQ2EdpKkV6fRYaFiBQ
      Content-Length:
      - '66'
      Host:
      - staging2-lcm-prod.intgdc.com
  response:
    status:
      code: 201
      message: Created
    headers:
      Location:
      - "/gdc/projects/iuykw7i9avrd0zf2n9ts5i7c48oeclti/dataload/processes/b4d771ca-0909-45b6-ae19-baeba079a733/executions/5b164553e4b0e67bea7017d2"
      X-Gdc-Log-Header:
      - ''
      Date:
      - Tue, 05 Jun 2018 08:09:55 GMT
      Server:
      - GoodData WebApp
      Cache-Control:
      - no-cache, no-store, must-revalidate
      Content-Type:
      - application/json;charset=UTF-8
      X-Gdc-Request:
      - RuaP0Eu51dppxrAckD6Erg:5nibhQ2EdpKkV6fRYaFiBQ:6J7QhWH8GEnutfvz
      Vary:
      - origin
      X-Gdc-Request-Time:
      - '106'
      Transfer-Encoding:
      - chunked
      Strict-Transport-Security:
      - max-age=10886400; includeSubDomains; preload;
    body:
      encoding: ASCII-8BIT
      string: '{"executionTask":{"links":{"poll":"/gdc/projects/iuykw7i9avrd0zf2n9ts5i7c48oeclti/dataload/processes/b4d771ca-0909-45b6-ae19-baeba079a733/executions/5b164553e4b0e67bea7017d2","detail":"/gdc/projects/iuykw7i9avrd0zf2n9ts5i7c48oeclti/dataload/processes/b4d771ca-0909-45b6-ae19-baeba079a733/executions/5b164553e4b0e67bea7017d2/detail"}}}'
    http_version: 
  recorded_at: Tue, 05 Jun 2018 08:09:55 GMT
- request:
    method: get
    uri: https://staging2-lcm-prod.intgdc.com/gdc/projects/iuykw7i9avrd0zf2n9ts5i7c48oeclti/dataload/processes/b4d771ca-0909-45b6-ae19-baeba079a733/executions/5b164553e4b0e67bea7017d2
    body:
      encoding: US-ASCII
      string: ''
    headers:
      Accept:
      - application/json, application/zip
      Accept-Encoding:
      - gzip, deflate
      User-Agent:
      - gooddata-gem/1.1.0/x86_64-linux/2.4.1
      Content-Type:
      - application/json
      X-Gdc-Authtt:
      - "<X_GDC_AUTHTT>"
      X-Gdc-Request:
      - RuaP0Eu51dppxrAckD6Erg:RcICjpJ6aDjEd5JGYCetFA
      Process:
      - 'false'
      Host:
      - staging2-lcm-prod.intgdc.com
  response:
    status:
      code: 202
      message: Accepted
    headers:
      X-Gdc-Log-Header:
      - ''
      Date:
      - Tue, 05 Jun 2018 08:09:55 GMT
      Server:
      - GoodData WebApp
      Cache-Control:
      - no-cache, no-store, must-revalidate
      X-Gdc-Request-Time:
      - '75'
      X-Gdc-Request:
      - RuaP0Eu51dppxrAckD6Erg:RcICjpJ6aDjEd5JGYCetFA:gJe3UB5gMAh3V2aB
      Vary:
      - origin
      Transfer-Encoding:
      - chunked
      Strict-Transport-Security:
      - max-age=10886400; includeSubDomains; preload;
    body:
      encoding: ASCII-8BIT
      string: ''
    http_version: 
  recorded_at: Tue, 05 Jun 2018 08:09:56 GMT
- request:
    method: get
    uri: https://staging2-lcm-prod.intgdc.com/gdc/projects/iuykw7i9avrd0zf2n9ts5i7c48oeclti/dataload/processes/b4d771ca-0909-45b6-ae19-baeba079a733/executions/5b164553e4b0e67bea7017d2
    body:
      encoding: US-ASCII
      string: ''
    headers:
      Accept:
      - application/json, application/zip
      Accept-Encoding:
      - gzip, deflate
      User-Agent:
      - gooddata-gem/1.1.0/x86_64-linux/2.4.1
      Content-Type:
      - application/json
      X-Gdc-Authtt:
      - "<X_GDC_AUTHTT>"
      X-Gdc-Request:
      - RuaP0Eu51dppxrAckD6Erg:GLkp8LhNXChnh5STOQL0Og
      Process:
      - 'false'
      Host:
      - staging2-lcm-prod.intgdc.com
  response:
    status:
      code: 204
      message: No Content
    headers:
      X-Gdc-Log-Header:
      - ''
      Date:
      - Tue, 05 Jun 2018 08:10:06 GMT
      Server:
      - GoodData WebApp
      Cache-Control:
      - no-cache, no-store, must-revalidate
      X-Gdc-Request-Time:
      - '69'
      X-Gdc-Request:
      - RuaP0Eu51dppxrAckD6Erg:GLkp8LhNXChnh5STOQL0Og:yqmbgXHRnU4N7IMj
      Vary:
      - origin
      Strict-Transport-Security:
      - max-age=10886400; includeSubDomains; preload;
    body:
      encoding: UTF-8
      string: ''
    http_version: 
  recorded_at: Tue, 05 Jun 2018 08:10:06 GMT
- request:
    method: get
    uri: https://staging2-lcm-prod.intgdc.com/gdc/projects/iuykw7i9avrd0zf2n9ts5i7c48oeclti/dataload/processes/b4d771ca-0909-45b6-ae19-baeba079a733/executions/5b164553e4b0e67bea7017d2
    body:
      encoding: US-ASCII
      string: ''
    headers:
      Accept:
      - application/json, application/zip
      Accept-Encoding:
      - gzip, deflate
      User-Agent:
      - gooddata-gem/1.1.0/x86_64-linux/2.4.1
      Content-Type:
      - application/json
      X-Gdc-Authtt:
      - "<X_GDC_AUTHTT>"
      X-Gdc-Request:
      - RuaP0Eu51dppxrAckD6Erg:RF4DNh1VcjiigHUsVK9AQA
      Host:
      - staging2-lcm-prod.intgdc.com
  response:
    status:
      code: 204
      message: No Content
    headers:
      X-Gdc-Log-Header:
      - ''
      Date:
      - Tue, 05 Jun 2018 08:10:07 GMT
      Server:
      - GoodData WebApp
      Cache-Control:
      - no-cache, no-store, must-revalidate
      X-Gdc-Request-Time:
      - '67'
      X-Gdc-Request:
      - RuaP0Eu51dppxrAckD6Erg:RF4DNh1VcjiigHUsVK9AQA:5wUEtI1YYCEKCDpI
      Vary:
      - origin
      Strict-Transport-Security:
      - max-age=10886400; includeSubDomains; preload;
    body:
      encoding: UTF-8
      string: ''
    http_version: 
  recorded_at: Tue, 05 Jun 2018 08:10:07 GMT
- request:
    method: get
    uri: https://staging2-lcm-prod.intgdc.com/gdc/projects/iuykw7i9avrd0zf2n9ts5i7c48oeclti/dataload/processes/b4d771ca-0909-45b6-ae19-baeba079a733/executions/5b164553e4b0e67bea7017d2/detail
    body:
      encoding: US-ASCII
      string: ''
    headers:
      Accept:
      - application/json, application/zip
      Accept-Encoding:
      - gzip, deflate
      User-Agent:
      - gooddata-gem/1.1.0/x86_64-linux/2.4.1
      Content-Type:
      - application/json
      X-Gdc-Authtt:
      - "<X_GDC_AUTHTT>"
      X-Gdc-Request:
      - RuaP0Eu51dppxrAckD6Erg:SJQAU4pnIAQafsl5Ng-DVg
      Host:
      - staging2-lcm-prod.intgdc.com
  response:
    status:
      code: 200
      message: OK
    headers:
      X-Gdc-Log-Header:
      - ''
      Date:
      - Tue, 05 Jun 2018 08:10:07 GMT
      Server:
      - GoodData WebApp
      Accept-Ranges:
      - bytes
      Cache-Control:
      - no-cache, no-store, must-revalidate
      Content-Type:
      - application/json;charset=UTF-8
      X-Gdc-Request:
      - RuaP0Eu51dppxrAckD6Erg:SJQAU4pnIAQafsl5Ng-DVg:26FhcAKN9Mr5ribM
      Vary:
      - origin
      X-Gdc-Request-Time:
      - '70'
      Transfer-Encoding:
      - chunked
      Strict-Transport-Security:
      - max-age=10886400; includeSubDomains; preload;
    body:
      encoding: ASCII-8BIT
      string: '{"executionDetail":{"status":"OK","created":"2018-06-05T08:09:55.682Z","started":"2018-06-05T08:09:56.025Z","updated":"2018-06-05T08:10:03.135Z","finished":"2018-06-05T08:10:03.069Z","logFileName":"https://staging2-lcm-prod.intgdc.com/gdc/projects/iuykw7i9avrd0zf2n9ts5i7c48oeclti/dataload/processes/b4d771ca-0909-45b6-ae19-baeba079a733/executions/5b164553e4b0e67bea7017d2/log","links":{"poll":"/gdc/projects/iuykw7i9avrd0zf2n9ts5i7c48oeclti/dataload/processes/b4d771ca-0909-45b6-ae19-baeba079a733/executions/5b164553e4b0e67bea7017d2","self":"/gdc/projects/iuykw7i9avrd0zf2n9ts5i7c48oeclti/dataload/processes/b4d771ca-0909-45b6-ae19-baeba079a733/executions/5b164553e4b0e67bea7017d2/detail","log":"/gdc/projects/iuykw7i9avrd0zf2n9ts5i7c48oeclti/dataload/processes/b4d771ca-0909-45b6-ae19-baeba079a733/executions/5b164553e4b0e67bea7017d2/log"},"processLastDeployed":"2018-06-05T08:09:51.773Z","processLastDeployedBy":"rubydev+admin@gooddata.com"}}'
    http_version: 
  recorded_at: Tue, 05 Jun 2018 08:10:08 GMT
- request:
    method: get
    uri: https://staging2-lcm-prod.intgdc.com/gdc/projects/iuykw7i9avrd0zf2n9ts5i7c48oeclti/dataload/processes/b4d771ca-0909-45b6-ae19-baeba079a733/executions/5b164553e4b0e67bea7017d2/log
    body:
      encoding: US-ASCII
      string: ''
    headers:
      Accept:
      - application/json, application/zip
      Accept-Encoding:
      - gzip, deflate
      User-Agent:
      - gooddata-gem/1.1.0/x86_64-linux/2.4.1
      Content-Type:
      - application/json
      X-Gdc-Authtt:
      - "<X_GDC_AUTHTT>"
      X-Gdc-Request:
      - RuaP0Eu51dppxrAckD6Erg:SIqniu5e22C7W7G0kXm73g
      Host:
      - staging2-lcm-prod.intgdc.com
  response:
    status:
      code: 200
      message: OK
    headers:
      X-Gdc-Log-Header:
      - ''
      Date:
      - Tue, 05 Jun 2018 08:10:12 GMT
      Server:
      - GoodData WebApp
      Accept-Ranges:
      - bytes
      Cache-Control:
      - no-cache, no-store, must-revalidate
      Content-Type:
      - text/plain;charset=UTF-8
      Content-Length:
      - '1422'
      X-Gdc-Request:
      - RuaP0Eu51dppxrAckD6Erg:SIqniu5e22C7W7G0kXm73g:a38D0HWvFWjEcX9s
      Vary:
      - origin
      X-Gdc-Request-Time:
      - '3297'
      Strict-Transport-Security:
      - max-age=10886400; includeSubDomains; preload;
    body:
      encoding: ASCII-8BIT
      string: |
        2018-06-05 08:09:57.309+0000 [main] [INFO]: request_id=RuaP0Eu51dppxrAckD6Erg:5nibhQ2EdpKkV6fRYaFiBQ:6J7QhWH8GEnutfvz:MLv8ljy02XvxTeqS:1QwlBp2FJNsV65RO action=jvmscript script=process.rb status=SCRIPT_EXEC
        2018-06-05 08:09:57.314+0000 [main] [INFO]: request_id=RuaP0Eu51dppxrAckD6Erg:5nibhQ2EdpKkV6fRYaFiBQ:6J7QhWH8GEnutfvz:MLv8ljy02XvxTeqS:1QwlBp2FJNsV65RO Trying to fetch System environment variable for image, SELF_FIRST_CLASSLOADING=true
        2018-06-05 08:09:57.315+0000 [main] [INFO]: request_id=RuaP0Eu51dppxrAckD6Erg:5nibhQ2EdpKkV6fRYaFiBQ:6J7QhWH8GEnutfvz:MLv8ljy02XvxTeqS:1QwlBp2FJNsV65RO Creating ruby executor script engine with standard classloader
        2018-06-05 08:09:57.424+0000 [main] [INFO]: request_id=RuaP0Eu51dppxrAckD6Erg:5nibhQ2EdpKkV6fRYaFiBQ:6J7QhWH8GEnutfvz:MLv8ljy02XvxTeqS:1QwlBp2FJNsV65RO Created script engine.
        2018-06-05 08:10:00.170+0000 [main] [INFO]: request_id=RuaP0Eu51dppxrAckD6Erg:5nibhQ2EdpKkV6fRYaFiBQ:6J7QhWH8GEnutfvz:MLv8ljy02XvxTeqS:1QwlBp2FJNsV65RO Hello Ruby executors
        2018-06-05 08:10:00.171+0000 [main] [INFO]: request_id=RuaP0Eu51dppxrAckD6Erg:5nibhQ2EdpKkV6fRYaFiBQ:6J7QhWH8GEnutfvz:MLv8ljy02XvxTeqS:1QwlBp2FJNsV65RO Hello Ruby from the deep
        2018-06-05 08:10:00.181+0000 [main] [INFO]: request_id=RuaP0Eu51dppxrAckD6Erg:5nibhQ2EdpKkV6fRYaFiBQ:6J7QhWH8GEnutfvz:MLv8ljy02XvxTeqS:1QwlBp2FJNsV65RO action=jvmscript script=process.rb status=SCRIPT_OK
        The execution finished successfully
    http_version: 
  recorded_at: Tue, 05 Jun 2018 08:10:12 GMT
recorded_with: VCR 4.0.0
