---
http_interactions:
- request:
    method: get
    uri: https://staging2-lcm-prod.intgdc.com/gdc/projects/iuykw7i9avrd0zf2n9ts5i7c48oeclti/dataload/processes/b4d771ca-0909-45b6-ae19-baeba079a733
    body:
      encoding: US-ASCII
      string: ''
    headers:
      Accept:
      - application/json, application/zip
      Accept-Encoding:
      - gzip, deflate
      User-Agent:
      - gooddata-gem/1.1.0/x86_64-linux/2.4.1
      Content-Type:
      - application/json
      X-Gdc-Authtt:
      - "<X_GDC_AUTHTT>"
      X-Gdc-Request:
      - RuaP0Eu51dppxrAckD6Erg:w4P7l9L98rCQTNd3Y1IdZA
      Host:
      - staging2-lcm-prod.intgdc.com
  response:
    status:
      code: 200
      message: OK
    headers:
      X-Gdc-Log-Header:
      - ''
      Date:
      - Tue, 05 Jun 2018 08:10:14 GMT
      Server:
      - GoodData WebApp
      Accept-Ranges:
      - bytes
      Cache-Control:
      - no-cache, no-store, must-revalidate
      Content-Type:
      - application/json;charset=UTF-8
      X-Gdc-Request:
      - RuaP0Eu51dppxrAckD6Erg:w4P7l9L98rCQTNd3Y1IdZA:zfwzVFQ8yFtn8nHM
      Vary:
      - origin
      X-Gdc-Request-Time:
      - '71'
      Transfer-Encoding:
      - chunked
      Strict-Transport-Security:
      - max-age=10886400; includeSubDomains; preload;
    body:
      encoding: ASCII-8BIT
      string: '{"process":{"type":"RUBY","name":"Test ETL Process (Ruby)","graphs":["process.rb"],"executables":["process.rb"],"lastDeployed":"2018-06-05T08:09:51.773Z","ownerLogin":"rubydev+admin@gooddata.com","links":{"self":"/gdc/projects/iuykw7i9avrd0zf2n9ts5i7c48oeclti/dataload/processes/b4d771ca-0909-45b6-ae19-baeba079a733","executions":"/gdc/projects/iuykw7i9avrd0zf2n9ts5i7c48oeclti/dataload/processes/b4d771ca-0909-45b6-ae19-baeba079a733/executions","source":"/gdc/projects/iuykw7i9avrd0zf2n9ts5i7c48oeclti/dataload/processes/b4d771ca-0909-45b6-ae19-baeba079a733/source"}}}'
    http_version: 
  recorded_at: Tue, 05 Jun 2018 08:10:14 GMT
- request:
    method: post
    uri: https://staging2-lcm-prod.intgdc.com/gdc/projects/iuykw7i9avrd0zf2n9ts5i7c48oeclti/schedules
    body:
      encoding: UTF-8
      string: '{"schedule":{"name":null,"type":"MSETL","state":"ENABLED","timezone":"UTC","cron":"0
        15 27 7 *","triggerScheduleId":null,"params":{"PROCESS_ID":"b4d771ca-0909-45b6-ae19-baeba079a733","EXECUTABLE":"process.rb"},"hiddenParams":{}}}'
    headers:
      Accept:
      - application/json, application/zip
      Accept-Encoding:
      - gzip, deflate
      User-Agent:
      - gooddata-gem/1.1.0/x86_64-linux/2.4.1
      Content-Type:
      - application/json
      X-Gdc-Authtt:
      - "<X_GDC_AUTHTT>"
      X-Gdc-Request:
      - RuaP0Eu51dppxrAckD6Erg:2Kk5-CGpzgLYzHPPWFMPtg
      Content-Length:
      - '229'
      Host:
      - staging2-lcm-prod.intgdc.com
  response:
    status:
      code: 201
      message: Created
    headers:
      Location:
      - "/gdc/projects/iuykw7i9avrd0zf2n9ts5i7c48oeclti/schedules/5b164567e4b0e67bea7017d3"
      X-Gdc-Log-Header:
      - ''
      Date:
      - Tue, 05 Jun 2018 08:10:15 GMT
      Server:
      - GoodData WebApp
      Cache-Control:
      - no-cache, no-store, must-revalidate
      Content-Type:
      - application/json;charset=UTF-8
      X-Gdc-Request:
      - RuaP0Eu51dppxrAckD6Erg:2Kk5-CGpzgLYzHPPWFMPtg:u3KBOcw44Ex0WNv6
      Vary:
      - origin
      X-Gdc-Request-Time:
      - '28'
      Transfer-Encoding:
      - chunked
      Strict-Transport-Security:
      - max-age=10886400; includeSubDomains; preload;
    body:
      encoding: ASCII-8BIT
      string: '{"schedule":{"name":"process.rb","type":"MSETL","state":"ENABLED","params":{"EXECUTABLE":"process.rb","PROCESS_ID":"b4d771ca-0909-45b6-ae19-baeba079a733"},"cron":"0
        15 27 7 *","timezone":"UTC","nextExecutionTime":"2018-07-27T15:00:00.000Z","consecutiveFailedExecutionCount":0,"ownerLogin":"rubydev+admin@gooddata.com","links":{"self":"/gdc/projects/iuykw7i9avrd0zf2n9ts5i7c48oeclti/schedules/5b164567e4b0e67bea7017d3","executions":"/gdc/projects/iuykw7i9avrd0zf2n9ts5i7c48oeclti/schedules/5b164567e4b0e67bea7017d3/executions"}}}'
    http_version: 
  recorded_at: Tue, 05 Jun 2018 08:10:15 GMT
- request:
    method: get
    uri: https://staging2-lcm-prod.intgdc.com/gdc/projects/iuykw7i9avrd0zf2n9ts5i7c48oeclti/schedules/5b164567e4b0e67bea7017d3
    body:
      encoding: US-ASCII
      string: ''
    headers:
      Accept:
      - application/json, application/zip
      Accept-Encoding:
      - gzip, deflate
      User-Agent:
      - gooddata-gem/1.1.0/x86_64-linux/2.4.1
      Content-Type:
      - application/json
      X-Gdc-Authtt:
      - "<X_GDC_AUTHTT>"
      X-Gdc-Request:
      - RuaP0Eu51dppxrAckD6Erg:kVCnT_NqU0nByqzwW5spoQ
      Host:
      - staging2-lcm-prod.intgdc.com
  response:
    status:
      code: 200
      message: OK
    headers:
      X-Gdc-Log-Header:
      - ''
      Date:
      - Tue, 05 Jun 2018 08:10:15 GMT
      Server:
      - GoodData WebApp
      Accept-Ranges:
      - bytes
      Cache-Control:
      - no-cache, no-store, must-revalidate
      Content-Type:
      - application/json;charset=UTF-8
      X-Gdc-Request:
      - RuaP0Eu51dppxrAckD6Erg:kVCnT_NqU0nByqzwW5spoQ:2hZjUrU9XorLz241
      Vary:
      - origin
      X-Gdc-Request-Time:
      - '20'
      Transfer-Encoding:
      - chunked
      Strict-Transport-Security:
      - max-age=10886400; includeSubDomains; preload;
    body:
      encoding: ASCII-8BIT
      string: '{"schedule":{"name":"process.rb","type":"MSETL","state":"ENABLED","params":{"EXECUTABLE":"process.rb","PROCESS_ID":"b4d771ca-0909-45b6-ae19-baeba079a733"},"cron":"0
        15 27 7 *","timezone":"UTC","nextExecutionTime":"2018-07-27T15:00:00.000Z","consecutiveFailedExecutionCount":0,"ownerLogin":"rubydev+admin@gooddata.com","links":{"self":"/gdc/projects/iuykw7i9avrd0zf2n9ts5i7c48oeclti/schedules/5b164567e4b0e67bea7017d3","executions":"/gdc/projects/iuykw7i9avrd0zf2n9ts5i7c48oeclti/schedules/5b164567e4b0e67bea7017d3/executions"}}}'
    http_version: 
  recorded_at: Tue, 05 Jun 2018 08:10:15 GMT
- request:
    method: get
    uri: https://staging2-lcm-prod.intgdc.com/gdc/projects/iuykw7i9avrd0zf2n9ts5i7c48oeclti/dataload/processes/b4d771ca-0909-45b6-ae19-baeba079a733
    body:
      encoding: US-ASCII
      string: ''
    headers:
      Accept:
      - application/json, application/zip
      Accept-Encoding:
      - gzip, deflate
      User-Agent:
      - gooddata-gem/1.1.0/x86_64-linux/2.4.1
      Content-Type:
      - application/json
      X-Gdc-Authtt:
      - "<X_GDC_AUTHTT>"
      X-Gdc-Request:
      - RuaP0Eu51dppxrAckD6Erg:Lmf2djWYMYQt48_S81M9yA
      Host:
      - staging2-lcm-prod.intgdc.com
  response:
    status:
      code: 200
      message: OK
    headers:
      X-Gdc-Log-Header:
      - ''
      Date:
      - Tue, 05 Jun 2018 08:10:16 GMT
      Server:
      - GoodData WebApp
      Accept-Ranges:
      - bytes
      Cache-Control:
      - no-cache, no-store, must-revalidate
      Content-Type:
      - application/json;charset=UTF-8
      X-Gdc-Request:
      - RuaP0Eu51dppxrAckD6Erg:Lmf2djWYMYQt48_S81M9yA:27R9l0KclcqLn5Ld
      Vary:
      - origin
      X-Gdc-Request-Time:
      - '67'
      Transfer-Encoding:
      - chunked
      Strict-Transport-Security:
      - max-age=10886400; includeSubDomains; preload;
    body:
      encoding: ASCII-8BIT
      string: '{"process":{"type":"RUBY","name":"Test ETL Process (Ruby)","graphs":["process.rb"],"executables":["process.rb"],"lastDeployed":"2018-06-05T08:09:51.773Z","ownerLogin":"rubydev+admin@gooddata.com","links":{"self":"/gdc/projects/iuykw7i9avrd0zf2n9ts5i7c48oeclti/dataload/processes/b4d771ca-0909-45b6-ae19-baeba079a733","executions":"/gdc/projects/iuykw7i9avrd0zf2n9ts5i7c48oeclti/dataload/processes/b4d771ca-0909-45b6-ae19-baeba079a733/executions","source":"/gdc/projects/iuykw7i9avrd0zf2n9ts5i7c48oeclti/dataload/processes/b4d771ca-0909-45b6-ae19-baeba079a733/source"}}}'
    http_version: 
  recorded_at: Tue, 05 Jun 2018 08:10:16 GMT
- request:
    method: post
    uri: https://staging2-lcm-prod.intgdc.com/gdc/projects/iuykw7i9avrd0zf2n9ts5i7c48oeclti/schedules
    body:
      encoding: UTF-8
      string: '{"schedule":{"name":null,"type":"MSETL","state":"ENABLED","timezone":"UTC","cron":null,"triggerScheduleId":"5b164567e4b0e67bea7017d3","params":{"PROCESS_ID":"b4d771ca-0909-45b6-ae19-baeba079a733","EXECUTABLE":"process.rb"},"hiddenParams":{}}}'
    headers:
      Accept:
      - application/json, application/zip
      Accept-Encoding:
      - gzip, deflate
      User-Agent:
      - gooddata-gem/1.1.0/x86_64-linux/2.4.1
      Content-Type:
      - application/json
      X-Gdc-Authtt:
      - "<X_GDC_AUTHTT>"
      X-Gdc-Request:
      - RuaP0Eu51dppxrAckD6Erg:oZfQEGQL7eFH95-CXBQN1A
      Content-Length:
      - '242'
      Host:
      - staging2-lcm-prod.intgdc.com
  response:
    status:
      code: 201
      message: Created
    headers:
      Location:
      - "/gdc/projects/iuykw7i9avrd0zf2n9ts5i7c48oeclti/schedules/5b164569e4b0121afaf974bb"
      X-Gdc-Log-Header:
      - ''
      Date:
      - Tue, 05 Jun 2018 08:10:17 GMT
      Server:
      - GoodData WebApp
      Cache-Control:
      - no-cache, no-store, must-revalidate
      Content-Type:
      - application/json;charset=UTF-8
      X-Gdc-Request:
      - RuaP0Eu51dppxrAckD6Erg:oZfQEGQL7eFH95-CXBQN1A:BWW2nbytumynCEtl
      Vary:
      - origin
      X-Gdc-Request-Time:
      - '29'
      Transfer-Encoding:
      - chunked
      Strict-Transport-Security:
      - max-age=10886400; includeSubDomains; preload;
    body:
      encoding: ASCII-8BIT
      string: '{"schedule":{"name":"process.rb","type":"MSETL","state":"ENABLED","params":{"EXECUTABLE":"process.rb","PROCESS_ID":"b4d771ca-0909-45b6-ae19-baeba079a733"},"timezone":"UTC","consecutiveFailedExecutionCount":0,"ownerLogin":"rubydev+admin@gooddata.com","links":{"self":"/gdc/projects/iuykw7i9avrd0zf2n9ts5i7c48oeclti/schedules/5b164569e4b0121afaf974bb","executions":"/gdc/projects/iuykw7i9avrd0zf2n9ts5i7c48oeclti/schedules/5b164569e4b0121afaf974bb/executions"},"triggerScheduleId":"5b164567e4b0e67bea7017d3"}}'
    http_version: 
  recorded_at: Tue, 05 Jun 2018 08:10:17 GMT
- request:
    method: get
    uri: https://staging2-lcm-prod.intgdc.com/gdc/projects/iuykw7i9avrd0zf2n9ts5i7c48oeclti/schedules/5b164569e4b0121afaf974bb
    body:
      encoding: US-ASCII
      string: ''
    headers:
      Accept:
      - application/json, application/zip
      Accept-Encoding:
      - gzip, deflate
      User-Agent:
      - gooddata-gem/1.1.0/x86_64-linux/2.4.1
      Content-Type:
      - application/json
      X-Gdc-Authtt:
      - "<X_GDC_AUTHTT>"
      X-Gdc-Request:
      - RuaP0Eu51dppxrAckD6Erg:wTqeaQPFe3nwzibRWAxPJQ
      Host:
      - staging2-lcm-prod.intgdc.com
  response:
    status:
      code: 200
      message: OK
    headers:
      X-Gdc-Log-Header:
      - ''
      Date:
      - Tue, 05 Jun 2018 08:10:17 GMT
      Server:
      - GoodData WebApp
      Accept-Ranges:
      - bytes
      Cache-Control:
      - no-cache, no-store, must-revalidate
      Content-Type:
      - application/json;charset=UTF-8
      X-Gdc-Request:
      - RuaP0Eu51dppxrAckD6Erg:wTqeaQPFe3nwzibRWAxPJQ:0mc6QrVULx4Wq585
      Vary:
      - origin
      X-Gdc-Request-Time:
      - '21'
      Transfer-Encoding:
      - chunked
      Strict-Transport-Security:
      - max-age=10886400; includeSubDomains; preload;
    body:
      encoding: ASCII-8BIT
      string: '{"schedule":{"name":"process.rb","type":"MSETL","state":"ENABLED","params":{"EXECUTABLE":"process.rb","PROCESS_ID":"b4d771ca-0909-45b6-ae19-baeba079a733"},"timezone":"UTC","consecutiveFailedExecutionCount":0,"ownerLogin":"rubydev+admin@gooddata.com","links":{"self":"/gdc/projects/iuykw7i9avrd0zf2n9ts5i7c48oeclti/schedules/5b164569e4b0121afaf974bb","executions":"/gdc/projects/iuykw7i9avrd0zf2n9ts5i7c48oeclti/schedules/5b164569e4b0121afaf974bb/executions"},"triggerScheduleId":"5b164567e4b0e67bea7017d3"}}'
    http_version: 
  recorded_at: Tue, 05 Jun 2018 08:10:17 GMT
- request:
    method: get
    uri: https://staging2-lcm-prod.intgdc.com/gdc/projects/iuykw7i9avrd0zf2n9ts5i7c48oeclti/schedules
    body:
      encoding: US-ASCII
      string: ''
    headers:
      Accept:
      - application/json, application/zip
      Accept-Encoding:
      - gzip, deflate
      User-Agent:
      - gooddata-gem/1.1.0/x86_64-linux/2.4.1
      Content-Type:
      - application/json
      X-Gdc-Authtt:
      - "<X_GDC_AUTHTT>"
      X-Gdc-Request:
      - RuaP0Eu51dppxrAckD6Erg:KLeYJYgKalvniY-eTGpzKw
      Host:
      - staging2-lcm-prod.intgdc.com
  response:
    status:
      code: 200
      message: OK
    headers:
      X-Gdc-Log-Header:
      - ''
      Date:
      - Tue, 05 Jun 2018 08:10:18 GMT
      Server:
      - GoodData WebApp
      Accept-Ranges:
      - bytes
      Cache-Control:
      - no-cache, no-store, must-revalidate
      Content-Type:
      - application/json;charset=UTF-8
      Content-Length:
      - '1169'
      X-Gdc-Request:
      - RuaP0Eu51dppxrAckD6Erg:KLeYJYgKalvniY-eTGpzKw:Kdx8CoynzCsI0Ia3
      Vary:
      - origin
      X-Gdc-Request-Time:
      - '32'
      Strict-Transport-Security:
      - max-age=10886400; includeSubDomains; preload;
    body:
      encoding: ASCII-8BIT
      string: '{"schedules":{"paging":{"offset":0,"count":2},"schedulesLink":"/gdc/projects/iuykw7i9avrd0zf2n9ts5i7c48oeclti/schedules","items":[{"schedule":{"name":"process.rb","type":"MSETL","state":"ENABLED","params":{"EXECUTABLE":"process.rb","PROCESS_ID":"b4d771ca-0909-45b6-ae19-baeba079a733"},"timezone":"UTC","consecutiveFailedExecutionCount":0,"ownerLogin":"rubydev+admin@gooddata.com","links":{"self":"/gdc/projects/iuykw7i9avrd0zf2n9ts5i7c48oeclti/schedules/5b164569e4b0121afaf974bb","executions":"/gdc/projects/iuykw7i9avrd0zf2n9ts5i7c48oeclti/schedules/5b164569e4b0121afaf974bb/executions"},"triggerScheduleId":"5b164567e4b0e67bea7017d3"}},{"schedule":{"name":"process.rb","type":"MSETL","state":"ENABLED","params":{"EXECUTABLE":"process.rb","PROCESS_ID":"b4d771ca-0909-45b6-ae19-baeba079a733"},"cron":"0
        15 27 7 *","timezone":"UTC","nextExecutionTime":"2018-07-27T15:00:00.000Z","consecutiveFailedExecutionCount":0,"ownerLogin":"rubydev+admin@gooddata.com","links":{"self":"/gdc/projects/iuykw7i9avrd0zf2n9ts5i7c48oeclti/schedules/5b164567e4b0e67bea7017d3","executions":"/gdc/projects/iuykw7i9avrd0zf2n9ts5i7c48oeclti/schedules/5b164567e4b0e67bea7017d3/executions"}}}]}}'
    http_version: 
  recorded_at: Tue, 05 Jun 2018 08:10:18 GMT
- request:
    method: get
    uri: https://staging2-lcm-prod.intgdc.com/gdc/projects/iuykw7i9avrd0zf2n9ts5i7c48oeclti/schedules
    body:
      encoding: US-ASCII
      string: ''
    headers:
      Accept:
      - application/json, application/zip
      Accept-Encoding:
      - gzip, deflate
      User-Agent:
      - gooddata-gem/1.1.0/x86_64-linux/2.4.1
      Content-Type:
      - application/json
      X-Gdc-Authtt:
      - "<X_GDC_AUTHTT>"
      X-Gdc-Request:
      - RuaP0Eu51dppxrAckD6Erg:dvuG61aTZggtO_xRcrO89Q
      Host:
      - staging2-lcm-prod.intgdc.com
  response:
    status:
      code: 200
      message: OK
    headers:
      X-Gdc-Log-Header:
      - ''
      Date:
      - Tue, 05 Jun 2018 08:10:18 GMT
      Server:
      - GoodData WebApp
      Accept-Ranges:
      - bytes
      Cache-Control:
      - no-cache, no-store, must-revalidate
      Content-Type:
      - application/json;charset=UTF-8
      Content-Length:
      - '1169'
      X-Gdc-Request:
      - RuaP0Eu51dppxrAckD6Erg:dvuG61aTZggtO_xRcrO89Q:SBXXSs1uJzrSMDZY
      Vary:
      - origin
      X-Gdc-Request-Time:
      - '23'
      Strict-Transport-Security:
      - max-age=10886400; includeSubDomains; preload;
    body:
      encoding: ASCII-8BIT
      string: '{"schedules":{"paging":{"offset":0,"count":2},"schedulesLink":"/gdc/projects/iuykw7i9avrd0zf2n9ts5i7c48oeclti/schedules","items":[{"schedule":{"name":"process.rb","type":"MSETL","state":"ENABLED","params":{"EXECUTABLE":"process.rb","PROCESS_ID":"b4d771ca-0909-45b6-ae19-baeba079a733"},"timezone":"UTC","consecutiveFailedExecutionCount":0,"ownerLogin":"rubydev+admin@gooddata.com","links":{"self":"/gdc/projects/iuykw7i9avrd0zf2n9ts5i7c48oeclti/schedules/5b164569e4b0121afaf974bb","executions":"/gdc/projects/iuykw7i9avrd0zf2n9ts5i7c48oeclti/schedules/5b164569e4b0121afaf974bb/executions"},"triggerScheduleId":"5b164567e4b0e67bea7017d3"}},{"schedule":{"name":"process.rb","type":"MSETL","state":"ENABLED","params":{"EXECUTABLE":"process.rb","PROCESS_ID":"b4d771ca-0909-45b6-ae19-baeba079a733"},"cron":"0
        15 27 7 *","timezone":"UTC","nextExecutionTime":"2018-07-27T15:00:00.000Z","consecutiveFailedExecutionCount":0,"ownerLogin":"rubydev+admin@gooddata.com","links":{"self":"/gdc/projects/iuykw7i9avrd0zf2n9ts5i7c48oeclti/schedules/5b164567e4b0e67bea7017d3","executions":"/gdc/projects/iuykw7i9avrd0zf2n9ts5i7c48oeclti/schedules/5b164567e4b0e67bea7017d3/executions"}}}]}}'
    http_version: 
  recorded_at: Tue, 05 Jun 2018 08:10:19 GMT
- request:
    method: delete
    uri: https://staging2-lcm-prod.intgdc.com/gdc/projects/iuykw7i9avrd0zf2n9ts5i7c48oeclti/schedules/5b164569e4b0121afaf974bb
    body:
      encoding: US-ASCII
      string: ''
    headers:
      Accept:
      - application/json, application/zip
      Accept-Encoding:
      - gzip, deflate
      User-Agent:
      - gooddata-gem/1.1.0/x86_64-linux/2.4.1
      Content-Type:
      - application/json
      X-Gdc-Authtt:
      - "<X_GDC_AUTHTT>"
      X-Gdc-Request:
      - RuaP0Eu51dppxrAckD6Erg:rDHjXlkRkG74eYYo0UH9jg
      Host:
      - staging2-lcm-prod.intgdc.com
  response:
    status:
      code: 204
      message: No Content
    headers:
      Location:
      - "/gdc/projects/iuykw7i9avrd0zf2n9ts5i7c48oeclti/schedules"
      X-Gdc-Log-Header:
      - ''
      Date:
      - Tue, 05 Jun 2018 08:10:19 GMT
      Server:
      - GoodData WebApp
      Cache-Control:
      - no-cache, no-store, must-revalidate
      X-Gdc-Request-Time:
      - '23'
      X-Gdc-Request:
      - RuaP0Eu51dppxrAckD6Erg:rDHjXlkRkG74eYYo0UH9jg:oPSZSUrtjX1hEHtT
      Vary:
      - origin
      Strict-Transport-Security:
      - max-age=10886400; includeSubDomains; preload;
    body:
      encoding: UTF-8
      string: ''
    http_version: 
  recorded_at: Tue, 05 Jun 2018 08:10:19 GMT
- request:
    method: delete
    uri: https://staging2-lcm-prod.intgdc.com/gdc/projects/iuykw7i9avrd0zf2n9ts5i7c48oeclti/schedules/5b164567e4b0e67bea7017d3
    body:
      encoding: US-ASCII
      string: ''
    headers:
      Accept:
      - application/json, application/zip
      Accept-Encoding:
      - gzip, deflate
      User-Agent:
      - gooddata-gem/1.1.0/x86_64-linux/2.4.1
      Content-Type:
      - application/json
      X-Gdc-Authtt:
      - "<X_GDC_AUTHTT>"
      X-Gdc-Request:
      - RuaP0Eu51dppxrAckD6Erg:raUL73wA_rsiO_p8OaKC8w
      Host:
      - staging2-lcm-prod.intgdc.com
  response:
    status:
      code: 204
      message: No Content
    headers:
      Location:
      - "/gdc/projects/iuykw7i9avrd0zf2n9ts5i7c48oeclti/schedules"
      X-Gdc-Log-Header:
      - ''
      Date:
      - Tue, 05 Jun 2018 08:10:21 GMT
      Server:
      - GoodData WebApp
      Cache-Control:
      - no-cache, no-store, must-revalidate
      X-Gdc-Request-Time:
      - '24'
      X-Gdc-Request:
      - RuaP0Eu51dppxrAckD6Erg:raUL73wA_rsiO_p8OaKC8w:RA8cojjNppLOtbRH
      Vary:
      - origin
      Strict-Transport-Security:
      - max-age=10886400; includeSubDomains; preload;
    body:
      encoding: UTF-8
      string: ''
    http_version: 
  recorded_at: Tue, 05 Jun 2018 08:10:21 GMT
recorded_with: VCR 4.0.0
