---
http_interactions:
- request:
    method: put
    uri: https://staging2-lcm-prod.intgdc.com/gdc/projects/uo936nolw6v5bbk89e2cyxv3bhns2frn/styleSettings
    body:
      encoding: UTF-8
      string: '{"styleSettings":{"chartPalette":[{"guid":"first","fill":{"r":155,"g":255,"b":0}}]}}'
    headers:
      Accept:
      - application/json, application/zip
      Accept-Encoding:
      - gzip, deflate
      User-Agent:
      - gooddata-gem/2.1.3/x86_64-darwin18/2.4.5
      Content-Type:
      - application/json
      X-Gdc-Authtt:
      - "<X_GDC_AUTHTT>"
      X-Gdc-Request:
      - ":sdRWXFs-hIs71yLttk0KJA:4rR644Yb9lendMIMN2_o1w"
      Stats-On:
      - ''
      Content-Length:
      - '84'
      Host:
      - staging2-lcm-prod.intgdc.com
  response:
    status:
      code: 204
      message: No Content
    headers:
      X-Gdc-Log-Header:
      - ''
      Cache-Control:
      - no-cache, no-store, must-revalidate
      Date:
      - Thu, 18 Apr 2019 15:02:54 GMT
      Server:
      - GoodData WebApp
      X-Gdc-Request-Time:
      - '16'
      X-Gdc-Request:
      - ":sdRWXFs-hIs71yLttk0KJA:4rR644Yb9lendMIMN2_o1w:0UH5aaFIxfI6iipL"
      Vary:
      - origin
      Strict-Transport-Security:
      - max-age=10886400; includeSubDomains; preload;
    body:
      encoding: UTF-8
      string: ''
    http_version:
  recorded_at: Thu, 18 Apr 2019 15:02:54 GMT
- request:
    method: delete
    uri: https://staging2-lcm-prod.intgdc.com/gdc/projects/uo936nolw6v5bbk89e2cyxv3bhns2frn/styleSettings
    body:
      encoding: US-ASCII
      string: ''
    headers:
      Accept:
      - application/json, application/zip
      Accept-Encoding:
      - gzip, deflate
      User-Agent:
      - gooddata-gem/2.1.3/x86_64-darwin18/2.4.5
      Content-Type:
      - application/json
      X-Gdc-Authtt:
      - "<X_GDC_AUTHTT>"
      X-Gdc-Request:
      - ":sdRWXFs-hIs71yLttk0KJA:zAE2SiJ1O0WvBmjBHPmYRA"
      Stats-On:
      - ''
      Host:
      - staging2-lcm-prod.intgdc.com
  response:
    status:
      code: 204
      message: No Content
    headers:
      X-Gdc-Log-Header:
      - ''
      Cache-Control:
      - no-cache, no-store, must-revalidate
      Date:
      - Thu, 18 Apr 2019 15:02:55 GMT
      Server:
      - GoodData WebApp
      X-Gdc-Request-Time:
      - '13'
      X-Gdc-Request:
      - ":sdRWXFs-hIs71yLttk0KJA:zAE2SiJ1O0WvBmjBHPmYRA:VAddCR41eBBIeiVk"
      Vary:
      - origin
      Strict-Transport-Security:
      - max-age=10886400; includeSubDomains; preload;
    body:
      encoding: UTF-8
      string: ''
    http_version:
  recorded_at: Thu, 18 Apr 2019 15:02:55 GMT
- request:
    method: get
    uri: https://staging2-lcm-prod.intgdc.com/gdc/projects/uo936nolw6v5bbk89e2cyxv3bhns2frn/styleSettings
    body:
      encoding: US-ASCII
      string: ''
    headers:
      Accept:
      - application/json, application/zip
      Accept-Encoding:
      - gzip, deflate
      User-Agent:
      - gooddata-gem/2.1.3/x86_64-darwin18/2.4.5
      Content-Type:
      - application/json
      X-Gdc-Authtt:
      - "<X_GDC_AUTHTT>"
      X-Gdc-Request:
      - ":sdRWXFs-hIs71yLttk0KJA:l5Nb5T9NFUXkWmvM_461jA"
      Stats-On:
      - ''
      Host:
      - staging2-lcm-prod.intgdc.com
  response:
    status:
      code: 204
      message: No Content
    headers:
      X-Gdc-Log-Header:
      - ''
      Cache-Control:
      - no-cache, no-store, must-revalidate
      Date:
      - Thu, 18 Apr 2019 15:02:56 GMT
      Server:
      - GoodData WebApp
      X-Gdc-Request-Time:
      - '15'
      X-Gdc-Request:
      - ":sdRWXFs-hIs71yLttk0KJA:l5Nb5T9NFUXkWmvM_461jA:xhVk9J62gK3yvWM1"
      Vary:
      - origin
      Strict-Transport-Security:
      - max-age=10886400; includeSubDomains; preload;
    body:
      encoding: UTF-8
      string: ''
    http_version:
  recorded_at: Thu, 18 Apr 2019 15:02:56 GMT
- request:
    method: put
    uri: https://staging2-lcm-prod.intgdc.com/gdc/projects/op24jzavrcslcsr2mb7gwaqwqlbpxsu8/styleSettings
    body:
      encoding: UTF-8
      string: '{"styleSettings":{"chartPalette":[{"guid":"first","fill":{"r":155,"g":255,"b":0}}]}}'
    headers:
      Accept:
      - application/json, application/zip
      User-Agent:
      - gooddata-gem/2.1.10/java/2.5.3
      Content-Type:
      - application/json
      X-Gdc-Authtt:
      - "<X_GDC_AUTHTT>"
      X-Gdc-Request:
      - ":0sfaD6lDkfWrXVCqJDGd8g:wEoGU_MggLLN8ORZqL-OgA"
      Stats-On:
      - ''
      X-Gdc-Version:
      - '2'
      Content-Length:
      - '84'
      Accept-Encoding:
      - gzip;q=1.0,deflate;q=0.6,identity;q=0.3
      Host:
      - staging2-lcm-prod.intgdc.com
  response:
    status:
      code: 204
      message: No Content
    headers:
      X-Gdc-Log-Header:
      - ''
      Cache-Control:
      - no-cache, no-store, must-revalidate
      Date:
      - Thu, 07 May 2020 09:53:19 GMT
      Server:
      - GoodData WebApp
      X-Gdc-Request-Time:
      - '19'
      X-Gdc-Request:
      - ":0sfaD6lDkfWrXVCqJDGd8g:wEoGU_MggLLN8ORZqL-OgA:zAAwU1AUEazW1yyV"
      Vary:
      - origin,X-GDC-VERSION
      Strict-Transport-Security:
      - max-age=10886400; includeSubDomains; preload;
    body:
      encoding: UTF-8
      string: ''
    http_version:
  recorded_at: Thu, 07 May 2020 09:53:19 GMT
- request:
    method: delete
    uri: https://staging2-lcm-prod.intgdc.com/gdc/projects/op24jzavrcslcsr2mb7gwaqwqlbpxsu8/styleSettings
    body:
      encoding: US-ASCII
      string: ''
    headers:
      Accept:
      - application/json, application/zip
      User-Agent:
      - gooddata-gem/2.1.10/java/2.5.3
      Content-Type:
      - application/json
      X-Gdc-Authtt:
      - "<X_GDC_AUTHTT>"
      X-Gdc-Request:
      - ":0sfaD6lDkfWrXVCqJDGd8g:5m2W5N2wnldJMNP4fdDuWQ"
      Stats-On:
      - ''
      X-Gdc-Version:
      - '2'
      Accept-Encoding:
      - gzip;q=1.0,deflate;q=0.6,identity;q=0.3
      Host:
      - staging2-lcm-prod.intgdc.com
  response:
    status:
      code: 204
      message: No Content
    headers:
      X-Gdc-Log-Header:
      - ''
      Cache-Control:
      - no-cache, no-store, must-revalidate
      Date:
      - Thu, 07 May 2020 09:53:20 GMT
      Server:
      - GoodData WebApp
      X-Gdc-Request-Time:
      - '17'
      X-Gdc-Request:
      - ":0sfaD6lDkfWrXVCqJDGd8g:5m2W5N2wnldJMNP4fdDuWQ:NreFhRfDgekDxLEg"
      Vary:
      - origin,X-GDC-VERSION
      Strict-Transport-Security:
      - max-age=10886400; includeSubDomains; preload;
    body:
      encoding: UTF-8
      string: ''
    http_version:
  recorded_at: Thu, 07 May 2020 09:53:20 GMT
- request:
    method: get
    uri: https://staging2-lcm-prod.intgdc.com/gdc/projects/op24jzavrcslcsr2mb7gwaqwqlbpxsu8/styleSettings
    body:
      encoding: US-ASCII
      string: ''
    headers:
      Accept:
      - application/json, application/zip
      User-Agent:
      - gooddata-gem/2.1.10/java/2.5.3
      Content-Type:
      - application/json
      X-Gdc-Authtt:
      - "<X_GDC_AUTHTT>"
      X-Gdc-Request:
      - ":0sfaD6lDkfWrXVCqJDGd8g:tA4QprORq2793ms6W12aRQ"
      Stats-On:
      - ''
      X-Gdc-Version:
      - '2'
      Accept-Encoding:
      - gzip;q=1.0,deflate;q=0.6,identity;q=0.3
      Host:
      - staging2-lcm-prod.intgdc.com
  response:
    status:
      code: 204
      message: No Content
    headers:
      X-Gdc-Log-Header:
      - ''
      Cache-Control:
      - no-cache, no-store, must-revalidate
      Date:
      - Thu, 07 May 2020 09:53:21 GMT
      Server:
      - GoodData WebApp
      X-Gdc-Request-Time:
      - '15'
      X-Gdc-Request:
      - ":0sfaD6lDkfWrXVCqJDGd8g:tA4QprORq2793ms6W12aRQ:JEDBzz5zi0llPOcH"
      Vary:
      - origin,X-GDC-VERSION
      Strict-Transport-Security:
      - max-age=10886400; includeSubDomains; preload;
    body:
      encoding: UTF-8
      string: ''
    http_version:
  recorded_at: Thu, 07 May 2020 09:53:22 GMT
- request:
    method: put
    uri: https://staging2-lcm-prod.intgdc.com/gdc/projects/efqh4uj0r95jp0dh9qh4exucsu3dklu3/styleSettings
    body:
      encoding: UTF-8
      string: '{"styleSettings":{"chartPalette":[{"guid":"first","fill":{"r":155,"g":255,"b":0}}]}}'
    headers:
      Accept:
      - application/json, application/zip
      User-Agent:
      - gooddata-gem/2.2.0/java/2.5.0
      Content-Type:
      - application/json
      X-Gdc-Authtt:
      - "<X_GDC_AUTHTT>"
      X-Gdc-Request:
      - ":j-puMCLbjck-2hCYvC-cJw:EtBombNvqW47Ee1BKnNYtQ"
      Stats-On:
      - ''
      X-Gdc-Version:
      - '2'
      Content-Length:
      - '84'
      Accept-Encoding:
      - gzip;q=1.0,deflate;q=0.6,identity;q=0.3
      Host:
      - staging2-lcm-prod.intgdc.com
  response:
    status:
      code: 204
      message: No Content
    headers:
      Date:
      - Thu, 11 Aug 2022 11:31:49 GMT
      X-Gdc-Request-Time:
      - '62'
      X-Gdc-Request:
      - ":j-puMCLbjck-2hCYvC-cJw:EtBombNvqW47Ee1BKnNYtQ:crNm83vYlE5WVqjC"
      Cache-Control:
      - no-cache, no-store, must-revalidate
      Vary:
      - origin,X-GDC-VERSION
      Strict-Transport-Security:
      - max-age=15552000; includeSubDomains; preload
    body:
      encoding: UTF-8
      string: ''
    http_version:
  recorded_at: Thu, 11 Aug 2022 11:31:42 GMT
- request:
    method: delete
    uri: https://staging2-lcm-prod.intgdc.com/gdc/projects/efqh4uj0r95jp0dh9qh4exucsu3dklu3/styleSettings
    body:
      encoding: US-ASCII
      string: ''
    headers:
      Accept:
      - application/json, application/zip
      User-Agent:
      - gooddata-gem/2.2.0/java/2.5.0
      Content-Type:
      - application/json
      X-Gdc-Authtt:
      - "<X_GDC_AUTHTT>"
      X-Gdc-Request:
      - ":j-puMCLbjck-2hCYvC-cJw:rAn0_GplF04kCHIZIEQBlA"
      Stats-On:
      - ''
      X-Gdc-Version:
      - '2'
      Accept-Encoding:
      - gzip;q=1.0,deflate;q=0.6,identity;q=0.3
      Host:
      - staging2-lcm-prod.intgdc.com
  response:
    status:
      code: 204
      message: No Content
    headers:
      Date:
      - Thu, 11 Aug 2022 11:31:51 GMT
      X-Gdc-Request-Time:
      - '8'
      X-Gdc-Request:
      - ":j-puMCLbjck-2hCYvC-cJw:rAn0_GplF04kCHIZIEQBlA:T1AFEcRfhojd0NEs"
      Cache-Control:
      - no-cache, no-store, must-revalidate
      Vary:
      - origin,X-GDC-VERSION
      Strict-Transport-Security:
      - max-age=15552000; includeSubDomains; preload
    body:
      encoding: UTF-8
      string: ''
    http_version:
  recorded_at: Thu, 11 Aug 2022 11:31:43 GMT
- request:
    method: get
    uri: https://staging2-lcm-prod.intgdc.com/gdc/projects/efqh4uj0r95jp0dh9qh4exucsu3dklu3/styleSettings
    body:
      encoding: US-ASCII
      string: ''
    headers:
      Accept:
      - application/json, application/zip
      User-Agent:
      - gooddata-gem/2.2.0/java/2.5.0
      Content-Type:
      - application/json
      X-Gdc-Authtt:
      - "<X_GDC_AUTHTT>"
      X-Gdc-Request:
      - ":j-puMCLbjck-2hCYvC-cJw:PAMdKROyA8efql4m-I-Dvg"
      Stats-On:
      - ''
      X-Gdc-Version:
      - '2'
      Accept-Encoding:
      - gzip;q=1.0,deflate;q=0.6,identity;q=0.3
      Host:
      - staging2-lcm-prod.intgdc.com
  response:
    status:
      code: 204
      message: No Content
    headers:
      Date:
      - Thu, 11 Aug 2022 11:31:51 GMT
      X-Gdc-Request-Time:
      - '8'
      X-Gdc-Request:
      - ":j-puMCLbjck-2hCYvC-cJw:PAMdKROyA8efql4m-I-Dvg:Pt88UUzUEVrrNf7G"
      Cache-Control:
      - no-cache, no-store, must-revalidate
      Vary:
      - origin,X-GDC-VERSION
      Strict-Transport-Security:
      - max-age=15552000; includeSubDomains; preload
    body:
      encoding: UTF-8
      string: ''
    http_version:
  recorded_at: Thu, 11 Aug 2022 11:31:44 GMT
recorded_with: VCR 5.0.0
