---
http_interactions:
- request:
    method: get
    uri: https://staging2-lcm-prod.intgdc.com/gdc/md/jkxr5qwqvzd4wleqh24ln9899xgkj1n8/objects/query?category=projectDashboard&limit=50&offset=0
    body:
      encoding: US-ASCII
      string: ''
    headers:
      Accept:
      - application/json, application/zip
      Accept-Encoding:
      - gzip, deflate
      User-Agent:
      - gooddata-gem/2.1.3/x86_64-darwin18/2.4.5
      Content-Type:
      - application/json
      X-Gdc-Authtt:
      - "<X_GDC_AUTHTT>"
      X-Gdc-Request:
      - ":mqq9aj74KN01b_JNGLlprw:yhRwkOUJvFBJuHtQonDDqg"
      Stats-On:
      - ''
      Host:
      - staging2-lcm-prod.intgdc.com
  response:
    status:
      code: 200
      message: OK
    headers:
      Date:
      - Thu, 18 Apr 2019 12:54:18 GMT
      Server:
      - GoodData WebApp
      Keep-Alive:
      - timeout=5, max=100
      X-Gdc-Log-Header:
      - ''
      Cache-Control:
      - no-cache, no-store, must-revalidate
      Content-Type:
      - application/json;charset=UTF-8
      Transfer-Encoding:
      - chunked
      Vary:
      - Accept-Encoding
      - origin
      X-Gdc-Request:
      - ":mqq9aj74KN01b_JNGLlprw:yhRwkOUJvFBJuHtQonDDqg:RqLPdLNMYFx8dxzt"
      X-Gdc-Request-Time:
      - '39'
      Strict-Transport-Security:
      - max-age=10886400; includeSubDomains; preload;
    body:
      encoding: ASCII-8BIT
      string: '{"objects":{"paging":{"count":2,"offset":0},"items":[{"projectDashboard":{"content":{"tabs":[{"identifier":"aab9ZlWqgy9M","title":"Tab
        1","items":[{"reportItem":{"obj":"/gdc/md/jkxr5qwqvzd4wleqh24ln9899xgkj1n8/obj/355","sizeY":100,"sizeX":640,"visualization":{"grid":{"columnWidths":[]},"oneNumber":{"labels":{}}},"style":{"displayTitle":1,"background":{"opacity":0.0}},"positionY":0,"filters":[],"positionX":0}},{"reportItem":{"obj":"/gdc/md/jkxr5qwqvzd4wleqh24ln9899xgkj1n8/obj/353","sizeY":100,"sizeX":640,"visualization":{"grid":{"columnWidths":[]},"oneNumber":{"labels":{}}},"style":{"displayTitle":1,"background":{"opacity":0.0}},"positionY":150,"filters":[],"positionX":0}},{"reportItem":{"obj":"/gdc/md/jkxr5qwqvzd4wleqh24ln9899xgkj1n8/obj/357","sizeY":100,"sizeX":640,"visualization":{"grid":{"columnWidths":[]},"oneNumber":{"labels":{}}},"style":{"displayTitle":1,"background":{"opacity":0.0}},"positionY":0,"filters":[],"positionX":0}}]},{"identifier":"aac9ZlWqgy9M","title":"Tab
        2","items":[{"reportItem":{"obj":"/gdc/md/jkxr5qwqvzd4wleqh24ln9899xgkj1n8/obj/355","sizeY":100,"sizeX":640,"visualization":{"grid":{"columnWidths":[]},"oneNumber":{"labels":{}}},"style":{"displayTitle":1,"background":{"opacity":0.0}},"positionY":0,"filters":[],"positionX":0}},{"reportItem":{"obj":"/gdc/md/jkxr5qwqvzd4wleqh24ln9899xgkj1n8/obj/353","sizeY":100,"sizeX":640,"visualization":{"grid":{"columnWidths":[]},"oneNumber":{"labels":{}}},"style":{"displayTitle":1,"background":{"opacity":0.0}},"positionY":150,"filters":[],"positionX":0}},{"reportItem":{"obj":"/gdc/md/jkxr5qwqvzd4wleqh24ln9899xgkj1n8/obj/357","sizeY":100,"sizeX":640,"visualization":{"grid":{"columnWidths":[]},"oneNumber":{"labels":{}}},"style":{"displayTitle":1,"background":{"opacity":0.0}},"positionY":0,"filters":[],"positionX":0}}]}],"filters":[]},"meta":{"author":"/gdc/account/profile/5ad80b895edcc438e5a4418e222733fa","uri":"/gdc/md/jkxr5qwqvzd4wleqh24ln9899xgkj1n8/obj/358","tags":"dashboard","created":"2019-04-18
        14:40:34","identifier":"dashboard.dashboard.2","deprecated":"0","summary":"","isProduction":1,"title":"Dashboard
        2","category":"projectDashboard","updated":"2019-04-18 14:36:13","contributor":"/gdc/account/profile/5ad80b895edcc438e5a4418e222733fa"}}},{"projectDashboard":{"content":{"tabs":[{"identifier":"aac9ZeDKgyVm","title":"Tab
        1","items":[{"reportItem":{"obj":"/gdc/md/jkxr5qwqvzd4wleqh24ln9899xgkj1n8/obj/355","sizeY":100,"sizeX":640,"visualization":{"grid":{"columnWidths":[]},"oneNumber":{"labels":{}}},"style":{"displayTitle":1,"background":{"opacity":0.0}},"positionY":0,"filters":[],"positionX":0}},{"reportItem":{"obj":"/gdc/md/jkxr5qwqvzd4wleqh24ln9899xgkj1n8/obj/353","sizeY":100,"sizeX":640,"visualization":{"grid":{"columnWidths":[]},"oneNumber":{"labels":{}}},"style":{"displayTitle":1,"background":{"opacity":0.0}},"positionY":150,"filters":[],"positionX":0}},{"reportItem":{"obj":"/gdc/md/jkxr5qwqvzd4wleqh24ln9899xgkj1n8/obj/357","sizeY":100,"sizeX":640,"visualization":{"grid":{"columnWidths":[]},"oneNumber":{"labels":{}}},"style":{"displayTitle":1,"background":{"opacity":0.0}},"positionY":0,"filters":[],"positionX":0}}]},{"identifier":"aad9ZeDKgyVm","title":"Tab
        2","items":[{"reportItem":{"obj":"/gdc/md/jkxr5qwqvzd4wleqh24ln9899xgkj1n8/obj/355","sizeY":100,"sizeX":640,"visualization":{"grid":{"columnWidths":[]},"oneNumber":{"labels":{}}},"style":{"displayTitle":1,"background":{"opacity":0.0}},"positionY":0,"filters":[],"positionX":0}},{"reportItem":{"obj":"/gdc/md/jkxr5qwqvzd4wleqh24ln9899xgkj1n8/obj/353","sizeY":100,"sizeX":640,"visualization":{"grid":{"columnWidths":[]},"oneNumber":{"labels":{}}},"style":{"displayTitle":1,"background":{"opacity":0.0}},"positionY":150,"filters":[],"positionX":0}},{"reportItem":{"obj":"/gdc/md/jkxr5qwqvzd4wleqh24ln9899xgkj1n8/obj/357","sizeY":100,"sizeX":640,"visualization":{"grid":{"columnWidths":[]},"oneNumber":{"labels":{}}},"style":{"displayTitle":1,"background":{"opacity":0.0}},"positionY":0,"filters":[],"positionX":0}}]}],"filters":[]},"meta":{"author":"/gdc/account/profile/5ad80b895edcc438e5a4418e222733fa","uri":"/gdc/md/jkxr5qwqvzd4wleqh24ln9899xgkj1n8/obj/359","tags":"dashboard","created":"2019-04-18
        14:40:34","identifier":"dashboard.dashboard.1","deprecated":"0","summary":"","isProduction":1,"title":"Dashboard
        1","category":"projectDashboard","updated":"2019-04-18 14:36:03","contributor":"/gdc/account/profile/5ad80b895edcc438e5a4418e222733fa"}}}]}}'
    http_version: 
  recorded_at: Thu, 18 Apr 2019 12:54:18 GMT
- request:
    method: get
    uri: https://staging2-lcm-prod.intgdc.com/gdc/md/jkxr5qwqvzd4wleqh24ln9899xgkj1n8/obj/355
    body:
      encoding: US-ASCII
      string: ''
    headers:
      Accept:
      - application/json, application/zip
      Accept-Encoding:
      - gzip, deflate
      User-Agent:
      - gooddata-gem/2.1.3/x86_64-darwin18/2.4.5
      Content-Type:
      - application/json
      X-Gdc-Authtt:
      - "<X_GDC_AUTHTT>"
      X-Gdc-Request:
      - ":mqq9aj74KN01b_JNGLlprw:6a4fus6o64dmyL_dzu_RXA"
      Stats-On:
      - ''
      Host:
      - staging2-lcm-prod.intgdc.com
  response:
    status:
      code: 200
      message: OK
    headers:
      Date:
      - Thu, 18 Apr 2019 12:54:19 GMT
      Server:
      - GoodData WebApp
      Keep-Alive:
      - timeout=5, max=100
      X-Gdc-Log-Header:
      - ''
      Cache-Control:
      - no-cache, no-store, must-revalidate
      Content-Type:
      - application/json;charset=UTF-8
      X-Gdc-Request:
      - ":mqq9aj74KN01b_JNGLlprw:6a4fus6o64dmyL_dzu_RXA:qnXgq6gagQ4ZKfSL"
      Vary:
      - origin
      X-Gdc-Request-Time:
      - '28'
      Transfer-Encoding:
      - chunked
      Strict-Transport-Security:
      - max-age=10886400; includeSubDomains; preload;
    body:
      encoding: ASCII-8BIT
      string: '{"report":{"content":{"domains":[],"definitions":["/gdc/md/jkxr5qwqvzd4wleqh24ln9899xgkj1n8/obj/354"]},"meta":{"author":"/gdc/account/profile/5ad80b895edcc438e5a4418e222733fa","uri":"/gdc/md/jkxr5qwqvzd4wleqh24ln9899xgkj1n8/obj/355","tags":"","created":"2019-04-18
        14:40:34","identifier":"report.customers.count.by.gender","deprecated":"0","summary":"","isProduction":1,"title":"Customers
        Count By Gender","category":"report","updated":"2019-04-18 14:35:08","contributor":"/gdc/account/profile/5ad80b895edcc438e5a4418e222733fa"}}}'
    http_version: 
  recorded_at: Thu, 18 Apr 2019 12:54:19 GMT
- request:
    method: get
    uri: https://staging2-lcm-prod.intgdc.com/gdc/md/jkxr5qwqvzd4wleqh24ln9899xgkj1n8/obj/353
    body:
      encoding: US-ASCII
      string: ''
    headers:
      Accept:
      - application/json, application/zip
      Accept-Encoding:
      - gzip, deflate
      User-Agent:
      - gooddata-gem/2.1.3/x86_64-darwin18/2.4.5
      Content-Type:
      - application/json
      X-Gdc-Authtt:
      - "<X_GDC_AUTHTT>"
      X-Gdc-Request:
      - ":mqq9aj74KN01b_JNGLlprw:KHNy2reCrbprV0dHXdNElg"
      Stats-On:
      - ''
      Host:
      - staging2-lcm-prod.intgdc.com
  response:
    status:
      code: 200
      message: OK
    headers:
      Date:
      - Thu, 18 Apr 2019 12:54:20 GMT
      Server:
      - GoodData WebApp
      Keep-Alive:
      - timeout=5, max=100
      X-Gdc-Log-Header:
      - ''
      Cache-Control:
      - no-cache, no-store, must-revalidate
      Content-Type:
      - application/json;charset=UTF-8
      X-Gdc-Request:
      - ":mqq9aj74KN01b_JNGLlprw:KHNy2reCrbprV0dHXdNElg:cYrhf9OEDRHjsqQ2"
      Vary:
      - origin
      X-Gdc-Request-Time:
      - '30'
      Transfer-Encoding:
      - chunked
      Strict-Transport-Security:
      - max-age=10886400; includeSubDomains; preload;
    body:
      encoding: ASCII-8BIT
      string: '{"report":{"content":{"domains":[],"definitions":["/gdc/md/jkxr5qwqvzd4wleqh24ln9899xgkj1n8/obj/352"]},"meta":{"author":"/gdc/account/profile/5ad80b895edcc438e5a4418e222733fa","uri":"/gdc/md/jkxr5qwqvzd4wleqh24ln9899xgkj1n8/obj/353","tags":"","created":"2019-04-18
        14:40:34","identifier":"report.customers.count.by.state","deprecated":"0","summary":"","isProduction":1,"title":"Customers
        Count By State","category":"report","updated":"2019-04-18 14:35:14","contributor":"/gdc/account/profile/5ad80b895edcc438e5a4418e222733fa"}}}'
    http_version: 
  recorded_at: Thu, 18 Apr 2019 12:54:20 GMT
- request:
    method: get
    uri: https://staging2-lcm-prod.intgdc.com/gdc/md/jkxr5qwqvzd4wleqh24ln9899xgkj1n8/obj/357
    body:
      encoding: US-ASCII
      string: ''
    headers:
      Accept:
      - application/json, application/zip
      Accept-Encoding:
      - gzip, deflate
      User-Agent:
      - gooddata-gem/2.1.3/x86_64-darwin18/2.4.5
      Content-Type:
      - application/json
      X-Gdc-Authtt:
      - "<X_GDC_AUTHTT>"
      X-Gdc-Request:
      - ":mqq9aj74KN01b_JNGLlprw:-A6726Et-mv6S6ca0oAzjg"
      Stats-On:
      - ''
      Host:
      - staging2-lcm-prod.intgdc.com
  response:
    status:
      code: 200
      message: OK
    headers:
      Date:
      - Thu, 18 Apr 2019 12:54:20 GMT
      Server:
      - GoodData WebApp
      Keep-Alive:
      - timeout=5, max=100
      X-Gdc-Log-Header:
      - ''
      Cache-Control:
      - no-cache, no-store, must-revalidate
      Content-Type:
      - application/json;charset=UTF-8
      X-Gdc-Request:
      - ":mqq9aj74KN01b_JNGLlprw:-A6726Et-mv6S6ca0oAzjg:VR8si48IIz67hNaR"
      Vary:
      - origin
      X-Gdc-Request-Time:
      - '27'
      Transfer-Encoding:
      - chunked
      Strict-Transport-Security:
      - max-age=10886400; includeSubDomains; preload;
    body:
      encoding: ASCII-8BIT
      string: '{"report":{"content":{"domains":[],"definitions":["/gdc/md/jkxr5qwqvzd4wleqh24ln9899xgkj1n8/obj/356"]},"meta":{"author":"/gdc/account/profile/5ad80b895edcc438e5a4418e222733fa","uri":"/gdc/md/jkxr5qwqvzd4wleqh24ln9899xgkj1n8/obj/357","tags":"","created":"2019-04-18
        14:40:34","identifier":"report.report.contains.ca","deprecated":"0","summary":"","isProduction":1,"title":"Report
        contains CA","category":"report","updated":"2019-04-18 14:35:45","contributor":"/gdc/account/profile/5ad80b895edcc438e5a4418e222733fa"}}}'
    http_version: 
  recorded_at: Thu, 18 Apr 2019 12:54:20 GMT
- request:
    method: get
    uri: https://staging2-lcm-prod.intgdc.com/gdc/md/jkxr5qwqvzd4wleqh24ln9899xgkj1n8/obj/355
    body:
      encoding: US-ASCII
      string: ''
    headers:
      Accept:
      - application/json, application/zip
      Accept-Encoding:
      - gzip, deflate
      User-Agent:
      - gooddata-gem/2.1.3/x86_64-darwin18/2.4.5
      Content-Type:
      - application/json
      X-Gdc-Authtt:
      - "<X_GDC_AUTHTT>"
      X-Gdc-Request:
      - ":mqq9aj74KN01b_JNGLlprw:kWSp87kRz8koOIyRUw4E-w"
      Stats-On:
      - ''
      Host:
      - staging2-lcm-prod.intgdc.com
  response:
    status:
      code: 200
      message: OK
    headers:
      Date:
      - Thu, 18 Apr 2019 12:54:21 GMT
      Server:
      - GoodData WebApp
      Keep-Alive:
      - timeout=5, max=100
      X-Gdc-Log-Header:
      - ''
      Cache-Control:
      - no-cache, no-store, must-revalidate
      Content-Type:
      - application/json;charset=UTF-8
      X-Gdc-Request:
      - ":mqq9aj74KN01b_JNGLlprw:kWSp87kRz8koOIyRUw4E-w:kkKJvPzXj82U2p7t"
      Vary:
      - origin
      X-Gdc-Request-Time:
      - '31'
      Transfer-Encoding:
      - chunked
      Strict-Transport-Security:
      - max-age=10886400; includeSubDomains; preload;
    body:
      encoding: ASCII-8BIT
      string: '{"report":{"content":{"domains":[],"definitions":["/gdc/md/jkxr5qwqvzd4wleqh24ln9899xgkj1n8/obj/354"]},"meta":{"author":"/gdc/account/profile/5ad80b895edcc438e5a4418e222733fa","uri":"/gdc/md/jkxr5qwqvzd4wleqh24ln9899xgkj1n8/obj/355","tags":"","created":"2019-04-18
        14:40:34","identifier":"report.customers.count.by.gender","deprecated":"0","summary":"","isProduction":1,"title":"Customers
        Count By Gender","category":"report","updated":"2019-04-18 14:35:08","contributor":"/gdc/account/profile/5ad80b895edcc438e5a4418e222733fa"}}}'
    http_version: 
  recorded_at: Thu, 18 Apr 2019 12:54:21 GMT
- request:
    method: get
    uri: https://staging2-lcm-prod.intgdc.com/gdc/md/jkxr5qwqvzd4wleqh24ln9899xgkj1n8/obj/353
    body:
      encoding: US-ASCII
      string: ''
    headers:
      Accept:
      - application/json, application/zip
      Accept-Encoding:
      - gzip, deflate
      User-Agent:
      - gooddata-gem/2.1.3/x86_64-darwin18/2.4.5
      Content-Type:
      - application/json
      X-Gdc-Authtt:
      - "<X_GDC_AUTHTT>"
      X-Gdc-Request:
      - ":mqq9aj74KN01b_JNGLlprw:3tVovx-BRdbZ22e0J4n_tw"
      Stats-On:
      - ''
      Host:
      - staging2-lcm-prod.intgdc.com
  response:
    status:
      code: 200
      message: OK
    headers:
      Date:
      - Thu, 18 Apr 2019 12:54:22 GMT
      Server:
      - GoodData WebApp
      Keep-Alive:
      - timeout=5, max=100
      X-Gdc-Log-Header:
      - ''
      Cache-Control:
      - no-cache, no-store, must-revalidate
      Content-Type:
      - application/json;charset=UTF-8
      X-Gdc-Request:
      - ":mqq9aj74KN01b_JNGLlprw:3tVovx-BRdbZ22e0J4n_tw:T9bUxTrHawPlDImD"
      Vary:
      - origin
      X-Gdc-Request-Time:
      - '28'
      Transfer-Encoding:
      - chunked
      Strict-Transport-Security:
      - max-age=10886400; includeSubDomains; preload;
    body:
      encoding: ASCII-8BIT
      string: '{"report":{"content":{"domains":[],"definitions":["/gdc/md/jkxr5qwqvzd4wleqh24ln9899xgkj1n8/obj/352"]},"meta":{"author":"/gdc/account/profile/5ad80b895edcc438e5a4418e222733fa","uri":"/gdc/md/jkxr5qwqvzd4wleqh24ln9899xgkj1n8/obj/353","tags":"","created":"2019-04-18
        14:40:34","identifier":"report.customers.count.by.state","deprecated":"0","summary":"","isProduction":1,"title":"Customers
        Count By State","category":"report","updated":"2019-04-18 14:35:14","contributor":"/gdc/account/profile/5ad80b895edcc438e5a4418e222733fa"}}}'
    http_version: 
  recorded_at: Thu, 18 Apr 2019 12:54:22 GMT
- request:
    method: get
    uri: https://staging2-lcm-prod.intgdc.com/gdc/md/jkxr5qwqvzd4wleqh24ln9899xgkj1n8/obj/357
    body:
      encoding: US-ASCII
      string: ''
    headers:
      Accept:
      - application/json, application/zip
      Accept-Encoding:
      - gzip, deflate
      User-Agent:
      - gooddata-gem/2.1.3/x86_64-darwin18/2.4.5
      Content-Type:
      - application/json
      X-Gdc-Authtt:
      - "<X_GDC_AUTHTT>"
      X-Gdc-Request:
      - ":mqq9aj74KN01b_JNGLlprw:hNKW07g-4eThhSqD9CYPKA"
      Stats-On:
      - ''
      Host:
      - staging2-lcm-prod.intgdc.com
  response:
    status:
      code: 200
      message: OK
    headers:
      Date:
      - Thu, 18 Apr 2019 12:54:22 GMT
      Server:
      - GoodData WebApp
      Keep-Alive:
      - timeout=5, max=100
      X-Gdc-Log-Header:
      - ''
      Cache-Control:
      - no-cache, no-store, must-revalidate
      Content-Type:
      - application/json;charset=UTF-8
      X-Gdc-Request:
      - ":mqq9aj74KN01b_JNGLlprw:hNKW07g-4eThhSqD9CYPKA:JRP5uDNqc0UwR9Sn"
      Vary:
      - origin
      X-Gdc-Request-Time:
      - '30'
      Transfer-Encoding:
      - chunked
      Strict-Transport-Security:
      - max-age=10886400; includeSubDomains; preload;
    body:
      encoding: ASCII-8BIT
      string: '{"report":{"content":{"domains":[],"definitions":["/gdc/md/jkxr5qwqvzd4wleqh24ln9899xgkj1n8/obj/356"]},"meta":{"author":"/gdc/account/profile/5ad80b895edcc438e5a4418e222733fa","uri":"/gdc/md/jkxr5qwqvzd4wleqh24ln9899xgkj1n8/obj/357","tags":"","created":"2019-04-18
        14:40:34","identifier":"report.report.contains.ca","deprecated":"0","summary":"","isProduction":1,"title":"Report
        contains CA","category":"report","updated":"2019-04-18 14:35:45","contributor":"/gdc/account/profile/5ad80b895edcc438e5a4418e222733fa"}}}'
    http_version: 
  recorded_at: Thu, 18 Apr 2019 12:54:22 GMT
- request:
    method: get
    uri: https://staging2-lcm-prod.intgdc.com/gdc/md/jkxr5qwqvzd4wleqh24ln9899xgkj1n8/obj/355
    body:
      encoding: US-ASCII
      string: ''
    headers:
      Accept:
      - application/json, application/zip
      Accept-Encoding:
      - gzip, deflate
      User-Agent:
      - gooddata-gem/2.1.3/x86_64-darwin18/2.4.5
      Content-Type:
      - application/json
      X-Gdc-Authtt:
      - "<X_GDC_AUTHTT>"
      X-Gdc-Request:
      - ":mqq9aj74KN01b_JNGLlprw:z_uP0x8H8DARtGa2NysRlw"
      Stats-On:
      - ''
      Host:
      - staging2-lcm-prod.intgdc.com
  response:
    status:
      code: 200
      message: OK
    headers:
      Date:
      - Thu, 18 Apr 2019 12:54:23 GMT
      Server:
      - GoodData WebApp
      Keep-Alive:
      - timeout=5, max=100
      X-Gdc-Log-Header:
      - ''
      Cache-Control:
      - no-cache, no-store, must-revalidate
      Content-Type:
      - application/json;charset=UTF-8
      X-Gdc-Request:
      - ":mqq9aj74KN01b_JNGLlprw:z_uP0x8H8DARtGa2NysRlw:NyQyHbzJGtEySm8e"
      Vary:
      - origin
      X-Gdc-Request-Time:
      - '105'
      Transfer-Encoding:
      - chunked
      Strict-Transport-Security:
      - max-age=10886400; includeSubDomains; preload;
    body:
      encoding: ASCII-8BIT
      string: '{"report":{"content":{"domains":[],"definitions":["/gdc/md/jkxr5qwqvzd4wleqh24ln9899xgkj1n8/obj/354"]},"meta":{"author":"/gdc/account/profile/5ad80b895edcc438e5a4418e222733fa","uri":"/gdc/md/jkxr5qwqvzd4wleqh24ln9899xgkj1n8/obj/355","tags":"","created":"2019-04-18
        14:40:34","identifier":"report.customers.count.by.gender","deprecated":"0","summary":"","isProduction":1,"title":"Customers
        Count By Gender","category":"report","updated":"2019-04-18 14:35:08","contributor":"/gdc/account/profile/5ad80b895edcc438e5a4418e222733fa"}}}'
    http_version: 
  recorded_at: Thu, 18 Apr 2019 12:54:23 GMT
- request:
    method: get
    uri: https://staging2-lcm-prod.intgdc.com/gdc/md/jkxr5qwqvzd4wleqh24ln9899xgkj1n8/obj/353
    body:
      encoding: US-ASCII
      string: ''
    headers:
      Accept:
      - application/json, application/zip
      Accept-Encoding:
      - gzip, deflate
      User-Agent:
      - gooddata-gem/2.1.3/x86_64-darwin18/2.4.5
      Content-Type:
      - application/json
      X-Gdc-Authtt:
      - "<X_GDC_AUTHTT>"
      X-Gdc-Request:
      - ":mqq9aj74KN01b_JNGLlprw:dBOEszsPj3FJfTQtwL-LvA"
      Stats-On:
      - ''
      Host:
      - staging2-lcm-prod.intgdc.com
  response:
    status:
      code: 200
      message: OK
    headers:
      Date:
      - Thu, 18 Apr 2019 12:54:24 GMT
      Server:
      - GoodData WebApp
      Keep-Alive:
      - timeout=5, max=100
      X-Gdc-Log-Header:
      - ''
      Cache-Control:
      - no-cache, no-store, must-revalidate
      Content-Type:
      - application/json;charset=UTF-8
      X-Gdc-Request:
      - ":mqq9aj74KN01b_JNGLlprw:dBOEszsPj3FJfTQtwL-LvA:uMNw5dNSrGTAjy6W"
      Vary:
      - origin
      X-Gdc-Request-Time:
      - '30'
      Transfer-Encoding:
      - chunked
      Strict-Transport-Security:
      - max-age=10886400; includeSubDomains; preload;
    body:
      encoding: ASCII-8BIT
      string: '{"report":{"content":{"domains":[],"definitions":["/gdc/md/jkxr5qwqvzd4wleqh24ln9899xgkj1n8/obj/352"]},"meta":{"author":"/gdc/account/profile/5ad80b895edcc438e5a4418e222733fa","uri":"/gdc/md/jkxr5qwqvzd4wleqh24ln9899xgkj1n8/obj/353","tags":"","created":"2019-04-18
        14:40:34","identifier":"report.customers.count.by.state","deprecated":"0","summary":"","isProduction":1,"title":"Customers
        Count By State","category":"report","updated":"2019-04-18 14:35:14","contributor":"/gdc/account/profile/5ad80b895edcc438e5a4418e222733fa"}}}'
    http_version: 
  recorded_at: Thu, 18 Apr 2019 12:54:24 GMT
- request:
    method: get
    uri: https://staging2-lcm-prod.intgdc.com/gdc/md/jkxr5qwqvzd4wleqh24ln9899xgkj1n8/obj/357
    body:
      encoding: US-ASCII
      string: ''
    headers:
      Accept:
      - application/json, application/zip
      Accept-Encoding:
      - gzip, deflate
      User-Agent:
      - gooddata-gem/2.1.3/x86_64-darwin18/2.4.5
      Content-Type:
      - application/json
      X-Gdc-Authtt:
      - "<X_GDC_AUTHTT>"
      X-Gdc-Request:
      - ":mqq9aj74KN01b_JNGLlprw:VI_gdVTxscTzaULaxPqykw"
      Stats-On:
      - ''
      Host:
      - staging2-lcm-prod.intgdc.com
  response:
    status:
      code: 200
      message: OK
    headers:
      Date:
      - Thu, 18 Apr 2019 12:54:24 GMT
      Server:
      - GoodData WebApp
      Keep-Alive:
      - timeout=5, max=100
      X-Gdc-Log-Header:
      - ''
      Cache-Control:
      - no-cache, no-store, must-revalidate
      Content-Type:
      - application/json;charset=UTF-8
      X-Gdc-Request:
      - ":mqq9aj74KN01b_JNGLlprw:VI_gdVTxscTzaULaxPqykw:HcgSxCamU96IGbUz"
      Vary:
      - origin
      X-Gdc-Request-Time:
      - '28'
      Transfer-Encoding:
      - chunked
      Strict-Transport-Security:
      - max-age=10886400; includeSubDomains; preload;
    body:
      encoding: ASCII-8BIT
      string: '{"report":{"content":{"domains":[],"definitions":["/gdc/md/jkxr5qwqvzd4wleqh24ln9899xgkj1n8/obj/356"]},"meta":{"author":"/gdc/account/profile/5ad80b895edcc438e5a4418e222733fa","uri":"/gdc/md/jkxr5qwqvzd4wleqh24ln9899xgkj1n8/obj/357","tags":"","created":"2019-04-18
        14:40:34","identifier":"report.report.contains.ca","deprecated":"0","summary":"","isProduction":1,"title":"Report
        contains CA","category":"report","updated":"2019-04-18 14:35:45","contributor":"/gdc/account/profile/5ad80b895edcc438e5a4418e222733fa"}}}'
    http_version: 
  recorded_at: Thu, 18 Apr 2019 12:54:24 GMT
- request:
    method: get
    uri: https://staging2-lcm-prod.intgdc.com/gdc/md/jkxr5qwqvzd4wleqh24ln9899xgkj1n8/obj/355
    body:
      encoding: US-ASCII
      string: ''
    headers:
      Accept:
      - application/json, application/zip
      Accept-Encoding:
      - gzip, deflate
      User-Agent:
      - gooddata-gem/2.1.3/x86_64-darwin18/2.4.5
      Content-Type:
      - application/json
      X-Gdc-Authtt:
      - "<X_GDC_AUTHTT>"
      X-Gdc-Request:
      - ":mqq9aj74KN01b_JNGLlprw:on0qxQ_FApagVEk58p2IrA"
      Stats-On:
      - ''
      Host:
      - staging2-lcm-prod.intgdc.com
  response:
    status:
      code: 200
      message: OK
    headers:
      Date:
      - Thu, 18 Apr 2019 12:54:25 GMT
      Server:
      - GoodData WebApp
      Keep-Alive:
      - timeout=5, max=100
      X-Gdc-Log-Header:
      - ''
      Cache-Control:
      - no-cache, no-store, must-revalidate
      Content-Type:
      - application/json;charset=UTF-8
      X-Gdc-Request:
      - ":mqq9aj74KN01b_JNGLlprw:on0qxQ_FApagVEk58p2IrA:tCYdNV3AlfJep7pi"
      Vary:
      - origin
      X-Gdc-Request-Time:
      - '28'
      Transfer-Encoding:
      - chunked
      Strict-Transport-Security:
      - max-age=10886400; includeSubDomains; preload;
    body:
      encoding: ASCII-8BIT
      string: '{"report":{"content":{"domains":[],"definitions":["/gdc/md/jkxr5qwqvzd4wleqh24ln9899xgkj1n8/obj/354"]},"meta":{"author":"/gdc/account/profile/5ad80b895edcc438e5a4418e222733fa","uri":"/gdc/md/jkxr5qwqvzd4wleqh24ln9899xgkj1n8/obj/355","tags":"","created":"2019-04-18
        14:40:34","identifier":"report.customers.count.by.gender","deprecated":"0","summary":"","isProduction":1,"title":"Customers
        Count By Gender","category":"report","updated":"2019-04-18 14:35:08","contributor":"/gdc/account/profile/5ad80b895edcc438e5a4418e222733fa"}}}'
    http_version: 
  recorded_at: Thu, 18 Apr 2019 12:54:25 GMT
- request:
    method: get
    uri: https://staging2-lcm-prod.intgdc.com/gdc/md/jkxr5qwqvzd4wleqh24ln9899xgkj1n8/obj/353
    body:
      encoding: US-ASCII
      string: ''
    headers:
      Accept:
      - application/json, application/zip
      Accept-Encoding:
      - gzip, deflate
      User-Agent:
      - gooddata-gem/2.1.3/x86_64-darwin18/2.4.5
      Content-Type:
      - application/json
      X-Gdc-Authtt:
      - "<X_GDC_AUTHTT>"
      X-Gdc-Request:
      - ":mqq9aj74KN01b_JNGLlprw:w5xsvk_3Uiq2lz0TT4pdpQ"
      Stats-On:
      - ''
      Host:
      - staging2-lcm-prod.intgdc.com
  response:
    status:
      code: 200
      message: OK
    headers:
      Date:
      - Thu, 18 Apr 2019 12:54:26 GMT
      Server:
      - GoodData WebApp
      Keep-Alive:
      - timeout=5, max=100
      X-Gdc-Log-Header:
      - ''
      Cache-Control:
      - no-cache, no-store, must-revalidate
      Content-Type:
      - application/json;charset=UTF-8
      X-Gdc-Request:
      - ":mqq9aj74KN01b_JNGLlprw:w5xsvk_3Uiq2lz0TT4pdpQ:dnEkAuta6dHSfRy6"
      Vary:
      - origin
      X-Gdc-Request-Time:
      - '29'
      Transfer-Encoding:
      - chunked
      Strict-Transport-Security:
      - max-age=10886400; includeSubDomains; preload;
    body:
      encoding: ASCII-8BIT
      string: '{"report":{"content":{"domains":[],"definitions":["/gdc/md/jkxr5qwqvzd4wleqh24ln9899xgkj1n8/obj/352"]},"meta":{"author":"/gdc/account/profile/5ad80b895edcc438e5a4418e222733fa","uri":"/gdc/md/jkxr5qwqvzd4wleqh24ln9899xgkj1n8/obj/353","tags":"","created":"2019-04-18
        14:40:34","identifier":"report.customers.count.by.state","deprecated":"0","summary":"","isProduction":1,"title":"Customers
        Count By State","category":"report","updated":"2019-04-18 14:35:14","contributor":"/gdc/account/profile/5ad80b895edcc438e5a4418e222733fa"}}}'
    http_version: 
  recorded_at: Thu, 18 Apr 2019 12:54:26 GMT
- request:
    method: get
    uri: https://staging2-lcm-prod.intgdc.com/gdc/md/jkxr5qwqvzd4wleqh24ln9899xgkj1n8/obj/357
    body:
      encoding: US-ASCII
      string: ''
    headers:
      Accept:
      - application/json, application/zip
      Accept-Encoding:
      - gzip, deflate
      User-Agent:
      - gooddata-gem/2.1.3/x86_64-darwin18/2.4.5
      Content-Type:
      - application/json
      X-Gdc-Authtt:
      - "<X_GDC_AUTHTT>"
      X-Gdc-Request:
      - ":mqq9aj74KN01b_JNGLlprw:ni-2GKxeH_grMhsRAqVHnQ"
      Stats-On:
      - ''
      Host:
      - staging2-lcm-prod.intgdc.com
  response:
    status:
      code: 200
      message: OK
    headers:
      Date:
      - Thu, 18 Apr 2019 12:54:26 GMT
      Server:
      - GoodData WebApp
      Keep-Alive:
      - timeout=5, max=99
      X-Gdc-Log-Header:
      - ''
      Cache-Control:
      - no-cache, no-store, must-revalidate
      Content-Type:
      - application/json;charset=UTF-8
      X-Gdc-Request:
      - ":mqq9aj74KN01b_JNGLlprw:ni-2GKxeH_grMhsRAqVHnQ:6ife78bTWE8zUqzo"
      Vary:
      - origin
      X-Gdc-Request-Time:
      - '32'
      Transfer-Encoding:
      - chunked
      Strict-Transport-Security:
      - max-age=10886400; includeSubDomains; preload;
    body:
      encoding: ASCII-8BIT
      string: '{"report":{"content":{"domains":[],"definitions":["/gdc/md/jkxr5qwqvzd4wleqh24ln9899xgkj1n8/obj/356"]},"meta":{"author":"/gdc/account/profile/5ad80b895edcc438e5a4418e222733fa","uri":"/gdc/md/jkxr5qwqvzd4wleqh24ln9899xgkj1n8/obj/357","tags":"","created":"2019-04-18
        14:40:34","identifier":"report.report.contains.ca","deprecated":"0","summary":"","isProduction":1,"title":"Report
        contains CA","category":"report","updated":"2019-04-18 14:35:45","contributor":"/gdc/account/profile/5ad80b895edcc438e5a4418e222733fa"}}}'
    http_version: 
  recorded_at: Thu, 18 Apr 2019 12:54:26 GMT
- request:
    method: get
    uri: https://staging2-lcm-prod.intgdc.com/gdc/md/c6vxre8nhydx2z6t9716ssfsh19hm3im/objects/query?category=report&limit=50&offset=0
    body:
      encoding: US-ASCII
      string: ''
    headers:
      Accept:
      - application/json, application/zip
      Accept-Encoding:
      - gzip, deflate
      User-Agent:
      - gooddata-gem/2.1.3/x86_64-darwin18/2.4.5
      Content-Type:
      - application/json
      X-Gdc-Authtt:
      - "<X_GDC_AUTHTT>"
      X-Gdc-Request:
      - ":mqq9aj74KN01b_JNGLlprw:PSgoKNcpiIz7Y6uz7AZDdQ"
      Stats-On:
      - ''
      Host:
      - staging2-lcm-prod.intgdc.com
  response:
    status:
      code: 200
      message: OK
    headers:
      Date:
      - Thu, 18 Apr 2019 12:54:27 GMT
      Server:
      - GoodData WebApp
      Keep-Alive:
      - timeout=5, max=100
      X-Gdc-Log-Header:
      - ''
      Cache-Control:
      - no-cache, no-store, must-revalidate
      Content-Type:
      - application/json;charset=UTF-8
      Transfer-Encoding:
      - chunked
      Vary:
      - Accept-Encoding
      - origin
      X-Gdc-Request:
      - ":mqq9aj74KN01b_JNGLlprw:PSgoKNcpiIz7Y6uz7AZDdQ:VNvICXWzWkdxSbhR"
      X-Gdc-Request-Time:
      - '45'
      Strict-Transport-Security:
      - max-age=10886400; includeSubDomains; preload;
    body:
      encoding: ASCII-8BIT
      string: '{"objects":{"paging":{"count":3,"offset":0},"items":[{"report":{"content":{"domains":[],"definitions":["/gdc/md/c6vxre8nhydx2z6t9716ssfsh19hm3im/obj/352"]},"meta":{"locked":1,"author":"/gdc/account/profile/5ad80b895edcc438e5a4418e222733fa","uri":"/gdc/md/c6vxre8nhydx2z6t9716ssfsh19hm3im/obj/353","tags":"_lcm_managed_object","created":"2019-04-18
        14:40:34","identifier":"report.customers.count.by.state","deprecated":"0","summary":"","isProduction":1,"title":"Customers
        Count By State","category":"report","updated":"2019-04-18 14:52:17","contributor":"/gdc/account/profile/5ad80b895edcc438e5a4418e222733fa"}}},{"report":{"content":{"domains":[],"definitions":["/gdc/md/c6vxre8nhydx2z6t9716ssfsh19hm3im/obj/354"]},"meta":{"locked":1,"author":"/gdc/account/profile/5ad80b895edcc438e5a4418e222733fa","uri":"/gdc/md/c6vxre8nhydx2z6t9716ssfsh19hm3im/obj/355","tags":"_lcm_managed_object","created":"2019-04-18
        14:40:34","identifier":"report.customers.count.by.gender","deprecated":"0","summary":"","isProduction":1,"title":"Customers
        Count By Gender","category":"report","updated":"2019-04-18 14:52:17","contributor":"/gdc/account/profile/5ad80b895edcc438e5a4418e222733fa"}}},{"report":{"content":{"domains":[],"definitions":["/gdc/md/c6vxre8nhydx2z6t9716ssfsh19hm3im/obj/356"]},"meta":{"locked":1,"author":"/gdc/account/profile/5ad80b895edcc438e5a4418e222733fa","uri":"/gdc/md/c6vxre8nhydx2z6t9716ssfsh19hm3im/obj/357","tags":"_lcm_managed_object","created":"2019-04-18
        14:40:34","identifier":"report.report.contains.ca","deprecated":"0","summary":"","isProduction":1,"title":"Report
        contains CA","category":"report","updated":"2019-04-18 14:52:17","contributor":"/gdc/account/profile/5ad80b895edcc438e5a4418e222733fa"}}}]}}'
    http_version: 
  recorded_at: Thu, 18 Apr 2019 12:54:27 GMT
- request:
    method: get
    uri: https://staging2-lcm-prod.intgdc.com/gdc/md/ifu9pf5wu697rww6y7zld524mvkm7zy4/objects/query?category=report&limit=50&offset=0
    body:
      encoding: US-ASCII
      string: ''
    headers:
      Accept:
      - application/json, application/zip
      Accept-Encoding:
      - gzip, deflate
      User-Agent:
      - gooddata-gem/2.1.3/x86_64-darwin18/2.4.5
      Content-Type:
      - application/json
      X-Gdc-Authtt:
      - "<X_GDC_AUTHTT>"
      X-Gdc-Request:
      - ":mqq9aj74KN01b_JNGLlprw:B9Zr0-9nBKmZi2CwbnDzvg"
      Stats-On:
      - ''
      Host:
      - staging2-lcm-prod.intgdc.com
  response:
    status:
      code: 200
      message: OK
    headers:
      Date:
      - Thu, 18 Apr 2019 12:54:28 GMT
      Server:
      - GoodData WebApp
      Keep-Alive:
      - timeout=5, max=99
      X-Gdc-Log-Header:
      - ''
      Cache-Control:
      - no-cache, no-store, must-revalidate
      Content-Type:
      - application/json;charset=UTF-8
      Transfer-Encoding:
      - chunked
      Vary:
      - Accept-Encoding
      - origin
      X-Gdc-Request:
      - ":mqq9aj74KN01b_JNGLlprw:B9Zr0-9nBKmZi2CwbnDzvg:CJaCIwx4dLXpEGzI"
      X-Gdc-Request-Time:
      - '52'
      Strict-Transport-Security:
      - max-age=10886400; includeSubDomains; preload;
    body:
      encoding: ASCII-8BIT
      string: '{"objects":{"paging":{"count":3,"offset":0},"items":[{"report":{"content":{"domains":[],"definitions":["/gdc/md/ifu9pf5wu697rww6y7zld524mvkm7zy4/obj/352"]},"meta":{"locked":1,"author":"/gdc/account/profile/5ad80b895edcc438e5a4418e222733fa","uri":"/gdc/md/ifu9pf5wu697rww6y7zld524mvkm7zy4/obj/353","tags":"_lcm_managed_object","created":"2019-04-18
        14:40:34","identifier":"report.customers.count.by.state","deprecated":"0","summary":"","isProduction":1,"title":"Customers
        Count By State","category":"report","updated":"2019-04-18 14:52:17","contributor":"/gdc/account/profile/5ad80b895edcc438e5a4418e222733fa"}}},{"report":{"content":{"domains":[],"definitions":["/gdc/md/ifu9pf5wu697rww6y7zld524mvkm7zy4/obj/354"]},"meta":{"locked":1,"author":"/gdc/account/profile/5ad80b895edcc438e5a4418e222733fa","uri":"/gdc/md/ifu9pf5wu697rww6y7zld524mvkm7zy4/obj/355","tags":"_lcm_managed_object","created":"2019-04-18
        14:40:34","identifier":"report.customers.count.by.gender","deprecated":"0","summary":"","isProduction":1,"title":"Customers
        Count By Gender","category":"report","updated":"2019-04-18 14:52:17","contributor":"/gdc/account/profile/5ad80b895edcc438e5a4418e222733fa"}}},{"report":{"content":{"domains":[],"definitions":["/gdc/md/ifu9pf5wu697rww6y7zld524mvkm7zy4/obj/356"]},"meta":{"locked":1,"author":"/gdc/account/profile/5ad80b895edcc438e5a4418e222733fa","uri":"/gdc/md/ifu9pf5wu697rww6y7zld524mvkm7zy4/obj/357","tags":"_lcm_managed_object","created":"2019-04-18
        14:40:34","identifier":"report.report.contains.ca","deprecated":"0","summary":"","isProduction":1,"title":"Report
        contains CA","category":"report","updated":"2019-04-18 14:52:17","contributor":"/gdc/account/profile/5ad80b895edcc438e5a4418e222733fa"}}}]}}'
    http_version: 
  recorded_at: Thu, 18 Apr 2019 12:54:28 GMT
- request:
    method: get
    uri: https://staging2-lcm-prod.intgdc.com/gdc/md/yh4nq8fhp6fvw8vch2eb259dj7fy3q9x/objects/query?category=report&limit=50&offset=0
    body:
      encoding: US-ASCII
      string: ''
    headers:
      Accept:
      - application/json, application/zip
      Accept-Encoding:
      - gzip, deflate
      User-Agent:
      - gooddata-gem/2.1.3/x86_64-darwin18/2.4.5
      Content-Type:
      - application/json
      X-Gdc-Authtt:
      - "<X_GDC_AUTHTT>"
      X-Gdc-Request:
      - ":mqq9aj74KN01b_JNGLlprw:54loGP7NM2A3oZt82zNbRg"
      Stats-On:
      - ''
      Host:
      - staging2-lcm-prod.intgdc.com
  response:
    status:
      code: 200
      message: OK
    headers:
      Date:
      - Thu, 18 Apr 2019 12:54:29 GMT
      Server:
      - GoodData WebApp
      Keep-Alive:
      - timeout=5, max=100
      X-Gdc-Log-Header:
      - ''
      Cache-Control:
      - no-cache, no-store, must-revalidate
      Content-Type:
      - application/json;charset=UTF-8
      Transfer-Encoding:
      - chunked
      Vary:
      - Accept-Encoding
      - origin
      X-Gdc-Request:
      - ":mqq9aj74KN01b_JNGLlprw:54loGP7NM2A3oZt82zNbRg:WcYjVwNjhkCOju1F"
      X-Gdc-Request-Time:
      - '38'
      Strict-Transport-Security:
      - max-age=10886400; includeSubDomains; preload;
    body:
      encoding: ASCII-8BIT
      string: '{"objects":{"paging":{"count":3,"offset":0},"items":[{"report":{"content":{"domains":[],"definitions":["/gdc/md/yh4nq8fhp6fvw8vch2eb259dj7fy3q9x/obj/352"]},"meta":{"locked":1,"author":"/gdc/account/profile/5ad80b895edcc438e5a4418e222733fa","uri":"/gdc/md/yh4nq8fhp6fvw8vch2eb259dj7fy3q9x/obj/353","tags":"_lcm_managed_object","created":"2019-04-18
        14:40:34","identifier":"report.customers.count.by.state","deprecated":"0","summary":"","isProduction":1,"title":"Customers
        Count By State","category":"report","updated":"2019-04-18 14:52:22","contributor":"/gdc/account/profile/5ad80b895edcc438e5a4418e222733fa"}}},{"report":{"content":{"domains":[],"definitions":["/gdc/md/yh4nq8fhp6fvw8vch2eb259dj7fy3q9x/obj/354"]},"meta":{"locked":1,"author":"/gdc/account/profile/5ad80b895edcc438e5a4418e222733fa","uri":"/gdc/md/yh4nq8fhp6fvw8vch2eb259dj7fy3q9x/obj/355","tags":"_lcm_managed_object","created":"2019-04-18
        14:40:34","identifier":"report.customers.count.by.gender","deprecated":"0","summary":"","isProduction":1,"title":"Customers
        Count By Gender","category":"report","updated":"2019-04-18 14:52:22","contributor":"/gdc/account/profile/5ad80b895edcc438e5a4418e222733fa"}}},{"report":{"content":{"domains":[],"definitions":["/gdc/md/yh4nq8fhp6fvw8vch2eb259dj7fy3q9x/obj/356"]},"meta":{"locked":1,"author":"/gdc/account/profile/5ad80b895edcc438e5a4418e222733fa","uri":"/gdc/md/yh4nq8fhp6fvw8vch2eb259dj7fy3q9x/obj/357","tags":"_lcm_managed_object","created":"2019-04-18
        14:40:34","identifier":"report.report.contains.ca","deprecated":"0","summary":"","isProduction":1,"title":"Report
        contains CA","category":"report","updated":"2019-04-18 14:52:22","contributor":"/gdc/account/profile/5ad80b895edcc438e5a4418e222733fa"}}}]}}'
    http_version: 
  recorded_at: Thu, 18 Apr 2019 12:54:29 GMT
recorded_with: VCR 4.0.0
