---
http_interactions:
- request:
    method: post
    uri: https://staging2-lcm-prod.intgdc.com/gdc/md/uihlr91spuzouu4qph5twhixwg9gqice/identifiers
    body:
      encoding: UTF-8
      string: '{"identifierToUri":["attr.devs.dev_id"]}'
    headers:
      Accept:
      - application/json, application/zip
      Accept-Encoding:
      - gzip, deflate
      User-Agent:
      - gooddata-gem/1.1.0/x86_64-linux/2.4.1
      Content-Type:
      - application/json
      X-Gdc-Authtt:
      - "<X_GDC_AUTHTT>"
      X-Gdc-Request:
      - 824QlRRwvXysdGcdNrUp7w:NBIfOd03CEkucn2xCtBa_A
      Content-Length:
      - '40'
      Host:
      - staging2-lcm-prod.intgdc.com
  response:
    status:
      code: 200
      message: OK
    headers:
      Date:
      - Tue, 05 Jun 2018 07:46:42 GMT
      Server:
      - GoodData WebApp
      Keep-Alive:
      - timeout=5, max=89
      X-Gdc-Log-Header:
      - ''
      Cache-Control:
      - no-cache, no-store, must-revalidate
      Content-Type:
      - application/json;charset=UTF-8
      X-Gdc-Request:
      - 824QlRRwvXysdGcdNrUp7w:NBIfOd03CEkucn2xCtBa_A:8qmZm1UkTQL422w2
      Vary:
      - origin
      X-Gdc-Request-Time:
      - '24'
      Transfer-Encoding:
      - chunked
      Strict-Transport-Security:
      - max-age=10886400; includeSubDomains; preload;
    body:
      encoding: ASCII-8BIT
      string: '{"identifiers":[{"identifier":"attr.devs.dev_id","uri":"/gdc/md/uihlr91spuzouu4qph5twhixwg9gqice/obj/216"}]}'
    http_version: 
  recorded_at: Tue, 05 Jun 2018 07:46:42 GMT
- request:
    method: get
    uri: https://staging2-lcm-prod.intgdc.com/gdc/md/uihlr91spuzouu4qph5twhixwg9gqice/obj/216
    body:
      encoding: US-ASCII
      string: ''
    headers:
      Accept:
      - application/json, application/zip
      Accept-Encoding:
      - gzip, deflate
      User-Agent:
      - gooddata-gem/1.1.0/x86_64-linux/2.4.1
      Content-Type:
      - application/json
      X-Gdc-Authtt:
      - "<X_GDC_AUTHTT>"
      X-Gdc-Request:
      - 824QlRRwvXysdGcdNrUp7w:nDbzZuCbqPvi6MOafdGFbw
      Host:
      - staging2-lcm-prod.intgdc.com
  response:
    status:
      code: 200
      message: OK
    headers:
      Date:
      - Tue, 05 Jun 2018 07:46:42 GMT
      Server:
      - GoodData WebApp
      Keep-Alive:
      - timeout=5, max=27
      X-Gdc-Log-Header:
      - ''
      Cache-Control:
      - no-cache, no-store, must-revalidate
      Content-Type:
      - application/json;charset=UTF-8
      Transfer-Encoding:
      - chunked
      Vary:
      - Accept-Encoding
      - origin
      X-Gdc-Request:
      - 824QlRRwvXysdGcdNrUp7w:nDbzZuCbqPvi6MOafdGFbw:UkoBtrfVGEacXzL4
      X-Gdc-Request-Time:
      - '34'
      Strict-Transport-Security:
      - max-age=10886400; includeSubDomains; preload;
    body:
      encoding: ASCII-8BIT
      string: '{"attribute":{"content":{"pk":[{"type":"col","data":"/gdc/md/uihlr91spuzouu4qph5twhixwg9gqice/obj/11"}],"dimension":"/gdc/md/uihlr91spuzouu4qph5twhixwg9gqice/obj/215","displayForms":[{"content":{"formOf":"/gdc/md/uihlr91spuzouu4qph5twhixwg9gqice/obj/216","expression":"[/gdc/md/uihlr91spuzouu4qph5twhixwg9gqice/obj/13]","default":1},"links":{"elements":"/gdc/md/uihlr91spuzouu4qph5twhixwg9gqice/obj/218/elements"},"meta":{"author":"/gdc/account/profile/5ad80b895edcc438e5a4418e222733fa","uri":"/gdc/md/uihlr91spuzouu4qph5twhixwg9gqice/obj/218","tags":"","created":"2018-06-05
        09:40:52","identifier":"label.devs.dev_id.email","deprecated":"0","summary":"","isProduction":1,"title":"Email","category":"attributeDisplayForm","updated":"2018-06-05
        09:40:52","contributor":"/gdc/account/profile/5ad80b895edcc438e5a4418e222733fa"}},{"content":{"formOf":"/gdc/md/uihlr91spuzouu4qph5twhixwg9gqice/obj/216","expression":"[/gdc/md/uihlr91spuzouu4qph5twhixwg9gqice/obj/15]"},"links":{"elements":"/gdc/md/uihlr91spuzouu4qph5twhixwg9gqice/obj/217/elements"},"meta":{"author":"/gdc/account/profile/5ad80b895edcc438e5a4418e222733fa","uri":"/gdc/md/uihlr91spuzouu4qph5twhixwg9gqice/obj/217","tags":"","created":"2018-06-05
        09:40:52","identifier":"label.devs.dev_id.id","deprecated":"0","summary":"","isProduction":1,"title":"Id","category":"attributeDisplayForm","updated":"2018-06-05
        09:40:52","contributor":"/gdc/account/profile/5ad80b895edcc438e5a4418e222733fa"}}],"fk":[{"multivalue":false,"type":"col","data":"/gdc/md/uihlr91spuzouu4qph5twhixwg9gqice/obj/25"}]},"meta":{"author":"/gdc/account/profile/5ad80b895edcc438e5a4418e222733fa","uri":"/gdc/md/uihlr91spuzouu4qph5twhixwg9gqice/obj/216","tags":"","created":"2018-06-05
        09:40:52","identifier":"attr.devs.dev_id","deprecated":"0","summary":"","isProduction":1,"title":"Dev","category":"attribute","updated":"2018-06-05
        09:40:53","contributor":"/gdc/account/profile/5ad80b895edcc438e5a4418e222733fa"}}}'
    http_version: 
  recorded_at: Tue, 05 Jun 2018 07:46:42 GMT
- request:
    method: get
    uri: https://staging2-lcm-prod.intgdc.com/gdc/md/uihlr91spuzouu4qph5twhixwg9gqice/obj/218
    body:
      encoding: US-ASCII
      string: ''
    headers:
      Accept:
      - application/json, application/zip
      Accept-Encoding:
      - gzip, deflate
      User-Agent:
      - gooddata-gem/1.1.0/x86_64-linux/2.4.1
      Content-Type:
      - application/json
      X-Gdc-Authtt:
      - "<X_GDC_AUTHTT>"
      X-Gdc-Request:
      - 824QlRRwvXysdGcdNrUp7w:IOyBmEQ5G1AmwfzKkkfl5g
      Host:
      - staging2-lcm-prod.intgdc.com
  response:
    status:
      code: 200
      message: OK
    headers:
      Date:
      - Tue, 05 Jun 2018 07:46:43 GMT
      Server:
      - GoodData WebApp
      Keep-Alive:
      - timeout=5, max=89
      X-Gdc-Log-Header:
      - ''
      Cache-Control:
      - no-cache, no-store, must-revalidate
      Content-Type:
      - application/json;charset=UTF-8
      X-Gdc-Request:
      - 824QlRRwvXysdGcdNrUp7w:IOyBmEQ5G1AmwfzKkkfl5g:d3hntTjrwQKqPlve
      Vary:
      - origin
      X-Gdc-Request-Time:
      - '30'
      Transfer-Encoding:
      - chunked
      Strict-Transport-Security:
      - max-age=10886400; includeSubDomains; preload;
    body:
      encoding: ASCII-8BIT
      string: '{"attributeDisplayForm":{"content":{"formOf":"/gdc/md/uihlr91spuzouu4qph5twhixwg9gqice/obj/216","expression":"[/gdc/md/uihlr91spuzouu4qph5twhixwg9gqice/obj/13]","default":1},"links":{"elements":"/gdc/md/uihlr91spuzouu4qph5twhixwg9gqice/obj/218/elements"},"meta":{"author":"/gdc/account/profile/5ad80b895edcc438e5a4418e222733fa","uri":"/gdc/md/uihlr91spuzouu4qph5twhixwg9gqice/obj/218","tags":"","created":"2018-06-05
        09:40:52","identifier":"label.devs.dev_id.email","deprecated":"0","summary":"","isProduction":1,"title":"Email","category":"attributeDisplayForm","updated":"2018-06-05
        09:40:52","contributor":"/gdc/account/profile/5ad80b895edcc438e5a4418e222733fa"}}}'
    http_version: 
  recorded_at: Tue, 05 Jun 2018 07:46:43 GMT
- request:
    method: get
    uri: https://staging2-lcm-prod.intgdc.com/gdc/md/uihlr91spuzouu4qph5twhixwg9gqice/obj/217
    body:
      encoding: US-ASCII
      string: ''
    headers:
      Accept:
      - application/json, application/zip
      Accept-Encoding:
      - gzip, deflate
      User-Agent:
      - gooddata-gem/1.1.0/x86_64-linux/2.4.1
      Content-Type:
      - application/json
      X-Gdc-Authtt:
      - "<X_GDC_AUTHTT>"
      X-Gdc-Request:
      - 824QlRRwvXysdGcdNrUp7w:Tk0Z08zq9qrcVHyH9qEYtw
      Host:
      - staging2-lcm-prod.intgdc.com
  response:
    status:
      code: 200
      message: OK
    headers:
      Date:
      - Tue, 05 Jun 2018 07:46:44 GMT
      Server:
      - GoodData WebApp
      Keep-Alive:
      - timeout=5, max=99
      X-Gdc-Log-Header:
      - ''
      Cache-Control:
      - no-cache, no-store, must-revalidate
      Content-Type:
      - application/json;charset=UTF-8
      X-Gdc-Request:
      - 824QlRRwvXysdGcdNrUp7w:Tk0Z08zq9qrcVHyH9qEYtw:SfknfRU8SeWp7pJP
      Vary:
      - origin
      X-Gdc-Request-Time:
      - '69'
      Transfer-Encoding:
      - chunked
      Strict-Transport-Security:
      - max-age=10886400; includeSubDomains; preload;
    body:
      encoding: ASCII-8BIT
      string: '{"attributeDisplayForm":{"content":{"formOf":"/gdc/md/uihlr91spuzouu4qph5twhixwg9gqice/obj/216","expression":"[/gdc/md/uihlr91spuzouu4qph5twhixwg9gqice/obj/15]"},"links":{"elements":"/gdc/md/uihlr91spuzouu4qph5twhixwg9gqice/obj/217/elements"},"meta":{"author":"/gdc/account/profile/5ad80b895edcc438e5a4418e222733fa","uri":"/gdc/md/uihlr91spuzouu4qph5twhixwg9gqice/obj/217","tags":"","created":"2018-06-05
        09:40:52","identifier":"label.devs.dev_id.id","deprecated":"0","summary":"","isProduction":1,"title":"Id","category":"attributeDisplayForm","updated":"2018-06-05
        09:40:52","contributor":"/gdc/account/profile/5ad80b895edcc438e5a4418e222733fa"}}}'
    http_version: 
  recorded_at: Tue, 05 Jun 2018 07:46:44 GMT
- request:
    method: post
    uri: https://staging2-lcm-prod.intgdc.com/gdc/md/uihlr91spuzouu4qph5twhixwg9gqice/obj/218/validElements?limit=100&offset=0&order=asc
    body:
      encoding: UTF-8
      string: '{"validElementsRequest":{}}'
    headers:
      Accept:
      - application/json, application/zip
      Accept-Encoding:
      - gzip, deflate
      User-Agent:
      - gooddata-gem/1.1.0/x86_64-linux/2.4.1
      Content-Type:
      - application/json
      X-Gdc-Authtt:
      - "<X_GDC_AUTHTT>"
      X-Gdc-Request:
      - 824QlRRwvXysdGcdNrUp7w:9iIBTNWuDjUKTRoG0pFx4A
      Content-Length:
      - '27'
      Host:
      - staging2-lcm-prod.intgdc.com
  response:
    status:
      code: 200
      message: OK
    headers:
      Date:
      - Tue, 05 Jun 2018 07:46:44 GMT
      Server:
      - GoodData WebApp
      Keep-Alive:
      - timeout=5, max=86
      X-Gdc-Log-Header:
      - ''
      Cache-Control:
      - no-cache, no-store, must-revalidate
      Content-Type:
      - application/json;charset=UTF-8
      X-Gdc-Request:
      - 824QlRRwvXysdGcdNrUp7w:9iIBTNWuDjUKTRoG0pFx4A:Y046WHdJGpCiOYjS
      Vary:
      - origin
      X-Gdc-Request-Time:
      - '41'
      Transfer-Encoding:
      - chunked
      Strict-Transport-Security:
      - max-age=10886400; includeSubDomains; preload;
    body:
      encoding: ASCII-8BIT
      string: '{"validElements":{"elementsMeta":{"attribute":"/gdc/md/uihlr91spuzouu4qph5twhixwg9gqice/obj/216","filter":"","order":"asc","attributeDisplayForm":"/gdc/md/uihlr91spuzouu4qph5twhixwg9gqice/obj/218"},"paging":{"count":4,"total":"4","offset":"0"},"items":[{"element":{"title":"jirka@gooddata.com","uri":"/gdc/md/uihlr91spuzouu4qph5twhixwg9gqice/obj/216/elements?id=3"}},{"element":{"title":"josh@gooddata.com","uri":"/gdc/md/uihlr91spuzouu4qph5twhixwg9gqice/obj/216/elements?id=4"}},{"element":{"title":"petr@gooddata.com","uri":"/gdc/md/uihlr91spuzouu4qph5twhixwg9gqice/obj/216/elements?id=2"}},{"element":{"title":"tomas@gooddata.com","uri":"/gdc/md/uihlr91spuzouu4qph5twhixwg9gqice/obj/216/elements?id=1"}}]}}'
    http_version: 
  recorded_at: Tue, 05 Jun 2018 07:46:44 GMT
- request:
    method: post
    uri: https://staging2-lcm-prod.intgdc.com/gdc/md/uihlr91spuzouu4qph5twhixwg9gqice/obj/218/validElements?limit=100000&offset=0&order=asc
    body:
      encoding: UTF-8
      string: '{"validElementsRequest":{}}'
    headers:
      Accept:
      - application/json, application/zip
      Accept-Encoding:
      - gzip, deflate
      User-Agent:
      - gooddata-gem/1.1.0/x86_64-linux/2.4.1
      Content-Type:
      - application/json
      X-Gdc-Authtt:
      - "<X_GDC_AUTHTT>"
      X-Gdc-Request:
      - 824QlRRwvXysdGcdNrUp7w:Ke3vy_3ODlcKfeeDth860w
      Content-Length:
      - '27'
      Host:
      - staging2-lcm-prod.intgdc.com
  response:
    status:
      code: 200
      message: OK
    headers:
      Date:
      - Tue, 05 Jun 2018 07:46:45 GMT
      Server:
      - GoodData WebApp
      Keep-Alive:
      - timeout=5, max=99
      X-Gdc-Log-Header:
      - ''
      Cache-Control:
      - no-cache, no-store, must-revalidate
      Content-Type:
      - application/json;charset=UTF-8
      X-Gdc-Request:
      - 824QlRRwvXysdGcdNrUp7w:Ke3vy_3ODlcKfeeDth860w:tKhCb7mdbCOmybjQ
      Vary:
      - origin
      X-Gdc-Request-Time:
      - '123'
      Transfer-Encoding:
      - chunked
      Strict-Transport-Security:
      - max-age=10886400; includeSubDomains; preload;
    body:
      encoding: ASCII-8BIT
      string: '{"validElements":{"elementsMeta":{"attribute":"/gdc/md/uihlr91spuzouu4qph5twhixwg9gqice/obj/216","filter":"","order":"asc","attributeDisplayForm":"/gdc/md/uihlr91spuzouu4qph5twhixwg9gqice/obj/218"},"paging":{"count":4,"total":"4","offset":"0"},"items":[{"element":{"title":"jirka@gooddata.com","uri":"/gdc/md/uihlr91spuzouu4qph5twhixwg9gqice/obj/216/elements?id=3"}},{"element":{"title":"josh@gooddata.com","uri":"/gdc/md/uihlr91spuzouu4qph5twhixwg9gqice/obj/216/elements?id=4"}},{"element":{"title":"petr@gooddata.com","uri":"/gdc/md/uihlr91spuzouu4qph5twhixwg9gqice/obj/216/elements?id=2"}},{"element":{"title":"tomas@gooddata.com","uri":"/gdc/md/uihlr91spuzouu4qph5twhixwg9gqice/obj/216/elements?id=1"}}]}}'
    http_version: 
  recorded_at: Tue, 05 Jun 2018 07:46:45 GMT
- request:
    method: get
    uri: https://staging2-lcm-prod.intgdc.com/gdc/md/uihlr91spuzouu4qph5twhixwg9gqice/obj/216
    body:
      encoding: US-ASCII
      string: ''
    headers:
      Accept:
      - application/json, application/zip
      Accept-Encoding:
      - gzip, deflate
      User-Agent:
      - gooddata-gem/1.1.0/x86_64-linux/2.4.1
      Content-Type:
      - application/json
      X-Gdc-Authtt:
      - "<X_GDC_AUTHTT>"
      X-Gdc-Request:
      - 824QlRRwvXysdGcdNrUp7w:26NOdwNQbZ_ANoDeo95tOw
      Host:
      - staging2-lcm-prod.intgdc.com
  response:
    status:
      code: 200
      message: OK
    headers:
      Date:
      - Tue, 05 Jun 2018 07:46:45 GMT
      Server:
      - GoodData WebApp
      Keep-Alive:
      - timeout=5, max=98
      X-Gdc-Log-Header:
      - ''
      Cache-Control:
      - no-cache, no-store, must-revalidate
      Content-Type:
      - application/json;charset=UTF-8
      Transfer-Encoding:
      - chunked
      Vary:
      - Accept-Encoding
      - origin
      X-Gdc-Request:
      - 824QlRRwvXysdGcdNrUp7w:26NOdwNQbZ_ANoDeo95tOw:9gJ7mgTEGOXGanzL
      X-Gdc-Request-Time:
      - '65'
      Strict-Transport-Security:
      - max-age=10886400; includeSubDomains; preload;
    body:
      encoding: ASCII-8BIT
      string: '{"attribute":{"content":{"pk":[{"type":"col","data":"/gdc/md/uihlr91spuzouu4qph5twhixwg9gqice/obj/11"}],"dimension":"/gdc/md/uihlr91spuzouu4qph5twhixwg9gqice/obj/215","displayForms":[{"content":{"formOf":"/gdc/md/uihlr91spuzouu4qph5twhixwg9gqice/obj/216","expression":"[/gdc/md/uihlr91spuzouu4qph5twhixwg9gqice/obj/13]","default":1},"links":{"elements":"/gdc/md/uihlr91spuzouu4qph5twhixwg9gqice/obj/218/elements"},"meta":{"author":"/gdc/account/profile/5ad80b895edcc438e5a4418e222733fa","uri":"/gdc/md/uihlr91spuzouu4qph5twhixwg9gqice/obj/218","tags":"","created":"2018-06-05
        09:40:52","identifier":"label.devs.dev_id.email","deprecated":"0","summary":"","isProduction":1,"title":"Email","category":"attributeDisplayForm","updated":"2018-06-05
        09:40:52","contributor":"/gdc/account/profile/5ad80b895edcc438e5a4418e222733fa"}},{"content":{"formOf":"/gdc/md/uihlr91spuzouu4qph5twhixwg9gqice/obj/216","expression":"[/gdc/md/uihlr91spuzouu4qph5twhixwg9gqice/obj/15]"},"links":{"elements":"/gdc/md/uihlr91spuzouu4qph5twhixwg9gqice/obj/217/elements"},"meta":{"author":"/gdc/account/profile/5ad80b895edcc438e5a4418e222733fa","uri":"/gdc/md/uihlr91spuzouu4qph5twhixwg9gqice/obj/217","tags":"","created":"2018-06-05
        09:40:52","identifier":"label.devs.dev_id.id","deprecated":"0","summary":"","isProduction":1,"title":"Id","category":"attributeDisplayForm","updated":"2018-06-05
        09:40:52","contributor":"/gdc/account/profile/5ad80b895edcc438e5a4418e222733fa"}}],"fk":[{"multivalue":false,"type":"col","data":"/gdc/md/uihlr91spuzouu4qph5twhixwg9gqice/obj/25"}]},"meta":{"author":"/gdc/account/profile/5ad80b895edcc438e5a4418e222733fa","uri":"/gdc/md/uihlr91spuzouu4qph5twhixwg9gqice/obj/216","tags":"","created":"2018-06-05
        09:40:52","identifier":"attr.devs.dev_id","deprecated":"0","summary":"","isProduction":1,"title":"Dev","category":"attribute","updated":"2018-06-05
        09:40:53","contributor":"/gdc/account/profile/5ad80b895edcc438e5a4418e222733fa"}}}'
    http_version: 
  recorded_at: Tue, 05 Jun 2018 07:46:46 GMT
- request:
    method: get
    uri: https://staging2-lcm-prod.intgdc.com/gdc/md/uihlr91spuzouu4qph5twhixwg9gqice/obj/218
    body:
      encoding: US-ASCII
      string: ''
    headers:
      Accept:
      - application/json, application/zip
      Accept-Encoding:
      - gzip, deflate
      User-Agent:
      - gooddata-gem/1.1.0/x86_64-linux/2.4.1
      Content-Type:
      - application/json
      X-Gdc-Authtt:
      - "<X_GDC_AUTHTT>"
      X-Gdc-Request:
      - 824QlRRwvXysdGcdNrUp7w:Bhp8PppFtWbyjbZBzAv39Q
      Host:
      - staging2-lcm-prod.intgdc.com
  response:
    status:
      code: 200
      message: OK
    headers:
      Date:
      - Tue, 05 Jun 2018 07:46:46 GMT
      Server:
      - GoodData WebApp
      Keep-Alive:
      - timeout=5, max=84
      X-Gdc-Log-Header:
      - ''
      Cache-Control:
      - no-cache, no-store, must-revalidate
      Content-Type:
      - application/json;charset=UTF-8
      X-Gdc-Request:
      - 824QlRRwvXysdGcdNrUp7w:Bhp8PppFtWbyjbZBzAv39Q:r19qHULf6cKSyLxy
      Vary:
      - origin
      X-Gdc-Request-Time:
      - '30'
      Transfer-Encoding:
      - chunked
      Strict-Transport-Security:
      - max-age=10886400; includeSubDomains; preload;
    body:
      encoding: ASCII-8BIT
      string: '{"attributeDisplayForm":{"content":{"formOf":"/gdc/md/uihlr91spuzouu4qph5twhixwg9gqice/obj/216","expression":"[/gdc/md/uihlr91spuzouu4qph5twhixwg9gqice/obj/13]","default":1},"links":{"elements":"/gdc/md/uihlr91spuzouu4qph5twhixwg9gqice/obj/218/elements"},"meta":{"author":"/gdc/account/profile/5ad80b895edcc438e5a4418e222733fa","uri":"/gdc/md/uihlr91spuzouu4qph5twhixwg9gqice/obj/218","tags":"","created":"2018-06-05
        09:40:52","identifier":"label.devs.dev_id.email","deprecated":"0","summary":"","isProduction":1,"title":"Email","category":"attributeDisplayForm","updated":"2018-06-05
        09:40:52","contributor":"/gdc/account/profile/5ad80b895edcc438e5a4418e222733fa"}}}'
    http_version: 
  recorded_at: Tue, 05 Jun 2018 07:46:46 GMT
- request:
    method: get
    uri: https://staging2-lcm-prod.intgdc.com/gdc/md/uihlr91spuzouu4qph5twhixwg9gqice/obj/217
    body:
      encoding: US-ASCII
      string: ''
    headers:
      Accept:
      - application/json, application/zip
      Accept-Encoding:
      - gzip, deflate
      User-Agent:
      - gooddata-gem/1.1.0/x86_64-linux/2.4.1
      Content-Type:
      - application/json
      X-Gdc-Authtt:
      - "<X_GDC_AUTHTT>"
      X-Gdc-Request:
      - 824QlRRwvXysdGcdNrUp7w:dhEZ6uPBngdBqGjKFi53WQ
      Host:
      - staging2-lcm-prod.intgdc.com
  response:
    status:
      code: 200
      message: OK
    headers:
      Date:
      - Tue, 05 Jun 2018 07:46:47 GMT
      Server:
      - GoodData WebApp
      Keep-Alive:
      - timeout=5, max=98
      X-Gdc-Log-Header:
      - ''
      Cache-Control:
      - no-cache, no-store, must-revalidate
      Content-Type:
      - application/json;charset=UTF-8
      X-Gdc-Request:
      - 824QlRRwvXysdGcdNrUp7w:dhEZ6uPBngdBqGjKFi53WQ:7nPnMkJN6J160rko
      Vary:
      - origin
      X-Gdc-Request-Time:
      - '67'
      Transfer-Encoding:
      - chunked
      Strict-Transport-Security:
      - max-age=10886400; includeSubDomains; preload;
    body:
      encoding: ASCII-8BIT
      string: '{"attributeDisplayForm":{"content":{"formOf":"/gdc/md/uihlr91spuzouu4qph5twhixwg9gqice/obj/216","expression":"[/gdc/md/uihlr91spuzouu4qph5twhixwg9gqice/obj/15]"},"links":{"elements":"/gdc/md/uihlr91spuzouu4qph5twhixwg9gqice/obj/217/elements"},"meta":{"author":"/gdc/account/profile/5ad80b895edcc438e5a4418e222733fa","uri":"/gdc/md/uihlr91spuzouu4qph5twhixwg9gqice/obj/217","tags":"","created":"2018-06-05
        09:40:52","identifier":"label.devs.dev_id.id","deprecated":"0","summary":"","isProduction":1,"title":"Id","category":"attributeDisplayForm","updated":"2018-06-05
        09:40:52","contributor":"/gdc/account/profile/5ad80b895edcc438e5a4418e222733fa"}}}'
    http_version: 
  recorded_at: Tue, 05 Jun 2018 07:46:47 GMT
- request:
    method: get
    uri: https://staging2-lcm-prod.intgdc.com/gdc/md/uihlr91spuzouu4qph5twhixwg9gqice/obj/218/elements/?id=1
    body:
      encoding: US-ASCII
      string: ''
    headers:
      Accept:
      - application/json, application/zip
      Accept-Encoding:
      - gzip, deflate
      User-Agent:
      - gooddata-gem/1.1.0/x86_64-linux/2.4.1
      Content-Type:
      - application/json
      X-Gdc-Authtt:
      - "<X_GDC_AUTHTT>"
      X-Gdc-Request:
      - 824QlRRwvXysdGcdNrUp7w:CxDDQq8jKRTIEonSMrA1sg
      Host:
      - staging2-lcm-prod.intgdc.com
  response:
    status:
      code: 200
      message: OK
    headers:
      Date:
      - Tue, 05 Jun 2018 07:46:47 GMT
      Server:
      - GoodData WebApp
      Keep-Alive:
      - timeout=5, max=82
      X-Gdc-Log-Header:
      - ''
      Cache-Control:
      - no-cache, no-store, must-revalidate
      Content-Type:
      - application/json;charset=UTF-8
      X-Gdc-Request:
      - 824QlRRwvXysdGcdNrUp7w:CxDDQq8jKRTIEonSMrA1sg:a86h8Xy8q4PkbyYs
      Vary:
      - origin
      X-Gdc-Request-Time:
      - '40'
      Transfer-Encoding:
      - chunked
      Strict-Transport-Security:
      - max-age=10886400; includeSubDomains; preload;
    body:
      encoding: ASCII-8BIT
      string: '{"attributeElements":{"elementsMeta":{"count":1,"mode":"includeuris","filter":"","records":"1","prompt":"","attribute":"/gdc/md/uihlr91spuzouu4qph5twhixwg9gqice/obj/216","order":"asc","attributeDisplayForm":"/gdc/md/uihlr91spuzouu4qph5twhixwg9gqice/obj/218","offset":"0"},"elements":[{"title":"tomas@gooddata.com","uri":"/gdc/md/uihlr91spuzouu4qph5twhixwg9gqice/obj/216/elements?id=1"}],"paging":{"next":null,"count":1,"total":"1","offset":"0"}}}'
    http_version: 
  recorded_at: Tue, 05 Jun 2018 07:46:47 GMT
- request:
    method: post
    uri: https://staging2-lcm-prod.intgdc.com/gdc/md/l3398hstuqp0gegtnzmgpuyizfp6ddlh/identifiers
    body:
      encoding: UTF-8
      string: '{"identifierToUri":["attr.devs.dev_id"]}'
    headers:
      Accept:
      - application/json, application/zip
      Accept-Encoding:
      - gzip, deflate
      User-Agent:
      - gooddata-gem/1.1.0/x86_64-linux/2.4.1
      Content-Type:
      - application/json
      X-Gdc-Authtt:
      - "<X_GDC_AUTHTT>"
      X-Gdc-Request:
      - 6iqGHdhLmeTwYuBArB_-ag:5D5lhKHFjVvh5MkXwfmpYw
      Content-Length:
      - '40'
      Host:
      - staging2-lcm-prod.intgdc.com
  response:
    status:
      code: 200
      message: OK
    headers:
      Date:
      - Tue, 05 Jun 2018 08:27:28 GMT
      Server:
      - GoodData WebApp
      Keep-Alive:
      - timeout=5, max=68
      X-Gdc-Log-Header:
      - ''
      Cache-Control:
      - no-cache, no-store, must-revalidate
      Content-Type:
      - application/json;charset=UTF-8
      X-Gdc-Request:
      - 6iqGHdhLmeTwYuBArB_-ag:5D5lhKHFjVvh5MkXwfmpYw:CfmcEAQLf6Rki8b7
      Vary:
      - origin
      X-Gdc-Request-Time:
      - '22'
      Transfer-Encoding:
      - chunked
      Strict-Transport-Security:
      - max-age=10886400; includeSubDomains; preload;
    body:
      encoding: ASCII-8BIT
      string: '{"identifiers":[{"identifier":"attr.devs.dev_id","uri":"/gdc/md/l3398hstuqp0gegtnzmgpuyizfp6ddlh/obj/211"}]}'
    http_version: 
  recorded_at: Tue, 05 Jun 2018 08:27:28 GMT
- request:
    method: get
    uri: https://staging2-lcm-prod.intgdc.com/gdc/md/l3398hstuqp0gegtnzmgpuyizfp6ddlh/obj/211
    body:
      encoding: US-ASCII
      string: ''
    headers:
      Accept:
      - application/json, application/zip
      Accept-Encoding:
      - gzip, deflate
      User-Agent:
      - gooddata-gem/1.1.0/x86_64-linux/2.4.1
      Content-Type:
      - application/json
      X-Gdc-Authtt:
      - "<X_GDC_AUTHTT>"
      X-Gdc-Request:
      - 6iqGHdhLmeTwYuBArB_-ag:XkCBrcON61cKJ4pkOgSzgQ
      Host:
      - staging2-lcm-prod.intgdc.com
  response:
    status:
      code: 200
      message: OK
    headers:
      Date:
      - Tue, 05 Jun 2018 08:27:28 GMT
      Server:
      - GoodData WebApp
      Keep-Alive:
      - timeout=5, max=64
      X-Gdc-Log-Header:
      - ''
      Cache-Control:
      - no-cache, no-store, must-revalidate
      Content-Type:
      - application/json;charset=UTF-8
      Transfer-Encoding:
      - chunked
      Vary:
      - Accept-Encoding
      - origin
      X-Gdc-Request:
      - 6iqGHdhLmeTwYuBArB_-ag:XkCBrcON61cKJ4pkOgSzgQ:R8UAFYs2lNEZTBND
      X-Gdc-Request-Time:
      - '37'
      Strict-Transport-Security:
      - max-age=10886400; includeSubDomains; preload;
    body:
      encoding: ASCII-8BIT
      string: '{"attribute":{"content":{"pk":[{"type":"col","data":"/gdc/md/l3398hstuqp0gegtnzmgpuyizfp6ddlh/obj/18"}],"dimension":"/gdc/md/l3398hstuqp0gegtnzmgpuyizfp6ddlh/obj/210","displayForms":[{"content":{"formOf":"/gdc/md/l3398hstuqp0gegtnzmgpuyizfp6ddlh/obj/211","expression":"[/gdc/md/l3398hstuqp0gegtnzmgpuyizfp6ddlh/obj/20]","default":1},"links":{"elements":"/gdc/md/l3398hstuqp0gegtnzmgpuyizfp6ddlh/obj/213/elements"},"meta":{"author":"/gdc/account/profile/5ad80b895edcc438e5a4418e222733fa","uri":"/gdc/md/l3398hstuqp0gegtnzmgpuyizfp6ddlh/obj/213","tags":"","created":"2018-06-05
        10:21:48","identifier":"label.devs.dev_id.email","deprecated":"0","summary":"","isProduction":1,"title":"Email","category":"attributeDisplayForm","updated":"2018-06-05
        10:21:48","contributor":"/gdc/account/profile/5ad80b895edcc438e5a4418e222733fa"}},{"content":{"formOf":"/gdc/md/l3398hstuqp0gegtnzmgpuyizfp6ddlh/obj/211","expression":"[/gdc/md/l3398hstuqp0gegtnzmgpuyizfp6ddlh/obj/22]"},"links":{"elements":"/gdc/md/l3398hstuqp0gegtnzmgpuyizfp6ddlh/obj/212/elements"},"meta":{"author":"/gdc/account/profile/5ad80b895edcc438e5a4418e222733fa","uri":"/gdc/md/l3398hstuqp0gegtnzmgpuyizfp6ddlh/obj/212","tags":"","created":"2018-06-05
        10:21:48","identifier":"label.devs.dev_id.id","deprecated":"0","summary":"","isProduction":1,"title":"Id","category":"attributeDisplayForm","updated":"2018-06-05
        10:21:48","contributor":"/gdc/account/profile/5ad80b895edcc438e5a4418e222733fa"}}],"fk":[{"multivalue":false,"type":"col","data":"/gdc/md/l3398hstuqp0gegtnzmgpuyizfp6ddlh/obj/25"}]},"meta":{"author":"/gdc/account/profile/5ad80b895edcc438e5a4418e222733fa","uri":"/gdc/md/l3398hstuqp0gegtnzmgpuyizfp6ddlh/obj/211","tags":"","created":"2018-06-05
        10:21:48","identifier":"attr.devs.dev_id","deprecated":"0","summary":"","isProduction":1,"title":"Dev","category":"attribute","updated":"2018-06-05
        10:21:49","contributor":"/gdc/account/profile/5ad80b895edcc438e5a4418e222733fa"}}}'
    http_version: 
  recorded_at: Tue, 05 Jun 2018 08:27:29 GMT
- request:
    method: get
    uri: https://staging2-lcm-prod.intgdc.com/gdc/md/l3398hstuqp0gegtnzmgpuyizfp6ddlh/obj/213
    body:
      encoding: US-ASCII
      string: ''
    headers:
      Accept:
      - application/json, application/zip
      Accept-Encoding:
      - gzip, deflate
      User-Agent:
      - gooddata-gem/1.1.0/x86_64-linux/2.4.1
      Content-Type:
      - application/json
      X-Gdc-Authtt:
      - "<X_GDC_AUTHTT>"
      X-Gdc-Request:
      - 6iqGHdhLmeTwYuBArB_-ag:hcY4VNj02iXGVvAo9Qgkqw
      Host:
      - staging2-lcm-prod.intgdc.com
  response:
    status:
      code: 200
      message: OK
    headers:
      Date:
      - Tue, 05 Jun 2018 08:27:29 GMT
      Server:
      - GoodData WebApp
      Keep-Alive:
      - timeout=5, max=73
      X-Gdc-Log-Header:
      - ''
      Cache-Control:
      - no-cache, no-store, must-revalidate
      Content-Type:
      - application/json;charset=UTF-8
      X-Gdc-Request:
      - 6iqGHdhLmeTwYuBArB_-ag:hcY4VNj02iXGVvAo9Qgkqw:RVZyls7I6fayeS9H
      Vary:
      - origin
      X-Gdc-Request-Time:
      - '28'
      Transfer-Encoding:
      - chunked
      Strict-Transport-Security:
      - max-age=10886400; includeSubDomains; preload;
    body:
      encoding: ASCII-8BIT
      string: '{"attributeDisplayForm":{"content":{"formOf":"/gdc/md/l3398hstuqp0gegtnzmgpuyizfp6ddlh/obj/211","expression":"[/gdc/md/l3398hstuqp0gegtnzmgpuyizfp6ddlh/obj/20]","default":1},"links":{"elements":"/gdc/md/l3398hstuqp0gegtnzmgpuyizfp6ddlh/obj/213/elements"},"meta":{"author":"/gdc/account/profile/5ad80b895edcc438e5a4418e222733fa","uri":"/gdc/md/l3398hstuqp0gegtnzmgpuyizfp6ddlh/obj/213","tags":"","created":"2018-06-05
        10:21:48","identifier":"label.devs.dev_id.email","deprecated":"0","summary":"","isProduction":1,"title":"Email","category":"attributeDisplayForm","updated":"2018-06-05
        10:21:48","contributor":"/gdc/account/profile/5ad80b895edcc438e5a4418e222733fa"}}}'
    http_version: 
  recorded_at: Tue, 05 Jun 2018 08:27:29 GMT
- request:
    method: get
    uri: https://staging2-lcm-prod.intgdc.com/gdc/md/l3398hstuqp0gegtnzmgpuyizfp6ddlh/obj/212
    body:
      encoding: US-ASCII
      string: ''
    headers:
      Accept:
      - application/json, application/zip
      Accept-Encoding:
      - gzip, deflate
      User-Agent:
      - gooddata-gem/1.1.0/x86_64-linux/2.4.1
      Content-Type:
      - application/json
      X-Gdc-Authtt:
      - "<X_GDC_AUTHTT>"
      X-Gdc-Request:
      - 6iqGHdhLmeTwYuBArB_-ag:5SkUgicDZXscGhqZaZZomQ
      Host:
      - staging2-lcm-prod.intgdc.com
  response:
    status:
      code: 200
      message: OK
    headers:
      Date:
      - Tue, 05 Jun 2018 08:27:30 GMT
      Server:
      - GoodData WebApp
      Keep-Alive:
      - timeout=5, max=100
      X-Gdc-Log-Header:
      - ''
      Cache-Control:
      - no-cache, no-store, must-revalidate
      Content-Type:
      - application/json;charset=UTF-8
      X-Gdc-Request:
      - 6iqGHdhLmeTwYuBArB_-ag:5SkUgicDZXscGhqZaZZomQ:urHx4ynyUnkmjONf
      Vary:
      - origin
      X-Gdc-Request-Time:
      - '31'
      Transfer-Encoding:
      - chunked
      Strict-Transport-Security:
      - max-age=10886400; includeSubDomains; preload;
    body:
      encoding: ASCII-8BIT
      string: '{"attributeDisplayForm":{"content":{"formOf":"/gdc/md/l3398hstuqp0gegtnzmgpuyizfp6ddlh/obj/211","expression":"[/gdc/md/l3398hstuqp0gegtnzmgpuyizfp6ddlh/obj/22]"},"links":{"elements":"/gdc/md/l3398hstuqp0gegtnzmgpuyizfp6ddlh/obj/212/elements"},"meta":{"author":"/gdc/account/profile/5ad80b895edcc438e5a4418e222733fa","uri":"/gdc/md/l3398hstuqp0gegtnzmgpuyizfp6ddlh/obj/212","tags":"","created":"2018-06-05
        10:21:48","identifier":"label.devs.dev_id.id","deprecated":"0","summary":"","isProduction":1,"title":"Id","category":"attributeDisplayForm","updated":"2018-06-05
        10:21:48","contributor":"/gdc/account/profile/5ad80b895edcc438e5a4418e222733fa"}}}'
    http_version: 
  recorded_at: Tue, 05 Jun 2018 08:27:30 GMT
- request:
    method: post
    uri: https://staging2-lcm-prod.intgdc.com/gdc/md/l3398hstuqp0gegtnzmgpuyizfp6ddlh/obj/213/validElements?limit=100&offset=0&order=asc
    body:
      encoding: UTF-8
      string: '{"validElementsRequest":{}}'
    headers:
      Accept:
      - application/json, application/zip
      Accept-Encoding:
      - gzip, deflate
      User-Agent:
      - gooddata-gem/1.1.0/x86_64-linux/2.4.1
      Content-Type:
      - application/json
      X-Gdc-Authtt:
      - "<X_GDC_AUTHTT>"
      X-Gdc-Request:
      - 6iqGHdhLmeTwYuBArB_-ag:Mg5XsDpEODX8SDteI-Gj-Q
      Content-Length:
      - '27'
      Host:
      - staging2-lcm-prod.intgdc.com
  response:
    status:
      code: 200
      message: OK
    headers:
      Date:
      - Tue, 05 Jun 2018 08:27:30 GMT
      Server:
      - GoodData WebApp
      Keep-Alive:
      - timeout=5, max=99
      X-Gdc-Log-Header:
      - ''
      Cache-Control:
      - no-cache, no-store, must-revalidate
      Content-Type:
      - application/json;charset=UTF-8
      X-Gdc-Request:
      - 6iqGHdhLmeTwYuBArB_-ag:Mg5XsDpEODX8SDteI-Gj-Q:QlsG5LDqIMZvoSOJ
      Vary:
      - origin
      X-Gdc-Request-Time:
      - '39'
      Transfer-Encoding:
      - chunked
      Strict-Transport-Security:
      - max-age=10886400; includeSubDomains; preload;
    body:
      encoding: ASCII-8BIT
      string: '{"validElements":{"elementsMeta":{"attribute":"/gdc/md/l3398hstuqp0gegtnzmgpuyizfp6ddlh/obj/211","filter":"","order":"asc","attributeDisplayForm":"/gdc/md/l3398hstuqp0gegtnzmgpuyizfp6ddlh/obj/213"},"paging":{"count":4,"total":"4","offset":"0"},"items":[{"element":{"title":"jirka@gooddata.com","uri":"/gdc/md/l3398hstuqp0gegtnzmgpuyizfp6ddlh/obj/211/elements?id=3"}},{"element":{"title":"josh@gooddata.com","uri":"/gdc/md/l3398hstuqp0gegtnzmgpuyizfp6ddlh/obj/211/elements?id=4"}},{"element":{"title":"petr@gooddata.com","uri":"/gdc/md/l3398hstuqp0gegtnzmgpuyizfp6ddlh/obj/211/elements?id=2"}},{"element":{"title":"tomas@gooddata.com","uri":"/gdc/md/l3398hstuqp0gegtnzmgpuyizfp6ddlh/obj/211/elements?id=1"}}]}}'
    http_version: 
  recorded_at: Tue, 05 Jun 2018 08:27:30 GMT
- request:
    method: post
    uri: https://staging2-lcm-prod.intgdc.com/gdc/md/l3398hstuqp0gegtnzmgpuyizfp6ddlh/obj/213/validElements?limit=100000&offset=0&order=asc
    body:
      encoding: UTF-8
      string: '{"validElementsRequest":{}}'
    headers:
      Accept:
      - application/json, application/zip
      Accept-Encoding:
      - gzip, deflate
      User-Agent:
      - gooddata-gem/1.1.0/x86_64-linux/2.4.1
      Content-Type:
      - application/json
      X-Gdc-Authtt:
      - "<X_GDC_AUTHTT>"
      X-Gdc-Request:
      - 6iqGHdhLmeTwYuBArB_-ag:RR2NCbBZUfu8p8wF454K9A
      Content-Length:
      - '27'
      Host:
      - staging2-lcm-prod.intgdc.com
  response:
    status:
      code: 200
      message: OK
    headers:
      Date:
      - Tue, 05 Jun 2018 08:27:31 GMT
      Server:
      - GoodData WebApp
      Keep-Alive:
      - timeout=5, max=61
      X-Gdc-Log-Header:
      - ''
      Cache-Control:
      - no-cache, no-store, must-revalidate
      Content-Type:
      - application/json;charset=UTF-8
      X-Gdc-Request:
      - 6iqGHdhLmeTwYuBArB_-ag:RR2NCbBZUfu8p8wF454K9A:5eHToGWu8dKfVrQD
      Vary:
      - origin
      X-Gdc-Request-Time:
      - '38'
      Transfer-Encoding:
      - chunked
      Strict-Transport-Security:
      - max-age=10886400; includeSubDomains; preload;
    body:
      encoding: ASCII-8BIT
      string: '{"validElements":{"elementsMeta":{"attribute":"/gdc/md/l3398hstuqp0gegtnzmgpuyizfp6ddlh/obj/211","filter":"","order":"asc","attributeDisplayForm":"/gdc/md/l3398hstuqp0gegtnzmgpuyizfp6ddlh/obj/213"},"paging":{"count":4,"total":"4","offset":"0"},"items":[{"element":{"title":"jirka@gooddata.com","uri":"/gdc/md/l3398hstuqp0gegtnzmgpuyizfp6ddlh/obj/211/elements?id=3"}},{"element":{"title":"josh@gooddata.com","uri":"/gdc/md/l3398hstuqp0gegtnzmgpuyizfp6ddlh/obj/211/elements?id=4"}},{"element":{"title":"petr@gooddata.com","uri":"/gdc/md/l3398hstuqp0gegtnzmgpuyizfp6ddlh/obj/211/elements?id=2"}},{"element":{"title":"tomas@gooddata.com","uri":"/gdc/md/l3398hstuqp0gegtnzmgpuyizfp6ddlh/obj/211/elements?id=1"}}]}}'
    http_version: 
  recorded_at: Tue, 05 Jun 2018 08:27:31 GMT
- request:
    method: get
    uri: https://staging2-lcm-prod.intgdc.com/gdc/md/l3398hstuqp0gegtnzmgpuyizfp6ddlh/obj/211
    body:
      encoding: US-ASCII
      string: ''
    headers:
      Accept:
      - application/json, application/zip
      Accept-Encoding:
      - gzip, deflate
      User-Agent:
      - gooddata-gem/1.1.0/x86_64-linux/2.4.1
      Content-Type:
      - application/json
      X-Gdc-Authtt:
      - "<X_GDC_AUTHTT>"
      X-Gdc-Request:
      - 6iqGHdhLmeTwYuBArB_-ag:Uj8_g2Gc91SeqV4NxZDcRA
      Host:
      - staging2-lcm-prod.intgdc.com
  response:
    status:
      code: 200
      message: OK
    headers:
      Date:
      - Tue, 05 Jun 2018 08:27:32 GMT
      Server:
      - GoodData WebApp
      Keep-Alive:
      - timeout=5, max=72
      X-Gdc-Log-Header:
      - ''
      Cache-Control:
      - no-cache, no-store, must-revalidate
      Content-Type:
      - application/json;charset=UTF-8
      Transfer-Encoding:
      - chunked
      Vary:
      - Accept-Encoding
      - origin
      X-Gdc-Request:
      - 6iqGHdhLmeTwYuBArB_-ag:Uj8_g2Gc91SeqV4NxZDcRA:vubWec1Wc9Uw8SQy
      X-Gdc-Request-Time:
      - '34'
      Strict-Transport-Security:
      - max-age=10886400; includeSubDomains; preload;
    body:
      encoding: ASCII-8BIT
      string: '{"attribute":{"content":{"pk":[{"type":"col","data":"/gdc/md/l3398hstuqp0gegtnzmgpuyizfp6ddlh/obj/18"}],"dimension":"/gdc/md/l3398hstuqp0gegtnzmgpuyizfp6ddlh/obj/210","displayForms":[{"content":{"formOf":"/gdc/md/l3398hstuqp0gegtnzmgpuyizfp6ddlh/obj/211","expression":"[/gdc/md/l3398hstuqp0gegtnzmgpuyizfp6ddlh/obj/20]","default":1},"links":{"elements":"/gdc/md/l3398hstuqp0gegtnzmgpuyizfp6ddlh/obj/213/elements"},"meta":{"author":"/gdc/account/profile/5ad80b895edcc438e5a4418e222733fa","uri":"/gdc/md/l3398hstuqp0gegtnzmgpuyizfp6ddlh/obj/213","tags":"","created":"2018-06-05
        10:21:48","identifier":"label.devs.dev_id.email","deprecated":"0","summary":"","isProduction":1,"title":"Email","category":"attributeDisplayForm","updated":"2018-06-05
        10:21:48","contributor":"/gdc/account/profile/5ad80b895edcc438e5a4418e222733fa"}},{"content":{"formOf":"/gdc/md/l3398hstuqp0gegtnzmgpuyizfp6ddlh/obj/211","expression":"[/gdc/md/l3398hstuqp0gegtnzmgpuyizfp6ddlh/obj/22]"},"links":{"elements":"/gdc/md/l3398hstuqp0gegtnzmgpuyizfp6ddlh/obj/212/elements"},"meta":{"author":"/gdc/account/profile/5ad80b895edcc438e5a4418e222733fa","uri":"/gdc/md/l3398hstuqp0gegtnzmgpuyizfp6ddlh/obj/212","tags":"","created":"2018-06-05
        10:21:48","identifier":"label.devs.dev_id.id","deprecated":"0","summary":"","isProduction":1,"title":"Id","category":"attributeDisplayForm","updated":"2018-06-05
        10:21:48","contributor":"/gdc/account/profile/5ad80b895edcc438e5a4418e222733fa"}}],"fk":[{"multivalue":false,"type":"col","data":"/gdc/md/l3398hstuqp0gegtnzmgpuyizfp6ddlh/obj/25"}]},"meta":{"author":"/gdc/account/profile/5ad80b895edcc438e5a4418e222733fa","uri":"/gdc/md/l3398hstuqp0gegtnzmgpuyizfp6ddlh/obj/211","tags":"","created":"2018-06-05
        10:21:48","identifier":"attr.devs.dev_id","deprecated":"0","summary":"","isProduction":1,"title":"Dev","category":"attribute","updated":"2018-06-05
        10:21:49","contributor":"/gdc/account/profile/5ad80b895edcc438e5a4418e222733fa"}}}'
    http_version: 
  recorded_at: Tue, 05 Jun 2018 08:27:32 GMT
- request:
    method: get
    uri: https://staging2-lcm-prod.intgdc.com/gdc/md/l3398hstuqp0gegtnzmgpuyizfp6ddlh/obj/213
    body:
      encoding: US-ASCII
      string: ''
    headers:
      Accept:
      - application/json, application/zip
      Accept-Encoding:
      - gzip, deflate
      User-Agent:
      - gooddata-gem/1.1.0/x86_64-linux/2.4.1
      Content-Type:
      - application/json
      X-Gdc-Authtt:
      - "<X_GDC_AUTHTT>"
      X-Gdc-Request:
      - 6iqGHdhLmeTwYuBArB_-ag:J16tFopbdyhUTxqSt8wAcQ
      Host:
      - staging2-lcm-prod.intgdc.com
  response:
    status:
      code: 200
      message: OK
    headers:
      Date:
      - Tue, 05 Jun 2018 08:27:32 GMT
      Server:
      - GoodData WebApp
      Keep-Alive:
      - timeout=5, max=95
      X-Gdc-Log-Header:
      - ''
      Cache-Control:
      - no-cache, no-store, must-revalidate
      Content-Type:
      - application/json;charset=UTF-8
      X-Gdc-Request:
      - 6iqGHdhLmeTwYuBArB_-ag:J16tFopbdyhUTxqSt8wAcQ:2BH8jIrlDhZ7AENi
      Vary:
      - origin
      X-Gdc-Request-Time:
      - '30'
      Transfer-Encoding:
      - chunked
      Strict-Transport-Security:
      - max-age=10886400; includeSubDomains; preload;
    body:
      encoding: ASCII-8BIT
      string: '{"attributeDisplayForm":{"content":{"formOf":"/gdc/md/l3398hstuqp0gegtnzmgpuyizfp6ddlh/obj/211","expression":"[/gdc/md/l3398hstuqp0gegtnzmgpuyizfp6ddlh/obj/20]","default":1},"links":{"elements":"/gdc/md/l3398hstuqp0gegtnzmgpuyizfp6ddlh/obj/213/elements"},"meta":{"author":"/gdc/account/profile/5ad80b895edcc438e5a4418e222733fa","uri":"/gdc/md/l3398hstuqp0gegtnzmgpuyizfp6ddlh/obj/213","tags":"","created":"2018-06-05
        10:21:48","identifier":"label.devs.dev_id.email","deprecated":"0","summary":"","isProduction":1,"title":"Email","category":"attributeDisplayForm","updated":"2018-06-05
        10:21:48","contributor":"/gdc/account/profile/5ad80b895edcc438e5a4418e222733fa"}}}'
    http_version: 
  recorded_at: Tue, 05 Jun 2018 08:27:32 GMT
- request:
    method: get
    uri: https://staging2-lcm-prod.intgdc.com/gdc/md/l3398hstuqp0gegtnzmgpuyizfp6ddlh/obj/212
    body:
      encoding: US-ASCII
      string: ''
    headers:
      Accept:
      - application/json, application/zip
      Accept-Encoding:
      - gzip, deflate
      User-Agent:
      - gooddata-gem/1.1.0/x86_64-linux/2.4.1
      Content-Type:
      - application/json
      X-Gdc-Authtt:
      - "<X_GDC_AUTHTT>"
      X-Gdc-Request:
      - 6iqGHdhLmeTwYuBArB_-ag:oBoESgiDXTgGhhuc7MAp3w
      Host:
      - staging2-lcm-prod.intgdc.com
  response:
    status:
      code: 200
      message: OK
    headers:
      Date:
      - Tue, 05 Jun 2018 08:27:33 GMT
      Server:
      - GoodData WebApp
      Keep-Alive:
      - timeout=5, max=67
      X-Gdc-Log-Header:
      - ''
      Cache-Control:
      - no-cache, no-store, must-revalidate
      Content-Type:
      - application/json;charset=UTF-8
      X-Gdc-Request:
      - 6iqGHdhLmeTwYuBArB_-ag:oBoESgiDXTgGhhuc7MAp3w:YY22BhWJiGr7AnDH
      Vary:
      - origin
      X-Gdc-Request-Time:
      - '27'
      Transfer-Encoding:
      - chunked
      Strict-Transport-Security:
      - max-age=10886400; includeSubDomains; preload;
    body:
      encoding: ASCII-8BIT
      string: '{"attributeDisplayForm":{"content":{"formOf":"/gdc/md/l3398hstuqp0gegtnzmgpuyizfp6ddlh/obj/211","expression":"[/gdc/md/l3398hstuqp0gegtnzmgpuyizfp6ddlh/obj/22]"},"links":{"elements":"/gdc/md/l3398hstuqp0gegtnzmgpuyizfp6ddlh/obj/212/elements"},"meta":{"author":"/gdc/account/profile/5ad80b895edcc438e5a4418e222733fa","uri":"/gdc/md/l3398hstuqp0gegtnzmgpuyizfp6ddlh/obj/212","tags":"","created":"2018-06-05
        10:21:48","identifier":"label.devs.dev_id.id","deprecated":"0","summary":"","isProduction":1,"title":"Id","category":"attributeDisplayForm","updated":"2018-06-05
        10:21:48","contributor":"/gdc/account/profile/5ad80b895edcc438e5a4418e222733fa"}}}'
    http_version: 
  recorded_at: Tue, 05 Jun 2018 08:27:33 GMT
- request:
    method: get
    uri: https://staging2-lcm-prod.intgdc.com/gdc/md/l3398hstuqp0gegtnzmgpuyizfp6ddlh/obj/213/elements/?id=1
    body:
      encoding: US-ASCII
      string: ''
    headers:
      Accept:
      - application/json, application/zip
      Accept-Encoding:
      - gzip, deflate
      User-Agent:
      - gooddata-gem/1.1.0/x86_64-linux/2.4.1
      Content-Type:
      - application/json
      X-Gdc-Authtt:
      - "<X_GDC_AUTHTT>"
      X-Gdc-Request:
      - 6iqGHdhLmeTwYuBArB_-ag:V46Q7j4YHLtAGhXF-JvJMA
      Host:
      - staging2-lcm-prod.intgdc.com
  response:
    status:
      code: 200
      message: OK
    headers:
      Date:
      - Tue, 05 Jun 2018 08:27:34 GMT
      Server:
      - GoodData WebApp
      Keep-Alive:
      - timeout=5, max=65
      X-Gdc-Log-Header:
      - ''
      Cache-Control:
      - no-cache, no-store, must-revalidate
      Content-Type:
      - application/json;charset=UTF-8
      X-Gdc-Request:
      - 6iqGHdhLmeTwYuBArB_-ag:V46Q7j4YHLtAGhXF-JvJMA:7up7jQyUxBiIBCkS
      Vary:
      - origin
      X-Gdc-Request-Time:
      - '41'
      Transfer-Encoding:
      - chunked
      Strict-Transport-Security:
      - max-age=10886400; includeSubDomains; preload;
    body:
      encoding: ASCII-8BIT
      string: '{"attributeElements":{"elementsMeta":{"count":1,"mode":"includeuris","filter":"","records":"1","prompt":"","attribute":"/gdc/md/l3398hstuqp0gegtnzmgpuyizfp6ddlh/obj/211","order":"asc","attributeDisplayForm":"/gdc/md/l3398hstuqp0gegtnzmgpuyizfp6ddlh/obj/213","offset":"0"},"elements":[{"title":"tomas@gooddata.com","uri":"/gdc/md/l3398hstuqp0gegtnzmgpuyizfp6ddlh/obj/211/elements?id=1"}],"paging":{"next":null,"count":1,"total":"1","offset":"0"}}}'
    http_version: 
  recorded_at: Tue, 05 Jun 2018 08:27:34 GMT
recorded_with: VCR 4.0.0
