---
http_interactions:
- request:
    method: post
    uri: https://staging2-lcm-prod.intgdc.com/gdc/md/uihlr91spuzouu4qph5twhixwg9gqice/identifiers
    body:
      encoding: UTF-8
      string: '{"identifierToUri":["attr.devs.dev_id"]}'
    headers:
      Accept:
      - application/json, application/zip
      Accept-Encoding:
      - gzip, deflate
      User-Agent:
      - gooddata-gem/1.1.0/x86_64-linux/2.4.1
      Content-Type:
      - application/json
      X-Gdc-Authtt:
      - "<X_GDC_AUTHTT>"
      X-Gdc-Request:
      - 824QlRRwvXysdGcdNrUp7w:oea1zhCUCYvMsuDVVzBiOw
      Content-Length:
      - '40'
      Host:
      - staging2-lcm-prod.intgdc.com
  response:
    status:
      code: 200
      message: OK
    headers:
      Date:
      - Tue, 05 Jun 2018 07:46:51 GMT
      Server:
      - GoodData WebApp
      Keep-Alive:
      - timeout=5, max=93
      X-Gdc-Log-Header:
      - ''
      Cache-Control:
      - no-cache, no-store, must-revalidate
      Content-Type:
      - application/json;charset=UTF-8
      X-Gdc-Request:
      - 824QlRRwvXysdGcdNrUp7w:oea1zhCUCYvMsuDVVzBiOw:PQQvqhB8L8hDt5Si
      Vary:
      - origin
      X-Gdc-Request-Time:
      - '24'
      Transfer-Encoding:
      - chunked
      Strict-Transport-Security:
      - max-age=10886400; includeSubDomains; preload;
    body:
      encoding: ASCII-8BIT
      string: '{"identifiers":[{"identifier":"attr.devs.dev_id","uri":"/gdc/md/uihlr91spuzouu4qph5twhixwg9gqice/obj/216"}]}'
    http_version: 
  recorded_at: Tue, 05 Jun 2018 07:46:51 GMT
- request:
    method: get
    uri: https://staging2-lcm-prod.intgdc.com/gdc/md/uihlr91spuzouu4qph5twhixwg9gqice/obj/216
    body:
      encoding: US-ASCII
      string: ''
    headers:
      Accept:
      - application/json, application/zip
      Accept-Encoding:
      - gzip, deflate
      User-Agent:
      - gooddata-gem/1.1.0/x86_64-linux/2.4.1
      Content-Type:
      - application/json
      X-Gdc-Authtt:
      - "<X_GDC_AUTHTT>"
      X-Gdc-Request:
      - 824QlRRwvXysdGcdNrUp7w:Dheq4wZbSaP6c9bzupvdbA
      Host:
      - staging2-lcm-prod.intgdc.com
  response:
    status:
      code: 200
      message: OK
    headers:
      Date:
      - Tue, 05 Jun 2018 07:46:51 GMT
      Server:
      - GoodData WebApp
      Keep-Alive:
      - timeout=5, max=93
      X-Gdc-Log-Header:
      - ''
      Cache-Control:
      - no-cache, no-store, must-revalidate
      Content-Type:
      - application/json;charset=UTF-8
      Transfer-Encoding:
      - chunked
      Vary:
      - Accept-Encoding
      - origin
      X-Gdc-Request:
      - 824QlRRwvXysdGcdNrUp7w:Dheq4wZbSaP6c9bzupvdbA:CNCY7mlEzdzfmZSf
      X-Gdc-Request-Time:
      - '33'
      Strict-Transport-Security:
      - max-age=10886400; includeSubDomains; preload;
    body:
      encoding: ASCII-8BIT
      string: '{"attribute":{"content":{"pk":[{"type":"col","data":"/gdc/md/uihlr91spuzouu4qph5twhixwg9gqice/obj/11"}],"dimension":"/gdc/md/uihlr91spuzouu4qph5twhixwg9gqice/obj/215","displayForms":[{"content":{"formOf":"/gdc/md/uihlr91spuzouu4qph5twhixwg9gqice/obj/216","expression":"[/gdc/md/uihlr91spuzouu4qph5twhixwg9gqice/obj/13]","default":1},"links":{"elements":"/gdc/md/uihlr91spuzouu4qph5twhixwg9gqice/obj/218/elements"},"meta":{"author":"/gdc/account/profile/5ad80b895edcc438e5a4418e222733fa","uri":"/gdc/md/uihlr91spuzouu4qph5twhixwg9gqice/obj/218","tags":"","created":"2018-06-05
        09:40:52","identifier":"label.devs.dev_id.email","deprecated":"0","summary":"","isProduction":1,"title":"Email","category":"attributeDisplayForm","updated":"2018-06-05
        09:40:52","contributor":"/gdc/account/profile/5ad80b895edcc438e5a4418e222733fa"}},{"content":{"formOf":"/gdc/md/uihlr91spuzouu4qph5twhixwg9gqice/obj/216","expression":"[/gdc/md/uihlr91spuzouu4qph5twhixwg9gqice/obj/15]"},"links":{"elements":"/gdc/md/uihlr91spuzouu4qph5twhixwg9gqice/obj/217/elements"},"meta":{"author":"/gdc/account/profile/5ad80b895edcc438e5a4418e222733fa","uri":"/gdc/md/uihlr91spuzouu4qph5twhixwg9gqice/obj/217","tags":"","created":"2018-06-05
        09:40:52","identifier":"label.devs.dev_id.id","deprecated":"0","summary":"","isProduction":1,"title":"Id","category":"attributeDisplayForm","updated":"2018-06-05
        09:40:52","contributor":"/gdc/account/profile/5ad80b895edcc438e5a4418e222733fa"}}],"fk":[{"multivalue":false,"type":"col","data":"/gdc/md/uihlr91spuzouu4qph5twhixwg9gqice/obj/25"}]},"meta":{"author":"/gdc/account/profile/5ad80b895edcc438e5a4418e222733fa","uri":"/gdc/md/uihlr91spuzouu4qph5twhixwg9gqice/obj/216","tags":"","created":"2018-06-05
        09:40:52","identifier":"attr.devs.dev_id","deprecated":"0","summary":"","isProduction":1,"title":"Dev","category":"attribute","updated":"2018-06-05
        09:40:53","contributor":"/gdc/account/profile/5ad80b895edcc438e5a4418e222733fa"}}}'
    http_version: 
  recorded_at: Tue, 05 Jun 2018 07:46:51 GMT
- request:
    method: get
    uri: https://staging2-lcm-prod.intgdc.com/gdc/md/uihlr91spuzouu4qph5twhixwg9gqice/obj/218
    body:
      encoding: US-ASCII
      string: ''
    headers:
      Accept:
      - application/json, application/zip
      Accept-Encoding:
      - gzip, deflate
      User-Agent:
      - gooddata-gem/1.1.0/x86_64-linux/2.4.1
      Content-Type:
      - application/json
      X-Gdc-Authtt:
      - "<X_GDC_AUTHTT>"
      X-Gdc-Request:
      - 824QlRRwvXysdGcdNrUp7w:nh-To58VTijr4bEqqcJXzg
      Host:
      - staging2-lcm-prod.intgdc.com
  response:
    status:
      code: 200
      message: OK
    headers:
      Date:
      - Tue, 05 Jun 2018 07:46:52 GMT
      Server:
      - GoodData WebApp
      Keep-Alive:
      - timeout=5, max=76
      X-Gdc-Log-Header:
      - ''
      Cache-Control:
      - no-cache, no-store, must-revalidate
      Content-Type:
      - application/json;charset=UTF-8
      X-Gdc-Request:
      - 824QlRRwvXysdGcdNrUp7w:nh-To58VTijr4bEqqcJXzg:KKWvukhk8mVbSURS
      Vary:
      - origin
      X-Gdc-Request-Time:
      - '29'
      Transfer-Encoding:
      - chunked
      Strict-Transport-Security:
      - max-age=10886400; includeSubDomains; preload;
    body:
      encoding: ASCII-8BIT
      string: '{"attributeDisplayForm":{"content":{"formOf":"/gdc/md/uihlr91spuzouu4qph5twhixwg9gqice/obj/216","expression":"[/gdc/md/uihlr91spuzouu4qph5twhixwg9gqice/obj/13]","default":1},"links":{"elements":"/gdc/md/uihlr91spuzouu4qph5twhixwg9gqice/obj/218/elements"},"meta":{"author":"/gdc/account/profile/5ad80b895edcc438e5a4418e222733fa","uri":"/gdc/md/uihlr91spuzouu4qph5twhixwg9gqice/obj/218","tags":"","created":"2018-06-05
        09:40:52","identifier":"label.devs.dev_id.email","deprecated":"0","summary":"","isProduction":1,"title":"Email","category":"attributeDisplayForm","updated":"2018-06-05
        09:40:52","contributor":"/gdc/account/profile/5ad80b895edcc438e5a4418e222733fa"}}}'
    http_version: 
  recorded_at: Tue, 05 Jun 2018 07:46:52 GMT
- request:
    method: get
    uri: https://staging2-lcm-prod.intgdc.com/gdc/md/uihlr91spuzouu4qph5twhixwg9gqice/obj/217
    body:
      encoding: US-ASCII
      string: ''
    headers:
      Accept:
      - application/json, application/zip
      Accept-Encoding:
      - gzip, deflate
      User-Agent:
      - gooddata-gem/1.1.0/x86_64-linux/2.4.1
      Content-Type:
      - application/json
      X-Gdc-Authtt:
      - "<X_GDC_AUTHTT>"
      X-Gdc-Request:
      - 824QlRRwvXysdGcdNrUp7w:hXAlO9Vp26rzc9jn6ekYMA
      Host:
      - staging2-lcm-prod.intgdc.com
  response:
    status:
      code: 200
      message: OK
    headers:
      Date:
      - Tue, 05 Jun 2018 07:46:53 GMT
      Server:
      - GoodData WebApp
      Keep-Alive:
      - timeout=5, max=75
      X-Gdc-Log-Header:
      - ''
      Cache-Control:
      - no-cache, no-store, must-revalidate
      Content-Type:
      - application/json;charset=UTF-8
      X-Gdc-Request:
      - 824QlRRwvXysdGcdNrUp7w:hXAlO9Vp26rzc9jn6ekYMA:l3auLF6QBljlrF8i
      Vary:
      - origin
      X-Gdc-Request-Time:
      - '29'
      Transfer-Encoding:
      - chunked
      Strict-Transport-Security:
      - max-age=10886400; includeSubDomains; preload;
    body:
      encoding: ASCII-8BIT
      string: '{"attributeDisplayForm":{"content":{"formOf":"/gdc/md/uihlr91spuzouu4qph5twhixwg9gqice/obj/216","expression":"[/gdc/md/uihlr91spuzouu4qph5twhixwg9gqice/obj/15]"},"links":{"elements":"/gdc/md/uihlr91spuzouu4qph5twhixwg9gqice/obj/217/elements"},"meta":{"author":"/gdc/account/profile/5ad80b895edcc438e5a4418e222733fa","uri":"/gdc/md/uihlr91spuzouu4qph5twhixwg9gqice/obj/217","tags":"","created":"2018-06-05
        09:40:52","identifier":"label.devs.dev_id.id","deprecated":"0","summary":"","isProduction":1,"title":"Id","category":"attributeDisplayForm","updated":"2018-06-05
        09:40:52","contributor":"/gdc/account/profile/5ad80b895edcc438e5a4418e222733fa"}}}'
    http_version: 
  recorded_at: Tue, 05 Jun 2018 07:46:53 GMT
- request:
    method: post
    uri: https://staging2-lcm-prod.intgdc.com/gdc/md/uihlr91spuzouu4qph5twhixwg9gqice/obj/218/validElements?limit=100&offset=0&order=asc
    body:
      encoding: UTF-8
      string: '{"validElementsRequest":{}}'
    headers:
      Accept:
      - application/json, application/zip
      Accept-Encoding:
      - gzip, deflate
      User-Agent:
      - gooddata-gem/1.1.0/x86_64-linux/2.4.1
      Content-Type:
      - application/json
      X-Gdc-Authtt:
      - "<X_GDC_AUTHTT>"
      X-Gdc-Request:
      - 824QlRRwvXysdGcdNrUp7w:Gcm9yretS_mK-ARCeL8d9A
      Content-Length:
      - '27'
      Host:
      - staging2-lcm-prod.intgdc.com
  response:
    status:
      code: 200
      message: OK
    headers:
      Date:
      - Tue, 05 Jun 2018 07:46:53 GMT
      Server:
      - GoodData WebApp
      Keep-Alive:
      - timeout=5, max=90
      X-Gdc-Log-Header:
      - ''
      Cache-Control:
      - no-cache, no-store, must-revalidate
      Content-Type:
      - application/json;charset=UTF-8
      X-Gdc-Request:
      - 824QlRRwvXysdGcdNrUp7w:Gcm9yretS_mK-ARCeL8d9A:rQUzDFK6CZJBSdZy
      Vary:
      - origin
      X-Gdc-Request-Time:
      - '54'
      Transfer-Encoding:
      - chunked
      Strict-Transport-Security:
      - max-age=10886400; includeSubDomains; preload;
    body:
      encoding: ASCII-8BIT
      string: '{"validElements":{"elementsMeta":{"attribute":"/gdc/md/uihlr91spuzouu4qph5twhixwg9gqice/obj/216","filter":"","order":"asc","attributeDisplayForm":"/gdc/md/uihlr91spuzouu4qph5twhixwg9gqice/obj/218"},"paging":{"count":4,"total":"4","offset":"0"},"items":[{"element":{"title":"jirka@gooddata.com","uri":"/gdc/md/uihlr91spuzouu4qph5twhixwg9gqice/obj/216/elements?id=3"}},{"element":{"title":"josh@gooddata.com","uri":"/gdc/md/uihlr91spuzouu4qph5twhixwg9gqice/obj/216/elements?id=4"}},{"element":{"title":"petr@gooddata.com","uri":"/gdc/md/uihlr91spuzouu4qph5twhixwg9gqice/obj/216/elements?id=2"}},{"element":{"title":"tomas@gooddata.com","uri":"/gdc/md/uihlr91spuzouu4qph5twhixwg9gqice/obj/216/elements?id=1"}}]}}'
    http_version: 
  recorded_at: Tue, 05 Jun 2018 07:46:53 GMT
- request:
    method: post
    uri: https://staging2-lcm-prod.intgdc.com/gdc/md/uihlr91spuzouu4qph5twhixwg9gqice/obj/218/validElements?limit=100000&offset=0&order=asc
    body:
      encoding: UTF-8
      string: '{"validElementsRequest":{}}'
    headers:
      Accept:
      - application/json, application/zip
      Accept-Encoding:
      - gzip, deflate
      User-Agent:
      - gooddata-gem/1.1.0/x86_64-linux/2.4.1
      Content-Type:
      - application/json
      X-Gdc-Authtt:
      - "<X_GDC_AUTHTT>"
      X-Gdc-Request:
      - 824QlRRwvXysdGcdNrUp7w:AyWVm8loA4ZSnsGCarhl7g
      Content-Length:
      - '27'
      Host:
      - staging2-lcm-prod.intgdc.com
  response:
    status:
      code: 200
      message: OK
    headers:
      Date:
      - Tue, 05 Jun 2018 07:46:54 GMT
      Server:
      - GoodData WebApp
      Keep-Alive:
      - timeout=5, max=90
      X-Gdc-Log-Header:
      - ''
      Cache-Control:
      - no-cache, no-store, must-revalidate
      Content-Type:
      - application/json;charset=UTF-8
      X-Gdc-Request:
      - 824QlRRwvXysdGcdNrUp7w:AyWVm8loA4ZSnsGCarhl7g:QwOs6hPb0jOb0OXx
      Vary:
      - origin
      X-Gdc-Request-Time:
      - '38'
      Transfer-Encoding:
      - chunked
      Strict-Transport-Security:
      - max-age=10886400; includeSubDomains; preload;
    body:
      encoding: ASCII-8BIT
      string: '{"validElements":{"elementsMeta":{"attribute":"/gdc/md/uihlr91spuzouu4qph5twhixwg9gqice/obj/216","filter":"","order":"asc","attributeDisplayForm":"/gdc/md/uihlr91spuzouu4qph5twhixwg9gqice/obj/218"},"paging":{"count":4,"total":"4","offset":"0"},"items":[{"element":{"title":"jirka@gooddata.com","uri":"/gdc/md/uihlr91spuzouu4qph5twhixwg9gqice/obj/216/elements?id=3"}},{"element":{"title":"josh@gooddata.com","uri":"/gdc/md/uihlr91spuzouu4qph5twhixwg9gqice/obj/216/elements?id=4"}},{"element":{"title":"petr@gooddata.com","uri":"/gdc/md/uihlr91spuzouu4qph5twhixwg9gqice/obj/216/elements?id=2"}},{"element":{"title":"tomas@gooddata.com","uri":"/gdc/md/uihlr91spuzouu4qph5twhixwg9gqice/obj/216/elements?id=1"}}]}}'
    http_version: 
  recorded_at: Tue, 05 Jun 2018 07:46:54 GMT
- request:
    method: post
    uri: https://staging2-lcm-prod.intgdc.com/gdc/md/uihlr91spuzouu4qph5twhixwg9gqice/obj/217/validElements?limit=100&offset=0&order=asc
    body:
      encoding: UTF-8
      string: '{"validElementsRequest":{}}'
    headers:
      Accept:
      - application/json, application/zip
      Accept-Encoding:
      - gzip, deflate
      User-Agent:
      - gooddata-gem/1.1.0/x86_64-linux/2.4.1
      Content-Type:
      - application/json
      X-Gdc-Authtt:
      - "<X_GDC_AUTHTT>"
      X-Gdc-Request:
      - 824QlRRwvXysdGcdNrUp7w:iD58LB_GPPMboTKn72qjLw
      Content-Length:
      - '27'
      Host:
      - staging2-lcm-prod.intgdc.com
  response:
    status:
      code: 200
      message: OK
    headers:
      Date:
      - Tue, 05 Jun 2018 07:46:54 GMT
      Server:
      - GoodData WebApp
      Keep-Alive:
      - timeout=5, max=89
      X-Gdc-Log-Header:
      - ''
      Cache-Control:
      - no-cache, no-store, must-revalidate
      Content-Type:
      - application/json;charset=UTF-8
      X-Gdc-Request:
      - 824QlRRwvXysdGcdNrUp7w:iD58LB_GPPMboTKn72qjLw:ok6sDjCbIbb9cTN4
      Vary:
      - origin
      X-Gdc-Request-Time:
      - '43'
      Transfer-Encoding:
      - chunked
      Strict-Transport-Security:
      - max-age=10886400; includeSubDomains; preload;
    body:
      encoding: ASCII-8BIT
      string: '{"validElements":{"elementsMeta":{"attribute":"/gdc/md/uihlr91spuzouu4qph5twhixwg9gqice/obj/216","filter":"","order":"asc","attributeDisplayForm":"/gdc/md/uihlr91spuzouu4qph5twhixwg9gqice/obj/217"},"paging":{"count":4,"total":"4","offset":"0"},"items":[{"element":{"title":"1","uri":"/gdc/md/uihlr91spuzouu4qph5twhixwg9gqice/obj/216/elements?id=1"}},{"element":{"title":"2","uri":"/gdc/md/uihlr91spuzouu4qph5twhixwg9gqice/obj/216/elements?id=2"}},{"element":{"title":"3","uri":"/gdc/md/uihlr91spuzouu4qph5twhixwg9gqice/obj/216/elements?id=3"}},{"element":{"title":"4","uri":"/gdc/md/uihlr91spuzouu4qph5twhixwg9gqice/obj/216/elements?id=4"}}]}}'
    http_version: 
  recorded_at: Tue, 05 Jun 2018 07:46:54 GMT
- request:
    method: post
    uri: https://staging2-lcm-prod.intgdc.com/gdc/md/uihlr91spuzouu4qph5twhixwg9gqice/obj/217/validElements?limit=100000&offset=0&order=asc
    body:
      encoding: UTF-8
      string: '{"validElementsRequest":{}}'
    headers:
      Accept:
      - application/json, application/zip
      Accept-Encoding:
      - gzip, deflate
      User-Agent:
      - gooddata-gem/1.1.0/x86_64-linux/2.4.1
      Content-Type:
      - application/json
      X-Gdc-Authtt:
      - "<X_GDC_AUTHTT>"
      X-Gdc-Request:
      - 824QlRRwvXysdGcdNrUp7w:TQksDmEYUcVbbqUHDpDq9g
      Content-Length:
      - '27'
      Host:
      - staging2-lcm-prod.intgdc.com
  response:
    status:
      code: 200
      message: OK
    headers:
      Date:
      - Tue, 05 Jun 2018 07:46:55 GMT
      Server:
      - GoodData WebApp
      Keep-Alive:
      - timeout=5, max=74
      X-Gdc-Log-Header:
      - ''
      Cache-Control:
      - no-cache, no-store, must-revalidate
      Content-Type:
      - application/json;charset=UTF-8
      X-Gdc-Request:
      - 824QlRRwvXysdGcdNrUp7w:TQksDmEYUcVbbqUHDpDq9g:uKfZhYNPIdfEUIdU
      Vary:
      - origin
      X-Gdc-Request-Time:
      - '39'
      Transfer-Encoding:
      - chunked
      Strict-Transport-Security:
      - max-age=10886400; includeSubDomains; preload;
    body:
      encoding: ASCII-8BIT
      string: '{"validElements":{"elementsMeta":{"attribute":"/gdc/md/uihlr91spuzouu4qph5twhixwg9gqice/obj/216","filter":"","order":"asc","attributeDisplayForm":"/gdc/md/uihlr91spuzouu4qph5twhixwg9gqice/obj/217"},"paging":{"count":4,"total":"4","offset":"0"},"items":[{"element":{"title":"1","uri":"/gdc/md/uihlr91spuzouu4qph5twhixwg9gqice/obj/216/elements?id=1"}},{"element":{"title":"2","uri":"/gdc/md/uihlr91spuzouu4qph5twhixwg9gqice/obj/216/elements?id=2"}},{"element":{"title":"3","uri":"/gdc/md/uihlr91spuzouu4qph5twhixwg9gqice/obj/216/elements?id=3"}},{"element":{"title":"4","uri":"/gdc/md/uihlr91spuzouu4qph5twhixwg9gqice/obj/216/elements?id=4"}}]}}'
    http_version: 
  recorded_at: Tue, 05 Jun 2018 07:46:55 GMT
- request:
    method: post
    uri: https://staging2-lcm-prod.intgdc.com/gdc/md/l3398hstuqp0gegtnzmgpuyizfp6ddlh/identifiers
    body:
      encoding: UTF-8
      string: '{"identifierToUri":["attr.devs.dev_id"]}'
    headers:
      Accept:
      - application/json, application/zip
      Accept-Encoding:
      - gzip, deflate
      User-Agent:
      - gooddata-gem/1.1.0/x86_64-linux/2.4.1
      Content-Type:
      - application/json
      X-Gdc-Authtt:
      - "<X_GDC_AUTHTT>"
      X-Gdc-Request:
      - 6iqGHdhLmeTwYuBArB_-ag:pMgtY57yz4hudzuiAxW71A
      Content-Length:
      - '40'
      Host:
      - staging2-lcm-prod.intgdc.com
  response:
    status:
      code: 200
      message: OK
    headers:
      Date:
      - Tue, 05 Jun 2018 08:27:37 GMT
      Server:
      - GoodData WebApp
      Keep-Alive:
      - timeout=5, max=97
      X-Gdc-Log-Header:
      - ''
      Cache-Control:
      - no-cache, no-store, must-revalidate
      Content-Type:
      - application/json;charset=UTF-8
      X-Gdc-Request:
      - 6iqGHdhLmeTwYuBArB_-ag:pMgtY57yz4hudzuiAxW71A:Mhdu8mJRZAwZ2IcU
      Vary:
      - origin
      X-Gdc-Request-Time:
      - '24'
      Transfer-Encoding:
      - chunked
      Strict-Transport-Security:
      - max-age=10886400; includeSubDomains; preload;
    body:
      encoding: ASCII-8BIT
      string: '{"identifiers":[{"identifier":"attr.devs.dev_id","uri":"/gdc/md/l3398hstuqp0gegtnzmgpuyizfp6ddlh/obj/211"}]}'
    http_version: 
  recorded_at: Tue, 05 Jun 2018 08:27:37 GMT
- request:
    method: get
    uri: https://staging2-lcm-prod.intgdc.com/gdc/md/l3398hstuqp0gegtnzmgpuyizfp6ddlh/obj/211
    body:
      encoding: US-ASCII
      string: ''
    headers:
      Accept:
      - application/json, application/zip
      Accept-Encoding:
      - gzip, deflate
      User-Agent:
      - gooddata-gem/1.1.0/x86_64-linux/2.4.1
      Content-Type:
      - application/json
      X-Gdc-Authtt:
      - "<X_GDC_AUTHTT>"
      X-Gdc-Request:
      - 6iqGHdhLmeTwYuBArB_-ag:jwYs8pgmQee-X-UcnLbVgA
      Host:
      - staging2-lcm-prod.intgdc.com
  response:
    status:
      code: 200
      message: OK
    headers:
      Date:
      - Tue, 05 Jun 2018 08:27:38 GMT
      Server:
      - GoodData WebApp
      Keep-Alive:
      - timeout=5, max=88
      X-Gdc-Log-Header:
      - ''
      Cache-Control:
      - no-cache, no-store, must-revalidate
      Content-Type:
      - application/json;charset=UTF-8
      Transfer-Encoding:
      - chunked
      Vary:
      - Accept-Encoding
      - origin
      X-Gdc-Request:
      - 6iqGHdhLmeTwYuBArB_-ag:jwYs8pgmQee-X-UcnLbVgA:fVjKBBaHNcuWbWNm
      X-Gdc-Request-Time:
      - '38'
      Strict-Transport-Security:
      - max-age=10886400; includeSubDomains; preload;
    body:
      encoding: ASCII-8BIT
      string: '{"attribute":{"content":{"pk":[{"type":"col","data":"/gdc/md/l3398hstuqp0gegtnzmgpuyizfp6ddlh/obj/18"}],"dimension":"/gdc/md/l3398hstuqp0gegtnzmgpuyizfp6ddlh/obj/210","displayForms":[{"content":{"formOf":"/gdc/md/l3398hstuqp0gegtnzmgpuyizfp6ddlh/obj/211","expression":"[/gdc/md/l3398hstuqp0gegtnzmgpuyizfp6ddlh/obj/20]","default":1},"links":{"elements":"/gdc/md/l3398hstuqp0gegtnzmgpuyizfp6ddlh/obj/213/elements"},"meta":{"author":"/gdc/account/profile/5ad80b895edcc438e5a4418e222733fa","uri":"/gdc/md/l3398hstuqp0gegtnzmgpuyizfp6ddlh/obj/213","tags":"","created":"2018-06-05
        10:21:48","identifier":"label.devs.dev_id.email","deprecated":"0","summary":"","isProduction":1,"title":"Email","category":"attributeDisplayForm","updated":"2018-06-05
        10:21:48","contributor":"/gdc/account/profile/5ad80b895edcc438e5a4418e222733fa"}},{"content":{"formOf":"/gdc/md/l3398hstuqp0gegtnzmgpuyizfp6ddlh/obj/211","expression":"[/gdc/md/l3398hstuqp0gegtnzmgpuyizfp6ddlh/obj/22]"},"links":{"elements":"/gdc/md/l3398hstuqp0gegtnzmgpuyizfp6ddlh/obj/212/elements"},"meta":{"author":"/gdc/account/profile/5ad80b895edcc438e5a4418e222733fa","uri":"/gdc/md/l3398hstuqp0gegtnzmgpuyizfp6ddlh/obj/212","tags":"","created":"2018-06-05
        10:21:48","identifier":"label.devs.dev_id.id","deprecated":"0","summary":"","isProduction":1,"title":"Id","category":"attributeDisplayForm","updated":"2018-06-05
        10:21:48","contributor":"/gdc/account/profile/5ad80b895edcc438e5a4418e222733fa"}}],"fk":[{"multivalue":false,"type":"col","data":"/gdc/md/l3398hstuqp0gegtnzmgpuyizfp6ddlh/obj/25"}]},"meta":{"author":"/gdc/account/profile/5ad80b895edcc438e5a4418e222733fa","uri":"/gdc/md/l3398hstuqp0gegtnzmgpuyizfp6ddlh/obj/211","tags":"","created":"2018-06-05
        10:21:48","identifier":"attr.devs.dev_id","deprecated":"0","summary":"","isProduction":1,"title":"Dev","category":"attribute","updated":"2018-06-05
        10:21:49","contributor":"/gdc/account/profile/5ad80b895edcc438e5a4418e222733fa"}}}'
    http_version: 
  recorded_at: Tue, 05 Jun 2018 08:27:38 GMT
- request:
    method: get
    uri: https://staging2-lcm-prod.intgdc.com/gdc/md/l3398hstuqp0gegtnzmgpuyizfp6ddlh/obj/213
    body:
      encoding: US-ASCII
      string: ''
    headers:
      Accept:
      - application/json, application/zip
      Accept-Encoding:
      - gzip, deflate
      User-Agent:
      - gooddata-gem/1.1.0/x86_64-linux/2.4.1
      Content-Type:
      - application/json
      X-Gdc-Authtt:
      - "<X_GDC_AUTHTT>"
      X-Gdc-Request:
      - 6iqGHdhLmeTwYuBArB_-ag:EBL913Zej9jkTNnOkbHGcA
      Host:
      - staging2-lcm-prod.intgdc.com
  response:
    status:
      code: 200
      message: OK
    headers:
      Date:
      - Tue, 05 Jun 2018 08:27:39 GMT
      Server:
      - GoodData WebApp
      Keep-Alive:
      - timeout=5, max=96
      X-Gdc-Log-Header:
      - ''
      Cache-Control:
      - no-cache, no-store, must-revalidate
      Content-Type:
      - application/json;charset=UTF-8
      X-Gdc-Request:
      - 6iqGHdhLmeTwYuBArB_-ag:EBL913Zej9jkTNnOkbHGcA:P9OVUilG7ZTbgdaN
      Vary:
      - origin
      X-Gdc-Request-Time:
      - '30'
      Transfer-Encoding:
      - chunked
      Strict-Transport-Security:
      - max-age=10886400; includeSubDomains; preload;
    body:
      encoding: ASCII-8BIT
      string: '{"attributeDisplayForm":{"content":{"formOf":"/gdc/md/l3398hstuqp0gegtnzmgpuyizfp6ddlh/obj/211","expression":"[/gdc/md/l3398hstuqp0gegtnzmgpuyizfp6ddlh/obj/20]","default":1},"links":{"elements":"/gdc/md/l3398hstuqp0gegtnzmgpuyizfp6ddlh/obj/213/elements"},"meta":{"author":"/gdc/account/profile/5ad80b895edcc438e5a4418e222733fa","uri":"/gdc/md/l3398hstuqp0gegtnzmgpuyizfp6ddlh/obj/213","tags":"","created":"2018-06-05
        10:21:48","identifier":"label.devs.dev_id.email","deprecated":"0","summary":"","isProduction":1,"title":"Email","category":"attributeDisplayForm","updated":"2018-06-05
        10:21:48","contributor":"/gdc/account/profile/5ad80b895edcc438e5a4418e222733fa"}}}'
    http_version: 
  recorded_at: Tue, 05 Jun 2018 08:27:39 GMT
- request:
    method: get
    uri: https://staging2-lcm-prod.intgdc.com/gdc/md/l3398hstuqp0gegtnzmgpuyizfp6ddlh/obj/212
    body:
      encoding: US-ASCII
      string: ''
    headers:
      Accept:
      - application/json, application/zip
      Accept-Encoding:
      - gzip, deflate
      User-Agent:
      - gooddata-gem/1.1.0/x86_64-linux/2.4.1
      Content-Type:
      - application/json
      X-Gdc-Authtt:
      - "<X_GDC_AUTHTT>"
      X-Gdc-Request:
      - 6iqGHdhLmeTwYuBArB_-ag:oSmRn8TDdmlFp6SF2a4qag
      Host:
      - staging2-lcm-prod.intgdc.com
  response:
    status:
      code: 200
      message: OK
    headers:
      Date:
      - Tue, 05 Jun 2018 08:27:39 GMT
      Server:
      - GoodData WebApp
      Keep-Alive:
      - timeout=5, max=100
      X-Gdc-Log-Header:
      - ''
      Cache-Control:
      - no-cache, no-store, must-revalidate
      Content-Type:
      - application/json;charset=UTF-8
      X-Gdc-Request:
      - 6iqGHdhLmeTwYuBArB_-ag:oSmRn8TDdmlFp6SF2a4qag:y2sgAIvXSlVPFjF3
      Vary:
      - origin
      X-Gdc-Request-Time:
      - '32'
      Transfer-Encoding:
      - chunked
      Strict-Transport-Security:
      - max-age=10886400; includeSubDomains; preload;
    body:
      encoding: ASCII-8BIT
      string: '{"attributeDisplayForm":{"content":{"formOf":"/gdc/md/l3398hstuqp0gegtnzmgpuyizfp6ddlh/obj/211","expression":"[/gdc/md/l3398hstuqp0gegtnzmgpuyizfp6ddlh/obj/22]"},"links":{"elements":"/gdc/md/l3398hstuqp0gegtnzmgpuyizfp6ddlh/obj/212/elements"},"meta":{"author":"/gdc/account/profile/5ad80b895edcc438e5a4418e222733fa","uri":"/gdc/md/l3398hstuqp0gegtnzmgpuyizfp6ddlh/obj/212","tags":"","created":"2018-06-05
        10:21:48","identifier":"label.devs.dev_id.id","deprecated":"0","summary":"","isProduction":1,"title":"Id","category":"attributeDisplayForm","updated":"2018-06-05
        10:21:48","contributor":"/gdc/account/profile/5ad80b895edcc438e5a4418e222733fa"}}}'
    http_version: 
  recorded_at: Tue, 05 Jun 2018 08:27:39 GMT
- request:
    method: post
    uri: https://staging2-lcm-prod.intgdc.com/gdc/md/l3398hstuqp0gegtnzmgpuyizfp6ddlh/obj/213/validElements?limit=100&offset=0&order=asc
    body:
      encoding: UTF-8
      string: '{"validElementsRequest":{}}'
    headers:
      Accept:
      - application/json, application/zip
      Accept-Encoding:
      - gzip, deflate
      User-Agent:
      - gooddata-gem/1.1.0/x86_64-linux/2.4.1
      Content-Type:
      - application/json
      X-Gdc-Authtt:
      - "<X_GDC_AUTHTT>"
      X-Gdc-Request:
      - 6iqGHdhLmeTwYuBArB_-ag:aMEns7nFovzkIay__-lCNw
      Content-Length:
      - '27'
      Host:
      - staging2-lcm-prod.intgdc.com
  response:
    status:
      code: 200
      message: OK
    headers:
      Date:
      - Tue, 05 Jun 2018 08:27:40 GMT
      Server:
      - GoodData WebApp
      Keep-Alive:
      - timeout=5, max=99
      X-Gdc-Log-Header:
      - ''
      Cache-Control:
      - no-cache, no-store, must-revalidate
      Content-Type:
      - application/json;charset=UTF-8
      X-Gdc-Request:
      - 6iqGHdhLmeTwYuBArB_-ag:aMEns7nFovzkIay__-lCNw:nfy4gqLMpS82MZBT
      Vary:
      - origin
      X-Gdc-Request-Time:
      - '41'
      Transfer-Encoding:
      - chunked
      Strict-Transport-Security:
      - max-age=10886400; includeSubDomains; preload;
    body:
      encoding: ASCII-8BIT
      string: '{"validElements":{"elementsMeta":{"attribute":"/gdc/md/l3398hstuqp0gegtnzmgpuyizfp6ddlh/obj/211","filter":"","order":"asc","attributeDisplayForm":"/gdc/md/l3398hstuqp0gegtnzmgpuyizfp6ddlh/obj/213"},"paging":{"count":4,"total":"4","offset":"0"},"items":[{"element":{"title":"jirka@gooddata.com","uri":"/gdc/md/l3398hstuqp0gegtnzmgpuyizfp6ddlh/obj/211/elements?id=3"}},{"element":{"title":"josh@gooddata.com","uri":"/gdc/md/l3398hstuqp0gegtnzmgpuyizfp6ddlh/obj/211/elements?id=4"}},{"element":{"title":"petr@gooddata.com","uri":"/gdc/md/l3398hstuqp0gegtnzmgpuyizfp6ddlh/obj/211/elements?id=2"}},{"element":{"title":"tomas@gooddata.com","uri":"/gdc/md/l3398hstuqp0gegtnzmgpuyizfp6ddlh/obj/211/elements?id=1"}}]}}'
    http_version: 
  recorded_at: Tue, 05 Jun 2018 08:27:40 GMT
- request:
    method: post
    uri: https://staging2-lcm-prod.intgdc.com/gdc/md/l3398hstuqp0gegtnzmgpuyizfp6ddlh/obj/213/validElements?limit=100000&offset=0&order=asc
    body:
      encoding: UTF-8
      string: '{"validElementsRequest":{}}'
    headers:
      Accept:
      - application/json, application/zip
      Accept-Encoding:
      - gzip, deflate
      User-Agent:
      - gooddata-gem/1.1.0/x86_64-linux/2.4.1
      Content-Type:
      - application/json
      X-Gdc-Authtt:
      - "<X_GDC_AUTHTT>"
      X-Gdc-Request:
      - 6iqGHdhLmeTwYuBArB_-ag:Pw4bdbqKgFRUU0lTiHPb4A
      Content-Length:
      - '27'
      Host:
      - staging2-lcm-prod.intgdc.com
  response:
    status:
      code: 200
      message: OK
    headers:
      Date:
      - Tue, 05 Jun 2018 08:27:40 GMT
      Server:
      - GoodData WebApp
      Keep-Alive:
      - timeout=5, max=85
      X-Gdc-Log-Header:
      - ''
      Cache-Control:
      - no-cache, no-store, must-revalidate
      Content-Type:
      - application/json;charset=UTF-8
      X-Gdc-Request:
      - 6iqGHdhLmeTwYuBArB_-ag:Pw4bdbqKgFRUU0lTiHPb4A:jNgqufm5D134W3KT
      Vary:
      - origin
      X-Gdc-Request-Time:
      - '38'
      Transfer-Encoding:
      - chunked
      Strict-Transport-Security:
      - max-age=10886400; includeSubDomains; preload;
    body:
      encoding: ASCII-8BIT
      string: '{"validElements":{"elementsMeta":{"attribute":"/gdc/md/l3398hstuqp0gegtnzmgpuyizfp6ddlh/obj/211","filter":"","order":"asc","attributeDisplayForm":"/gdc/md/l3398hstuqp0gegtnzmgpuyizfp6ddlh/obj/213"},"paging":{"count":4,"total":"4","offset":"0"},"items":[{"element":{"title":"jirka@gooddata.com","uri":"/gdc/md/l3398hstuqp0gegtnzmgpuyizfp6ddlh/obj/211/elements?id=3"}},{"element":{"title":"josh@gooddata.com","uri":"/gdc/md/l3398hstuqp0gegtnzmgpuyizfp6ddlh/obj/211/elements?id=4"}},{"element":{"title":"petr@gooddata.com","uri":"/gdc/md/l3398hstuqp0gegtnzmgpuyizfp6ddlh/obj/211/elements?id=2"}},{"element":{"title":"tomas@gooddata.com","uri":"/gdc/md/l3398hstuqp0gegtnzmgpuyizfp6ddlh/obj/211/elements?id=1"}}]}}'
    http_version: 
  recorded_at: Tue, 05 Jun 2018 08:27:40 GMT
- request:
    method: post
    uri: https://staging2-lcm-prod.intgdc.com/gdc/md/l3398hstuqp0gegtnzmgpuyizfp6ddlh/obj/212/validElements?limit=100&offset=0&order=asc
    body:
      encoding: UTF-8
      string: '{"validElementsRequest":{}}'
    headers:
      Accept:
      - application/json, application/zip
      Accept-Encoding:
      - gzip, deflate
      User-Agent:
      - gooddata-gem/1.1.0/x86_64-linux/2.4.1
      Content-Type:
      - application/json
      X-Gdc-Authtt:
      - "<X_GDC_AUTHTT>"
      X-Gdc-Request:
      - 6iqGHdhLmeTwYuBArB_-ag:oo2XqJ5fxCT4lbTMqxKbJQ
      Content-Length:
      - '27'
      Host:
      - staging2-lcm-prod.intgdc.com
  response:
    status:
      code: 200
      message: OK
    headers:
      Date:
      - Tue, 05 Jun 2018 08:27:41 GMT
      Server:
      - GoodData WebApp
      Keep-Alive:
      - timeout=5, max=84
      X-Gdc-Log-Header:
      - ''
      Cache-Control:
      - no-cache, no-store, must-revalidate
      Content-Type:
      - application/json;charset=UTF-8
      X-Gdc-Request:
      - 6iqGHdhLmeTwYuBArB_-ag:oo2XqJ5fxCT4lbTMqxKbJQ:MhmjsQolbNPFrK3m
      Vary:
      - origin
      X-Gdc-Request-Time:
      - '41'
      Transfer-Encoding:
      - chunked
      Strict-Transport-Security:
      - max-age=10886400; includeSubDomains; preload;
    body:
      encoding: ASCII-8BIT
      string: '{"validElements":{"elementsMeta":{"attribute":"/gdc/md/l3398hstuqp0gegtnzmgpuyizfp6ddlh/obj/211","filter":"","order":"asc","attributeDisplayForm":"/gdc/md/l3398hstuqp0gegtnzmgpuyizfp6ddlh/obj/212"},"paging":{"count":4,"total":"4","offset":"0"},"items":[{"element":{"title":"1","uri":"/gdc/md/l3398hstuqp0gegtnzmgpuyizfp6ddlh/obj/211/elements?id=1"}},{"element":{"title":"2","uri":"/gdc/md/l3398hstuqp0gegtnzmgpuyizfp6ddlh/obj/211/elements?id=2"}},{"element":{"title":"3","uri":"/gdc/md/l3398hstuqp0gegtnzmgpuyizfp6ddlh/obj/211/elements?id=3"}},{"element":{"title":"4","uri":"/gdc/md/l3398hstuqp0gegtnzmgpuyizfp6ddlh/obj/211/elements?id=4"}}]}}'
    http_version: 
  recorded_at: Tue, 05 Jun 2018 08:27:41 GMT
- request:
    method: post
    uri: https://staging2-lcm-prod.intgdc.com/gdc/md/l3398hstuqp0gegtnzmgpuyizfp6ddlh/obj/212/validElements?limit=100000&offset=0&order=asc
    body:
      encoding: UTF-8
      string: '{"validElementsRequest":{}}'
    headers:
      Accept:
      - application/json, application/zip
      Accept-Encoding:
      - gzip, deflate
      User-Agent:
      - gooddata-gem/1.1.0/x86_64-linux/2.4.1
      Content-Type:
      - application/json
      X-Gdc-Authtt:
      - "<X_GDC_AUTHTT>"
      X-Gdc-Request:
      - 6iqGHdhLmeTwYuBArB_-ag:NurOpdcNHAdvTAAWCcImdA
      Content-Length:
      - '27'
      Host:
      - staging2-lcm-prod.intgdc.com
  response:
    status:
      code: 200
      message: OK
    headers:
      Date:
      - Tue, 05 Jun 2018 08:27:41 GMT
      Server:
      - GoodData WebApp
      Keep-Alive:
      - timeout=5, max=98
      X-Gdc-Log-Header:
      - ''
      Cache-Control:
      - no-cache, no-store, must-revalidate
      Content-Type:
      - application/json;charset=UTF-8
      X-Gdc-Request:
      - 6iqGHdhLmeTwYuBArB_-ag:NurOpdcNHAdvTAAWCcImdA:cfLneBKwNZ3fnjEy
      Vary:
      - origin
      X-Gdc-Request-Time:
      - '42'
      Transfer-Encoding:
      - chunked
      Strict-Transport-Security:
      - max-age=10886400; includeSubDomains; preload;
    body:
      encoding: ASCII-8BIT
      string: '{"validElements":{"elementsMeta":{"attribute":"/gdc/md/l3398hstuqp0gegtnzmgpuyizfp6ddlh/obj/211","filter":"","order":"asc","attributeDisplayForm":"/gdc/md/l3398hstuqp0gegtnzmgpuyizfp6ddlh/obj/212"},"paging":{"count":4,"total":"4","offset":"0"},"items":[{"element":{"title":"1","uri":"/gdc/md/l3398hstuqp0gegtnzmgpuyizfp6ddlh/obj/211/elements?id=1"}},{"element":{"title":"2","uri":"/gdc/md/l3398hstuqp0gegtnzmgpuyizfp6ddlh/obj/211/elements?id=2"}},{"element":{"title":"3","uri":"/gdc/md/l3398hstuqp0gegtnzmgpuyizfp6ddlh/obj/211/elements?id=3"}},{"element":{"title":"4","uri":"/gdc/md/l3398hstuqp0gegtnzmgpuyizfp6ddlh/obj/211/elements?id=4"}}]}}'
    http_version: 
  recorded_at: Tue, 05 Jun 2018 08:27:42 GMT
recorded_with: VCR 4.0.0
