---
http_interactions:
- request:
    method: get
    uri: https://staging2-lcm-prod.intgdc.com/gdc/dataload/projects/j2tzl8cmbome4ugne2mhli9wj9pmd9w6/outputStage
    body:
      encoding: US-ASCII
      string: ''
    headers:
      Accept:
      - application/json, application/zip
      Accept-Encoding:
      - gzip, deflate
      User-Agent:
      - gooddata-gem/2.1.3/x86_64-darwin18/2.4.5
      Content-Type:
      - application/json
      X-Gdc-Authtt:
      - "<X_GDC_AUTHTT>"
      X-Gdc-Request:
      - ":mqq9aj74KN01b_JNGLlprw:1qKFcSc4WiW1eQCd5F02ww"
      Stats-On:
      - ''
      Host:
      - staging2-lcm-prod.intgdc.com
  response:
    status:
      code: 200
      message: OK
    headers:
      X-Gdc-Log-Header:
      - ''
      Content-Type:
      - application/json;charset=UTF-8
      Date:
      - Thu, 18 Apr 2019 12:59:53 GMT
      Server:
      - GoodData WebApp
      X-Gdc-Request:
      - ":mqq9aj74KN01b_JNGLlprw:1qKFcSc4WiW1eQCd5F02ww:MZqAPbhL5zzZs1VI"
      Vary:
      - origin
      Cache-Control:
      - no-cache, no-store, must-revalidate
      X-Gdc-Request-Time:
      - '184'
      Transfer-Encoding:
      - chunked
      Strict-Transport-Security:
      - max-age=10886400; includeSubDomains; preload;
    body:
      encoding: ASCII-8BIT
      string: '{"outputStage":{"links":{"self":"/gdc/dataload/projects/j2tzl8cmbome4ugne2mhli9wj9pmd9w6/outputStage","outputStageDiff":"/gdc/dataload/projects/j2tzl8cmbome4ugne2mhli9wj9pmd9w6/outputStage/sqlDiff"}}}'
    http_version: null
  recorded_at: Thu, 18 Apr 2019 12:59:53 GMT
- request:
    method: get
    uri: https://staging2-lcm-prod.intgdc.com/gdc/dataload/projects/m5sam0e9tjgghtstn5re30se45kioqmt/outputStage
    body:
      encoding: US-ASCII
      string: ''
    headers:
      Accept:
      - application/json, application/zip
      Accept-Encoding:
      - gzip, deflate
      User-Agent:
      - gooddata-gem/2.1.3/x86_64-darwin18/2.4.5
      Content-Type:
      - application/json
      X-Gdc-Authtt:
      - "<X_GDC_AUTHTT>"
      X-Gdc-Request:
      - ":mqq9aj74KN01b_JNGLlprw:8IdFy4InHaCJzp-oSSwn4w"
      Stats-On:
      - ''
      Host:
      - staging2-lcm-prod.intgdc.com
  response:
    status:
      code: 200
      message: OK
    headers:
      X-Gdc-Log-Header:
      - ''
      Content-Type:
      - application/json;charset=UTF-8
      Date:
      - Thu, 18 Apr 2019 12:59:53 GMT
      Server:
      - GoodData WebApp
      X-Gdc-Request:
      - ":mqq9aj74KN01b_JNGLlprw:8IdFy4InHaCJzp-oSSwn4w:OQyPUT9cQ2LPmxvx"
      Vary:
      - origin
      Cache-Control:
      - no-cache, no-store, must-revalidate
      X-Gdc-Request-Time:
      - '141'
      Transfer-Encoding:
      - chunked
      Strict-Transport-Security:
      - max-age=10886400; includeSubDomains; preload;
    body:
      encoding: ASCII-8BIT
      string: '{"outputStage":{"links":{"self":"/gdc/dataload/projects/m5sam0e9tjgghtstn5re30se45kioqmt/outputStage","outputStageDiff":"/gdc/dataload/projects/m5sam0e9tjgghtstn5re30se45kioqmt/outputStage/sqlDiff"}}}'
    http_version: null
  recorded_at: Thu, 18 Apr 2019 12:59:54 GMT
- request:
    method: get
    uri: https://staging2-lcm-prod.intgdc.com/gdc/dataload/projects/iyb4vlj6tc9wszpes4ybg6eds36dx4xu/outputStage
    body:
      encoding: US-ASCII
      string: ''
    headers:
      Accept:
      - application/json, application/zip
      User-Agent:
      - gooddata-gem/2.1.10/x86_64-darwin16/2.3.8
      Content-Type:
      - application/json
      X-Gdc-Authtt:
      - "<X_GDC_AUTHTT>"
      X-Gdc-Request:
      - ":ghHIjeuJLXujOGpnft_aoQ:XBrWUz-KeSKw3RIzDBVA9g"
      Stats-On:
      - ''
      X-Gdc-Version:
      - '2'
      Accept-Encoding:
      - gzip;q=1.0,deflate;q=0.6,identity;q=0.3
      Host:
      - staging2-lcm-prod.intgdc.com
  response:
    status:
      code: 200
      message: OK
    headers:
      X-Gdc-Log-Header:
      - ''
      Content-Type:
      - application/json;charset=UTF-8
      Date:
      - Thu, 07 May 2020 11:21:09 GMT
      Server:
      - GoodData WebApp
      X-Gdc-Request-Time:
      - '693'
      X-Gdc-Request:
      - ":ghHIjeuJLXujOGpnft_aoQ:XBrWUz-KeSKw3RIzDBVA9g:nNOMzPxFj0wB0V41"
      Cache-Control:
      - no-cache, no-store, must-revalidate
      Vary:
      - origin,X-GDC-VERSION
      Transfer-Encoding:
      - chunked
      Strict-Transport-Security:
      - max-age=10886400; includeSubDomains; preload;
    body:
      encoding: ASCII-8BIT
      string: '{"outputStage":{"links":{"self":"/gdc/dataload/projects/iyb4vlj6tc9wszpes4ybg6eds36dx4xu/outputStage","outputStageDiff":"/gdc/dataload/projects/iyb4vlj6tc9wszpes4ybg6eds36dx4xu/outputStage/sqlDiff"}}}'
    http_version: null
  recorded_at: Thu, 07 May 2020 11:21:09 GMT
- request:
    method: get
    uri: https://staging2-lcm-prod.intgdc.com/gdc/dataload/projects/qfmk2k8ilygcobsdct54w216ir2oaix5/outputStage
    body:
      encoding: US-ASCII
      string: ''
    headers:
      Accept:
      - application/json, application/zip
      User-Agent:
      - gooddata-gem/2.1.10/x86_64-darwin16/2.3.8
      Content-Type:
      - application/json
      X-Gdc-Authtt:
      - "<X_GDC_AUTHTT>"
      X-Gdc-Request:
      - ":ghHIjeuJLXujOGpnft_aoQ:fpzezkIX2CeRWZkqdZsPhA"
      Stats-On:
      - ''
      X-Gdc-Version:
      - '2'
      Accept-Encoding:
      - gzip;q=1.0,deflate;q=0.6,identity;q=0.3
      Host:
      - staging2-lcm-prod.intgdc.com
  response:
    status:
      code: 200
      message: OK
    headers:
      X-Gdc-Log-Header:
      - ''
      Content-Type:
      - application/json;charset=UTF-8
      Date:
      - Thu, 07 May 2020 11:21:10 GMT
      Server:
      - GoodData WebApp
      X-Gdc-Request-Time:
      - '203'
      X-Gdc-Request:
      - ":ghHIjeuJLXujOGpnft_aoQ:fpzezkIX2CeRWZkqdZsPhA:xE2pmoH96flvbyeu"
      Cache-Control:
      - no-cache, no-store, must-revalidate
      Vary:
      - origin,X-GDC-VERSION
      Transfer-Encoding:
      - chunked
      Strict-Transport-Security:
      - max-age=10886400; includeSubDomains; preload;
    body:
      encoding: ASCII-8BIT
      string: '{"outputStage":{"links":{"self":"/gdc/dataload/projects/qfmk2k8ilygcobsdct54w216ir2oaix5/outputStage","outputStageDiff":"/gdc/dataload/projects/qfmk2k8ilygcobsdct54w216ir2oaix5/outputStage/sqlDiff"}}}'
    http_version: null
  recorded_at: Thu, 07 May 2020 11:21:10 GMT
recorded_with: VCR 5.1.0
