---
http_interactions:
- request:
    method: get
    uri: https://staging3-lcm-prod.intgdc.com/gdc/projects/j2t2ojk91789vuczapl74a5z7w5rdtf3/dataload/processes
    body:
      encoding: US-ASCII
      string: ''
    headers:
      Accept:
      - application/json, application/zip
      Accept-Encoding:
      - gzip, deflate
      User-Agent:
      - gooddata-gem/1.3.3/x86_64-darwin16/2.3.4
      Content-Type:
      - application/json
      X-Gdc-Authtt:
      - "<X_GDC_AUTHTT>"
      X-Gdc-Request:
      - LLO1bbQKIJKr6Y7N4ZhtaQ:dWU_I3UtRxzbiLFIVhFGsA
      Host:
      - staging3-lcm-prod.intgdc.com
  response:
    status:
      code: 200
      message: OK
    headers:
      X-Gdc-Log-Header:
      - ''
      Date:
      - Thu, 13 Dec 2018 13:00:58 GMT
      Server:
      - GoodData WebApp
      Cache-Control:
      - no-cache, no-store, must-revalidate
      Content-Type:
      - application/json;charset=UTF-8
      Content-Length:
      - '2765'
      X-Gdc-Request:
      - LLO1bbQKIJKr6Y7N4ZhtaQ:dWU_I3UtRxzbiLFIVhFGsA:R28che2bcgKK5lXN
      Vary:
      - origin
      X-Gdc-Request-Time:
      - '166'
      Strict-Transport-Security:
      - max-age=10886400; includeSubDomains; preload;
    body:
      encoding: ASCII-8BIT
      string: '{"processes":{"items":[{"process":{"type":"GRAPH","name":"Simple CloudConnect
        Process","graphs":["graph/test.grf"],"executables":["graph/test.grf"],"lastDeployed":"2018-12-13T12:59:41.044Z","ownerLogin":"rubydev+admin@gooddata.com","links":{"self":"/gdc/projects/j2t2ojk91789vuczapl74a5z7w5rdtf3/dataload/processes/756c00a8-3d04-4ebe-8bad-5812bb256f45","executions":"/gdc/projects/j2t2ojk91789vuczapl74a5z7w5rdtf3/dataload/processes/756c00a8-3d04-4ebe-8bad-5812bb256f45/executions","source":"/gdc/projects/j2t2ojk91789vuczapl74a5z7w5rdtf3/dataload/processes/756c00a8-3d04-4ebe-8bad-5812bb256f45/source"}}},{"process":{"type":"RUBY","name":"Simple
        Ruby Process","path":"${PUBLIC_APPSTORE}:branch/master:/apps/hello_world_brick","graphs":["main.rb"],"executables":["main.rb"],"lastDeployed":"2018-12-13T12:59:41.998Z","ownerLogin":"rubydev+admin@gooddata.com","links":{"self":"/gdc/projects/j2t2ojk91789vuczapl74a5z7w5rdtf3/dataload/processes/21799b90-406c-43ce-85ce-cf5b2e3bb517","executions":"/gdc/projects/j2t2ojk91789vuczapl74a5z7w5rdtf3/dataload/processes/21799b90-406c-43ce-85ce-cf5b2e3bb517/executions","source":"/gdc/projects/j2t2ojk91789vuczapl74a5z7w5rdtf3/dataload/processes/21799b90-406c-43ce-85ce-cf5b2e3bb517/source"}}},{"process":{"type":"ETL","name":"lcm-end-to-end-csv-download","graphs":[],"executables":[],"lastDeployed":"2018-12-13T12:59:43.297Z","ownerLogin":"rubydev+admin@gooddata.com","links":{"self":"/gdc/projects/j2t2ojk91789vuczapl74a5z7w5rdtf3/dataload/processes/d7c24ab2-e1ae-478b-ad0f-1db3a0d3ec7e","executions":"/gdc/projects/j2t2ojk91789vuczapl74a5z7w5rdtf3/dataload/processes/d7c24ab2-e1ae-478b-ad0f-1db3a0d3ec7e/executions","source":"/gdc/projects/j2t2ojk91789vuczapl74a5z7w5rdtf3/dataload/processes/d7c24ab2-e1ae-478b-ad0f-1db3a0d3ec7e/source"},"component":{"name":"gdc-etl-csv-downloader","version":"1","configLocation":{"s3":{"path":"s3://s3_bucket/s3_folder/","accessKey":"s3_access_key","serverSideEncryption":true}}}}},{"process":{"type":"ETL","name":"lcm-end-to-end-sql-exec","graphs":[],"executables":[],"lastDeployed":"2018-12-13T12:59:44.578Z","ownerLogin":"rubydev+admin@gooddata.com","links":{"self":"/gdc/projects/j2t2ojk91789vuczapl74a5z7w5rdtf3/dataload/processes/f25a85f7-31d8-4252-9766-a5377bfb3246","executions":"/gdc/projects/j2t2ojk91789vuczapl74a5z7w5rdtf3/dataload/processes/f25a85f7-31d8-4252-9766-a5377bfb3246/executions","source":"/gdc/projects/j2t2ojk91789vuczapl74a5z7w5rdtf3/dataload/processes/f25a85f7-31d8-4252-9766-a5377bfb3246/source"},"component":{"name":"gdc-etl-sql-executor","version":"1","configLocation":{"s3":{"path":"s3://s3_bucket/s3_folder/","accessKey":"s3_access_key","serverSideEncryption":true}}}}}],"links":{"self":"/gdc/projects/j2t2ojk91789vuczapl74a5z7w5rdtf3/dataload/processes"}}}'
    http_version: 
  recorded_at: Thu, 13 Dec 2018 13:00:58 GMT
- request:
    method: get
    uri: https://staging3-lcm-prod.intgdc.com/gdc/projects/j2t2ojk91789vuczapl74a5z7w5rdtf3/schedules
    body:
      encoding: US-ASCII
      string: ''
    headers:
      Accept:
      - application/json, application/zip
      Accept-Encoding:
      - gzip, deflate
      User-Agent:
      - gooddata-gem/1.3.3/x86_64-darwin16/2.3.4
      Content-Type:
      - application/json
      X-Gdc-Authtt:
      - "<X_GDC_AUTHTT>"
      X-Gdc-Request:
      - LLO1bbQKIJKr6Y7N4ZhtaQ:O67QAuHv-9Kq_0pK3zCXgw
      Host:
      - staging3-lcm-prod.intgdc.com
  response:
    status:
      code: 200
      message: OK
    headers:
      X-Gdc-Log-Header:
      - ''
      Date:
      - Thu, 13 Dec 2018 13:00:58 GMT
      Server:
      - GoodData WebApp
      Cache-Control:
      - no-cache, no-store, must-revalidate
      Content-Type:
      - application/json;charset=UTF-8
      Content-Length:
      - '1707'
      X-Gdc-Request:
      - LLO1bbQKIJKr6Y7N4ZhtaQ:O67QAuHv-9Kq_0pK3zCXgw:C0F6PtFJ38YsHPW6
      Vary:
      - origin
      X-Gdc-Request-Time:
      - '21'
      Strict-Transport-Security:
      - max-age=10886400; includeSubDomains; preload;
    body:
      encoding: ASCII-8BIT
      string: '{"schedules":{"paging":{"offset":0,"count":2},"schedulesLink":"/gdc/projects/j2t2ojk91789vuczapl74a5z7w5rdtf3/schedules","items":[{"schedule":{"name":"main.rb","type":"MSETL","state":"DISABLED","params":{"msg_from_release_brick":"Hi,
        I was set by release brick","param_1":"a","EXECUTABLE":"main.rb","param_2":"b","print_reverted":"hidden_msg_from_release_brick,SECURE_PARAM_2","PROCESS_ID":"21799b90-406c-43ce-85ce-cf5b2e3bb517"},"hiddenParams":{"secure_param_1":null,"secure_param_2":null,"hidden_msg_from_release_brick":null,"SECURE_PARAM_2":null},"timezone":"UTC","consecutiveFailedExecutionCount":0,"ownerLogin":"rubydev+admin@gooddata.com","links":{"self":"/gdc/projects/j2t2ojk91789vuczapl74a5z7w5rdtf3/schedules/5c1257dae4b0e9d3950de8de","executions":"/gdc/projects/j2t2ojk91789vuczapl74a5z7w5rdtf3/schedules/5c1257dae4b0e9d3950de8de/executions"},"triggerScheduleId":"5c1257d8e4b0e9d3950de8dd"}},{"schedule":{"name":"test.grf","type":"MSETL","state":"DISABLED","params":{"msg_from_release_brick":"Hi,
        I was set by release brick","param_1":"a","EXECUTABLE":"graph/test.grf","param_2":"b","print_reverted":"hidden_msg_from_release_brick,SECURE_PARAM_2","PROCESS_ID":"756c00a8-3d04-4ebe-8bad-5812bb256f45"},"hiddenParams":{"secure_param_1":null,"secure_param_2":null,"hidden_msg_from_release_brick":null,"SECURE_PARAM_2":null},"cron":"0
        15 10 3 *","timezone":"UTC","nextExecutionTime":"2019-03-10T15:00:00.000Z","consecutiveFailedExecutionCount":0,"ownerLogin":"rubydev+admin@gooddata.com","links":{"self":"/gdc/projects/j2t2ojk91789vuczapl74a5z7w5rdtf3/schedules/5c1257d8e4b0e9d3950de8dd","executions":"/gdc/projects/j2t2ojk91789vuczapl74a5z7w5rdtf3/schedules/5c1257d8e4b0e9d3950de8dd/executions"}}}]}}'
    http_version: 
  recorded_at: Thu, 13 Dec 2018 13:00:58 GMT
- request:
    method: get
    uri: https://staging3-lcm-prod.intgdc.com/gdc/projects/j6iz5gbg6nspq1mxo1newcu8d71t9ul7/dataload/processes
    body:
      encoding: US-ASCII
      string: ''
    headers:
      Accept:
      - application/json, application/zip
      Accept-Encoding:
      - gzip, deflate
      User-Agent:
      - gooddata-gem/1.3.3/x86_64-darwin16/2.3.4
      Content-Type:
      - application/json
      X-Gdc-Authtt:
      - "<X_GDC_AUTHTT>"
      X-Gdc-Request:
      - LLO1bbQKIJKr6Y7N4ZhtaQ:PIlKO9ib8WnIdcqarwDHNw
      Host:
      - staging3-lcm-prod.intgdc.com
  response:
    status:
      code: 200
      message: OK
    headers:
      X-Gdc-Log-Header:
      - ''
      Date:
      - Thu, 13 Dec 2018 13:00:59 GMT
      Server:
      - GoodData WebApp
      Cache-Control:
      - no-cache, no-store, must-revalidate
      Content-Type:
      - application/json;charset=UTF-8
      Content-Length:
      - '2765'
      X-Gdc-Request:
      - LLO1bbQKIJKr6Y7N4ZhtaQ:PIlKO9ib8WnIdcqarwDHNw:IRTt7VCYZ04Yuc1D
      Vary:
      - origin
      X-Gdc-Request-Time:
      - '302'
      Strict-Transport-Security:
      - max-age=10886400; includeSubDomains; preload;
    body:
      encoding: ASCII-8BIT
      string: '{"processes":{"items":[{"process":{"type":"GRAPH","name":"Simple CloudConnect
        Process","graphs":["graph/test.grf"],"executables":["graph/test.grf"],"lastDeployed":"2018-12-13T12:59:54.347Z","ownerLogin":"rubydev+admin@gooddata.com","links":{"self":"/gdc/projects/j6iz5gbg6nspq1mxo1newcu8d71t9ul7/dataload/processes/6c60bfa2-0d3f-48b6-b0c6-0fe348d4300c","executions":"/gdc/projects/j6iz5gbg6nspq1mxo1newcu8d71t9ul7/dataload/processes/6c60bfa2-0d3f-48b6-b0c6-0fe348d4300c/executions","source":"/gdc/projects/j6iz5gbg6nspq1mxo1newcu8d71t9ul7/dataload/processes/6c60bfa2-0d3f-48b6-b0c6-0fe348d4300c/source"}}},{"process":{"type":"RUBY","name":"Simple
        Ruby Process","path":"${PUBLIC_APPSTORE}:branch/master:/apps/hello_world_brick","graphs":["main.rb"],"executables":["main.rb"],"lastDeployed":"2018-12-13T12:59:55.249Z","ownerLogin":"rubydev+admin@gooddata.com","links":{"self":"/gdc/projects/j6iz5gbg6nspq1mxo1newcu8d71t9ul7/dataload/processes/24a5d03c-4dc5-433b-9427-03ecadb3f110","executions":"/gdc/projects/j6iz5gbg6nspq1mxo1newcu8d71t9ul7/dataload/processes/24a5d03c-4dc5-433b-9427-03ecadb3f110/executions","source":"/gdc/projects/j6iz5gbg6nspq1mxo1newcu8d71t9ul7/dataload/processes/24a5d03c-4dc5-433b-9427-03ecadb3f110/source"}}},{"process":{"type":"ETL","name":"lcm-end-to-end-csv-download","graphs":[],"executables":[],"lastDeployed":"2018-12-13T12:59:56.430Z","ownerLogin":"rubydev+admin@gooddata.com","links":{"self":"/gdc/projects/j6iz5gbg6nspq1mxo1newcu8d71t9ul7/dataload/processes/2c67466d-1984-4458-9968-75d048e4ee0a","executions":"/gdc/projects/j6iz5gbg6nspq1mxo1newcu8d71t9ul7/dataload/processes/2c67466d-1984-4458-9968-75d048e4ee0a/executions","source":"/gdc/projects/j6iz5gbg6nspq1mxo1newcu8d71t9ul7/dataload/processes/2c67466d-1984-4458-9968-75d048e4ee0a/source"},"component":{"name":"gdc-etl-csv-downloader","version":"1","configLocation":{"s3":{"path":"s3://s3_bucket/s3_folder/","accessKey":"s3_access_key","serverSideEncryption":true}}}}},{"process":{"type":"ETL","name":"lcm-end-to-end-sql-exec","graphs":[],"executables":[],"lastDeployed":"2018-12-13T12:59:57.770Z","ownerLogin":"rubydev+admin@gooddata.com","links":{"self":"/gdc/projects/j6iz5gbg6nspq1mxo1newcu8d71t9ul7/dataload/processes/d4460163-206c-4787-bc13-7ca9733051b2","executions":"/gdc/projects/j6iz5gbg6nspq1mxo1newcu8d71t9ul7/dataload/processes/d4460163-206c-4787-bc13-7ca9733051b2/executions","source":"/gdc/projects/j6iz5gbg6nspq1mxo1newcu8d71t9ul7/dataload/processes/d4460163-206c-4787-bc13-7ca9733051b2/source"},"component":{"name":"gdc-etl-sql-executor","version":"1","configLocation":{"s3":{"path":"s3://s3_bucket/s3_folder/","accessKey":"s3_access_key","serverSideEncryption":true}}}}}],"links":{"self":"/gdc/projects/j6iz5gbg6nspq1mxo1newcu8d71t9ul7/dataload/processes"}}}'
    http_version: 
  recorded_at: Thu, 13 Dec 2018 13:00:59 GMT
- request:
    method: get
    uri: https://staging3-lcm-prod.intgdc.com/gdc/projects/j6iz5gbg6nspq1mxo1newcu8d71t9ul7/schedules
    body:
      encoding: US-ASCII
      string: ''
    headers:
      Accept:
      - application/json, application/zip
      Accept-Encoding:
      - gzip, deflate
      User-Agent:
      - gooddata-gem/1.3.3/x86_64-darwin16/2.3.4
      Content-Type:
      - application/json
      X-Gdc-Authtt:
      - "<X_GDC_AUTHTT>"
      X-Gdc-Request:
      - LLO1bbQKIJKr6Y7N4ZhtaQ:N3VEqhZqNZTlfFI-YK8zeA
      Host:
      - staging3-lcm-prod.intgdc.com
  response:
    status:
      code: 200
      message: OK
    headers:
      X-Gdc-Log-Header:
      - ''
      Date:
      - Thu, 13 Dec 2018 13:00:59 GMT
      Server:
      - GoodData WebApp
      Cache-Control:
      - no-cache, no-store, must-revalidate
      Content-Type:
      - application/json;charset=UTF-8
      Content-Length:
      - '1707'
      X-Gdc-Request:
      - LLO1bbQKIJKr6Y7N4ZhtaQ:N3VEqhZqNZTlfFI-YK8zeA:azomTwn4njopPIPv
      Vary:
      - origin
      X-Gdc-Request-Time:
      - '25'
      Strict-Transport-Security:
      - max-age=10886400; includeSubDomains; preload;
    body:
      encoding: ASCII-8BIT
      string: '{"schedules":{"paging":{"offset":0,"count":2},"schedulesLink":"/gdc/projects/j6iz5gbg6nspq1mxo1newcu8d71t9ul7/schedules","items":[{"schedule":{"name":"main.rb","type":"MSETL","state":"DISABLED","params":{"msg_from_release_brick":"Hi,
        I was set by release brick","param_1":"a","EXECUTABLE":"main.rb","param_2":"b","print_reverted":"hidden_msg_from_release_brick,SECURE_PARAM_2","PROCESS_ID":"24a5d03c-4dc5-433b-9427-03ecadb3f110"},"hiddenParams":{"secure_param_1":null,"secure_param_2":null,"hidden_msg_from_release_brick":null,"SECURE_PARAM_2":null},"timezone":"UTC","consecutiveFailedExecutionCount":0,"ownerLogin":"rubydev+admin@gooddata.com","links":{"self":"/gdc/projects/j6iz5gbg6nspq1mxo1newcu8d71t9ul7/schedules/5c1257e8e4b0e9d3950de8e5","executions":"/gdc/projects/j6iz5gbg6nspq1mxo1newcu8d71t9ul7/schedules/5c1257e8e4b0e9d3950de8e5/executions"},"triggerScheduleId":"5c1257e5e4b0e9d3950de8e4"}},{"schedule":{"name":"test.grf","type":"MSETL","state":"DISABLED","params":{"msg_from_release_brick":"Hi,
        I was set by release brick","param_1":"a","EXECUTABLE":"graph/test.grf","param_2":"b","print_reverted":"hidden_msg_from_release_brick,SECURE_PARAM_2","PROCESS_ID":"6c60bfa2-0d3f-48b6-b0c6-0fe348d4300c"},"hiddenParams":{"secure_param_1":null,"secure_param_2":null,"hidden_msg_from_release_brick":null,"SECURE_PARAM_2":null},"cron":"0
        15 10 3 *","timezone":"UTC","nextExecutionTime":"2019-03-10T15:00:00.000Z","consecutiveFailedExecutionCount":0,"ownerLogin":"rubydev+admin@gooddata.com","links":{"self":"/gdc/projects/j6iz5gbg6nspq1mxo1newcu8d71t9ul7/schedules/5c1257e5e4b0e9d3950de8e4","executions":"/gdc/projects/j6iz5gbg6nspq1mxo1newcu8d71t9ul7/schedules/5c1257e5e4b0e9d3950de8e4/executions"}}}]}}'
    http_version: 
  recorded_at: Thu, 13 Dec 2018 13:01:00 GMT
recorded_with: VCR 4.0.0
