---
http_interactions:
- request:
    method: get
    uri: https://staging2-lcm-prod.intgdc.com/gdc/projects/j2tzl8cmbome4ugne2mhli9wj9pmd9w6/dataload/processes
    body:
      encoding: US-ASCII
      string: ''
    headers:
      Accept:
      - application/json, application/zip
      Accept-Encoding:
      - gzip, deflate
      User-Agent:
      - gooddata-gem/2.1.3/x86_64-darwin18/2.4.5
      Content-Type:
      - application/json
      X-Gdc-Authtt:
      - "<X_GDC_AUTHTT>"
      X-Gdc-Request:
      - ":mqq9aj74KN01b_JNGLlprw:iZIe57z8rzVzZKvikI8R2w"
      Stats-On:
      - ''
      Host:
      - staging2-lcm-prod.intgdc.com
  response:
    status:
      code: 200
      message: OK
    headers:
      X-Gdc-Log-Header:
      - ''
      Content-Type:
      - application/json;charset=UTF-8
      Transfer-Encoding:
      - chunked
      Vary:
      - Accept-Encoding
      - origin
      Date:
      - Thu, 18 Apr 2019 12:59:47 GMT
      Server:
      - GoodData WebApp
      X-Gdc-Request:
      - ":mqq9aj74KN01b_JNGLlprw:iZIe57z8rzVzZKvikI8R2w:2y2VAWkOBkTUKoZf"
      Cache-Control:
      - no-cache, no-store, must-revalidate
      X-Gdc-Request-Time:
      - '8'
      Strict-Transport-Security:
      - max-age=10886400; includeSubDomains; preload;
    body:
      encoding: ASCII-8BIT
      string: '{"processes":{"items":[{"process":{"type":"GRAPH","name":"Simple CloudConnect
        Process","graphs":["graph/test.grf"],"executables":["graph/test.grf"],"lastDeployed":"2019-04-18T12:58:39.482Z","ownerLogin":"rubydev+admin@gooddata.com","links":{"self":"/gdc/projects/j2tzl8cmbome4ugne2mhli9wj9pmd9w6/dataload/processes/5eac192f-7061-4859-97a1-2558c69a2df7","executions":"/gdc/projects/j2tzl8cmbome4ugne2mhli9wj9pmd9w6/dataload/processes/5eac192f-7061-4859-97a1-2558c69a2df7/executions","source":"/gdc/projects/j2tzl8cmbome4ugne2mhli9wj9pmd9w6/dataload/processes/5eac192f-7061-4859-97a1-2558c69a2df7/source"}}},{"process":{"type":"RUBY","name":"Simple
        Ruby Process","path":"${PUBLIC_APPSTORE}:branch/master:/apps/hello_world_brick","graphs":["main.rb"],"executables":["main.rb"],"lastDeployed":"2019-04-18T12:58:40.949Z","ownerLogin":"rubydev+admin@gooddata.com","links":{"self":"/gdc/projects/j2tzl8cmbome4ugne2mhli9wj9pmd9w6/dataload/processes/05a5e68e-bc50-4198-8a74-6a160b5d9e81","executions":"/gdc/projects/j2tzl8cmbome4ugne2mhli9wj9pmd9w6/dataload/processes/05a5e68e-bc50-4198-8a74-6a160b5d9e81/executions","source":"/gdc/projects/j2tzl8cmbome4ugne2mhli9wj9pmd9w6/dataload/processes/05a5e68e-bc50-4198-8a74-6a160b5d9e81/source"}}},{"process":{"type":"ETL","name":"lcm-end-to-end-csv-download","graphs":[],"executables":[],"lastDeployed":"2019-04-18T12:58:41.627Z","ownerLogin":"rubydev+admin@gooddata.com","links":{"self":"/gdc/projects/j2tzl8cmbome4ugne2mhli9wj9pmd9w6/dataload/processes/4c5423b5-c6ae-48f6-af01-c428b3b5b5d8","executions":"/gdc/projects/j2tzl8cmbome4ugne2mhli9wj9pmd9w6/dataload/processes/4c5423b5-c6ae-48f6-af01-c428b3b5b5d8/executions","source":"/gdc/projects/j2tzl8cmbome4ugne2mhli9wj9pmd9w6/dataload/processes/4c5423b5-c6ae-48f6-af01-c428b3b5b5d8/source"},"component":{"name":"gdc-etl-csv-downloader","version":"1","configLocation":{"s3":{"path":"s3://s3_bucket/s3_folder/","accessKey":"s3_access_key","serverSideEncryption":true}}}}},{"process":{"type":"ETL","name":"lcm-end-to-end-sql-exec","graphs":[],"executables":[],"lastDeployed":"2019-04-18T12:58:42.615Z","ownerLogin":"rubydev+admin@gooddata.com","links":{"self":"/gdc/projects/j2tzl8cmbome4ugne2mhli9wj9pmd9w6/dataload/processes/920da8bf-8ef5-4ad7-a6fe-483923331936","executions":"/gdc/projects/j2tzl8cmbome4ugne2mhli9wj9pmd9w6/dataload/processes/920da8bf-8ef5-4ad7-a6fe-483923331936/executions","source":"/gdc/projects/j2tzl8cmbome4ugne2mhli9wj9pmd9w6/dataload/processes/920da8bf-8ef5-4ad7-a6fe-483923331936/source"},"component":{"name":"gdc-etl-sql-executor","version":"1","configLocation":{"s3":{"path":"s3://s3_bucket/s3_folder/","accessKey":"s3_access_key","serverSideEncryption":true}}}}}],"links":{"self":"/gdc/projects/j2tzl8cmbome4ugne2mhli9wj9pmd9w6/dataload/processes"}}}'
    http_version: 
  recorded_at: Thu, 18 Apr 2019 12:59:47 GMT
- request:
    method: get
    uri: https://staging2-lcm-prod.intgdc.com/gdc/projects/j2tzl8cmbome4ugne2mhli9wj9pmd9w6/schedules
    body:
      encoding: US-ASCII
      string: ''
    headers:
      Accept:
      - application/json, application/zip
      Accept-Encoding:
      - gzip, deflate
      User-Agent:
      - gooddata-gem/2.1.3/x86_64-darwin18/2.4.5
      Content-Type:
      - application/json
      X-Gdc-Authtt:
      - "<X_GDC_AUTHTT>"
      X-Gdc-Request:
      - ":mqq9aj74KN01b_JNGLlprw:UcoHH03aILAnwdQIWBjYqQ"
      Stats-On:
      - ''
      Host:
      - staging2-lcm-prod.intgdc.com
  response:
    status:
      code: 200
      message: OK
    headers:
      X-Gdc-Log-Header:
      - ''
      Content-Type:
      - application/json;charset=UTF-8
      Transfer-Encoding:
      - chunked
      Vary:
      - Accept-Encoding
      - origin
      Date:
      - Thu, 18 Apr 2019 12:59:48 GMT
      Server:
      - GoodData WebApp
      X-Gdc-Request:
      - ":mqq9aj74KN01b_JNGLlprw:UcoHH03aILAnwdQIWBjYqQ:H6UoaFcuArpddR9a"
      Cache-Control:
      - no-cache, no-store, must-revalidate
      X-Gdc-Request-Time:
      - '18'
      Strict-Transport-Security:
      - max-age=10886400; includeSubDomains; preload;
    body:
      encoding: ASCII-8BIT
      string: '{"schedules":{"paging":{"offset":0,"count":2},"schedulesLink":"/gdc/projects/j2tzl8cmbome4ugne2mhli9wj9pmd9w6/schedules","items":[{"schedule":{"name":"main.rb","type":"MSETL","state":"DISABLED","params":{"msg_from_release_brick":"Hi,
        I was set by release brick","param_1":"a","EXECUTABLE":"main.rb","param_2":"b","print_reverted":"hidden_msg_from_release_brick,SECURE_PARAM_2","PROCESS_ID":"05a5e68e-bc50-4198-8a74-6a160b5d9e81"},"hiddenParams":{"secure_param_1":null,"secure_param_2":null,"hidden_msg_from_release_brick":null,"SECURE_PARAM_2":null},"timezone":"UTC","consecutiveFailedExecutionCount":0,"ownerLogin":"rubydev+admin@gooddata.com","links":{"self":"/gdc/projects/j2tzl8cmbome4ugne2mhli9wj9pmd9w6/schedules/5cb8749ce4b00d861ca485cf","executions":"/gdc/projects/j2tzl8cmbome4ugne2mhli9wj9pmd9w6/schedules/5cb8749ce4b00d861ca485cf/executions"},"triggerScheduleId":"5cb8749ae4b0fc1fc980280f"}},{"schedule":{"name":"test.grf","type":"MSETL","state":"DISABLED","params":{"msg_from_release_brick":"Hi,
        I was set by release brick","param_1":"a","EXECUTABLE":"graph/test.grf","param_2":"b","print_reverted":"hidden_msg_from_release_brick,SECURE_PARAM_2","PROCESS_ID":"5eac192f-7061-4859-97a1-2558c69a2df7"},"hiddenParams":{"secure_param_1":null,"secure_param_2":null,"hidden_msg_from_release_brick":null,"SECURE_PARAM_2":null},"cron":"0
        15 10 3 *","timezone":"UTC","nextExecutionTime":"2020-03-10T15:00:00.000Z","consecutiveFailedExecutionCount":0,"ownerLogin":"rubydev+admin@gooddata.com","links":{"self":"/gdc/projects/j2tzl8cmbome4ugne2mhli9wj9pmd9w6/schedules/5cb8749ae4b0fc1fc980280f","executions":"/gdc/projects/j2tzl8cmbome4ugne2mhli9wj9pmd9w6/schedules/5cb8749ae4b0fc1fc980280f/executions"}}}]}}'
    http_version: 
  recorded_at: Thu, 18 Apr 2019 12:59:48 GMT
- request:
    method: get
    uri: https://staging2-lcm-prod.intgdc.com/gdc/projects/m5sam0e9tjgghtstn5re30se45kioqmt/dataload/processes
    body:
      encoding: US-ASCII
      string: ''
    headers:
      Accept:
      - application/json, application/zip
      Accept-Encoding:
      - gzip, deflate
      User-Agent:
      - gooddata-gem/2.1.3/x86_64-darwin18/2.4.5
      Content-Type:
      - application/json
      X-Gdc-Authtt:
      - "<X_GDC_AUTHTT>"
      X-Gdc-Request:
      - ":mqq9aj74KN01b_JNGLlprw:SHzXn9E--neNs3mnWKzPWw"
      Stats-On:
      - ''
      Host:
      - staging2-lcm-prod.intgdc.com
  response:
    status:
      code: 200
      message: OK
    headers:
      X-Gdc-Log-Header:
      - ''
      Content-Type:
      - application/json;charset=UTF-8
      Transfer-Encoding:
      - chunked
      Vary:
      - Accept-Encoding
      - origin
      Date:
      - Thu, 18 Apr 2019 12:59:48 GMT
      Server:
      - GoodData WebApp
      X-Gdc-Request:
      - ":mqq9aj74KN01b_JNGLlprw:SHzXn9E--neNs3mnWKzPWw:zIHA6yCeK7MBeM4f"
      Cache-Control:
      - no-cache, no-store, must-revalidate
      X-Gdc-Request-Time:
      - '7'
      Strict-Transport-Security:
      - max-age=10886400; includeSubDomains; preload;
    body:
      encoding: ASCII-8BIT
      string: '{"processes":{"items":[{"process":{"type":"GRAPH","name":"Simple CloudConnect
        Process","graphs":["graph/test.grf"],"executables":["graph/test.grf"],"lastDeployed":"2019-04-18T12:58:52.851Z","ownerLogin":"rubydev+admin@gooddata.com","links":{"self":"/gdc/projects/m5sam0e9tjgghtstn5re30se45kioqmt/dataload/processes/c70e639a-ef3d-4be3-ad7b-100017899e02","executions":"/gdc/projects/m5sam0e9tjgghtstn5re30se45kioqmt/dataload/processes/c70e639a-ef3d-4be3-ad7b-100017899e02/executions","source":"/gdc/projects/m5sam0e9tjgghtstn5re30se45kioqmt/dataload/processes/c70e639a-ef3d-4be3-ad7b-100017899e02/source"}}},{"process":{"type":"RUBY","name":"Simple
        Ruby Process","path":"${PUBLIC_APPSTORE}:branch/master:/apps/hello_world_brick","graphs":["main.rb"],"executables":["main.rb"],"lastDeployed":"2019-04-18T12:58:53.677Z","ownerLogin":"rubydev+admin@gooddata.com","links":{"self":"/gdc/projects/m5sam0e9tjgghtstn5re30se45kioqmt/dataload/processes/f2df62c2-f0e5-4882-a066-d18c1cafeaa0","executions":"/gdc/projects/m5sam0e9tjgghtstn5re30se45kioqmt/dataload/processes/f2df62c2-f0e5-4882-a066-d18c1cafeaa0/executions","source":"/gdc/projects/m5sam0e9tjgghtstn5re30se45kioqmt/dataload/processes/f2df62c2-f0e5-4882-a066-d18c1cafeaa0/source"}}},{"process":{"type":"ETL","name":"lcm-end-to-end-csv-download","graphs":[],"executables":[],"lastDeployed":"2019-04-18T12:58:54.459Z","ownerLogin":"rubydev+admin@gooddata.com","links":{"self":"/gdc/projects/m5sam0e9tjgghtstn5re30se45kioqmt/dataload/processes/49988c7e-b62e-497c-9788-58024117e9af","executions":"/gdc/projects/m5sam0e9tjgghtstn5re30se45kioqmt/dataload/processes/49988c7e-b62e-497c-9788-58024117e9af/executions","source":"/gdc/projects/m5sam0e9tjgghtstn5re30se45kioqmt/dataload/processes/49988c7e-b62e-497c-9788-58024117e9af/source"},"component":{"name":"gdc-etl-csv-downloader","version":"1","configLocation":{"s3":{"path":"s3://s3_bucket/s3_folder/","accessKey":"s3_access_key","serverSideEncryption":true}}}}},{"process":{"type":"ETL","name":"lcm-end-to-end-sql-exec","graphs":[],"executables":[],"lastDeployed":"2019-04-18T12:58:55.043Z","ownerLogin":"rubydev+admin@gooddata.com","links":{"self":"/gdc/projects/m5sam0e9tjgghtstn5re30se45kioqmt/dataload/processes/3852594b-354e-4637-b8a6-3794077de500","executions":"/gdc/projects/m5sam0e9tjgghtstn5re30se45kioqmt/dataload/processes/3852594b-354e-4637-b8a6-3794077de500/executions","source":"/gdc/projects/m5sam0e9tjgghtstn5re30se45kioqmt/dataload/processes/3852594b-354e-4637-b8a6-3794077de500/source"},"component":{"name":"gdc-etl-sql-executor","version":"1","configLocation":{"s3":{"path":"s3://s3_bucket/s3_folder/","accessKey":"s3_access_key","serverSideEncryption":true}}}}}],"links":{"self":"/gdc/projects/m5sam0e9tjgghtstn5re30se45kioqmt/dataload/processes"}}}'
    http_version: 
  recorded_at: Thu, 18 Apr 2019 12:59:48 GMT
- request:
    method: get
    uri: https://staging2-lcm-prod.intgdc.com/gdc/projects/m5sam0e9tjgghtstn5re30se45kioqmt/schedules
    body:
      encoding: US-ASCII
      string: ''
    headers:
      Accept:
      - application/json, application/zip
      Accept-Encoding:
      - gzip, deflate
      User-Agent:
      - gooddata-gem/2.1.3/x86_64-darwin18/2.4.5
      Content-Type:
      - application/json
      X-Gdc-Authtt:
      - "<X_GDC_AUTHTT>"
      X-Gdc-Request:
      - ":mqq9aj74KN01b_JNGLlprw:a6BRwyCLql0aPtQkkSy8WA"
      Stats-On:
      - ''
      Host:
      - staging2-lcm-prod.intgdc.com
  response:
    status:
      code: 200
      message: OK
    headers:
      X-Gdc-Log-Header:
      - ''
      Content-Type:
      - application/json;charset=UTF-8
      Transfer-Encoding:
      - chunked
      Vary:
      - Accept-Encoding
      - origin
      Date:
      - Thu, 18 Apr 2019 12:59:49 GMT
      Server:
      - GoodData WebApp
      X-Gdc-Request:
      - ":mqq9aj74KN01b_JNGLlprw:a6BRwyCLql0aPtQkkSy8WA:dQccqvA7s3Srjo8j"
      Cache-Control:
      - no-cache, no-store, must-revalidate
      X-Gdc-Request-Time:
      - '25'
      Strict-Transport-Security:
      - max-age=10886400; includeSubDomains; preload;
    body:
      encoding: ASCII-8BIT
      string: '{"schedules":{"paging":{"offset":0,"count":2},"schedulesLink":"/gdc/projects/m5sam0e9tjgghtstn5re30se45kioqmt/schedules","items":[{"schedule":{"name":"main.rb","type":"MSETL","state":"DISABLED","params":{"msg_from_release_brick":"Hi,
        I was set by release brick","param_1":"a","EXECUTABLE":"main.rb","param_2":"b","print_reverted":"hidden_msg_from_release_brick,SECURE_PARAM_2","PROCESS_ID":"f2df62c2-f0e5-4882-a066-d18c1cafeaa0"},"hiddenParams":{"secure_param_1":null,"secure_param_2":null,"hidden_msg_from_release_brick":null,"SECURE_PARAM_2":null},"timezone":"UTC","consecutiveFailedExecutionCount":0,"ownerLogin":"rubydev+admin@gooddata.com","links":{"self":"/gdc/projects/m5sam0e9tjgghtstn5re30se45kioqmt/schedules/5cb874a7e4b00d861ca485d1","executions":"/gdc/projects/m5sam0e9tjgghtstn5re30se45kioqmt/schedules/5cb874a7e4b00d861ca485d1/executions"},"triggerScheduleId":"5cb874a5e4b00d861ca485d0"}},{"schedule":{"name":"test.grf","type":"MSETL","state":"DISABLED","params":{"msg_from_release_brick":"Hi,
        I was set by release brick","param_1":"a","EXECUTABLE":"graph/test.grf","param_2":"b","print_reverted":"hidden_msg_from_release_brick,SECURE_PARAM_2","PROCESS_ID":"c70e639a-ef3d-4be3-ad7b-100017899e02"},"hiddenParams":{"secure_param_1":null,"secure_param_2":null,"hidden_msg_from_release_brick":null,"SECURE_PARAM_2":null},"cron":"0
        15 10 3 *","timezone":"UTC","nextExecutionTime":"2020-03-10T15:00:00.000Z","consecutiveFailedExecutionCount":0,"ownerLogin":"rubydev+admin@gooddata.com","links":{"self":"/gdc/projects/m5sam0e9tjgghtstn5re30se45kioqmt/schedules/5cb874a5e4b00d861ca485d0","executions":"/gdc/projects/m5sam0e9tjgghtstn5re30se45kioqmt/schedules/5cb874a5e4b00d861ca485d0/executions"}}}]}}'
    http_version: 
  recorded_at: Thu, 18 Apr 2019 12:59:50 GMT
recorded_with: VCR 4.0.0
