---
http_interactions:
- request:
    method: post
    uri: https://staging2-lcm-prod.intgdc.com/gdc/projects/ze6yjw2i8vljrnvmj138dlfofz3gbqaj/users/5ad80b895edcc438e5a4418e222733fa/subscriptions
    body:
      encoding: UTF-8
      string: '{"subscription":{"triggers":[{"projectEventTrigger":{"types":["dataload.process.finish.ok"]}}],"condition":{"condition":{"expression":"params.PROCESS_ID==''7d2b1c0b-0422-4ef7-b36c-e106ed6304fb''"}},"message":{"template":{"expression":"Email
        body"}},"subject":{"template":{"expression":"Email subject"}},"channels":["/gdc/account/profile/5ad80b895edcc438e5a4418e222733fa/channelConfigurations/5c45beba083aff7a6f683711"],"meta":{"title":"rubydev+admin@gooddata.com"}}}'
    headers:
      Accept:
      - application/json, application/zip
      Accept-Encoding:
      - gzip, deflate
      User-Agent:
      - gooddata-gem/1.3.6/x86_64-darwin16/2.3.4
      Content-Type:
      - application/json
      X-Gdc-Authtt:
      - "<X_GDC_AUTHTT>"
      X-Gdc-Request:
      - dwLe3WEfzppdp4L9U6_q5w:j-s6huMOHfRvqJYINI4SRg
      Content-Length:
      - '464'
      Host:
      - staging2-lcm-prod.intgdc.com
  response:
    status:
      code: 201
      message: Created
    headers:
      Location:
      - "/gdc/projects/ze6yjw2i8vljrnvmj138dlfofz3gbqaj/users/5ad80b895edcc438e5a4418e222733fa/subscriptions/5c45bed0083aff7a6f683713"
      X-Gdc-Log-Header:
      - ''
      Cache-Control:
      - no-cache, no-store, must-revalidate
      Content-Type:
      - application/json;charset=UTF-8
      Date:
      - Mon, 21 Jan 2019 12:45:05 GMT
      Server:
      - GoodData WebApp
      X-Gdc-Request:
      - dwLe3WEfzppdp4L9U6_q5w:j-s6huMOHfRvqJYINI4SRg:zgwTvND3LdiAyvgO
      Vary:
      - origin
      X-Gdc-Request-Time:
      - '1039'
      Transfer-Encoding:
      - chunked
      Strict-Transport-Security:
      - max-age=10886400; includeSubDomains; preload;
    body:
      encoding: ASCII-8BIT
      string: '{"subscription":{"triggers":[{"projectEventTrigger":{"types":["dataload.process.finish.ok"]}}],"condition":{"condition":{"expression":"params.PROCESS_ID==''7d2b1c0b-0422-4ef7-b36c-e106ed6304fb''"}},"message":{"template":{"expression":"Email
        body"}},"subject":{"template":{"expression":"Email subject"}},"channels":["/gdc/account/profile/5ad80b895edcc438e5a4418e222733fa/channelConfigurations/5c45beba083aff7a6f683711"],"meta":{"title":"rubydev+admin@gooddata.com","author":"/gdc/account/profile/5ad80b895edcc438e5a4418e222733fa","category":"subscription","updated":"2019-01-21
        13:45:04","created":"2019-01-21 13:45:04","uri":"/gdc/projects/ze6yjw2i8vljrnvmj138dlfofz3gbqaj/users/5ad80b895edcc438e5a4418e222733fa/subscriptions/5c45bed0083aff7a6f683713"}}}'
    http_version:
  recorded_at: Mon, 21 Jan 2019 12:45:05 GMT
- request:
    method: get
    uri: https://staging2-lcm-prod.intgdc.com/gdc/projects/ze6yjw2i8vljrnvmj138dlfofz3gbqaj/users/5ad80b895edcc438e5a4418e222733fa/subscriptions/5c45bed0083aff7a6f683713
    body:
      encoding: US-ASCII
      string: ''
    headers:
      Accept:
      - application/json, application/zip
      Accept-Encoding:
      - gzip, deflate
      User-Agent:
      - gooddata-gem/1.3.6/x86_64-darwin16/2.3.4
      Content-Type:
      - application/json
      X-Gdc-Authtt:
      - "<X_GDC_AUTHTT>"
      X-Gdc-Request:
      - dwLe3WEfzppdp4L9U6_q5w:iJFe30t9a07AzjfZVPimjA
      Host:
      - staging2-lcm-prod.intgdc.com
  response:
    status:
      code: 200
      message: OK
    headers:
      X-Gdc-Log-Header:
      - ''
      Cache-Control:
      - no-cache, no-store, must-revalidate
      Content-Type:
      - application/json;charset=UTF-8
      Date:
      - Mon, 21 Jan 2019 12:45:06 GMT
      Server:
      - GoodData WebApp
      X-Gdc-Request:
      - dwLe3WEfzppdp4L9U6_q5w:iJFe30t9a07AzjfZVPimjA:uzdzvhT7ylScGI95
      Vary:
      - origin
      X-Gdc-Request-Time:
      - '17'
      Transfer-Encoding:
      - chunked
      Strict-Transport-Security:
      - max-age=10886400; includeSubDomains; preload;
    body:
      encoding: ASCII-8BIT
      string: '{"subscription":{"triggers":[{"projectEventTrigger":{"types":["dataload.process.finish.ok"]}}],"condition":{"condition":{"expression":"params.PROCESS_ID==''7d2b1c0b-0422-4ef7-b36c-e106ed6304fb''"}},"message":{"template":{"expression":"Email
        body"}},"subject":{"template":{"expression":"Email subject"}},"channels":["/gdc/account/profile/5ad80b895edcc438e5a4418e222733fa/channelConfigurations/5c45beba083aff7a6f683711"],"meta":{"title":"rubydev+admin@gooddata.com","author":"/gdc/account/profile/5ad80b895edcc438e5a4418e222733fa","category":"subscription","updated":"2019-01-21
        13:45:04","created":"2019-01-21 13:45:04","uri":"/gdc/projects/ze6yjw2i8vljrnvmj138dlfofz3gbqaj/users/5ad80b895edcc438e5a4418e222733fa/subscriptions/5c45bed0083aff7a6f683713"}}}'
    http_version:
  recorded_at: Mon, 21 Jan 2019 12:45:06 GMT
- request:
    method: put
    uri: https://staging2-lcm-prod.intgdc.com/gdc/projects/ze6yjw2i8vljrnvmj138dlfofz3gbqaj/users/5ad80b895edcc438e5a4418e222733fa/subscriptions/5c45bed0083aff7a6f683713
    body:
      encoding: UTF-8
      string: '{"subscription":{"triggers":[{"projectEventTrigger":{"types":["dataload.process.finish.ok"]}}],"condition":{"condition":{"expression":"params.PROCESS_ID==''7d2b1c0b-0422-4ef7-b36c-e106ed6304fb''"}},"message":{"template":{"expression":"Email
        body"}},"subject":{"template":{"expression":"Email subject"}},"channels":["/gdc/account/profile/5ad80b895edcc438e5a4418e222733fa/channelConfigurations/5c45beba083aff7a6f683711"],"meta":{"title":"My
        title","author":"/gdc/account/profile/5ad80b895edcc438e5a4418e222733fa","category":"subscription","updated":"2019-01-21
        13:45:04","created":"2019-01-21 13:45:04","uri":"/gdc/projects/ze6yjw2i8vljrnvmj138dlfofz3gbqaj/users/5ad80b895edcc438e5a4418e222733fa/subscriptions/5c45bed0083aff7a6f683713"}}}'
    headers:
      Accept:
      - application/json, application/zip
      Accept-Encoding:
      - gzip, deflate
      User-Agent:
      - gooddata-gem/1.3.6/x86_64-darwin16/2.3.4
      Content-Type:
      - application/json
      X-Gdc-Authtt:
      - "<X_GDC_AUTHTT>"
      X-Gdc-Request:
      - dwLe3WEfzppdp4L9U6_q5w:4Ku1TB6SB49ZOTv_zmvALA
      Content-Length:
      - '734'
      Host:
      - staging2-lcm-prod.intgdc.com
  response:
    status:
      code: 200
      message: OK
    headers:
      X-Gdc-Log-Header:
      - ''
      Cache-Control:
      - no-cache, no-store, must-revalidate
      Content-Type:
      - application/json;charset=UTF-8
      Date:
      - Mon, 21 Jan 2019 12:45:07 GMT
      Server:
      - GoodData WebApp
      X-Gdc-Request:
      - dwLe3WEfzppdp4L9U6_q5w:4Ku1TB6SB49ZOTv_zmvALA:8dWDRfN6sddgCzTF
      Vary:
      - origin
      X-Gdc-Request-Time:
      - '1037'
      Transfer-Encoding:
      - chunked
      Strict-Transport-Security:
      - max-age=10886400; includeSubDomains; preload;
    body:
      encoding: ASCII-8BIT
      string: '{"subscription":{"triggers":[{"projectEventTrigger":{"types":["dataload.process.finish.ok"]}}],"condition":{"condition":{"expression":"params.PROCESS_ID==''7d2b1c0b-0422-4ef7-b36c-e106ed6304fb''"}},"message":{"template":{"expression":"Email
        body"}},"subject":{"template":{"expression":"Email subject"}},"channels":["/gdc/account/profile/5ad80b895edcc438e5a4418e222733fa/channelConfigurations/5c45beba083aff7a6f683711"],"meta":{"title":"My
        title","author":"/gdc/account/profile/5ad80b895edcc438e5a4418e222733fa","category":"subscription","updated":"2019-01-21
        13:45:06","created":"2019-01-21 13:45:04","uri":"/gdc/projects/ze6yjw2i8vljrnvmj138dlfofz3gbqaj/users/5ad80b895edcc438e5a4418e222733fa/subscriptions/5c45bed0083aff7a6f683713"}}}'
    http_version:
  recorded_at: Mon, 21 Jan 2019 12:45:08 GMT
- request:
    method: get
    uri: https://staging2-lcm-prod.intgdc.com/gdc/projects/ze6yjw2i8vljrnvmj138dlfofz3gbqaj/users/5ad80b895edcc438e5a4418e222733fa/subscriptions/5c45bed0083aff7a6f683713
    body:
      encoding: US-ASCII
      string: ''
    headers:
      Accept:
      - application/json, application/zip
      Accept-Encoding:
      - gzip, deflate
      User-Agent:
      - gooddata-gem/1.3.6/x86_64-darwin16/2.3.4
      Content-Type:
      - application/json
      X-Gdc-Authtt:
      - "<X_GDC_AUTHTT>"
      X-Gdc-Request:
      - dwLe3WEfzppdp4L9U6_q5w:gTTn_UDX4CfQoQzafkstLg
      Host:
      - staging2-lcm-prod.intgdc.com
  response:
    status:
      code: 200
      message: OK
    headers:
      X-Gdc-Log-Header:
      - ''
      Cache-Control:
      - no-cache, no-store, must-revalidate
      Content-Type:
      - application/json;charset=UTF-8
      Date:
      - Mon, 21 Jan 2019 12:45:08 GMT
      Server:
      - GoodData WebApp
      X-Gdc-Request:
      - dwLe3WEfzppdp4L9U6_q5w:gTTn_UDX4CfQoQzafkstLg:X10LvQ1eNJXgnBux
      Vary:
      - origin
      X-Gdc-Request-Time:
      - '16'
      Transfer-Encoding:
      - chunked
      Strict-Transport-Security:
      - max-age=10886400; includeSubDomains; preload;
    body:
      encoding: ASCII-8BIT
      string: '{"subscription":{"triggers":[{"projectEventTrigger":{"types":["dataload.process.finish.ok"]}}],"condition":{"condition":{"expression":"params.PROCESS_ID==''7d2b1c0b-0422-4ef7-b36c-e106ed6304fb''"}},"message":{"template":{"expression":"Email
        body"}},"subject":{"template":{"expression":"Email subject"}},"channels":["/gdc/account/profile/5ad80b895edcc438e5a4418e222733fa/channelConfigurations/5c45beba083aff7a6f683711"],"meta":{"title":"My
        title","author":"/gdc/account/profile/5ad80b895edcc438e5a4418e222733fa","category":"subscription","updated":"2019-01-21
        13:45:06","created":"2019-01-21 13:45:04","uri":"/gdc/projects/ze6yjw2i8vljrnvmj138dlfofz3gbqaj/users/5ad80b895edcc438e5a4418e222733fa/subscriptions/5c45bed0083aff7a6f683713"}}}'
    http_version:
  recorded_at: Mon, 21 Jan 2019 12:45:08 GMT
- request:
    method: get
    uri: https://staging2-lcm-prod.intgdc.com/gdc/projects/ze6yjw2i8vljrnvmj138dlfofz3gbqaj/users/5ad80b895edcc438e5a4418e222733fa/subscriptions/5c45bed0083aff7a6f683713
    body:
      encoding: US-ASCII
      string: ''
    headers:
      Accept:
      - application/json, application/zip
      Accept-Encoding:
      - gzip, deflate
      User-Agent:
      - gooddata-gem/1.3.6/x86_64-darwin16/2.3.4
      Content-Type:
      - application/json
      X-Gdc-Authtt:
      - "<X_GDC_AUTHTT>"
      X-Gdc-Request:
      - dwLe3WEfzppdp4L9U6_q5w:fKpp9CVpTRlhMDctK7MPcg
      Host:
      - staging2-lcm-prod.intgdc.com
  response:
    status:
      code: 200
      message: OK
    headers:
      X-Gdc-Log-Header:
      - ''
      Cache-Control:
      - no-cache, no-store, must-revalidate
      Content-Type:
      - application/json;charset=UTF-8
      Date:
      - Mon, 21 Jan 2019 12:45:09 GMT
      Server:
      - GoodData WebApp
      X-Gdc-Request:
      - dwLe3WEfzppdp4L9U6_q5w:fKpp9CVpTRlhMDctK7MPcg:B3f2Ylg3Dzkrrm7x
      Vary:
      - origin
      X-Gdc-Request-Time:
      - '18'
      Transfer-Encoding:
      - chunked
      Strict-Transport-Security:
      - max-age=10886400; includeSubDomains; preload;
    body:
      encoding: ASCII-8BIT
      string: '{"subscription":{"triggers":[{"projectEventTrigger":{"types":["dataload.process.finish.ok"]}}],"condition":{"condition":{"expression":"params.PROCESS_ID==''7d2b1c0b-0422-4ef7-b36c-e106ed6304fb''"}},"message":{"template":{"expression":"Email
        body"}},"subject":{"template":{"expression":"Email subject"}},"channels":["/gdc/account/profile/5ad80b895edcc438e5a4418e222733fa/channelConfigurations/5c45beba083aff7a6f683711"],"meta":{"title":"My
        title","author":"/gdc/account/profile/5ad80b895edcc438e5a4418e222733fa","category":"subscription","updated":"2019-01-21
        13:45:06","created":"2019-01-21 13:45:04","uri":"/gdc/projects/ze6yjw2i8vljrnvmj138dlfofz3gbqaj/users/5ad80b895edcc438e5a4418e222733fa/subscriptions/5c45bed0083aff7a6f683713"}}}'
    http_version:
  recorded_at: Mon, 21 Jan 2019 12:45:09 GMT
- request:
    method: delete
    uri: https://staging2-lcm-prod.intgdc.com/gdc/projects/ze6yjw2i8vljrnvmj138dlfofz3gbqaj/users/5ad80b895edcc438e5a4418e222733fa/subscriptions/5c45bed0083aff7a6f683713
    body:
      encoding: US-ASCII
      string: ''
    headers:
      Accept:
      - application/json, application/zip
      Accept-Encoding:
      - gzip, deflate
      User-Agent:
      - gooddata-gem/1.3.6/x86_64-darwin16/2.3.4
      Content-Type:
      - application/json
      X-Gdc-Authtt:
      - "<X_GDC_AUTHTT>"
      X-Gdc-Request:
      - dwLe3WEfzppdp4L9U6_q5w:ETpQ4UK5DgpqiopuhTNoGw
      Host:
      - staging2-lcm-prod.intgdc.com
  response:
    status:
      code: 204
      message: No Content
    headers:
      X-Gdc-Log-Header:
      - ''
      Cache-Control:
      - no-cache, no-store, must-revalidate
      Date:
      - Mon, 21 Jan 2019 12:45:09 GMT
      Server:
      - GoodData WebApp
      X-Gdc-Request-Time:
      - '20'
      X-Gdc-Request:
      - dwLe3WEfzppdp4L9U6_q5w:ETpQ4UK5DgpqiopuhTNoGw:XkwWEs3boxrm9sur
      Vary:
      - origin
      Strict-Transport-Security:
      - max-age=10886400; includeSubDomains; preload;
    body:
      encoding: UTF-8
      string: ''
    http_version:
  recorded_at: Mon, 21 Jan 2019 12:45:10 GMT
- request:
    method: post
    uri: https://staging2-lcm-prod.intgdc.com/gdc/projects/fanw3gqnpv87lmocwqj0x79k8i9zfepd/users/5ad80b895edcc438e5a4418e222733fa/subscriptions
    body:
      encoding: UTF-8
      string: '{"subscription":{"triggers":[{"projectEventTrigger":{"types":["dataload.process.finish.ok"]}}],"condition":{"condition":{"expression":"params.PROCESS_ID==''1e9a44cc-c128-41f5-a85f-26c5f71c9679''"}},"message":{"template":{"expression":"Email
        body"}},"subject":{"template":{"expression":"Email subject"}},"channels":["/gdc/account/profile/5ad80b895edcc438e5a4418e222733fa/channelConfigurations/5c49be6a9c4e286d319bc6aa"],"meta":{"title":"rubydev+admin@gooddata.com"}}}'
    headers:
      Accept:
      - application/json, application/zip
      Accept-Encoding:
      - gzip, deflate
      User-Agent:
      - gooddata-gem/1.3.6/x86_64-linux/2.3.6
      Content-Type:
      - application/json
      X-Gdc-Authtt:
      - "<X_GDC_AUTHTT>"
      X-Gdc-Request:
      - ":QQVmmsd0CjQPBLTpsDX2aA:Dw-m5_vKfywTwV8dgC6oMg"
      Stats-On:
      - ''
      Content-Length:
      - '464'
      Host:
      - staging2-lcm-prod.intgdc.com
  response:
    status:
      code: 201
      message: Created
    headers:
      Location:
      - "/gdc/projects/fanw3gqnpv87lmocwqj0x79k8i9zfepd/users/5ad80b895edcc438e5a4418e222733fa/subscriptions/5c49be70083aff3ade19049b"
      X-Gdc-Log-Header:
      - ''
      Cache-Control:
      - no-cache, no-store, must-revalidate
      Content-Type:
      - application/json;charset=UTF-8
      Date:
      - Thu, 24 Jan 2019 13:32:33 GMT
      Server:
      - GoodData WebApp
      X-Gdc-Request:
      - ":QQVmmsd0CjQPBLTpsDX2aA:Dw-m5_vKfywTwV8dgC6oMg:YXddSOFgK3loiKrB"
      Vary:
      - origin
      X-Gdc-Request-Time:
      - '1037'
      Transfer-Encoding:
      - chunked
      Strict-Transport-Security:
      - max-age=10886400; includeSubDomains; preload;
    body:
      encoding: ASCII-8BIT
      string: '{"subscription":{"triggers":[{"projectEventTrigger":{"types":["dataload.process.finish.ok"]}}],"condition":{"condition":{"expression":"params.PROCESS_ID==''1e9a44cc-c128-41f5-a85f-26c5f71c9679''"}},"message":{"template":{"expression":"Email
        body"}},"subject":{"template":{"expression":"Email subject"}},"channels":["/gdc/account/profile/5ad80b895edcc438e5a4418e222733fa/channelConfigurations/5c49be6a9c4e286d319bc6aa"],"meta":{"title":"rubydev+admin@gooddata.com","author":"/gdc/account/profile/5ad80b895edcc438e5a4418e222733fa","category":"subscription","updated":"2019-01-24
        14:32:32","created":"2019-01-24 14:32:32","uri":"/gdc/projects/fanw3gqnpv87lmocwqj0x79k8i9zfepd/users/5ad80b895edcc438e5a4418e222733fa/subscriptions/5c49be70083aff3ade19049b"}}}'
    http_version:
  recorded_at: Thu, 24 Jan 2019 13:32:33 GMT
- request:
    method: get
    uri: https://staging2-lcm-prod.intgdc.com/gdc/projects/fanw3gqnpv87lmocwqj0x79k8i9zfepd/users/5ad80b895edcc438e5a4418e222733fa/subscriptions/5c49be70083aff3ade19049b
    body:
      encoding: US-ASCII
      string: ''
    headers:
      Accept:
      - application/json, application/zip
      Accept-Encoding:
      - gzip, deflate
      User-Agent:
      - gooddata-gem/1.3.6/x86_64-linux/2.3.6
      Content-Type:
      - application/json
      X-Gdc-Authtt:
      - "<X_GDC_AUTHTT>"
      X-Gdc-Request:
      - ":QQVmmsd0CjQPBLTpsDX2aA:9_kxypnxybGcGQL6CdmxiA"
      Stats-On:
      - ''
      Host:
      - staging2-lcm-prod.intgdc.com
  response:
    status:
      code: 200
      message: OK
    headers:
      X-Gdc-Log-Header:
      - ''
      Cache-Control:
      - no-cache, no-store, must-revalidate
      Content-Type:
      - application/json;charset=UTF-8
      Date:
      - Thu, 24 Jan 2019 13:32:33 GMT
      Server:
      - GoodData WebApp
      X-Gdc-Request:
      - ":QQVmmsd0CjQPBLTpsDX2aA:9_kxypnxybGcGQL6CdmxiA:8AXwpeks7o6n16EB"
      Vary:
      - origin
      X-Gdc-Request-Time:
      - '16'
      Transfer-Encoding:
      - chunked
      Strict-Transport-Security:
      - max-age=10886400; includeSubDomains; preload;
    body:
      encoding: ASCII-8BIT
      string: '{"subscription":{"triggers":[{"projectEventTrigger":{"types":["dataload.process.finish.ok"]}}],"condition":{"condition":{"expression":"params.PROCESS_ID==''1e9a44cc-c128-41f5-a85f-26c5f71c9679''"}},"message":{"template":{"expression":"Email
        body"}},"subject":{"template":{"expression":"Email subject"}},"channels":["/gdc/account/profile/5ad80b895edcc438e5a4418e222733fa/channelConfigurations/5c49be6a9c4e286d319bc6aa"],"meta":{"title":"rubydev+admin@gooddata.com","author":"/gdc/account/profile/5ad80b895edcc438e5a4418e222733fa","category":"subscription","updated":"2019-01-24
        14:32:32","created":"2019-01-24 14:32:32","uri":"/gdc/projects/fanw3gqnpv87lmocwqj0x79k8i9zfepd/users/5ad80b895edcc438e5a4418e222733fa/subscriptions/5c49be70083aff3ade19049b"}}}'
    http_version:
  recorded_at: Thu, 24 Jan 2019 13:32:34 GMT
- request:
    method: put
    uri: https://staging2-lcm-prod.intgdc.com/gdc/projects/fanw3gqnpv87lmocwqj0x79k8i9zfepd/users/5ad80b895edcc438e5a4418e222733fa/subscriptions/5c49be70083aff3ade19049b
    body:
      encoding: UTF-8
      string: '{"subscription":{"triggers":[{"projectEventTrigger":{"types":["dataload.process.finish.ok"]}}],"condition":{"condition":{"expression":"params.PROCESS_ID==''1e9a44cc-c128-41f5-a85f-26c5f71c9679''"}},"message":{"template":{"expression":"Email
        body"}},"subject":{"template":{"expression":"Email subject"}},"channels":["/gdc/account/profile/5ad80b895edcc438e5a4418e222733fa/channelConfigurations/5c49be6a9c4e286d319bc6aa"],"meta":{"title":"My
        title","author":"/gdc/account/profile/5ad80b895edcc438e5a4418e222733fa","category":"subscription","updated":"2019-01-24
        14:32:32","created":"2019-01-24 14:32:32","uri":"/gdc/projects/fanw3gqnpv87lmocwqj0x79k8i9zfepd/users/5ad80b895edcc438e5a4418e222733fa/subscriptions/5c49be70083aff3ade19049b"}}}'
    headers:
      Accept:
      - application/json, application/zip
      Accept-Encoding:
      - gzip, deflate
      User-Agent:
      - gooddata-gem/1.3.6/x86_64-linux/2.3.6
      Content-Type:
      - application/json
      X-Gdc-Authtt:
      - "<X_GDC_AUTHTT>"
      X-Gdc-Request:
      - ":QQVmmsd0CjQPBLTpsDX2aA:Z3sXMglQ2TH0lTlgQfkfug"
      Stats-On:
      - ''
      Content-Length:
      - '734'
      Host:
      - staging2-lcm-prod.intgdc.com
  response:
    status:
      code: 200
      message: OK
    headers:
      X-Gdc-Log-Header:
      - ''
      Cache-Control:
      - no-cache, no-store, must-revalidate
      Content-Type:
      - application/json;charset=UTF-8
      Date:
      - Thu, 24 Jan 2019 13:32:36 GMT
      Server:
      - GoodData WebApp
      X-Gdc-Request:
      - ":QQVmmsd0CjQPBLTpsDX2aA:Z3sXMglQ2TH0lTlgQfkfug:QRsjhCjbHbQbVERa"
      Vary:
      - origin
      X-Gdc-Request-Time:
      - '1041'
      Transfer-Encoding:
      - chunked
      Strict-Transport-Security:
      - max-age=10886400; includeSubDomains; preload;
    body:
      encoding: ASCII-8BIT
      string: '{"subscription":{"triggers":[{"projectEventTrigger":{"types":["dataload.process.finish.ok"]}}],"condition":{"condition":{"expression":"params.PROCESS_ID==''1e9a44cc-c128-41f5-a85f-26c5f71c9679''"}},"message":{"template":{"expression":"Email
        body"}},"subject":{"template":{"expression":"Email subject"}},"channels":["/gdc/account/profile/5ad80b895edcc438e5a4418e222733fa/channelConfigurations/5c49be6a9c4e286d319bc6aa"],"meta":{"title":"My
        title","author":"/gdc/account/profile/5ad80b895edcc438e5a4418e222733fa","category":"subscription","updated":"2019-01-24
        14:32:35","created":"2019-01-24 14:32:32","uri":"/gdc/projects/fanw3gqnpv87lmocwqj0x79k8i9zfepd/users/5ad80b895edcc438e5a4418e222733fa/subscriptions/5c49be70083aff3ade19049b"}}}'
    http_version:
  recorded_at: Thu, 24 Jan 2019 13:32:36 GMT
- request:
    method: get
    uri: https://staging2-lcm-prod.intgdc.com/gdc/projects/fanw3gqnpv87lmocwqj0x79k8i9zfepd/users/5ad80b895edcc438e5a4418e222733fa/subscriptions/5c49be70083aff3ade19049b
    body:
      encoding: US-ASCII
      string: ''
    headers:
      Accept:
      - application/json, application/zip
      Accept-Encoding:
      - gzip, deflate
      User-Agent:
      - gooddata-gem/1.3.6/x86_64-linux/2.3.6
      Content-Type:
      - application/json
      X-Gdc-Authtt:
      - "<X_GDC_AUTHTT>"
      X-Gdc-Request:
      - ":QQVmmsd0CjQPBLTpsDX2aA:emZQsDSqjDur526ELCQ6Dw"
      Stats-On:
      - ''
      Host:
      - staging2-lcm-prod.intgdc.com
  response:
    status:
      code: 200
      message: OK
    headers:
      X-Gdc-Log-Header:
      - ''
      Cache-Control:
      - no-cache, no-store, must-revalidate
      Content-Type:
      - application/json;charset=UTF-8
      Date:
      - Thu, 24 Jan 2019 13:32:37 GMT
      Server:
      - GoodData WebApp
      X-Gdc-Request:
      - ":QQVmmsd0CjQPBLTpsDX2aA:emZQsDSqjDur526ELCQ6Dw:1aLZ9m7sIC6zVb2F"
      Vary:
      - origin
      X-Gdc-Request-Time:
      - '16'
      Transfer-Encoding:
      - chunked
      Strict-Transport-Security:
      - max-age=10886400; includeSubDomains; preload;
    body:
      encoding: ASCII-8BIT
      string: '{"subscription":{"triggers":[{"projectEventTrigger":{"types":["dataload.process.finish.ok"]}}],"condition":{"condition":{"expression":"params.PROCESS_ID==''1e9a44cc-c128-41f5-a85f-26c5f71c9679''"}},"message":{"template":{"expression":"Email
        body"}},"subject":{"template":{"expression":"Email subject"}},"channels":["/gdc/account/profile/5ad80b895edcc438e5a4418e222733fa/channelConfigurations/5c49be6a9c4e286d319bc6aa"],"meta":{"title":"My
        title","author":"/gdc/account/profile/5ad80b895edcc438e5a4418e222733fa","category":"subscription","updated":"2019-01-24
        14:32:35","created":"2019-01-24 14:32:32","uri":"/gdc/projects/fanw3gqnpv87lmocwqj0x79k8i9zfepd/users/5ad80b895edcc438e5a4418e222733fa/subscriptions/5c49be70083aff3ade19049b"}}}'
    http_version:
  recorded_at: Thu, 24 Jan 2019 13:32:37 GMT
- request:
    method: get
    uri: https://staging2-lcm-prod.intgdc.com/gdc/projects/fanw3gqnpv87lmocwqj0x79k8i9zfepd/users/5ad80b895edcc438e5a4418e222733fa/subscriptions/5c49be70083aff3ade19049b
    body:
      encoding: US-ASCII
      string: ''
    headers:
      Accept:
      - application/json, application/zip
      Accept-Encoding:
      - gzip, deflate
      User-Agent:
      - gooddata-gem/1.3.6/x86_64-linux/2.3.6
      Content-Type:
      - application/json
      X-Gdc-Authtt:
      - "<X_GDC_AUTHTT>"
      X-Gdc-Request:
      - ":QQVmmsd0CjQPBLTpsDX2aA:24CZyvfH2ccg5_4K32zo1A"
      Stats-On:
      - ''
      Host:
      - staging2-lcm-prod.intgdc.com
  response:
    status:
      code: 200
      message: OK
    headers:
      X-Gdc-Log-Header:
      - ''
      Cache-Control:
      - no-cache, no-store, must-revalidate
      Content-Type:
      - application/json;charset=UTF-8
      Date:
      - Thu, 24 Jan 2019 13:32:37 GMT
      Server:
      - GoodData WebApp
      X-Gdc-Request:
      - ":QQVmmsd0CjQPBLTpsDX2aA:24CZyvfH2ccg5_4K32zo1A:zyhrCNH36du2n5qG"
      Vary:
      - origin
      X-Gdc-Request-Time:
      - '16'
      Transfer-Encoding:
      - chunked
      Strict-Transport-Security:
      - max-age=10886400; includeSubDomains; preload;
    body:
      encoding: ASCII-8BIT
      string: '{"subscription":{"triggers":[{"projectEventTrigger":{"types":["dataload.process.finish.ok"]}}],"condition":{"condition":{"expression":"params.PROCESS_ID==''1e9a44cc-c128-41f5-a85f-26c5f71c9679''"}},"message":{"template":{"expression":"Email
        body"}},"subject":{"template":{"expression":"Email subject"}},"channels":["/gdc/account/profile/5ad80b895edcc438e5a4418e222733fa/channelConfigurations/5c49be6a9c4e286d319bc6aa"],"meta":{"title":"My
        title","author":"/gdc/account/profile/5ad80b895edcc438e5a4418e222733fa","category":"subscription","updated":"2019-01-24
        14:32:35","created":"2019-01-24 14:32:32","uri":"/gdc/projects/fanw3gqnpv87lmocwqj0x79k8i9zfepd/users/5ad80b895edcc438e5a4418e222733fa/subscriptions/5c49be70083aff3ade19049b"}}}'
    http_version:
  recorded_at: Thu, 24 Jan 2019 13:32:38 GMT
- request:
    method: delete
    uri: https://staging2-lcm-prod.intgdc.com/gdc/projects/fanw3gqnpv87lmocwqj0x79k8i9zfepd/users/5ad80b895edcc438e5a4418e222733fa/subscriptions/5c49be70083aff3ade19049b
    body:
      encoding: US-ASCII
      string: ''
    headers:
      Accept:
      - application/json, application/zip
      Accept-Encoding:
      - gzip, deflate
      User-Agent:
      - gooddata-gem/1.3.6/x86_64-linux/2.3.6
      Content-Type:
      - application/json
      X-Gdc-Authtt:
      - "<X_GDC_AUTHTT>"
      X-Gdc-Request:
      - ":QQVmmsd0CjQPBLTpsDX2aA:kIZIndNWcBbKvyf9iQdQOQ"
      Stats-On:
      - ''
      Host:
      - staging2-lcm-prod.intgdc.com
  response:
    status:
      code: 204
      message: No Content
    headers:
      X-Gdc-Log-Header:
      - ''
      Cache-Control:
      - no-cache, no-store, must-revalidate
      Date:
      - Thu, 24 Jan 2019 13:32:38 GMT
      Server:
      - GoodData WebApp
      X-Gdc-Request-Time:
      - '19'
      X-Gdc-Request:
      - ":QQVmmsd0CjQPBLTpsDX2aA:kIZIndNWcBbKvyf9iQdQOQ:bQkizTj7IX1br5Iu"
      Vary:
      - origin
      Strict-Transport-Security:
      - max-age=10886400; includeSubDomains; preload;
    body:
      encoding: UTF-8
      string: ''
    http_version:
  recorded_at: Thu, 24 Jan 2019 13:32:39 GMT
- request:
    method: post
    uri: https://staging2-lcm-prod.intgdc.com/gdc/projects/ckggg1kn1hwetn3giedb8i2g7em2ykir/users/5ad80b895edcc438e5a4418e222733fa/subscriptions
    body:
      encoding: UTF-8
      string: '{"subscription":{"triggers":[{"projectEventTrigger":{"types":["dataload.process.finish.ok"]}}],"condition":{"condition":{"expression":"params.PROCESS_ID==''74693e9c-7da7-40af-9dbf-1bf909ac55b4''"}},"message":{"template":{"expression":"Email
        body"}},"subject":{"template":{"expression":"Email subject"}},"channels":["/gdc/account/profile/5ad80b895edcc438e5a4418e222733fa/channelConfigurations/5e1eaf12dc240b2143504110"],"meta":{"title":"rubydev+admin@gooddata.com"}}}'
    headers:
      Accept:
      - application/json, application/zip
      User-Agent:
      - gooddata-gem/2.1.9/java/2.5.0
      Content-Type:
      - application/json
      X-Gdc-Authtt:
      - "<X_GDC_AUTHTT>"
      X-Gdc-Request:
      - ":LRU_Y6zV2gkvOh9RGAuyDw:-BpEn3J0VZGfMy3-Xo2_xA"
      Stats-On:
      - ''
      X-Gdc-Version:
      - '2'
      Content-Length:
      - '464'
      Accept-Encoding:
      - gzip;q=1.0,deflate;q=0.6,identity;q=0.3
      Host:
      - staging2-lcm-prod.intgdc.com
  response:
    status:
      code: 201
      message: Created
    headers:
      Location:
      - "/gdc/projects/ckggg1kn1hwetn3giedb8i2g7em2ykir/users/5ad80b895edcc438e5a4418e222733fa/subscriptions/5e1eaf18dc240b2143504111"
      X-Gdc-Log-Header:
      - ''
      Cache-Control:
      - no-cache, no-store, must-revalidate
      Content-Type:
      - application/json;charset=UTF-8
      Date:
      - Wed, 15 Jan 2020 06:20:09 GMT
      Server:
      - GoodData WebApp
      X-Gdc-Request-Time:
      - '1035'
      X-Gdc-Request:
      - ":LRU_Y6zV2gkvOh9RGAuyDw:-BpEn3J0VZGfMy3-Xo2_xA:h7BlZVGmV98qKJJ7"
      Vary:
      - origin,X-GDC-VERSION
      Transfer-Encoding:
      - chunked
      Strict-Transport-Security:
      - max-age=10886400; includeSubDomains; preload;
    body:
      encoding: ASCII-8BIT
      string: '{"subscription":{"triggers":[{"projectEventTrigger":{"types":["dataload.process.finish.ok"]}}],"condition":{"condition":{"expression":"params.PROCESS_ID==''74693e9c-7da7-40af-9dbf-1bf909ac55b4''"}},"message":{"template":{"expression":"Email
        body"}},"subject":{"template":{"expression":"Email subject"}},"channels":["/gdc/account/profile/5ad80b895edcc438e5a4418e222733fa/channelConfigurations/5e1eaf12dc240b2143504110"],"meta":{"title":"rubydev+admin@gooddata.com","author":"/gdc/account/profile/5ad80b895edcc438e5a4418e222733fa","category":"subscription","updated":"2020-01-15
        07:20:08","created":"2020-01-15 07:20:08","uri":"/gdc/projects/ckggg1kn1hwetn3giedb8i2g7em2ykir/users/5ad80b895edcc438e5a4418e222733fa/subscriptions/5e1eaf18dc240b2143504111"}}}'
    http_version:
  recorded_at: Wed, 15 Jan 2020 06:20:09 GMT
- request:
    method: get
    uri: https://staging2-lcm-prod.intgdc.com/gdc/projects/ckggg1kn1hwetn3giedb8i2g7em2ykir/users/5ad80b895edcc438e5a4418e222733fa/subscriptions/5e1eaf18dc240b2143504111
    body:
      encoding: US-ASCII
      string: ''
    headers:
      Accept:
      - application/json, application/zip
      User-Agent:
      - gooddata-gem/2.1.9/java/2.5.0
      Content-Type:
      - application/json
      X-Gdc-Authtt:
      - "<X_GDC_AUTHTT>"
      X-Gdc-Request:
      - ":LRU_Y6zV2gkvOh9RGAuyDw:HlHBmAzSEafw_rIp20GSWA"
      Stats-On:
      - ''
      X-Gdc-Version:
      - '2'
      Accept-Encoding:
      - gzip;q=1.0,deflate;q=0.6,identity;q=0.3
      Host:
      - staging2-lcm-prod.intgdc.com
  response:
    status:
      code: 200
      message: OK
    headers:
      X-Gdc-Log-Header:
      - ''
      Cache-Control:
      - no-cache, no-store, must-revalidate
      Content-Type:
      - application/json;charset=UTF-8
      Date:
      - Wed, 15 Jan 2020 06:20:09 GMT
      Server:
      - GoodData WebApp
      X-Gdc-Request-Time:
      - '17'
      X-Gdc-Request:
      - ":LRU_Y6zV2gkvOh9RGAuyDw:HlHBmAzSEafw_rIp20GSWA:Q74W8QJbX8Nb0h02"
      Vary:
      - origin,X-GDC-VERSION
      Transfer-Encoding:
      - chunked
      Strict-Transport-Security:
      - max-age=10886400; includeSubDomains; preload;
    body:
      encoding: ASCII-8BIT
      string: '{"subscription":{"triggers":[{"projectEventTrigger":{"types":["dataload.process.finish.ok"]}}],"condition":{"condition":{"expression":"params.PROCESS_ID==''74693e9c-7da7-40af-9dbf-1bf909ac55b4''"}},"message":{"template":{"expression":"Email
        body"}},"subject":{"template":{"expression":"Email subject"}},"channels":["/gdc/account/profile/5ad80b895edcc438e5a4418e222733fa/channelConfigurations/5e1eaf12dc240b2143504110"],"meta":{"title":"rubydev+admin@gooddata.com","author":"/gdc/account/profile/5ad80b895edcc438e5a4418e222733fa","category":"subscription","updated":"2020-01-15
        07:20:08","created":"2020-01-15 07:20:08","uri":"/gdc/projects/ckggg1kn1hwetn3giedb8i2g7em2ykir/users/5ad80b895edcc438e5a4418e222733fa/subscriptions/5e1eaf18dc240b2143504111"}}}'
    http_version:
  recorded_at: Wed, 15 Jan 2020 06:20:10 GMT
- request:
    method: put
    uri: https://staging2-lcm-prod.intgdc.com/gdc/projects/ckggg1kn1hwetn3giedb8i2g7em2ykir/users/5ad80b895edcc438e5a4418e222733fa/subscriptions/5e1eaf18dc240b2143504111
    body:
      encoding: UTF-8
      string: '{"subscription":{"triggers":[{"projectEventTrigger":{"types":["dataload.process.finish.ok"]}}],"condition":{"condition":{"expression":"params.PROCESS_ID==''74693e9c-7da7-40af-9dbf-1bf909ac55b4''"}},"message":{"template":{"expression":"Email
        body"}},"subject":{"template":{"expression":"Email subject"}},"channels":["/gdc/account/profile/5ad80b895edcc438e5a4418e222733fa/channelConfigurations/5e1eaf12dc240b2143504110"],"meta":{"title":"My
        title","author":"/gdc/account/profile/5ad80b895edcc438e5a4418e222733fa","category":"subscription","updated":"2020-01-15
        07:20:08","created":"2020-01-15 07:20:08","uri":"/gdc/projects/ckggg1kn1hwetn3giedb8i2g7em2ykir/users/5ad80b895edcc438e5a4418e222733fa/subscriptions/5e1eaf18dc240b2143504111"}}}'
    headers:
      Accept:
      - application/json, application/zip
      User-Agent:
      - gooddata-gem/2.1.9/java/2.5.0
      Content-Type:
      - application/json
      X-Gdc-Authtt:
      - "<X_GDC_AUTHTT>"
      X-Gdc-Request:
      - ":LRU_Y6zV2gkvOh9RGAuyDw:Gx0mjleXCxZOob1_UhG_2Q"
      Stats-On:
      - ''
      X-Gdc-Version:
      - '2'
      Content-Length:
      - '734'
      Accept-Encoding:
      - gzip;q=1.0,deflate;q=0.6,identity;q=0.3
      Host:
      - staging2-lcm-prod.intgdc.com
  response:
    status:
      code: 200
      message: OK
    headers:
      X-Gdc-Log-Header:
      - ''
      Cache-Control:
      - no-cache, no-store, must-revalidate
      Content-Type:
      - application/json;charset=UTF-8
      Date:
      - Wed, 15 Jan 2020 06:20:12 GMT
      Server:
      - GoodData WebApp
      X-Gdc-Request-Time:
      - '1053'
      X-Gdc-Request:
      - ":LRU_Y6zV2gkvOh9RGAuyDw:Gx0mjleXCxZOob1_UhG_2Q:FzYoK9r4zqXgOUYj"
      Vary:
      - origin,X-GDC-VERSION
      Transfer-Encoding:
      - chunked
      Strict-Transport-Security:
      - max-age=10886400; includeSubDomains; preload;
    body:
      encoding: ASCII-8BIT
      string: '{"subscription":{"triggers":[{"projectEventTrigger":{"types":["dataload.process.finish.ok"]}}],"condition":{"condition":{"expression":"params.PROCESS_ID==''74693e9c-7da7-40af-9dbf-1bf909ac55b4''"}},"message":{"template":{"expression":"Email
        body"}},"subject":{"template":{"expression":"Email subject"}},"channels":["/gdc/account/profile/5ad80b895edcc438e5a4418e222733fa/channelConfigurations/5e1eaf12dc240b2143504110"],"meta":{"title":"My
        title","author":"/gdc/account/profile/5ad80b895edcc438e5a4418e222733fa","category":"subscription","updated":"2020-01-15
        07:20:11","created":"2020-01-15 07:20:08","uri":"/gdc/projects/ckggg1kn1hwetn3giedb8i2g7em2ykir/users/5ad80b895edcc438e5a4418e222733fa/subscriptions/5e1eaf18dc240b2143504111"}}}'
    http_version:
  recorded_at: Wed, 15 Jan 2020 06:20:12 GMT
- request:
    method: get
    uri: https://staging2-lcm-prod.intgdc.com/gdc/projects/ckggg1kn1hwetn3giedb8i2g7em2ykir/users/5ad80b895edcc438e5a4418e222733fa/subscriptions/5e1eaf18dc240b2143504111
    body:
      encoding: US-ASCII
      string: ''
    headers:
      Accept:
      - application/json, application/zip
      User-Agent:
      - gooddata-gem/2.1.9/java/2.5.0
      Content-Type:
      - application/json
      X-Gdc-Authtt:
      - "<X_GDC_AUTHTT>"
      X-Gdc-Request:
      - ":LRU_Y6zV2gkvOh9RGAuyDw:dhNXJHzgbLcb14ksVXwDDA"
      Stats-On:
      - ''
      X-Gdc-Version:
      - '2'
      Accept-Encoding:
      - gzip;q=1.0,deflate;q=0.6,identity;q=0.3
      Host:
      - staging2-lcm-prod.intgdc.com
  response:
    status:
      code: 200
      message: OK
    headers:
      X-Gdc-Log-Header:
      - ''
      Cache-Control:
      - no-cache, no-store, must-revalidate
      Content-Type:
      - application/json;charset=UTF-8
      Date:
      - Wed, 15 Jan 2020 06:20:13 GMT
      Server:
      - GoodData WebApp
      X-Gdc-Request-Time:
      - '17'
      X-Gdc-Request:
      - ":LRU_Y6zV2gkvOh9RGAuyDw:dhNXJHzgbLcb14ksVXwDDA:S0U1dCitpEGBuo0z"
      Vary:
      - origin,X-GDC-VERSION
      Transfer-Encoding:
      - chunked
      Strict-Transport-Security:
      - max-age=10886400; includeSubDomains; preload;
    body:
      encoding: ASCII-8BIT
      string: '{"subscription":{"triggers":[{"projectEventTrigger":{"types":["dataload.process.finish.ok"]}}],"condition":{"condition":{"expression":"params.PROCESS_ID==''74693e9c-7da7-40af-9dbf-1bf909ac55b4''"}},"message":{"template":{"expression":"Email
        body"}},"subject":{"template":{"expression":"Email subject"}},"channels":["/gdc/account/profile/5ad80b895edcc438e5a4418e222733fa/channelConfigurations/5e1eaf12dc240b2143504110"],"meta":{"title":"My
        title","author":"/gdc/account/profile/5ad80b895edcc438e5a4418e222733fa","category":"subscription","updated":"2020-01-15
        07:20:11","created":"2020-01-15 07:20:08","uri":"/gdc/projects/ckggg1kn1hwetn3giedb8i2g7em2ykir/users/5ad80b895edcc438e5a4418e222733fa/subscriptions/5e1eaf18dc240b2143504111"}}}'
    http_version:
  recorded_at: Wed, 15 Jan 2020 06:20:13 GMT
- request:
    method: get
    uri: https://staging2-lcm-prod.intgdc.com/gdc/projects/ckggg1kn1hwetn3giedb8i2g7em2ykir/users/5ad80b895edcc438e5a4418e222733fa/subscriptions/5e1eaf18dc240b2143504111
    body:
      encoding: US-ASCII
      string: ''
    headers:
      Accept:
      - application/json, application/zip
      User-Agent:
      - gooddata-gem/2.1.9/java/2.5.0
      Content-Type:
      - application/json
      X-Gdc-Authtt:
      - "<X_GDC_AUTHTT>"
      X-Gdc-Request:
      - ":LRU_Y6zV2gkvOh9RGAuyDw:0PCczHlH-KUBz_d4ER69qQ"
      Stats-On:
      - ''
      X-Gdc-Version:
      - '2'
      Accept-Encoding:
      - gzip;q=1.0,deflate;q=0.6,identity;q=0.3
      Host:
      - staging2-lcm-prod.intgdc.com
  response:
    status:
      code: 200
      message: OK
    headers:
      X-Gdc-Log-Header:
      - ''
      Cache-Control:
      - no-cache, no-store, must-revalidate
      Content-Type:
      - application/json;charset=UTF-8
      Date:
      - Wed, 15 Jan 2020 06:20:14 GMT
      Server:
      - GoodData WebApp
      X-Gdc-Request-Time:
      - '17'
      X-Gdc-Request:
      - ":LRU_Y6zV2gkvOh9RGAuyDw:0PCczHlH-KUBz_d4ER69qQ:z8u3uBzo0yxQBIMx"
      Vary:
      - origin,X-GDC-VERSION
      Transfer-Encoding:
      - chunked
      Strict-Transport-Security:
      - max-age=10886400; includeSubDomains; preload;
    body:
      encoding: ASCII-8BIT
      string: '{"subscription":{"triggers":[{"projectEventTrigger":{"types":["dataload.process.finish.ok"]}}],"condition":{"condition":{"expression":"params.PROCESS_ID==''74693e9c-7da7-40af-9dbf-1bf909ac55b4''"}},"message":{"template":{"expression":"Email
        body"}},"subject":{"template":{"expression":"Email subject"}},"channels":["/gdc/account/profile/5ad80b895edcc438e5a4418e222733fa/channelConfigurations/5e1eaf12dc240b2143504110"],"meta":{"title":"My
        title","author":"/gdc/account/profile/5ad80b895edcc438e5a4418e222733fa","category":"subscription","updated":"2020-01-15
        07:20:11","created":"2020-01-15 07:20:08","uri":"/gdc/projects/ckggg1kn1hwetn3giedb8i2g7em2ykir/users/5ad80b895edcc438e5a4418e222733fa/subscriptions/5e1eaf18dc240b2143504111"}}}'
    http_version:
  recorded_at: Wed, 15 Jan 2020 06:20:14 GMT
- request:
    method: delete
    uri: https://staging2-lcm-prod.intgdc.com/gdc/projects/ckggg1kn1hwetn3giedb8i2g7em2ykir/users/5ad80b895edcc438e5a4418e222733fa/subscriptions/5e1eaf18dc240b2143504111
    body:
      encoding: US-ASCII
      string: ''
    headers:
      Accept:
      - application/json, application/zip
      User-Agent:
      - gooddata-gem/2.1.9/java/2.5.0
      Content-Type:
      - application/json
      X-Gdc-Authtt:
      - "<X_GDC_AUTHTT>"
      X-Gdc-Request:
      - ":LRU_Y6zV2gkvOh9RGAuyDw:hbO2tZ3m20mgOXHkwNgHqw"
      Stats-On:
      - ''
      X-Gdc-Version:
      - '2'
      Accept-Encoding:
      - gzip;q=1.0,deflate;q=0.6,identity;q=0.3
      Host:
      - staging2-lcm-prod.intgdc.com
  response:
    status:
      code: 204
      message: No Content
    headers:
      X-Gdc-Log-Header:
      - ''
      Cache-Control:
      - no-cache, no-store, must-revalidate
      Date:
      - Wed, 15 Jan 2020 06:20:15 GMT
      Server:
      - GoodData WebApp
      X-Gdc-Request-Time:
      - '16'
      X-Gdc-Request:
      - ":LRU_Y6zV2gkvOh9RGAuyDw:hbO2tZ3m20mgOXHkwNgHqw:QFNAc4JG47WtmfZO"
      Vary:
      - origin,X-GDC-VERSION
      Strict-Transport-Security:
      - max-age=10886400; includeSubDomains; preload;
    body:
      encoding: UTF-8
      string: ''
    http_version:
  recorded_at: Wed, 15 Jan 2020 06:20:15 GMT
recorded_with: VCR 5.0.0
