---
http_interactions:
- request:
    method: get
    uri: https://staging2-lcm-prod.intgdc.com/gdc/md/jkxr5qwqvzd4wleqh24ln9899xgkj1n8/objects/query?category=projectDashboard&limit=50&offset=0
    body:
      encoding: US-ASCII
      string: ''
    headers:
      Accept:
      - application/json, application/zip
      Accept-Encoding:
      - gzip, deflate
      User-Agent:
      - gooddata-gem/2.1.3/x86_64-darwin18/2.4.5
      Content-Type:
      - application/json
      X-Gdc-Authtt:
      - "<X_GDC_AUTHTT>"
      X-Gdc-Request:
      - ":mqq9aj74KN01b_JNGLlprw:gt8p1aXx7nzbVzpCdh8sAw"
      Stats-On:
      - ''
      Host:
      - staging2-lcm-prod.intgdc.com
  response:
    status:
      code: 200
      message: OK
    headers:
      Date:
      - Thu, 18 Apr 2019 12:50:23 GMT
      Server:
      - GoodData WebApp
      Keep-Alive:
      - timeout=5, max=100
      X-Gdc-Log-Header:
      - ''
      Cache-Control:
      - no-cache, no-store, must-revalidate
      Content-Type:
      - application/json;charset=UTF-8
      Transfer-Encoding:
      - chunked
      Vary:
      - Accept-Encoding
      - origin
      X-Gdc-Request:
      - ":mqq9aj74KN01b_JNGLlprw:gt8p1aXx7nzbVzpCdh8sAw:dbw61LgYG6cx7rwJ"
      X-Gdc-Request-Time:
      - '43'
      Strict-Transport-Security:
      - max-age=10886400; includeSubDomains; preload;
    body:
      encoding: ASCII-8BIT
      string: '{"objects":{"paging":{"count":2,"offset":0},"items":[{"projectDashboard":{"content":{"tabs":[{"identifier":"aab9ZlWqgy9M","title":"Tab
        1","items":[{"reportItem":{"obj":"/gdc/md/jkxr5qwqvzd4wleqh24ln9899xgkj1n8/obj/355","sizeY":100,"sizeX":640,"visualization":{"grid":{"columnWidths":[]},"oneNumber":{"labels":{}}},"style":{"displayTitle":1,"background":{"opacity":0.0}},"positionY":0,"filters":[],"positionX":0}},{"reportItem":{"obj":"/gdc/md/jkxr5qwqvzd4wleqh24ln9899xgkj1n8/obj/353","sizeY":100,"sizeX":640,"visualization":{"grid":{"columnWidths":[]},"oneNumber":{"labels":{}}},"style":{"displayTitle":1,"background":{"opacity":0.0}},"positionY":150,"filters":[],"positionX":0}},{"reportItem":{"obj":"/gdc/md/jkxr5qwqvzd4wleqh24ln9899xgkj1n8/obj/357","sizeY":100,"sizeX":640,"visualization":{"grid":{"columnWidths":[]},"oneNumber":{"labels":{}}},"style":{"displayTitle":1,"background":{"opacity":0.0}},"positionY":0,"filters":[],"positionX":0}}]},{"identifier":"aac9ZlWqgy9M","title":"Tab
        2","items":[{"reportItem":{"obj":"/gdc/md/jkxr5qwqvzd4wleqh24ln9899xgkj1n8/obj/355","sizeY":100,"sizeX":640,"visualization":{"grid":{"columnWidths":[]},"oneNumber":{"labels":{}}},"style":{"displayTitle":1,"background":{"opacity":0.0}},"positionY":0,"filters":[],"positionX":0}},{"reportItem":{"obj":"/gdc/md/jkxr5qwqvzd4wleqh24ln9899xgkj1n8/obj/353","sizeY":100,"sizeX":640,"visualization":{"grid":{"columnWidths":[]},"oneNumber":{"labels":{}}},"style":{"displayTitle":1,"background":{"opacity":0.0}},"positionY":150,"filters":[],"positionX":0}},{"reportItem":{"obj":"/gdc/md/jkxr5qwqvzd4wleqh24ln9899xgkj1n8/obj/357","sizeY":100,"sizeX":640,"visualization":{"grid":{"columnWidths":[]},"oneNumber":{"labels":{}}},"style":{"displayTitle":1,"background":{"opacity":0.0}},"positionY":0,"filters":[],"positionX":0}}]}],"filters":[]},"meta":{"author":"/gdc/account/profile/5ad80b895edcc438e5a4418e222733fa","uri":"/gdc/md/jkxr5qwqvzd4wleqh24ln9899xgkj1n8/obj/358","tags":"dashboard","created":"2019-04-18
        14:40:34","identifier":"dashboard.dashboard.2","deprecated":"0","summary":"","isProduction":1,"title":"Dashboard
        2","category":"projectDashboard","updated":"2019-04-18 14:36:13","contributor":"/gdc/account/profile/5ad80b895edcc438e5a4418e222733fa"}}},{"projectDashboard":{"content":{"tabs":[{"identifier":"aac9ZeDKgyVm","title":"Tab
        1","items":[{"reportItem":{"obj":"/gdc/md/jkxr5qwqvzd4wleqh24ln9899xgkj1n8/obj/355","sizeY":100,"sizeX":640,"visualization":{"grid":{"columnWidths":[]},"oneNumber":{"labels":{}}},"style":{"displayTitle":1,"background":{"opacity":0.0}},"positionY":0,"filters":[],"positionX":0}},{"reportItem":{"obj":"/gdc/md/jkxr5qwqvzd4wleqh24ln9899xgkj1n8/obj/353","sizeY":100,"sizeX":640,"visualization":{"grid":{"columnWidths":[]},"oneNumber":{"labels":{}}},"style":{"displayTitle":1,"background":{"opacity":0.0}},"positionY":150,"filters":[],"positionX":0}},{"reportItem":{"obj":"/gdc/md/jkxr5qwqvzd4wleqh24ln9899xgkj1n8/obj/357","sizeY":100,"sizeX":640,"visualization":{"grid":{"columnWidths":[]},"oneNumber":{"labels":{}}},"style":{"displayTitle":1,"background":{"opacity":0.0}},"positionY":0,"filters":[],"positionX":0}}]},{"identifier":"aad9ZeDKgyVm","title":"Tab
        2","items":[{"reportItem":{"obj":"/gdc/md/jkxr5qwqvzd4wleqh24ln9899xgkj1n8/obj/355","sizeY":100,"sizeX":640,"visualization":{"grid":{"columnWidths":[]},"oneNumber":{"labels":{}}},"style":{"displayTitle":1,"background":{"opacity":0.0}},"positionY":0,"filters":[],"positionX":0}},{"reportItem":{"obj":"/gdc/md/jkxr5qwqvzd4wleqh24ln9899xgkj1n8/obj/353","sizeY":100,"sizeX":640,"visualization":{"grid":{"columnWidths":[]},"oneNumber":{"labels":{}}},"style":{"displayTitle":1,"background":{"opacity":0.0}},"positionY":150,"filters":[],"positionX":0}},{"reportItem":{"obj":"/gdc/md/jkxr5qwqvzd4wleqh24ln9899xgkj1n8/obj/357","sizeY":100,"sizeX":640,"visualization":{"grid":{"columnWidths":[]},"oneNumber":{"labels":{}}},"style":{"displayTitle":1,"background":{"opacity":0.0}},"positionY":0,"filters":[],"positionX":0}}]}],"filters":[]},"meta":{"author":"/gdc/account/profile/5ad80b895edcc438e5a4418e222733fa","uri":"/gdc/md/jkxr5qwqvzd4wleqh24ln9899xgkj1n8/obj/359","tags":"dashboard","created":"2019-04-18
        14:40:34","identifier":"dashboard.dashboard.1","deprecated":"0","summary":"","isProduction":1,"title":"Dashboard
        1","category":"projectDashboard","updated":"2019-04-18 14:36:03","contributor":"/gdc/account/profile/5ad80b895edcc438e5a4418e222733fa"}}}]}}'
    http_version: null
  recorded_at: Thu, 18 Apr 2019 12:50:23 GMT
- request:
    method: get
    uri: https://staging2-lcm-prod.intgdc.com/gdc/md/yh4nq8fhp6fvw8vch2eb259dj7fy3q9x/objects/query?category=projectDashboard&limit=50&offset=0
    body:
      encoding: US-ASCII
      string: ''
    headers:
      Accept:
      - application/json, application/zip
      Accept-Encoding:
      - gzip, deflate
      User-Agent:
      - gooddata-gem/2.1.3/x86_64-darwin18/2.4.5
      Content-Type:
      - application/json
      X-Gdc-Authtt:
      - "<X_GDC_AUTHTT>"
      X-Gdc-Request:
      - ":mqq9aj74KN01b_JNGLlprw:pbL0mWQRw0W9UT_4RuduBw"
      Stats-On:
      - ''
      Host:
      - staging2-lcm-prod.intgdc.com
  response:
    status:
      code: 200
      message: OK
    headers:
      Date:
      - Thu, 18 Apr 2019 12:50:24 GMT
      Server:
      - GoodData WebApp
      Keep-Alive:
      - timeout=5, max=100
      X-Gdc-Log-Header:
      - ''
      Cache-Control:
      - no-cache, no-store, must-revalidate
      Content-Type:
      - application/json;charset=UTF-8
      Transfer-Encoding:
      - chunked
      Vary:
      - Accept-Encoding
      - origin
      X-Gdc-Request:
      - ":mqq9aj74KN01b_JNGLlprw:pbL0mWQRw0W9UT_4RuduBw:uM5Y87bTKmahRNxg"
      X-Gdc-Request-Time:
      - '37'
      Strict-Transport-Security:
      - max-age=10886400; includeSubDomains; preload;
    body:
      encoding: ASCII-8BIT
      string: '{"objects":{"paging":{"count":2,"offset":0},"items":[{"projectDashboard":{"content":{"tabs":[{"identifier":"aab9ZlWqgy9M","title":"Tab
        1","items":[{"reportItem":{"obj":"/gdc/md/yh4nq8fhp6fvw8vch2eb259dj7fy3q9x/obj/355","sizeY":100,"sizeX":640,"visualization":{"grid":{"columnWidths":[]},"oneNumber":{"labels":{}}},"style":{"displayTitle":1,"background":{"opacity":0.0}},"positionY":0,"filters":[],"positionX":0}},{"reportItem":{"obj":"/gdc/md/yh4nq8fhp6fvw8vch2eb259dj7fy3q9x/obj/353","sizeY":100,"sizeX":640,"visualization":{"grid":{"columnWidths":[]},"oneNumber":{"labels":{}}},"style":{"displayTitle":1,"background":{"opacity":0.0}},"positionY":150,"filters":[],"positionX":0}},{"reportItem":{"obj":"/gdc/md/yh4nq8fhp6fvw8vch2eb259dj7fy3q9x/obj/357","sizeY":100,"sizeX":640,"visualization":{"grid":{"columnWidths":[]},"oneNumber":{"labels":{}}},"style":{"displayTitle":1,"background":{"opacity":0.0}},"positionY":0,"filters":[],"positionX":0}}]},{"identifier":"aac9ZlWqgy9M","title":"Tab
        2","items":[{"reportItem":{"obj":"/gdc/md/yh4nq8fhp6fvw8vch2eb259dj7fy3q9x/obj/355","sizeY":100,"sizeX":640,"visualization":{"grid":{"columnWidths":[]},"oneNumber":{"labels":{}}},"style":{"displayTitle":1,"background":{"opacity":0.0}},"positionY":0,"filters":[],"positionX":0}},{"reportItem":{"obj":"/gdc/md/yh4nq8fhp6fvw8vch2eb259dj7fy3q9x/obj/353","sizeY":100,"sizeX":640,"visualization":{"grid":{"columnWidths":[]},"oneNumber":{"labels":{}}},"style":{"displayTitle":1,"background":{"opacity":0.0}},"positionY":150,"filters":[],"positionX":0}},{"reportItem":{"obj":"/gdc/md/yh4nq8fhp6fvw8vch2eb259dj7fy3q9x/obj/357","sizeY":100,"sizeX":640,"visualization":{"grid":{"columnWidths":[]},"oneNumber":{"labels":{}}},"style":{"displayTitle":1,"background":{"opacity":0.0}},"positionY":0,"filters":[],"positionX":0}}]}],"filters":[]},"meta":{"locked":1,"author":"/gdc/account/profile/5ad80b895edcc438e5a4418e222733fa","uri":"/gdc/md/yh4nq8fhp6fvw8vch2eb259dj7fy3q9x/obj/358","tags":"_lcm_managed_object
        dashboard","created":"2019-04-18 14:40:34","identifier":"dashboard.dashboard.2","deprecated":"0","summary":"","isProduction":1,"title":"Dashboard
        2","category":"projectDashboard","updated":"2019-04-18 14:36:13","contributor":"/gdc/account/profile/5ad80b895edcc438e5a4418e222733fa"}}},{"projectDashboard":{"content":{"tabs":[{"identifier":"aac9ZeDKgyVm","title":"Tab
        1","items":[{"reportItem":{"obj":"/gdc/md/yh4nq8fhp6fvw8vch2eb259dj7fy3q9x/obj/355","sizeY":100,"sizeX":640,"visualization":{"grid":{"columnWidths":[]},"oneNumber":{"labels":{}}},"style":{"displayTitle":1,"background":{"opacity":0.0}},"positionY":0,"filters":[],"positionX":0}},{"reportItem":{"obj":"/gdc/md/yh4nq8fhp6fvw8vch2eb259dj7fy3q9x/obj/353","sizeY":100,"sizeX":640,"visualization":{"grid":{"columnWidths":[]},"oneNumber":{"labels":{}}},"style":{"displayTitle":1,"background":{"opacity":0.0}},"positionY":150,"filters":[],"positionX":0}},{"reportItem":{"obj":"/gdc/md/yh4nq8fhp6fvw8vch2eb259dj7fy3q9x/obj/357","sizeY":100,"sizeX":640,"visualization":{"grid":{"columnWidths":[]},"oneNumber":{"labels":{}}},"style":{"displayTitle":1,"background":{"opacity":0.0}},"positionY":0,"filters":[],"positionX":0}}]},{"identifier":"aad9ZeDKgyVm","title":"Tab
        2","items":[{"reportItem":{"obj":"/gdc/md/yh4nq8fhp6fvw8vch2eb259dj7fy3q9x/obj/355","sizeY":100,"sizeX":640,"visualization":{"grid":{"columnWidths":[]},"oneNumber":{"labels":{}}},"style":{"displayTitle":1,"background":{"opacity":0.0}},"positionY":0,"filters":[],"positionX":0}},{"reportItem":{"obj":"/gdc/md/yh4nq8fhp6fvw8vch2eb259dj7fy3q9x/obj/353","sizeY":100,"sizeX":640,"visualization":{"grid":{"columnWidths":[]},"oneNumber":{"labels":{}}},"style":{"displayTitle":1,"background":{"opacity":0.0}},"positionY":150,"filters":[],"positionX":0}},{"reportItem":{"obj":"/gdc/md/yh4nq8fhp6fvw8vch2eb259dj7fy3q9x/obj/357","sizeY":100,"sizeX":640,"visualization":{"grid":{"columnWidths":[]},"oneNumber":{"labels":{}}},"style":{"displayTitle":1,"background":{"opacity":0.0}},"positionY":0,"filters":[],"positionX":0}}]}],"filters":[]},"meta":{"locked":1,"author":"/gdc/account/profile/5ad80b895edcc438e5a4418e222733fa","uri":"/gdc/md/yh4nq8fhp6fvw8vch2eb259dj7fy3q9x/obj/359","tags":"_lcm_managed_object
        dashboard","created":"2019-04-18 14:40:34","identifier":"dashboard.dashboard.1","deprecated":"0","summary":"","isProduction":1,"title":"Dashboard
        1","category":"projectDashboard","updated":"2019-04-18 14:36:03","contributor":"/gdc/account/profile/5ad80b895edcc438e5a4418e222733fa"}}}]}}'
    http_version: null
  recorded_at: Thu, 18 Apr 2019 12:50:24 GMT
- request:
    method: get
    uri: https://staging2-lcm-prod.intgdc.com/gdc/md/ifu9pf5wu697rww6y7zld524mvkm7zy4/objects/query?category=projectDashboard&limit=50&offset=0
    body:
      encoding: US-ASCII
      string: ''
    headers:
      Accept:
      - application/json, application/zip
      Accept-Encoding:
      - gzip, deflate
      User-Agent:
      - gooddata-gem/2.1.3/x86_64-darwin18/2.4.5
      Content-Type:
      - application/json
      X-Gdc-Authtt:
      - "<X_GDC_AUTHTT>"
      X-Gdc-Request:
      - ":mqq9aj74KN01b_JNGLlprw:RMfdTWn8zAndLaXGf68log"
      Stats-On:
      - ''
      Host:
      - staging2-lcm-prod.intgdc.com
  response:
    status:
      code: 200
      message: OK
    headers:
      Date:
      - Thu, 18 Apr 2019 12:50:24 GMT
      Server:
      - GoodData WebApp
      Keep-Alive:
      - timeout=5, max=100
      X-Gdc-Log-Header:
      - ''
      Cache-Control:
      - no-cache, no-store, must-revalidate
      Content-Type:
      - application/json;charset=UTF-8
      Transfer-Encoding:
      - chunked
      Vary:
      - Accept-Encoding
      - origin
      X-Gdc-Request:
      - ":mqq9aj74KN01b_JNGLlprw:RMfdTWn8zAndLaXGf68log:nxux7OwKqSvzfMWa"
      X-Gdc-Request-Time:
      - '38'
      Strict-Transport-Security:
      - max-age=10886400; includeSubDomains; preload;
    body:
      encoding: ASCII-8BIT
      string: '{"objects":{"paging":{"count":2,"offset":0},"items":[{"projectDashboard":{"content":{"tabs":[{"identifier":"aab9ZlWqgy9M","title":"Tab
        1","items":[{"reportItem":{"obj":"/gdc/md/ifu9pf5wu697rww6y7zld524mvkm7zy4/obj/355","sizeY":100,"sizeX":640,"visualization":{"grid":{"columnWidths":[]},"oneNumber":{"labels":{}}},"style":{"displayTitle":1,"background":{"opacity":0.0}},"positionY":0,"filters":[],"positionX":0}},{"reportItem":{"obj":"/gdc/md/ifu9pf5wu697rww6y7zld524mvkm7zy4/obj/353","sizeY":100,"sizeX":640,"visualization":{"grid":{"columnWidths":[]},"oneNumber":{"labels":{}}},"style":{"displayTitle":1,"background":{"opacity":0.0}},"positionY":150,"filters":[],"positionX":0}},{"reportItem":{"obj":"/gdc/md/ifu9pf5wu697rww6y7zld524mvkm7zy4/obj/357","sizeY":100,"sizeX":640,"visualization":{"grid":{"columnWidths":[]},"oneNumber":{"labels":{}}},"style":{"displayTitle":1,"background":{"opacity":0.0}},"positionY":0,"filters":[],"positionX":0}}]},{"identifier":"aac9ZlWqgy9M","title":"Tab
        2","items":[{"reportItem":{"obj":"/gdc/md/ifu9pf5wu697rww6y7zld524mvkm7zy4/obj/355","sizeY":100,"sizeX":640,"visualization":{"grid":{"columnWidths":[]},"oneNumber":{"labels":{}}},"style":{"displayTitle":1,"background":{"opacity":0.0}},"positionY":0,"filters":[],"positionX":0}},{"reportItem":{"obj":"/gdc/md/ifu9pf5wu697rww6y7zld524mvkm7zy4/obj/353","sizeY":100,"sizeX":640,"visualization":{"grid":{"columnWidths":[]},"oneNumber":{"labels":{}}},"style":{"displayTitle":1,"background":{"opacity":0.0}},"positionY":150,"filters":[],"positionX":0}},{"reportItem":{"obj":"/gdc/md/ifu9pf5wu697rww6y7zld524mvkm7zy4/obj/357","sizeY":100,"sizeX":640,"visualization":{"grid":{"columnWidths":[]},"oneNumber":{"labels":{}}},"style":{"displayTitle":1,"background":{"opacity":0.0}},"positionY":0,"filters":[],"positionX":0}}]}],"filters":[]},"meta":{"locked":1,"author":"/gdc/account/profile/5ad80b895edcc438e5a4418e222733fa","uri":"/gdc/md/ifu9pf5wu697rww6y7zld524mvkm7zy4/obj/358","tags":"_lcm_managed_object
        dashboard","created":"2019-04-18 14:40:34","identifier":"dashboard.dashboard.2","deprecated":"0","summary":"","isProduction":1,"title":"Dashboard
        2","category":"projectDashboard","updated":"2019-04-18 14:36:13","contributor":"/gdc/account/profile/5ad80b895edcc438e5a4418e222733fa"}}},{"projectDashboard":{"content":{"tabs":[{"identifier":"aac9ZeDKgyVm","title":"Tab
        1","items":[{"reportItem":{"obj":"/gdc/md/ifu9pf5wu697rww6y7zld524mvkm7zy4/obj/355","sizeY":100,"sizeX":640,"visualization":{"grid":{"columnWidths":[]},"oneNumber":{"labels":{}}},"style":{"displayTitle":1,"background":{"opacity":0.0}},"positionY":0,"filters":[],"positionX":0}},{"reportItem":{"obj":"/gdc/md/ifu9pf5wu697rww6y7zld524mvkm7zy4/obj/353","sizeY":100,"sizeX":640,"visualization":{"grid":{"columnWidths":[]},"oneNumber":{"labels":{}}},"style":{"displayTitle":1,"background":{"opacity":0.0}},"positionY":150,"filters":[],"positionX":0}},{"reportItem":{"obj":"/gdc/md/ifu9pf5wu697rww6y7zld524mvkm7zy4/obj/357","sizeY":100,"sizeX":640,"visualization":{"grid":{"columnWidths":[]},"oneNumber":{"labels":{}}},"style":{"displayTitle":1,"background":{"opacity":0.0}},"positionY":0,"filters":[],"positionX":0}}]},{"identifier":"aad9ZeDKgyVm","title":"Tab
        2","items":[{"reportItem":{"obj":"/gdc/md/ifu9pf5wu697rww6y7zld524mvkm7zy4/obj/355","sizeY":100,"sizeX":640,"visualization":{"grid":{"columnWidths":[]},"oneNumber":{"labels":{}}},"style":{"displayTitle":1,"background":{"opacity":0.0}},"positionY":0,"filters":[],"positionX":0}},{"reportItem":{"obj":"/gdc/md/ifu9pf5wu697rww6y7zld524mvkm7zy4/obj/353","sizeY":100,"sizeX":640,"visualization":{"grid":{"columnWidths":[]},"oneNumber":{"labels":{}}},"style":{"displayTitle":1,"background":{"opacity":0.0}},"positionY":150,"filters":[],"positionX":0}},{"reportItem":{"obj":"/gdc/md/ifu9pf5wu697rww6y7zld524mvkm7zy4/obj/357","sizeY":100,"sizeX":640,"visualization":{"grid":{"columnWidths":[]},"oneNumber":{"labels":{}}},"style":{"displayTitle":1,"background":{"opacity":0.0}},"positionY":0,"filters":[],"positionX":0}}]}],"filters":[]},"meta":{"locked":1,"author":"/gdc/account/profile/5ad80b895edcc438e5a4418e222733fa","uri":"/gdc/md/ifu9pf5wu697rww6y7zld524mvkm7zy4/obj/359","tags":"_lcm_managed_object
        dashboard","created":"2019-04-18 14:40:34","identifier":"dashboard.dashboard.1","deprecated":"0","summary":"","isProduction":1,"title":"Dashboard
        1","category":"projectDashboard","updated":"2019-04-18 14:36:03","contributor":"/gdc/account/profile/5ad80b895edcc438e5a4418e222733fa"}}}]}}'
    http_version: null
  recorded_at: Thu, 18 Apr 2019 12:50:24 GMT
- request:
    method: get
    uri: https://staging2-lcm-prod.intgdc.com/gdc/md/c6vxre8nhydx2z6t9716ssfsh19hm3im/objects/query?category=projectDashboard&limit=50&offset=0
    body:
      encoding: US-ASCII
      string: ''
    headers:
      Accept:
      - application/json, application/zip
      Accept-Encoding:
      - gzip, deflate
      User-Agent:
      - gooddata-gem/2.1.3/x86_64-darwin18/2.4.5
      Content-Type:
      - application/json
      X-Gdc-Authtt:
      - "<X_GDC_AUTHTT>"
      X-Gdc-Request:
      - ":mqq9aj74KN01b_JNGLlprw:xlvJR2XZ1biRoCURUN1mJQ"
      Stats-On:
      - ''
      Host:
      - staging2-lcm-prod.intgdc.com
  response:
    status:
      code: 200
      message: OK
    headers:
      Date:
      - Thu, 18 Apr 2019 12:50:25 GMT
      Server:
      - GoodData WebApp
      Keep-Alive:
      - timeout=5, max=100
      X-Gdc-Log-Header:
      - ''
      Cache-Control:
      - no-cache, no-store, must-revalidate
      Content-Type:
      - application/json;charset=UTF-8
      Transfer-Encoding:
      - chunked
      Vary:
      - Accept-Encoding
      - origin
      X-Gdc-Request:
      - ":mqq9aj74KN01b_JNGLlprw:xlvJR2XZ1biRoCURUN1mJQ:H3eVAbRCopFRL0r9"
      X-Gdc-Request-Time:
      - '129'
      Strict-Transport-Security:
      - max-age=10886400; includeSubDomains; preload;
    body:
      encoding: ASCII-8BIT
      string: '{"objects":{"paging":{"count":2,"offset":0},"items":[{"projectDashboard":{"content":{"tabs":[{"identifier":"aab9ZlWqgy9M","title":"Tab
        1","items":[{"reportItem":{"obj":"/gdc/md/c6vxre8nhydx2z6t9716ssfsh19hm3im/obj/355","sizeY":100,"sizeX":640,"visualization":{"grid":{"columnWidths":[]},"oneNumber":{"labels":{}}},"style":{"displayTitle":1,"background":{"opacity":0.0}},"positionY":0,"filters":[],"positionX":0}},{"reportItem":{"obj":"/gdc/md/c6vxre8nhydx2z6t9716ssfsh19hm3im/obj/353","sizeY":100,"sizeX":640,"visualization":{"grid":{"columnWidths":[]},"oneNumber":{"labels":{}}},"style":{"displayTitle":1,"background":{"opacity":0.0}},"positionY":150,"filters":[],"positionX":0}},{"reportItem":{"obj":"/gdc/md/c6vxre8nhydx2z6t9716ssfsh19hm3im/obj/357","sizeY":100,"sizeX":640,"visualization":{"grid":{"columnWidths":[]},"oneNumber":{"labels":{}}},"style":{"displayTitle":1,"background":{"opacity":0.0}},"positionY":0,"filters":[],"positionX":0}}]},{"identifier":"aac9ZlWqgy9M","title":"Tab
        2","items":[{"reportItem":{"obj":"/gdc/md/c6vxre8nhydx2z6t9716ssfsh19hm3im/obj/355","sizeY":100,"sizeX":640,"visualization":{"grid":{"columnWidths":[]},"oneNumber":{"labels":{}}},"style":{"displayTitle":1,"background":{"opacity":0.0}},"positionY":0,"filters":[],"positionX":0}},{"reportItem":{"obj":"/gdc/md/c6vxre8nhydx2z6t9716ssfsh19hm3im/obj/353","sizeY":100,"sizeX":640,"visualization":{"grid":{"columnWidths":[]},"oneNumber":{"labels":{}}},"style":{"displayTitle":1,"background":{"opacity":0.0}},"positionY":150,"filters":[],"positionX":0}},{"reportItem":{"obj":"/gdc/md/c6vxre8nhydx2z6t9716ssfsh19hm3im/obj/357","sizeY":100,"sizeX":640,"visualization":{"grid":{"columnWidths":[]},"oneNumber":{"labels":{}}},"style":{"displayTitle":1,"background":{"opacity":0.0}},"positionY":0,"filters":[],"positionX":0}}]}],"filters":[]},"meta":{"locked":1,"author":"/gdc/account/profile/5ad80b895edcc438e5a4418e222733fa","uri":"/gdc/md/c6vxre8nhydx2z6t9716ssfsh19hm3im/obj/358","tags":"_lcm_managed_object
        dashboard","created":"2019-04-18 14:40:34","identifier":"dashboard.dashboard.2","deprecated":"0","summary":"","isProduction":1,"title":"Dashboard
        2","category":"projectDashboard","updated":"2019-04-18 14:36:13","contributor":"/gdc/account/profile/5ad80b895edcc438e5a4418e222733fa"}}},{"projectDashboard":{"content":{"tabs":[{"identifier":"aac9ZeDKgyVm","title":"Tab
        1","items":[{"reportItem":{"obj":"/gdc/md/c6vxre8nhydx2z6t9716ssfsh19hm3im/obj/355","sizeY":100,"sizeX":640,"visualization":{"grid":{"columnWidths":[]},"oneNumber":{"labels":{}}},"style":{"displayTitle":1,"background":{"opacity":0.0}},"positionY":0,"filters":[],"positionX":0}},{"reportItem":{"obj":"/gdc/md/c6vxre8nhydx2z6t9716ssfsh19hm3im/obj/353","sizeY":100,"sizeX":640,"visualization":{"grid":{"columnWidths":[]},"oneNumber":{"labels":{}}},"style":{"displayTitle":1,"background":{"opacity":0.0}},"positionY":150,"filters":[],"positionX":0}},{"reportItem":{"obj":"/gdc/md/c6vxre8nhydx2z6t9716ssfsh19hm3im/obj/357","sizeY":100,"sizeX":640,"visualization":{"grid":{"columnWidths":[]},"oneNumber":{"labels":{}}},"style":{"displayTitle":1,"background":{"opacity":0.0}},"positionY":0,"filters":[],"positionX":0}}]},{"identifier":"aad9ZeDKgyVm","title":"Tab
        2","items":[{"reportItem":{"obj":"/gdc/md/c6vxre8nhydx2z6t9716ssfsh19hm3im/obj/355","sizeY":100,"sizeX":640,"visualization":{"grid":{"columnWidths":[]},"oneNumber":{"labels":{}}},"style":{"displayTitle":1,"background":{"opacity":0.0}},"positionY":0,"filters":[],"positionX":0}},{"reportItem":{"obj":"/gdc/md/c6vxre8nhydx2z6t9716ssfsh19hm3im/obj/353","sizeY":100,"sizeX":640,"visualization":{"grid":{"columnWidths":[]},"oneNumber":{"labels":{}}},"style":{"displayTitle":1,"background":{"opacity":0.0}},"positionY":150,"filters":[],"positionX":0}},{"reportItem":{"obj":"/gdc/md/c6vxre8nhydx2z6t9716ssfsh19hm3im/obj/357","sizeY":100,"sizeX":640,"visualization":{"grid":{"columnWidths":[]},"oneNumber":{"labels":{}}},"style":{"displayTitle":1,"background":{"opacity":0.0}},"positionY":0,"filters":[],"positionX":0}}]}],"filters":[]},"meta":{"locked":1,"author":"/gdc/account/profile/5ad80b895edcc438e5a4418e222733fa","uri":"/gdc/md/c6vxre8nhydx2z6t9716ssfsh19hm3im/obj/359","tags":"_lcm_managed_object
        dashboard","created":"2019-04-18 14:40:34","identifier":"dashboard.dashboard.1","deprecated":"0","summary":"","isProduction":1,"title":"Dashboard
        1","category":"projectDashboard","updated":"2019-04-18 14:36:03","contributor":"/gdc/account/profile/5ad80b895edcc438e5a4418e222733fa"}}}]}}'
    http_version: null
  recorded_at: Thu, 18 Apr 2019 12:50:25 GMT
- request:
    method: get
    uri: https://staging2-lcm-prod.intgdc.com/gdc/md/d3xxd6w9kwd8j9xwgb3289iuotwnnmra/objects/query?category=projectDashboard&limit=50&offset=0
    body:
      encoding: US-ASCII
      string: ''
    headers:
      Accept:
      - application/json, application/zip
      User-Agent:
      - gooddata-gem/2.1.10/x86_64-darwin16/2.3.8
      Content-Type:
      - application/json
      X-Gdc-Authtt:
      - "<X_GDC_AUTHTT>"
      X-Gdc-Request:
      - ":ghHIjeuJLXujOGpnft_aoQ:ZTERLysK_r8n-lTMbJ1lBg"
      Stats-On:
      - ''
      X-Gdc-Version:
      - '2'
      Accept-Encoding:
      - gzip;q=1.0,deflate;q=0.6,identity;q=0.3
      Host:
      - staging2-lcm-prod.intgdc.com
  response:
    status:
      code: 200
      message: OK
    headers:
      Date:
      - Thu, 07 May 2020 11:07:02 GMT
      Server:
      - GoodData WebApp
      Keep-Alive:
      - timeout=5, max=100
      X-Gdc-Log-Header:
      - ''
      Cache-Control:
      - no-cache, no-store, must-revalidate
      Content-Type:
      - application/json;charset=UTF-8
      Transfer-Encoding:
      - chunked
      X-Gdc-Request-Time:
      - '45'
      X-Gdc-Request:
      - ":ghHIjeuJLXujOGpnft_aoQ:ZTERLysK_r8n-lTMbJ1lBg:T3nSTOrgVS1zmutP"
      Vary:
      - Accept-Encoding,origin,X-GDC-VERSION
      Strict-Transport-Security:
      - max-age=10886400; includeSubDomains; preload;
    body:
      encoding: ASCII-8BIT
      string: '{"objects":{"paging":{"count":2,"offset":0},"items":[{"projectDashboard":{"content":{"tabs":[{"identifier":"aacsFoPFgfSY","title":"Tab
        1","items":[{"reportItem":{"obj":"/gdc/md/d3xxd6w9kwd8j9xwgb3289iuotwnnmra/obj/359","sizeY":100,"sizeX":640,"visualization":{"grid":{"columnWidths":[]},"oneNumber":{"labels":{}}},"style":{"displayTitle":1,"background":{"opacity":0.0}},"positionY":0,"filters":[],"positionX":0}},{"reportItem":{"obj":"/gdc/md/d3xxd6w9kwd8j9xwgb3289iuotwnnmra/obj/357","sizeY":100,"sizeX":640,"visualization":{"grid":{"columnWidths":[]},"oneNumber":{"labels":{}}},"style":{"displayTitle":1,"background":{"opacity":0.0}},"positionY":150,"filters":[],"positionX":0}},{"reportItem":{"obj":"/gdc/md/d3xxd6w9kwd8j9xwgb3289iuotwnnmra/obj/361","sizeY":100,"sizeX":640,"visualization":{"grid":{"columnWidths":[]},"oneNumber":{"labels":{}}},"style":{"displayTitle":1,"background":{"opacity":0.0}},"positionY":0,"filters":[],"positionX":0}}]},{"identifier":"aadsFoPFgfSY","title":"Tab
        2","items":[{"reportItem":{"obj":"/gdc/md/d3xxd6w9kwd8j9xwgb3289iuotwnnmra/obj/359","sizeY":100,"sizeX":640,"visualization":{"grid":{"columnWidths":[]},"oneNumber":{"labels":{}}},"style":{"displayTitle":1,"background":{"opacity":0.0}},"positionY":0,"filters":[],"positionX":0}},{"reportItem":{"obj":"/gdc/md/d3xxd6w9kwd8j9xwgb3289iuotwnnmra/obj/357","sizeY":100,"sizeX":640,"visualization":{"grid":{"columnWidths":[]},"oneNumber":{"labels":{}}},"style":{"displayTitle":1,"background":{"opacity":0.0}},"positionY":150,"filters":[],"positionX":0}},{"reportItem":{"obj":"/gdc/md/d3xxd6w9kwd8j9xwgb3289iuotwnnmra/obj/361","sizeY":100,"sizeX":640,"visualization":{"grid":{"columnWidths":[]},"oneNumber":{"labels":{}}},"style":{"displayTitle":1,"background":{"opacity":0.0}},"positionY":0,"filters":[],"positionX":0}}]}],"filters":[]},"meta":{"author":"/gdc/account/profile/5ad80b895edcc438e5a4418e222733fa","uri":"/gdc/md/d3xxd6w9kwd8j9xwgb3289iuotwnnmra/obj/362","tags":"dashboard","created":"2020-05-07
        12:57:34","identifier":"dashboard.dashboard.2","deprecated":"0","summary":"","isProduction":1,"title":"Dashboard
        2","category":"projectDashboard","updated":"2020-05-07 12:48:54","contributor":"/gdc/account/profile/5ad80b895edcc438e5a4418e222733fa"}}},{"projectDashboard":{"content":{"tabs":[{"identifier":"aabsIBLHgfkV","title":"Tab
        1","items":[{"reportItem":{"obj":"/gdc/md/d3xxd6w9kwd8j9xwgb3289iuotwnnmra/obj/359","sizeY":100,"sizeX":640,"visualization":{"grid":{"columnWidths":[]},"oneNumber":{"labels":{}}},"style":{"displayTitle":1,"background":{"opacity":0.0}},"positionY":0,"filters":[],"positionX":0}},{"reportItem":{"obj":"/gdc/md/d3xxd6w9kwd8j9xwgb3289iuotwnnmra/obj/357","sizeY":100,"sizeX":640,"visualization":{"grid":{"columnWidths":[]},"oneNumber":{"labels":{}}},"style":{"displayTitle":1,"background":{"opacity":0.0}},"positionY":150,"filters":[],"positionX":0}},{"reportItem":{"obj":"/gdc/md/d3xxd6w9kwd8j9xwgb3289iuotwnnmra/obj/361","sizeY":100,"sizeX":640,"visualization":{"grid":{"columnWidths":[]},"oneNumber":{"labels":{}}},"style":{"displayTitle":1,"background":{"opacity":0.0}},"positionY":0,"filters":[],"positionX":0}}]},{"identifier":"aacsIBLHgfkV","title":"Tab
        2","items":[{"reportItem":{"obj":"/gdc/md/d3xxd6w9kwd8j9xwgb3289iuotwnnmra/obj/359","sizeY":100,"sizeX":640,"visualization":{"grid":{"columnWidths":[]},"oneNumber":{"labels":{}}},"style":{"displayTitle":1,"background":{"opacity":0.0}},"positionY":0,"filters":[],"positionX":0}},{"reportItem":{"obj":"/gdc/md/d3xxd6w9kwd8j9xwgb3289iuotwnnmra/obj/357","sizeY":100,"sizeX":640,"visualization":{"grid":{"columnWidths":[]},"oneNumber":{"labels":{}}},"style":{"displayTitle":1,"background":{"opacity":0.0}},"positionY":150,"filters":[],"positionX":0}},{"reportItem":{"obj":"/gdc/md/d3xxd6w9kwd8j9xwgb3289iuotwnnmra/obj/361","sizeY":100,"sizeX":640,"visualization":{"grid":{"columnWidths":[]},"oneNumber":{"labels":{}}},"style":{"displayTitle":1,"background":{"opacity":0.0}},"positionY":0,"filters":[],"positionX":0}}]}],"filters":[]},"meta":{"author":"/gdc/account/profile/5ad80b895edcc438e5a4418e222733fa","uri":"/gdc/md/d3xxd6w9kwd8j9xwgb3289iuotwnnmra/obj/363","tags":"dashboard","created":"2020-05-07
        12:57:34","identifier":"dashboard.dashboard.1","deprecated":"0","summary":"","isProduction":1,"title":"Dashboard
        1","category":"projectDashboard","updated":"2020-05-07 12:48:36","contributor":"/gdc/account/profile/5ad80b895edcc438e5a4418e222733fa"}}}]}}'
    http_version: null
  recorded_at: Thu, 07 May 2020 11:07:02 GMT
- request:
    method: get
    uri: https://staging2-lcm-prod.intgdc.com/gdc/md/oa1tpppehpjcf7s6cxr4cvpp927dhvyf/objects/query?category=projectDashboard&limit=50&offset=0
    body:
      encoding: US-ASCII
      string: ''
    headers:
      Accept:
      - application/json, application/zip
      User-Agent:
      - gooddata-gem/2.1.10/x86_64-darwin16/2.3.8
      Content-Type:
      - application/json
      X-Gdc-Authtt:
      - "<X_GDC_AUTHTT>"
      X-Gdc-Request:
      - ":ghHIjeuJLXujOGpnft_aoQ:_PsYVSq7KQB4UD3QwXqEZQ"
      Stats-On:
      - ''
      X-Gdc-Version:
      - '2'
      Accept-Encoding:
      - gzip;q=1.0,deflate;q=0.6,identity;q=0.3
      Host:
      - staging2-lcm-prod.intgdc.com
  response:
    status:
      code: 200
      message: OK
    headers:
      Date:
      - Thu, 07 May 2020 11:07:03 GMT
      Server:
      - GoodData WebApp
      Keep-Alive:
      - timeout=5, max=100
      X-Gdc-Log-Header:
      - ''
      Cache-Control:
      - no-cache, no-store, must-revalidate
      Content-Type:
      - application/json;charset=UTF-8
      Transfer-Encoding:
      - chunked
      X-Gdc-Request-Time:
      - '45'
      X-Gdc-Request:
      - ":ghHIjeuJLXujOGpnft_aoQ:_PsYVSq7KQB4UD3QwXqEZQ:RVzRfEbfC1q97mDk"
      Vary:
      - Accept-Encoding,origin,X-GDC-VERSION
      Strict-Transport-Security:
      - max-age=10886400; includeSubDomains; preload;
    body:
      encoding: ASCII-8BIT
      string: '{"objects":{"paging":{"count":2,"offset":0},"items":[{"projectDashboard":{"content":{"tabs":[{"identifier":"aacsFoPFgfSY","title":"Tab
        1","items":[{"reportItem":{"obj":"/gdc/md/oa1tpppehpjcf7s6cxr4cvpp927dhvyf/obj/359","sizeY":100,"sizeX":640,"visualization":{"grid":{"columnWidths":[]},"oneNumber":{"labels":{}}},"style":{"displayTitle":1,"background":{"opacity":0.0}},"positionY":0,"filters":[],"positionX":0}},{"reportItem":{"obj":"/gdc/md/oa1tpppehpjcf7s6cxr4cvpp927dhvyf/obj/357","sizeY":100,"sizeX":640,"visualization":{"grid":{"columnWidths":[]},"oneNumber":{"labels":{}}},"style":{"displayTitle":1,"background":{"opacity":0.0}},"positionY":150,"filters":[],"positionX":0}},{"reportItem":{"obj":"/gdc/md/oa1tpppehpjcf7s6cxr4cvpp927dhvyf/obj/361","sizeY":100,"sizeX":640,"visualization":{"grid":{"columnWidths":[]},"oneNumber":{"labels":{}}},"style":{"displayTitle":1,"background":{"opacity":0.0}},"positionY":0,"filters":[],"positionX":0}}]},{"identifier":"aadsFoPFgfSY","title":"Tab
        2","items":[{"reportItem":{"obj":"/gdc/md/oa1tpppehpjcf7s6cxr4cvpp927dhvyf/obj/359","sizeY":100,"sizeX":640,"visualization":{"grid":{"columnWidths":[]},"oneNumber":{"labels":{}}},"style":{"displayTitle":1,"background":{"opacity":0.0}},"positionY":0,"filters":[],"positionX":0}},{"reportItem":{"obj":"/gdc/md/oa1tpppehpjcf7s6cxr4cvpp927dhvyf/obj/357","sizeY":100,"sizeX":640,"visualization":{"grid":{"columnWidths":[]},"oneNumber":{"labels":{}}},"style":{"displayTitle":1,"background":{"opacity":0.0}},"positionY":150,"filters":[],"positionX":0}},{"reportItem":{"obj":"/gdc/md/oa1tpppehpjcf7s6cxr4cvpp927dhvyf/obj/361","sizeY":100,"sizeX":640,"visualization":{"grid":{"columnWidths":[]},"oneNumber":{"labels":{}}},"style":{"displayTitle":1,"background":{"opacity":0.0}},"positionY":0,"filters":[],"positionX":0}}]}],"filters":[]},"meta":{"locked":1,"author":"/gdc/account/profile/5ad80b895edcc438e5a4418e222733fa","uri":"/gdc/md/oa1tpppehpjcf7s6cxr4cvpp927dhvyf/obj/362","tags":"_lcm_managed_object
        dashboard","created":"2020-05-07 12:57:34","identifier":"dashboard.dashboard.2","deprecated":"0","summary":"","isProduction":1,"title":"Dashboard
        2","category":"projectDashboard","updated":"2020-05-07 12:48:54","contributor":"/gdc/account/profile/5ad80b895edcc438e5a4418e222733fa"}}},{"projectDashboard":{"content":{"tabs":[{"identifier":"aabsIBLHgfkV","title":"Tab
        1","items":[{"reportItem":{"obj":"/gdc/md/oa1tpppehpjcf7s6cxr4cvpp927dhvyf/obj/359","sizeY":100,"sizeX":640,"visualization":{"grid":{"columnWidths":[]},"oneNumber":{"labels":{}}},"style":{"displayTitle":1,"background":{"opacity":0.0}},"positionY":0,"filters":[],"positionX":0}},{"reportItem":{"obj":"/gdc/md/oa1tpppehpjcf7s6cxr4cvpp927dhvyf/obj/357","sizeY":100,"sizeX":640,"visualization":{"grid":{"columnWidths":[]},"oneNumber":{"labels":{}}},"style":{"displayTitle":1,"background":{"opacity":0.0}},"positionY":150,"filters":[],"positionX":0}},{"reportItem":{"obj":"/gdc/md/oa1tpppehpjcf7s6cxr4cvpp927dhvyf/obj/361","sizeY":100,"sizeX":640,"visualization":{"grid":{"columnWidths":[]},"oneNumber":{"labels":{}}},"style":{"displayTitle":1,"background":{"opacity":0.0}},"positionY":0,"filters":[],"positionX":0}}]},{"identifier":"aacsIBLHgfkV","title":"Tab
        2","items":[{"reportItem":{"obj":"/gdc/md/oa1tpppehpjcf7s6cxr4cvpp927dhvyf/obj/359","sizeY":100,"sizeX":640,"visualization":{"grid":{"columnWidths":[]},"oneNumber":{"labels":{}}},"style":{"displayTitle":1,"background":{"opacity":0.0}},"positionY":0,"filters":[],"positionX":0}},{"reportItem":{"obj":"/gdc/md/oa1tpppehpjcf7s6cxr4cvpp927dhvyf/obj/357","sizeY":100,"sizeX":640,"visualization":{"grid":{"columnWidths":[]},"oneNumber":{"labels":{}}},"style":{"displayTitle":1,"background":{"opacity":0.0}},"positionY":150,"filters":[],"positionX":0}},{"reportItem":{"obj":"/gdc/md/oa1tpppehpjcf7s6cxr4cvpp927dhvyf/obj/361","sizeY":100,"sizeX":640,"visualization":{"grid":{"columnWidths":[]},"oneNumber":{"labels":{}}},"style":{"displayTitle":1,"background":{"opacity":0.0}},"positionY":0,"filters":[],"positionX":0}}]}],"filters":[]},"meta":{"locked":1,"author":"/gdc/account/profile/5ad80b895edcc438e5a4418e222733fa","uri":"/gdc/md/oa1tpppehpjcf7s6cxr4cvpp927dhvyf/obj/363","tags":"_lcm_managed_object
        dashboard","created":"2020-05-07 12:57:34","identifier":"dashboard.dashboard.1","deprecated":"0","summary":"","isProduction":1,"title":"Dashboard
        1","category":"projectDashboard","updated":"2020-05-07 12:48:36","contributor":"/gdc/account/profile/5ad80b895edcc438e5a4418e222733fa"}}}]}}'
    http_version: null
  recorded_at: Thu, 07 May 2020 11:07:03 GMT
- request:
    method: get
    uri: https://staging2-lcm-prod.intgdc.com/gdc/md/u586yv7vl7kcb29a3jw30w37ppng6zue/objects/query?category=projectDashboard&limit=50&offset=0
    body:
      encoding: US-ASCII
      string: ''
    headers:
      Accept:
      - application/json, application/zip
      User-Agent:
      - gooddata-gem/2.1.10/x86_64-darwin16/2.3.8
      Content-Type:
      - application/json
      X-Gdc-Authtt:
      - "<X_GDC_AUTHTT>"
      X-Gdc-Request:
      - ":ghHIjeuJLXujOGpnft_aoQ:JAou7Qdv3XJvWpqjBf_ceg"
      Stats-On:
      - ''
      X-Gdc-Version:
      - '2'
      Accept-Encoding:
      - gzip;q=1.0,deflate;q=0.6,identity;q=0.3
      Host:
      - staging2-lcm-prod.intgdc.com
  response:
    status:
      code: 200
      message: OK
    headers:
      Date:
      - Thu, 07 May 2020 11:07:04 GMT
      Server:
      - GoodData WebApp
      Keep-Alive:
      - timeout=5, max=100
      X-Gdc-Log-Header:
      - ''
      Cache-Control:
      - no-cache, no-store, must-revalidate
      Content-Type:
      - application/json;charset=UTF-8
      Transfer-Encoding:
      - chunked
      X-Gdc-Request-Time:
      - '69'
      X-Gdc-Request:
      - ":ghHIjeuJLXujOGpnft_aoQ:JAou7Qdv3XJvWpqjBf_ceg:ELtT2HCRbt6YTcmi"
      Vary:
      - Accept-Encoding,origin,X-GDC-VERSION
      Strict-Transport-Security:
      - max-age=10886400; includeSubDomains; preload;
    body:
      encoding: ASCII-8BIT
      string: '{"objects":{"paging":{"count":2,"offset":0},"items":[{"projectDashboard":{"content":{"tabs":[{"identifier":"aacsFoPFgfSY","title":"Tab
        1","items":[{"reportItem":{"obj":"/gdc/md/u586yv7vl7kcb29a3jw30w37ppng6zue/obj/359","sizeY":100,"sizeX":640,"visualization":{"grid":{"columnWidths":[]},"oneNumber":{"labels":{}}},"style":{"displayTitle":1,"background":{"opacity":0.0}},"positionY":0,"filters":[],"positionX":0}},{"reportItem":{"obj":"/gdc/md/u586yv7vl7kcb29a3jw30w37ppng6zue/obj/357","sizeY":100,"sizeX":640,"visualization":{"grid":{"columnWidths":[]},"oneNumber":{"labels":{}}},"style":{"displayTitle":1,"background":{"opacity":0.0}},"positionY":150,"filters":[],"positionX":0}},{"reportItem":{"obj":"/gdc/md/u586yv7vl7kcb29a3jw30w37ppng6zue/obj/361","sizeY":100,"sizeX":640,"visualization":{"grid":{"columnWidths":[]},"oneNumber":{"labels":{}}},"style":{"displayTitle":1,"background":{"opacity":0.0}},"positionY":0,"filters":[],"positionX":0}}]},{"identifier":"aadsFoPFgfSY","title":"Tab
        2","items":[{"reportItem":{"obj":"/gdc/md/u586yv7vl7kcb29a3jw30w37ppng6zue/obj/359","sizeY":100,"sizeX":640,"visualization":{"grid":{"columnWidths":[]},"oneNumber":{"labels":{}}},"style":{"displayTitle":1,"background":{"opacity":0.0}},"positionY":0,"filters":[],"positionX":0}},{"reportItem":{"obj":"/gdc/md/u586yv7vl7kcb29a3jw30w37ppng6zue/obj/357","sizeY":100,"sizeX":640,"visualization":{"grid":{"columnWidths":[]},"oneNumber":{"labels":{}}},"style":{"displayTitle":1,"background":{"opacity":0.0}},"positionY":150,"filters":[],"positionX":0}},{"reportItem":{"obj":"/gdc/md/u586yv7vl7kcb29a3jw30w37ppng6zue/obj/361","sizeY":100,"sizeX":640,"visualization":{"grid":{"columnWidths":[]},"oneNumber":{"labels":{}}},"style":{"displayTitle":1,"background":{"opacity":0.0}},"positionY":0,"filters":[],"positionX":0}}]}],"filters":[]},"meta":{"locked":1,"author":"/gdc/account/profile/5ad80b895edcc438e5a4418e222733fa","uri":"/gdc/md/u586yv7vl7kcb29a3jw30w37ppng6zue/obj/362","tags":"_lcm_managed_object
        dashboard","created":"2020-05-07 12:57:34","identifier":"dashboard.dashboard.2","deprecated":"0","summary":"","isProduction":1,"title":"Dashboard
        2","category":"projectDashboard","updated":"2020-05-07 12:48:54","contributor":"/gdc/account/profile/5ad80b895edcc438e5a4418e222733fa"}}},{"projectDashboard":{"content":{"tabs":[{"identifier":"aabsIBLHgfkV","title":"Tab
        1","items":[{"reportItem":{"obj":"/gdc/md/u586yv7vl7kcb29a3jw30w37ppng6zue/obj/359","sizeY":100,"sizeX":640,"visualization":{"grid":{"columnWidths":[]},"oneNumber":{"labels":{}}},"style":{"displayTitle":1,"background":{"opacity":0.0}},"positionY":0,"filters":[],"positionX":0}},{"reportItem":{"obj":"/gdc/md/u586yv7vl7kcb29a3jw30w37ppng6zue/obj/357","sizeY":100,"sizeX":640,"visualization":{"grid":{"columnWidths":[]},"oneNumber":{"labels":{}}},"style":{"displayTitle":1,"background":{"opacity":0.0}},"positionY":150,"filters":[],"positionX":0}},{"reportItem":{"obj":"/gdc/md/u586yv7vl7kcb29a3jw30w37ppng6zue/obj/361","sizeY":100,"sizeX":640,"visualization":{"grid":{"columnWidths":[]},"oneNumber":{"labels":{}}},"style":{"displayTitle":1,"background":{"opacity":0.0}},"positionY":0,"filters":[],"positionX":0}}]},{"identifier":"aacsIBLHgfkV","title":"Tab
        2","items":[{"reportItem":{"obj":"/gdc/md/u586yv7vl7kcb29a3jw30w37ppng6zue/obj/359","sizeY":100,"sizeX":640,"visualization":{"grid":{"columnWidths":[]},"oneNumber":{"labels":{}}},"style":{"displayTitle":1,"background":{"opacity":0.0}},"positionY":0,"filters":[],"positionX":0}},{"reportItem":{"obj":"/gdc/md/u586yv7vl7kcb29a3jw30w37ppng6zue/obj/357","sizeY":100,"sizeX":640,"visualization":{"grid":{"columnWidths":[]},"oneNumber":{"labels":{}}},"style":{"displayTitle":1,"background":{"opacity":0.0}},"positionY":150,"filters":[],"positionX":0}},{"reportItem":{"obj":"/gdc/md/u586yv7vl7kcb29a3jw30w37ppng6zue/obj/361","sizeY":100,"sizeX":640,"visualization":{"grid":{"columnWidths":[]},"oneNumber":{"labels":{}}},"style":{"displayTitle":1,"background":{"opacity":0.0}},"positionY":0,"filters":[],"positionX":0}}]}],"filters":[]},"meta":{"locked":1,"author":"/gdc/account/profile/5ad80b895edcc438e5a4418e222733fa","uri":"/gdc/md/u586yv7vl7kcb29a3jw30w37ppng6zue/obj/363","tags":"_lcm_managed_object
        dashboard","created":"2020-05-07 12:57:34","identifier":"dashboard.dashboard.1","deprecated":"0","summary":"","isProduction":1,"title":"Dashboard
        1","category":"projectDashboard","updated":"2020-05-07 12:48:36","contributor":"/gdc/account/profile/5ad80b895edcc438e5a4418e222733fa"}}}]}}'
    http_version: null
  recorded_at: Thu, 07 May 2020 11:07:04 GMT
- request:
    method: get
    uri: https://staging2-lcm-prod.intgdc.com/gdc/md/bmj711dbr65hsga7zh5mshxomid5z3sv/objects/query?category=projectDashboard&limit=50&offset=0
    body:
      encoding: US-ASCII
      string: ''
    headers:
      Accept:
      - application/json, application/zip
      User-Agent:
      - gooddata-gem/2.1.10/x86_64-darwin16/2.3.8
      Content-Type:
      - application/json
      X-Gdc-Authtt:
      - "<X_GDC_AUTHTT>"
      X-Gdc-Request:
      - ":ghHIjeuJLXujOGpnft_aoQ:j3kQt0elyMZegN2s9dqVIg"
      Stats-On:
      - ''
      X-Gdc-Version:
      - '2'
      Accept-Encoding:
      - gzip;q=1.0,deflate;q=0.6,identity;q=0.3
      Host:
      - staging2-lcm-prod.intgdc.com
  response:
    status:
      code: 200
      message: OK
    headers:
      Date:
      - Thu, 07 May 2020 11:07:05 GMT
      Server:
      - GoodData WebApp
      Keep-Alive:
      - timeout=5, max=100
      X-Gdc-Log-Header:
      - ''
      Cache-Control:
      - no-cache, no-store, must-revalidate
      Content-Type:
      - application/json;charset=UTF-8
      Transfer-Encoding:
      - chunked
      X-Gdc-Request-Time:
      - '46'
      X-Gdc-Request:
      - ":ghHIjeuJLXujOGpnft_aoQ:j3kQt0elyMZegN2s9dqVIg:JEEBWpT4raTyF45J"
      Vary:
      - Accept-Encoding,origin,X-GDC-VERSION
      Strict-Transport-Security:
      - max-age=10886400; includeSubDomains; preload;
    body:
      encoding: ASCII-8BIT
      string: '{"objects":{"paging":{"count":2,"offset":0},"items":[{"projectDashboard":{"content":{"tabs":[{"identifier":"aacsFoPFgfSY","title":"Tab
        1","items":[{"reportItem":{"obj":"/gdc/md/bmj711dbr65hsga7zh5mshxomid5z3sv/obj/359","sizeY":100,"sizeX":640,"visualization":{"grid":{"columnWidths":[]},"oneNumber":{"labels":{}}},"style":{"displayTitle":1,"background":{"opacity":0.0}},"positionY":0,"filters":[],"positionX":0}},{"reportItem":{"obj":"/gdc/md/bmj711dbr65hsga7zh5mshxomid5z3sv/obj/357","sizeY":100,"sizeX":640,"visualization":{"grid":{"columnWidths":[]},"oneNumber":{"labels":{}}},"style":{"displayTitle":1,"background":{"opacity":0.0}},"positionY":150,"filters":[],"positionX":0}},{"reportItem":{"obj":"/gdc/md/bmj711dbr65hsga7zh5mshxomid5z3sv/obj/361","sizeY":100,"sizeX":640,"visualization":{"grid":{"columnWidths":[]},"oneNumber":{"labels":{}}},"style":{"displayTitle":1,"background":{"opacity":0.0}},"positionY":0,"filters":[],"positionX":0}}]},{"identifier":"aadsFoPFgfSY","title":"Tab
        2","items":[{"reportItem":{"obj":"/gdc/md/bmj711dbr65hsga7zh5mshxomid5z3sv/obj/359","sizeY":100,"sizeX":640,"visualization":{"grid":{"columnWidths":[]},"oneNumber":{"labels":{}}},"style":{"displayTitle":1,"background":{"opacity":0.0}},"positionY":0,"filters":[],"positionX":0}},{"reportItem":{"obj":"/gdc/md/bmj711dbr65hsga7zh5mshxomid5z3sv/obj/357","sizeY":100,"sizeX":640,"visualization":{"grid":{"columnWidths":[]},"oneNumber":{"labels":{}}},"style":{"displayTitle":1,"background":{"opacity":0.0}},"positionY":150,"filters":[],"positionX":0}},{"reportItem":{"obj":"/gdc/md/bmj711dbr65hsga7zh5mshxomid5z3sv/obj/361","sizeY":100,"sizeX":640,"visualization":{"grid":{"columnWidths":[]},"oneNumber":{"labels":{}}},"style":{"displayTitle":1,"background":{"opacity":0.0}},"positionY":0,"filters":[],"positionX":0}}]}],"filters":[]},"meta":{"locked":1,"author":"/gdc/account/profile/5ad80b895edcc438e5a4418e222733fa","uri":"/gdc/md/bmj711dbr65hsga7zh5mshxomid5z3sv/obj/362","tags":"_lcm_managed_object
        dashboard","created":"2020-05-07 12:57:34","identifier":"dashboard.dashboard.2","deprecated":"0","summary":"","isProduction":1,"title":"Dashboard
        2","category":"projectDashboard","updated":"2020-05-07 12:48:54","contributor":"/gdc/account/profile/5ad80b895edcc438e5a4418e222733fa"}}},{"projectDashboard":{"content":{"tabs":[{"identifier":"aabsIBLHgfkV","title":"Tab
        1","items":[{"reportItem":{"obj":"/gdc/md/bmj711dbr65hsga7zh5mshxomid5z3sv/obj/359","sizeY":100,"sizeX":640,"visualization":{"grid":{"columnWidths":[]},"oneNumber":{"labels":{}}},"style":{"displayTitle":1,"background":{"opacity":0.0}},"positionY":0,"filters":[],"positionX":0}},{"reportItem":{"obj":"/gdc/md/bmj711dbr65hsga7zh5mshxomid5z3sv/obj/357","sizeY":100,"sizeX":640,"visualization":{"grid":{"columnWidths":[]},"oneNumber":{"labels":{}}},"style":{"displayTitle":1,"background":{"opacity":0.0}},"positionY":150,"filters":[],"positionX":0}},{"reportItem":{"obj":"/gdc/md/bmj711dbr65hsga7zh5mshxomid5z3sv/obj/361","sizeY":100,"sizeX":640,"visualization":{"grid":{"columnWidths":[]},"oneNumber":{"labels":{}}},"style":{"displayTitle":1,"background":{"opacity":0.0}},"positionY":0,"filters":[],"positionX":0}}]},{"identifier":"aacsIBLHgfkV","title":"Tab
        2","items":[{"reportItem":{"obj":"/gdc/md/bmj711dbr65hsga7zh5mshxomid5z3sv/obj/359","sizeY":100,"sizeX":640,"visualization":{"grid":{"columnWidths":[]},"oneNumber":{"labels":{}}},"style":{"displayTitle":1,"background":{"opacity":0.0}},"positionY":0,"filters":[],"positionX":0}},{"reportItem":{"obj":"/gdc/md/bmj711dbr65hsga7zh5mshxomid5z3sv/obj/357","sizeY":100,"sizeX":640,"visualization":{"grid":{"columnWidths":[]},"oneNumber":{"labels":{}}},"style":{"displayTitle":1,"background":{"opacity":0.0}},"positionY":150,"filters":[],"positionX":0}},{"reportItem":{"obj":"/gdc/md/bmj711dbr65hsga7zh5mshxomid5z3sv/obj/361","sizeY":100,"sizeX":640,"visualization":{"grid":{"columnWidths":[]},"oneNumber":{"labels":{}}},"style":{"displayTitle":1,"background":{"opacity":0.0}},"positionY":0,"filters":[],"positionX":0}}]}],"filters":[]},"meta":{"locked":1,"author":"/gdc/account/profile/5ad80b895edcc438e5a4418e222733fa","uri":"/gdc/md/bmj711dbr65hsga7zh5mshxomid5z3sv/obj/363","tags":"_lcm_managed_object
        dashboard","created":"2020-05-07 12:57:34","identifier":"dashboard.dashboard.1","deprecated":"0","summary":"","isProduction":1,"title":"Dashboard
        1","category":"projectDashboard","updated":"2020-05-07 12:48:36","contributor":"/gdc/account/profile/5ad80b895edcc438e5a4418e222733fa"}}}]}}'
    http_version: null
  recorded_at: Thu, 07 May 2020 11:07:05 GMT
recorded_with: VCR 5.1.0
