---
http_interactions:
- request:
    method: get
    uri: https://staging3-lcm-prod.intgdc.com/gdc/md/pltywm9akkj6uqyzf6y14ksv2xuek39r/objects/query?category=projectDashboard&limit=50&offset=0
    body:
      encoding: US-ASCII
      string: ''
    headers:
      Accept:
      - application/json, application/zip
      Accept-Encoding:
      - gzip, deflate
      User-Agent:
      - gooddata-gem/1.3.3/x86_64-darwin16/2.3.4
      Content-Type:
      - application/json
      X-Gdc-Authtt:
      - "<X_GDC_AUTHTT>"
      X-Gdc-Request:
      - AgRRz_fenO2iwUt7x5DsHw:QLxlzj0ZCjJVWZEu5xMPjQ
      Host:
      - staging3-lcm-prod.intgdc.com
  response:
    status:
      code: 200
      message: OK
    headers:
      Date:
      - Wed, 05 Dec 2018 14:15:06 GMT
      Server:
      - GoodData WebApp
      Keep-Alive:
      - timeout=5, max=59
      X-Gdc-Log-Header:
      - ''
      Cache-Control:
      - no-cache, no-store, must-revalidate
      Content-Type:
      - application/json;charset=UTF-8
      Transfer-Encoding:
      - chunked
      Vary:
      - Accept-Encoding
      - origin
      X-Gdc-Request:
      - AgRRz_fenO2iwUt7x5DsHw:QLxlzj0ZCjJVWZEu5xMPjQ:9qrd0DiL5dH9SkzL
      X-Gdc-Request-Time:
      - '34'
      Strict-Transport-Security:
      - max-age=10886400; includeSubDomains; preload;
    body:
      encoding: ASCII-8BIT
      string: '{"objects":{"paging":{"count":2,"offset":0},"items":[{"projectDashboard":{"content":{"tabs":[{"identifier":"aarwNLTchd0t","title":"Tab
        1","items":[{"reportItem":{"obj":"/gdc/md/pltywm9akkj6uqyzf6y14ksv2xuek39r/obj/355","sizeY":100,"sizeX":640,"visualization":{"grid":{"columnWidths":[]},"oneNumber":{"labels":{}}},"style":{"displayTitle":1,"background":{"opacity":0.0}},"positionY":0,"filters":[],"positionX":0}},{"reportItem":{"obj":"/gdc/md/pltywm9akkj6uqyzf6y14ksv2xuek39r/obj/353","sizeY":100,"sizeX":640,"visualization":{"grid":{"columnWidths":[]},"oneNumber":{"labels":{}}},"style":{"displayTitle":1,"background":{"opacity":0.0}},"positionY":150,"filters":[],"positionX":0}},{"reportItem":{"obj":"/gdc/md/pltywm9akkj6uqyzf6y14ksv2xuek39r/obj/357","sizeY":100,"sizeX":640,"visualization":{"grid":{"columnWidths":[]},"oneNumber":{"labels":{}}},"style":{"displayTitle":1,"background":{"opacity":0.0}},"positionY":0,"filters":[],"positionX":0}}]},{"identifier":"aaswNLTchd0t","title":"Tab
        2","items":[{"reportItem":{"obj":"/gdc/md/pltywm9akkj6uqyzf6y14ksv2xuek39r/obj/355","sizeY":100,"sizeX":640,"visualization":{"grid":{"columnWidths":[]},"oneNumber":{"labels":{}}},"style":{"displayTitle":1,"background":{"opacity":0.0}},"positionY":0,"filters":[],"positionX":0}},{"reportItem":{"obj":"/gdc/md/pltywm9akkj6uqyzf6y14ksv2xuek39r/obj/353","sizeY":100,"sizeX":640,"visualization":{"grid":{"columnWidths":[]},"oneNumber":{"labels":{}}},"style":{"displayTitle":1,"background":{"opacity":0.0}},"positionY":150,"filters":[],"positionX":0}},{"reportItem":{"obj":"/gdc/md/pltywm9akkj6uqyzf6y14ksv2xuek39r/obj/357","sizeY":100,"sizeX":640,"visualization":{"grid":{"columnWidths":[]},"oneNumber":{"labels":{}}},"style":{"displayTitle":1,"background":{"opacity":0.0}},"positionY":0,"filters":[],"positionX":0}}]}],"filters":[]},"meta":{"author":"/gdc/account/profile/a4c644d7b42b65c34e5a0f46809f7164","uri":"/gdc/md/pltywm9akkj6uqyzf6y14ksv2xuek39r/obj/358","tags":"dashboard","created":"2018-12-05
        15:07:59","identifier":"dashboard.dashboard.2","deprecated":"0","summary":"","isProduction":1,"title":"Dashboard
        2","category":"projectDashboard","updated":"2018-12-05 15:03:50","contributor":"/gdc/account/profile/a4c644d7b42b65c34e5a0f46809f7164"}}},{"projectDashboard":{"content":{"tabs":[{"identifier":"aaswN8vegPaB","title":"Tab
        1","items":[{"reportItem":{"obj":"/gdc/md/pltywm9akkj6uqyzf6y14ksv2xuek39r/obj/355","sizeY":100,"sizeX":640,"visualization":{"grid":{"columnWidths":[]},"oneNumber":{"labels":{}}},"style":{"displayTitle":1,"background":{"opacity":0.0}},"positionY":0,"filters":[],"positionX":0}},{"reportItem":{"obj":"/gdc/md/pltywm9akkj6uqyzf6y14ksv2xuek39r/obj/353","sizeY":100,"sizeX":640,"visualization":{"grid":{"columnWidths":[]},"oneNumber":{"labels":{}}},"style":{"displayTitle":1,"background":{"opacity":0.0}},"positionY":150,"filters":[],"positionX":0}},{"reportItem":{"obj":"/gdc/md/pltywm9akkj6uqyzf6y14ksv2xuek39r/obj/357","sizeY":100,"sizeX":640,"visualization":{"grid":{"columnWidths":[]},"oneNumber":{"labels":{}}},"style":{"displayTitle":1,"background":{"opacity":0.0}},"positionY":0,"filters":[],"positionX":0}}]},{"identifier":"aatwN8vegPaB","title":"Tab
        2","items":[{"reportItem":{"obj":"/gdc/md/pltywm9akkj6uqyzf6y14ksv2xuek39r/obj/355","sizeY":100,"sizeX":640,"visualization":{"grid":{"columnWidths":[]},"oneNumber":{"labels":{}}},"style":{"displayTitle":1,"background":{"opacity":0.0}},"positionY":0,"filters":[],"positionX":0}},{"reportItem":{"obj":"/gdc/md/pltywm9akkj6uqyzf6y14ksv2xuek39r/obj/353","sizeY":100,"sizeX":640,"visualization":{"grid":{"columnWidths":[]},"oneNumber":{"labels":{}}},"style":{"displayTitle":1,"background":{"opacity":0.0}},"positionY":150,"filters":[],"positionX":0}},{"reportItem":{"obj":"/gdc/md/pltywm9akkj6uqyzf6y14ksv2xuek39r/obj/357","sizeY":100,"sizeX":640,"visualization":{"grid":{"columnWidths":[]},"oneNumber":{"labels":{}}},"style":{"displayTitle":1,"background":{"opacity":0.0}},"positionY":0,"filters":[],"positionX":0}}]}],"filters":[]},"meta":{"author":"/gdc/account/profile/a4c644d7b42b65c34e5a0f46809f7164","uri":"/gdc/md/pltywm9akkj6uqyzf6y14ksv2xuek39r/obj/359","tags":"dashboard","created":"2018-12-05
        15:07:59","identifier":"dashboard.dashboard.1","deprecated":"0","summary":"","isProduction":1,"title":"Dashboard
        1","category":"projectDashboard","updated":"2018-12-05 15:03:38","contributor":"/gdc/account/profile/a4c644d7b42b65c34e5a0f46809f7164"}}}]}}'
    http_version: 
  recorded_at: Wed, 05 Dec 2018 14:15:06 GMT
- request:
    method: get
    uri: https://staging3-lcm-prod.intgdc.com/gdc/md/pltywm9akkj6uqyzf6y14ksv2xuek39r/obj/355
    body:
      encoding: US-ASCII
      string: ''
    headers:
      Accept:
      - application/json, application/zip
      Accept-Encoding:
      - gzip, deflate
      User-Agent:
      - gooddata-gem/1.3.3/x86_64-darwin16/2.3.4
      Content-Type:
      - application/json
      X-Gdc-Authtt:
      - "<X_GDC_AUTHTT>"
      X-Gdc-Request:
      - AgRRz_fenO2iwUt7x5DsHw:aUER8qLIN0tFIbq8FKitPA
      Host:
      - staging3-lcm-prod.intgdc.com
  response:
    status:
      code: 200
      message: OK
    headers:
      Date:
      - Wed, 05 Dec 2018 14:15:07 GMT
      Server:
      - GoodData WebApp
      Keep-Alive:
      - timeout=5, max=70
      X-Gdc-Log-Header:
      - ''
      Cache-Control:
      - no-cache, no-store, must-revalidate
      Content-Type:
      - application/json;charset=UTF-8
      X-Gdc-Request:
      - AgRRz_fenO2iwUt7x5DsHw:aUER8qLIN0tFIbq8FKitPA:lDVdhv5rK6g9ZMpZ
      Vary:
      - origin
      X-Gdc-Request-Time:
      - '29'
      Transfer-Encoding:
      - chunked
      Strict-Transport-Security:
      - max-age=10886400; includeSubDomains; preload;
    body:
      encoding: ASCII-8BIT
      string: '{"report":{"content":{"domains":[],"definitions":["/gdc/md/pltywm9akkj6uqyzf6y14ksv2xuek39r/obj/354"]},"meta":{"author":"/gdc/account/profile/a4c644d7b42b65c34e5a0f46809f7164","uri":"/gdc/md/pltywm9akkj6uqyzf6y14ksv2xuek39r/obj/355","tags":"","created":"2018-12-05
        15:07:59","identifier":"report.customers.count.by.gender","deprecated":"0","summary":"","isProduction":1,"title":"Customers
        Count By Gender","category":"report","updated":"2018-12-05 15:02:51","contributor":"/gdc/account/profile/a4c644d7b42b65c34e5a0f46809f7164"}}}'
    http_version: 
  recorded_at: Wed, 05 Dec 2018 14:15:07 GMT
- request:
    method: get
    uri: https://staging3-lcm-prod.intgdc.com/gdc/md/pltywm9akkj6uqyzf6y14ksv2xuek39r/obj/353
    body:
      encoding: US-ASCII
      string: ''
    headers:
      Accept:
      - application/json, application/zip
      Accept-Encoding:
      - gzip, deflate
      User-Agent:
      - gooddata-gem/1.3.3/x86_64-darwin16/2.3.4
      Content-Type:
      - application/json
      X-Gdc-Authtt:
      - "<X_GDC_AUTHTT>"
      X-Gdc-Request:
      - AgRRz_fenO2iwUt7x5DsHw:Ejl-qCuLsc82LNzQ4eg23g
      Host:
      - staging3-lcm-prod.intgdc.com
  response:
    status:
      code: 200
      message: OK
    headers:
      Date:
      - Wed, 05 Dec 2018 14:15:07 GMT
      Server:
      - GoodData WebApp
      Keep-Alive:
      - timeout=5, max=58
      X-Gdc-Log-Header:
      - ''
      Cache-Control:
      - no-cache, no-store, must-revalidate
      Content-Type:
      - application/json;charset=UTF-8
      X-Gdc-Request:
      - AgRRz_fenO2iwUt7x5DsHw:Ejl-qCuLsc82LNzQ4eg23g:FmagorvBaJuNEue6
      Vary:
      - origin
      X-Gdc-Request-Time:
      - '25'
      Transfer-Encoding:
      - chunked
      Strict-Transport-Security:
      - max-age=10886400; includeSubDomains; preload;
    body:
      encoding: ASCII-8BIT
      string: '{"report":{"content":{"domains":[],"definitions":["/gdc/md/pltywm9akkj6uqyzf6y14ksv2xuek39r/obj/352"]},"meta":{"author":"/gdc/account/profile/a4c644d7b42b65c34e5a0f46809f7164","uri":"/gdc/md/pltywm9akkj6uqyzf6y14ksv2xuek39r/obj/353","tags":"","created":"2018-12-05
        15:07:59","identifier":"report.customers.count.by.state","deprecated":"0","summary":"","isProduction":1,"title":"Customers
        Count By State","category":"report","updated":"2018-12-05 15:02:57","contributor":"/gdc/account/profile/a4c644d7b42b65c34e5a0f46809f7164"}}}'
    http_version: 
  recorded_at: Wed, 05 Dec 2018 14:15:07 GMT
- request:
    method: get
    uri: https://staging3-lcm-prod.intgdc.com/gdc/md/pltywm9akkj6uqyzf6y14ksv2xuek39r/obj/357
    body:
      encoding: US-ASCII
      string: ''
    headers:
      Accept:
      - application/json, application/zip
      Accept-Encoding:
      - gzip, deflate
      User-Agent:
      - gooddata-gem/1.3.3/x86_64-darwin16/2.3.4
      Content-Type:
      - application/json
      X-Gdc-Authtt:
      - "<X_GDC_AUTHTT>"
      X-Gdc-Request:
      - AgRRz_fenO2iwUt7x5DsHw:d-PQejdzl7v6Q-iQh1AOyw
      Host:
      - staging3-lcm-prod.intgdc.com
  response:
    status:
      code: 200
      message: OK
    headers:
      Date:
      - Wed, 05 Dec 2018 14:15:08 GMT
      Server:
      - GoodData WebApp
      Keep-Alive:
      - timeout=5, max=68
      X-Gdc-Log-Header:
      - ''
      Cache-Control:
      - no-cache, no-store, must-revalidate
      Content-Type:
      - application/json;charset=UTF-8
      X-Gdc-Request:
      - AgRRz_fenO2iwUt7x5DsHw:d-PQejdzl7v6Q-iQh1AOyw:9e1XCqzxaFfhzhPL
      Vary:
      - origin
      X-Gdc-Request-Time:
      - '25'
      Transfer-Encoding:
      - chunked
      Strict-Transport-Security:
      - max-age=10886400; includeSubDomains; preload;
    body:
      encoding: ASCII-8BIT
      string: '{"report":{"content":{"domains":[],"definitions":["/gdc/md/pltywm9akkj6uqyzf6y14ksv2xuek39r/obj/356"]},"meta":{"author":"/gdc/account/profile/a4c644d7b42b65c34e5a0f46809f7164","uri":"/gdc/md/pltywm9akkj6uqyzf6y14ksv2xuek39r/obj/357","tags":"","created":"2018-12-05
        15:07:59","identifier":"report.report.contains.ca","deprecated":"0","summary":"","isProduction":1,"title":"Report
        contains CA","category":"report","updated":"2018-12-05 15:03:27","contributor":"/gdc/account/profile/a4c644d7b42b65c34e5a0f46809f7164"}}}'
    http_version: 
  recorded_at: Wed, 05 Dec 2018 14:15:08 GMT
- request:
    method: get
    uri: https://staging3-lcm-prod.intgdc.com/gdc/md/pltywm9akkj6uqyzf6y14ksv2xuek39r/obj/355
    body:
      encoding: US-ASCII
      string: ''
    headers:
      Accept:
      - application/json, application/zip
      Accept-Encoding:
      - gzip, deflate
      User-Agent:
      - gooddata-gem/1.3.3/x86_64-darwin16/2.3.4
      Content-Type:
      - application/json
      X-Gdc-Authtt:
      - "<X_GDC_AUTHTT>"
      X-Gdc-Request:
      - AgRRz_fenO2iwUt7x5DsHw:En5NxMmwMTkG89d7BNNYdQ
      Host:
      - staging3-lcm-prod.intgdc.com
  response:
    status:
      code: 200
      message: OK
    headers:
      Date:
      - Wed, 05 Dec 2018 14:15:08 GMT
      Server:
      - GoodData WebApp
      Keep-Alive:
      - timeout=5, max=98
      X-Gdc-Log-Header:
      - ''
      Cache-Control:
      - no-cache, no-store, must-revalidate
      Content-Type:
      - application/json;charset=UTF-8
      X-Gdc-Request:
      - AgRRz_fenO2iwUt7x5DsHw:En5NxMmwMTkG89d7BNNYdQ:4avlTkPIYonOUX4K
      Vary:
      - origin
      X-Gdc-Request-Time:
      - '93'
      Transfer-Encoding:
      - chunked
      Strict-Transport-Security:
      - max-age=10886400; includeSubDomains; preload;
    body:
      encoding: ASCII-8BIT
      string: '{"report":{"content":{"domains":[],"definitions":["/gdc/md/pltywm9akkj6uqyzf6y14ksv2xuek39r/obj/354"]},"meta":{"author":"/gdc/account/profile/a4c644d7b42b65c34e5a0f46809f7164","uri":"/gdc/md/pltywm9akkj6uqyzf6y14ksv2xuek39r/obj/355","tags":"","created":"2018-12-05
        15:07:59","identifier":"report.customers.count.by.gender","deprecated":"0","summary":"","isProduction":1,"title":"Customers
        Count By Gender","category":"report","updated":"2018-12-05 15:02:51","contributor":"/gdc/account/profile/a4c644d7b42b65c34e5a0f46809f7164"}}}'
    http_version: 
  recorded_at: Wed, 05 Dec 2018 14:15:09 GMT
- request:
    method: get
    uri: https://staging3-lcm-prod.intgdc.com/gdc/md/pltywm9akkj6uqyzf6y14ksv2xuek39r/obj/353
    body:
      encoding: US-ASCII
      string: ''
    headers:
      Accept:
      - application/json, application/zip
      Accept-Encoding:
      - gzip, deflate
      User-Agent:
      - gooddata-gem/1.3.3/x86_64-darwin16/2.3.4
      Content-Type:
      - application/json
      X-Gdc-Authtt:
      - "<X_GDC_AUTHTT>"
      X-Gdc-Request:
      - AgRRz_fenO2iwUt7x5DsHw:3VzpzJjpv-P2jeey-q2Naw
      Host:
      - staging3-lcm-prod.intgdc.com
  response:
    status:
      code: 200
      message: OK
    headers:
      Date:
      - Wed, 05 Dec 2018 14:15:09 GMT
      Server:
      - GoodData WebApp
      Keep-Alive:
      - timeout=5, max=98
      X-Gdc-Log-Header:
      - ''
      Cache-Control:
      - no-cache, no-store, must-revalidate
      Content-Type:
      - application/json;charset=UTF-8
      X-Gdc-Request:
      - AgRRz_fenO2iwUt7x5DsHw:3VzpzJjpv-P2jeey-q2Naw:H3sRY0OnoGNmgnCl
      Vary:
      - origin
      X-Gdc-Request-Time:
      - '39'
      Transfer-Encoding:
      - chunked
      Strict-Transport-Security:
      - max-age=10886400; includeSubDomains; preload;
    body:
      encoding: ASCII-8BIT
      string: '{"report":{"content":{"domains":[],"definitions":["/gdc/md/pltywm9akkj6uqyzf6y14ksv2xuek39r/obj/352"]},"meta":{"author":"/gdc/account/profile/a4c644d7b42b65c34e5a0f46809f7164","uri":"/gdc/md/pltywm9akkj6uqyzf6y14ksv2xuek39r/obj/353","tags":"","created":"2018-12-05
        15:07:59","identifier":"report.customers.count.by.state","deprecated":"0","summary":"","isProduction":1,"title":"Customers
        Count By State","category":"report","updated":"2018-12-05 15:02:57","contributor":"/gdc/account/profile/a4c644d7b42b65c34e5a0f46809f7164"}}}'
    http_version: 
  recorded_at: Wed, 05 Dec 2018 14:15:09 GMT
- request:
    method: get
    uri: https://staging3-lcm-prod.intgdc.com/gdc/md/pltywm9akkj6uqyzf6y14ksv2xuek39r/obj/357
    body:
      encoding: US-ASCII
      string: ''
    headers:
      Accept:
      - application/json, application/zip
      Accept-Encoding:
      - gzip, deflate
      User-Agent:
      - gooddata-gem/1.3.3/x86_64-darwin16/2.3.4
      Content-Type:
      - application/json
      X-Gdc-Authtt:
      - "<X_GDC_AUTHTT>"
      X-Gdc-Request:
      - AgRRz_fenO2iwUt7x5DsHw:pcUik5gXzZo4EQsauJTt5A
      Host:
      - staging3-lcm-prod.intgdc.com
  response:
    status:
      code: 200
      message: OK
    headers:
      Date:
      - Wed, 05 Dec 2018 14:15:10 GMT
      Server:
      - GoodData WebApp
      Keep-Alive:
      - timeout=5, max=65
      X-Gdc-Log-Header:
      - ''
      Cache-Control:
      - no-cache, no-store, must-revalidate
      Content-Type:
      - application/json;charset=UTF-8
      X-Gdc-Request:
      - AgRRz_fenO2iwUt7x5DsHw:pcUik5gXzZo4EQsauJTt5A:WvXfine6phu6v3ML
      Vary:
      - origin
      X-Gdc-Request-Time:
      - '29'
      Transfer-Encoding:
      - chunked
      Strict-Transport-Security:
      - max-age=10886400; includeSubDomains; preload;
    body:
      encoding: ASCII-8BIT
      string: '{"report":{"content":{"domains":[],"definitions":["/gdc/md/pltywm9akkj6uqyzf6y14ksv2xuek39r/obj/356"]},"meta":{"author":"/gdc/account/profile/a4c644d7b42b65c34e5a0f46809f7164","uri":"/gdc/md/pltywm9akkj6uqyzf6y14ksv2xuek39r/obj/357","tags":"","created":"2018-12-05
        15:07:59","identifier":"report.report.contains.ca","deprecated":"0","summary":"","isProduction":1,"title":"Report
        contains CA","category":"report","updated":"2018-12-05 15:03:27","contributor":"/gdc/account/profile/a4c644d7b42b65c34e5a0f46809f7164"}}}'
    http_version: 
  recorded_at: Wed, 05 Dec 2018 14:15:10 GMT
- request:
    method: get
    uri: https://staging3-lcm-prod.intgdc.com/gdc/md/pltywm9akkj6uqyzf6y14ksv2xuek39r/obj/355
    body:
      encoding: US-ASCII
      string: ''
    headers:
      Accept:
      - application/json, application/zip
      Accept-Encoding:
      - gzip, deflate
      User-Agent:
      - gooddata-gem/1.3.3/x86_64-darwin16/2.3.4
      Content-Type:
      - application/json
      X-Gdc-Authtt:
      - "<X_GDC_AUTHTT>"
      X-Gdc-Request:
      - AgRRz_fenO2iwUt7x5DsHw:l6Tv5yQskNFkB1Xudze6Yw
      Host:
      - staging3-lcm-prod.intgdc.com
  response:
    status:
      code: 200
      message: OK
    headers:
      Date:
      - Wed, 05 Dec 2018 14:15:10 GMT
      Server:
      - GoodData WebApp
      Keep-Alive:
      - timeout=5, max=53
      X-Gdc-Log-Header:
      - ''
      Cache-Control:
      - no-cache, no-store, must-revalidate
      Content-Type:
      - application/json;charset=UTF-8
      X-Gdc-Request:
      - AgRRz_fenO2iwUt7x5DsHw:l6Tv5yQskNFkB1Xudze6Yw:f8DQumDIWPcY33pK
      Vary:
      - origin
      X-Gdc-Request-Time:
      - '25'
      Transfer-Encoding:
      - chunked
      Strict-Transport-Security:
      - max-age=10886400; includeSubDomains; preload;
    body:
      encoding: ASCII-8BIT
      string: '{"report":{"content":{"domains":[],"definitions":["/gdc/md/pltywm9akkj6uqyzf6y14ksv2xuek39r/obj/354"]},"meta":{"author":"/gdc/account/profile/a4c644d7b42b65c34e5a0f46809f7164","uri":"/gdc/md/pltywm9akkj6uqyzf6y14ksv2xuek39r/obj/355","tags":"","created":"2018-12-05
        15:07:59","identifier":"report.customers.count.by.gender","deprecated":"0","summary":"","isProduction":1,"title":"Customers
        Count By Gender","category":"report","updated":"2018-12-05 15:02:51","contributor":"/gdc/account/profile/a4c644d7b42b65c34e5a0f46809f7164"}}}'
    http_version: 
  recorded_at: Wed, 05 Dec 2018 14:15:11 GMT
- request:
    method: get
    uri: https://staging3-lcm-prod.intgdc.com/gdc/md/pltywm9akkj6uqyzf6y14ksv2xuek39r/obj/353
    body:
      encoding: US-ASCII
      string: ''
    headers:
      Accept:
      - application/json, application/zip
      Accept-Encoding:
      - gzip, deflate
      User-Agent:
      - gooddata-gem/1.3.3/x86_64-darwin16/2.3.4
      Content-Type:
      - application/json
      X-Gdc-Authtt:
      - "<X_GDC_AUTHTT>"
      X-Gdc-Request:
      - AgRRz_fenO2iwUt7x5DsHw:27CiaJjbp_-sPnOxVpDuYg
      Host:
      - staging3-lcm-prod.intgdc.com
  response:
    status:
      code: 200
      message: OK
    headers:
      Date:
      - Wed, 05 Dec 2018 14:15:11 GMT
      Server:
      - GoodData WebApp
      Keep-Alive:
      - timeout=5, max=62
      X-Gdc-Log-Header:
      - ''
      Cache-Control:
      - no-cache, no-store, must-revalidate
      Content-Type:
      - application/json;charset=UTF-8
      X-Gdc-Request:
      - AgRRz_fenO2iwUt7x5DsHw:27CiaJjbp_-sPnOxVpDuYg:69XP30MR0ihLXWw3
      Vary:
      - origin
      X-Gdc-Request-Time:
      - '26'
      Transfer-Encoding:
      - chunked
      Strict-Transport-Security:
      - max-age=10886400; includeSubDomains; preload;
    body:
      encoding: ASCII-8BIT
      string: '{"report":{"content":{"domains":[],"definitions":["/gdc/md/pltywm9akkj6uqyzf6y14ksv2xuek39r/obj/352"]},"meta":{"author":"/gdc/account/profile/a4c644d7b42b65c34e5a0f46809f7164","uri":"/gdc/md/pltywm9akkj6uqyzf6y14ksv2xuek39r/obj/353","tags":"","created":"2018-12-05
        15:07:59","identifier":"report.customers.count.by.state","deprecated":"0","summary":"","isProduction":1,"title":"Customers
        Count By State","category":"report","updated":"2018-12-05 15:02:57","contributor":"/gdc/account/profile/a4c644d7b42b65c34e5a0f46809f7164"}}}'
    http_version: 
  recorded_at: Wed, 05 Dec 2018 14:15:11 GMT
- request:
    method: get
    uri: https://staging3-lcm-prod.intgdc.com/gdc/md/pltywm9akkj6uqyzf6y14ksv2xuek39r/obj/357
    body:
      encoding: US-ASCII
      string: ''
    headers:
      Accept:
      - application/json, application/zip
      Accept-Encoding:
      - gzip, deflate
      User-Agent:
      - gooddata-gem/1.3.3/x86_64-darwin16/2.3.4
      Content-Type:
      - application/json
      X-Gdc-Authtt:
      - "<X_GDC_AUTHTT>"
      X-Gdc-Request:
      - AgRRz_fenO2iwUt7x5DsHw:QbwyNqk-DzqZnPzPOMSBFg
      Host:
      - staging3-lcm-prod.intgdc.com
  response:
    status:
      code: 200
      message: OK
    headers:
      Date:
      - Wed, 05 Dec 2018 14:15:12 GMT
      Server:
      - GoodData WebApp
      Keep-Alive:
      - timeout=5, max=97
      X-Gdc-Log-Header:
      - ''
      Cache-Control:
      - no-cache, no-store, must-revalidate
      Content-Type:
      - application/json;charset=UTF-8
      X-Gdc-Request:
      - AgRRz_fenO2iwUt7x5DsHw:QbwyNqk-DzqZnPzPOMSBFg:StopPz8AAmxLPkOl
      Vary:
      - origin
      X-Gdc-Request-Time:
      - '32'
      Transfer-Encoding:
      - chunked
      Strict-Transport-Security:
      - max-age=10886400; includeSubDomains; preload;
    body:
      encoding: ASCII-8BIT
      string: '{"report":{"content":{"domains":[],"definitions":["/gdc/md/pltywm9akkj6uqyzf6y14ksv2xuek39r/obj/356"]},"meta":{"author":"/gdc/account/profile/a4c644d7b42b65c34e5a0f46809f7164","uri":"/gdc/md/pltywm9akkj6uqyzf6y14ksv2xuek39r/obj/357","tags":"","created":"2018-12-05
        15:07:59","identifier":"report.report.contains.ca","deprecated":"0","summary":"","isProduction":1,"title":"Report
        contains CA","category":"report","updated":"2018-12-05 15:03:27","contributor":"/gdc/account/profile/a4c644d7b42b65c34e5a0f46809f7164"}}}'
    http_version: 
  recorded_at: Wed, 05 Dec 2018 14:15:12 GMT
- request:
    method: get
    uri: https://staging3-lcm-prod.intgdc.com/gdc/md/pltywm9akkj6uqyzf6y14ksv2xuek39r/obj/355
    body:
      encoding: US-ASCII
      string: ''
    headers:
      Accept:
      - application/json, application/zip
      Accept-Encoding:
      - gzip, deflate
      User-Agent:
      - gooddata-gem/1.3.3/x86_64-darwin16/2.3.4
      Content-Type:
      - application/json
      X-Gdc-Authtt:
      - "<X_GDC_AUTHTT>"
      X-Gdc-Request:
      - AgRRz_fenO2iwUt7x5DsHw:0P1xrQzrZBTmgDXWmuddoQ
      Host:
      - staging3-lcm-prod.intgdc.com
  response:
    status:
      code: 200
      message: OK
    headers:
      Date:
      - Wed, 05 Dec 2018 14:15:12 GMT
      Server:
      - GoodData WebApp
      Keep-Alive:
      - timeout=5, max=95
      X-Gdc-Log-Header:
      - ''
      Cache-Control:
      - no-cache, no-store, must-revalidate
      Content-Type:
      - application/json;charset=UTF-8
      X-Gdc-Request:
      - AgRRz_fenO2iwUt7x5DsHw:0P1xrQzrZBTmgDXWmuddoQ:bvYoIsKF6h70N8wn
      Vary:
      - origin
      X-Gdc-Request-Time:
      - '26'
      Transfer-Encoding:
      - chunked
      Strict-Transport-Security:
      - max-age=10886400; includeSubDomains; preload;
    body:
      encoding: ASCII-8BIT
      string: '{"report":{"content":{"domains":[],"definitions":["/gdc/md/pltywm9akkj6uqyzf6y14ksv2xuek39r/obj/354"]},"meta":{"author":"/gdc/account/profile/a4c644d7b42b65c34e5a0f46809f7164","uri":"/gdc/md/pltywm9akkj6uqyzf6y14ksv2xuek39r/obj/355","tags":"","created":"2018-12-05
        15:07:59","identifier":"report.customers.count.by.gender","deprecated":"0","summary":"","isProduction":1,"title":"Customers
        Count By Gender","category":"report","updated":"2018-12-05 15:02:51","contributor":"/gdc/account/profile/a4c644d7b42b65c34e5a0f46809f7164"}}}'
    http_version: 
  recorded_at: Wed, 05 Dec 2018 14:15:13 GMT
- request:
    method: get
    uri: https://staging3-lcm-prod.intgdc.com/gdc/md/pltywm9akkj6uqyzf6y14ksv2xuek39r/obj/353
    body:
      encoding: US-ASCII
      string: ''
    headers:
      Accept:
      - application/json, application/zip
      Accept-Encoding:
      - gzip, deflate
      User-Agent:
      - gooddata-gem/1.3.3/x86_64-darwin16/2.3.4
      Content-Type:
      - application/json
      X-Gdc-Authtt:
      - "<X_GDC_AUTHTT>"
      X-Gdc-Request:
      - AgRRz_fenO2iwUt7x5DsHw:tfO13LCPKGVEQgB8lu-7iw
      Host:
      - staging3-lcm-prod.intgdc.com
  response:
    status:
      code: 200
      message: OK
    headers:
      Date:
      - Wed, 05 Dec 2018 14:15:13 GMT
      Server:
      - GoodData WebApp
      Keep-Alive:
      - timeout=5, max=59
      X-Gdc-Log-Header:
      - ''
      Cache-Control:
      - no-cache, no-store, must-revalidate
      Content-Type:
      - application/json;charset=UTF-8
      X-Gdc-Request:
      - AgRRz_fenO2iwUt7x5DsHw:tfO13LCPKGVEQgB8lu-7iw:oQ8K5M6yWXUjoZiV
      Vary:
      - origin
      X-Gdc-Request-Time:
      - '26'
      Transfer-Encoding:
      - chunked
      Strict-Transport-Security:
      - max-age=10886400; includeSubDomains; preload;
    body:
      encoding: ASCII-8BIT
      string: '{"report":{"content":{"domains":[],"definitions":["/gdc/md/pltywm9akkj6uqyzf6y14ksv2xuek39r/obj/352"]},"meta":{"author":"/gdc/account/profile/a4c644d7b42b65c34e5a0f46809f7164","uri":"/gdc/md/pltywm9akkj6uqyzf6y14ksv2xuek39r/obj/353","tags":"","created":"2018-12-05
        15:07:59","identifier":"report.customers.count.by.state","deprecated":"0","summary":"","isProduction":1,"title":"Customers
        Count By State","category":"report","updated":"2018-12-05 15:02:57","contributor":"/gdc/account/profile/a4c644d7b42b65c34e5a0f46809f7164"}}}'
    http_version: 
  recorded_at: Wed, 05 Dec 2018 14:15:13 GMT
- request:
    method: get
    uri: https://staging3-lcm-prod.intgdc.com/gdc/md/pltywm9akkj6uqyzf6y14ksv2xuek39r/obj/357
    body:
      encoding: US-ASCII
      string: ''
    headers:
      Accept:
      - application/json, application/zip
      Accept-Encoding:
      - gzip, deflate
      User-Agent:
      - gooddata-gem/1.3.3/x86_64-darwin16/2.3.4
      Content-Type:
      - application/json
      X-Gdc-Authtt:
      - "<X_GDC_AUTHTT>"
      X-Gdc-Request:
      - AgRRz_fenO2iwUt7x5DsHw:GFgk2cgW8GVcT30PEM8FaQ
      Host:
      - staging3-lcm-prod.intgdc.com
  response:
    status:
      code: 200
      message: OK
    headers:
      Date:
      - Wed, 05 Dec 2018 14:15:14 GMT
      Server:
      - GoodData WebApp
      Keep-Alive:
      - timeout=5, max=94
      X-Gdc-Log-Header:
      - ''
      Cache-Control:
      - no-cache, no-store, must-revalidate
      Content-Type:
      - application/json;charset=UTF-8
      X-Gdc-Request:
      - AgRRz_fenO2iwUt7x5DsHw:GFgk2cgW8GVcT30PEM8FaQ:SCYmALQEWVKFaFXZ
      Vary:
      - origin
      X-Gdc-Request-Time:
      - '25'
      Transfer-Encoding:
      - chunked
      Strict-Transport-Security:
      - max-age=10886400; includeSubDomains; preload;
    body:
      encoding: ASCII-8BIT
      string: '{"report":{"content":{"domains":[],"definitions":["/gdc/md/pltywm9akkj6uqyzf6y14ksv2xuek39r/obj/356"]},"meta":{"author":"/gdc/account/profile/a4c644d7b42b65c34e5a0f46809f7164","uri":"/gdc/md/pltywm9akkj6uqyzf6y14ksv2xuek39r/obj/357","tags":"","created":"2018-12-05
        15:07:59","identifier":"report.report.contains.ca","deprecated":"0","summary":"","isProduction":1,"title":"Report
        contains CA","category":"report","updated":"2018-12-05 15:03:27","contributor":"/gdc/account/profile/a4c644d7b42b65c34e5a0f46809f7164"}}}'
    http_version: 
  recorded_at: Wed, 05 Dec 2018 14:15:14 GMT
- request:
    method: get
    uri: https://staging3-lcm-prod.intgdc.com/gdc/md/pltywm9akkj6uqyzf6y14ksv2xuek39r/obj/354
    body:
      encoding: US-ASCII
      string: ''
    headers:
      Accept:
      - application/json, application/zip
      Accept-Encoding:
      - gzip, deflate
      User-Agent:
      - gooddata-gem/1.3.3/x86_64-darwin16/2.3.4
      Content-Type:
      - application/json
      X-Gdc-Authtt:
      - "<X_GDC_AUTHTT>"
      X-Gdc-Request:
      - AgRRz_fenO2iwUt7x5DsHw:wNi1Fu33U36o1FYmX6JFCQ
      Host:
      - staging3-lcm-prod.intgdc.com
  response:
    status:
      code: 200
      message: OK
    headers:
      Date:
      - Wed, 05 Dec 2018 14:15:15 GMT
      Server:
      - GoodData WebApp
      Keep-Alive:
      - timeout=5, max=56
      X-Gdc-Log-Header:
      - ''
      Cache-Control:
      - no-cache, no-store, must-revalidate
      Content-Type:
      - application/json;charset=UTF-8
      X-Gdc-Request:
      - AgRRz_fenO2iwUt7x5DsHw:wNi1Fu33U36o1FYmX6JFCQ:W6K4zcGibAnrPNdd
      Vary:
      - origin
      X-Gdc-Request-Time:
      - '30'
      Transfer-Encoding:
      - chunked
      Strict-Transport-Security:
      - max-age=10886400; includeSubDomains; preload;
    body:
      encoding: ASCII-8BIT
      string: '{"reportDefinition":{"content":{"grid":{"sort":{"columns":[],"rows":[]},"columnWidths":[],"columns":[{"attribute":{"alias":"","totals":[[]],"uri":"/gdc/md/pltywm9akkj6uqyzf6y14ksv2xuek39r/obj/298"}}],"metrics":[{"alias":"Customers
        Count","uri":"/gdc/md/pltywm9akkj6uqyzf6y14ksv2xuek39r/obj/351"}],"rows":["metricGroup"]},"format":"grid","filters":[]},"links":{"explain2":"/gdc/md/pltywm9akkj6uqyzf6y14ksv2xuek39r/obj/354/explain2"},"meta":{"author":"/gdc/account/profile/a4c644d7b42b65c34e5a0f46809f7164","uri":"/gdc/md/pltywm9akkj6uqyzf6y14ksv2xuek39r/obj/354","tags":"","created":"2018-12-05
        15:07:59","identifier":"aajwNKVKgLNy","deprecated":"0","summary":"","isProduction":1,"title":"Untitled
        report definition","category":"reportDefinition","updated":"2018-12-05 15:02:48","contributor":"/gdc/account/profile/a4c644d7b42b65c34e5a0f46809f7164"}}}'
    http_version: 
  recorded_at: Wed, 05 Dec 2018 14:15:15 GMT
- request:
    method: get
    uri: https://staging3-lcm-prod.intgdc.com/gdc/md/pltywm9akkj6uqyzf6y14ksv2xuek39r/obj/352
    body:
      encoding: US-ASCII
      string: ''
    headers:
      Accept:
      - application/json, application/zip
      Accept-Encoding:
      - gzip, deflate
      User-Agent:
      - gooddata-gem/1.3.3/x86_64-darwin16/2.3.4
      Content-Type:
      - application/json
      X-Gdc-Authtt:
      - "<X_GDC_AUTHTT>"
      X-Gdc-Request:
      - AgRRz_fenO2iwUt7x5DsHw:bbBQhAU56h4Z3bhUoiAarQ
      Host:
      - staging3-lcm-prod.intgdc.com
  response:
    status:
      code: 200
      message: OK
    headers:
      Date:
      - Wed, 05 Dec 2018 14:15:15 GMT
      Server:
      - GoodData WebApp
      Keep-Alive:
      - timeout=5, max=96
      X-Gdc-Log-Header:
      - ''
      Cache-Control:
      - no-cache, no-store, must-revalidate
      Content-Type:
      - application/json;charset=UTF-8
      X-Gdc-Request:
      - AgRRz_fenO2iwUt7x5DsHw:bbBQhAU56h4Z3bhUoiAarQ:lHtX75VNKxnn7gW5
      Vary:
      - origin
      X-Gdc-Request-Time:
      - '31'
      Transfer-Encoding:
      - chunked
      Strict-Transport-Security:
      - max-age=10886400; includeSubDomains; preload;
    body:
      encoding: ASCII-8BIT
      string: '{"reportDefinition":{"content":{"grid":{"sort":{"columns":[],"rows":[]},"columnWidths":[],"columns":[{"attribute":{"alias":"","totals":[[]],"uri":"/gdc/md/pltywm9akkj6uqyzf6y14ksv2xuek39r/obj/290"}}],"metrics":[{"alias":"Customers
        Count","uri":"/gdc/md/pltywm9akkj6uqyzf6y14ksv2xuek39r/obj/351"}],"rows":["metricGroup"]},"format":"grid","filters":[]},"links":{"explain2":"/gdc/md/pltywm9akkj6uqyzf6y14ksv2xuek39r/obj/352/explain2"},"meta":{"author":"/gdc/account/profile/a4c644d7b42b65c34e5a0f46809f7164","uri":"/gdc/md/pltywm9akkj6uqyzf6y14ksv2xuek39r/obj/352","tags":"","created":"2018-12-05
        15:07:59","identifier":"aaywNGkJgKBQ","deprecated":"0","summary":"","isProduction":1,"title":"Untitled
        report definition","category":"reportDefinition","updated":"2018-12-05 15:02:54","contributor":"/gdc/account/profile/a4c644d7b42b65c34e5a0f46809f7164"}}}'
    http_version: 
  recorded_at: Wed, 05 Dec 2018 14:15:15 GMT
- request:
    method: get
    uri: https://staging3-lcm-prod.intgdc.com/gdc/md/pltywm9akkj6uqyzf6y14ksv2xuek39r/obj/356
    body:
      encoding: US-ASCII
      string: ''
    headers:
      Accept:
      - application/json, application/zip
      Accept-Encoding:
      - gzip, deflate
      User-Agent:
      - gooddata-gem/1.3.3/x86_64-darwin16/2.3.4
      Content-Type:
      - application/json
      X-Gdc-Authtt:
      - "<X_GDC_AUTHTT>"
      X-Gdc-Request:
      - AgRRz_fenO2iwUt7x5DsHw:Rwrtlc1REJmW21_KaRtugQ
      Host:
      - staging3-lcm-prod.intgdc.com
  response:
    status:
      code: 200
      message: OK
    headers:
      Date:
      - Wed, 05 Dec 2018 14:15:16 GMT
      Server:
      - GoodData WebApp
      Keep-Alive:
      - timeout=5, max=88
      X-Gdc-Log-Header:
      - ''
      Cache-Control:
      - no-cache, no-store, must-revalidate
      Content-Type:
      - application/json;charset=UTF-8
      X-Gdc-Request:
      - AgRRz_fenO2iwUt7x5DsHw:Rwrtlc1REJmW21_KaRtugQ:9zklujtvTiGVkbFT
      Vary:
      - origin
      X-Gdc-Request-Time:
      - '26'
      Transfer-Encoding:
      - chunked
      Strict-Transport-Security:
      - max-age=10886400; includeSubDomains; preload;
    body:
      encoding: ASCII-8BIT
      string: '{"reportDefinition":{"content":{"grid":{"sort":{"columns":[],"rows":[]},"columnWidths":[],"columns":[],"metrics":[],"rows":[{"attribute":{"alias":"","totals":[],"uri":"/gdc/md/pltywm9akkj6uqyzf6y14ksv2xuek39r/obj/284"}}]},"format":"grid","filters":[]},"links":{"explain2":"/gdc/md/pltywm9akkj6uqyzf6y14ksv2xuek39r/obj/356/explain2"},"meta":{"author":"/gdc/account/profile/a4c644d7b42b65c34e5a0f46809f7164","uri":"/gdc/md/pltywm9akkj6uqyzf6y14ksv2xuek39r/obj/356","tags":"","created":"2018-12-05
        15:07:59","identifier":"aaowN5EChk5S","deprecated":"0","summary":"","isProduction":1,"title":"Untitled
        report definition","category":"reportDefinition","updated":"2018-12-05 15:03:24","contributor":"/gdc/account/profile/a4c644d7b42b65c34e5a0f46809f7164"}}}'
    http_version: 
  recorded_at: Wed, 05 Dec 2018 14:15:16 GMT
- request:
    method: get
    uri: https://staging3-lcm-prod.intgdc.com/gdc/md/pltywm9akkj6uqyzf6y14ksv2xuek39r/obj/351
    body:
      encoding: US-ASCII
      string: ''
    headers:
      Accept:
      - application/json, application/zip
      Accept-Encoding:
      - gzip, deflate
      User-Agent:
      - gooddata-gem/1.3.3/x86_64-darwin16/2.3.4
      Content-Type:
      - application/json
      X-Gdc-Authtt:
      - "<X_GDC_AUTHTT>"
      X-Gdc-Request:
      - AgRRz_fenO2iwUt7x5DsHw:TTB0TPWkUU-sqEEcCCNP8A
      Host:
      - staging3-lcm-prod.intgdc.com
  response:
    status:
      code: 200
      message: OK
    headers:
      Date:
      - Wed, 05 Dec 2018 14:15:17 GMT
      Server:
      - GoodData WebApp
      Keep-Alive:
      - timeout=5, max=94
      X-Gdc-Log-Header:
      - ''
      Cache-Control:
      - no-cache, no-store, must-revalidate
      Content-Type:
      - application/json;charset=UTF-8
      X-Gdc-Request:
      - AgRRz_fenO2iwUt7x5DsHw:TTB0TPWkUU-sqEEcCCNP8A:4EXGsYcrqvyQMics
      Vary:
      - origin
      X-Gdc-Request-Time:
      - '41'
      Transfer-Encoding:
      - chunked
      Strict-Transport-Security:
      - max-age=10886400; includeSubDomains; preload;
    body:
      encoding: ASCII-8BIT
      string: '{"metric":{"content":{"format":"#,##0","tree":{"content":[{"content":[{"value":"COUNT","content":[{"value":"/gdc/md/pltywm9akkj6uqyzf6y14ksv2xuek39r/obj/286","position":{"column":27,"line":1},"type":"attribute
        object"}],"position":{"column":21,"line":1},"type":"function"}],"position":{"column":21,"line":1},"type":"expression"}],"position":{"column":14,"line":1},"type":"metric"},"expression":"SELECT
        COUNT([/gdc/md/pltywm9akkj6uqyzf6y14ksv2xuek39r/obj/286])"},"links":{"explain2":"/gdc/md/pltywm9akkj6uqyzf6y14ksv2xuek39r/obj/351/explain2"},"meta":{"author":"/gdc/account/profile/a4c644d7b42b65c34e5a0f46809f7164","uri":"/gdc/md/pltywm9akkj6uqyzf6y14ksv2xuek39r/obj/351","tags":"","created":"2018-12-05
        15:07:59","identifier":"metric.customers.count","deprecated":"0","summary":"","isProduction":1,"title":"Customers
        Count","category":"metric","updated":"2018-12-05 15:02:25","contributor":"/gdc/account/profile/a4c644d7b42b65c34e5a0f46809f7164"}}}'
    http_version: 
  recorded_at: Wed, 05 Dec 2018 14:15:17 GMT
- request:
    method: get
    uri: https://staging3-lcm-prod.intgdc.com/gdc/md/pltywm9akkj6uqyzf6y14ksv2xuek39r/obj/351
    body:
      encoding: US-ASCII
      string: ''
    headers:
      Accept:
      - application/json, application/zip
      Accept-Encoding:
      - gzip, deflate
      User-Agent:
      - gooddata-gem/1.3.3/x86_64-darwin16/2.3.4
      Content-Type:
      - application/json
      X-Gdc-Authtt:
      - "<X_GDC_AUTHTT>"
      X-Gdc-Request:
      - AgRRz_fenO2iwUt7x5DsHw:4qVjA-r5mAh8ynKL_NokCA
      Host:
      - staging3-lcm-prod.intgdc.com
  response:
    status:
      code: 200
      message: OK
    headers:
      Date:
      - Wed, 05 Dec 2018 14:15:17 GMT
      Server:
      - GoodData WebApp
      Keep-Alive:
      - timeout=5, max=87
      X-Gdc-Log-Header:
      - ''
      Cache-Control:
      - no-cache, no-store, must-revalidate
      Content-Type:
      - application/json;charset=UTF-8
      X-Gdc-Request:
      - AgRRz_fenO2iwUt7x5DsHw:4qVjA-r5mAh8ynKL_NokCA:tenTO1sK5yj2IqCK
      Vary:
      - origin
      X-Gdc-Request-Time:
      - '33'
      Transfer-Encoding:
      - chunked
      Strict-Transport-Security:
      - max-age=10886400; includeSubDomains; preload;
    body:
      encoding: ASCII-8BIT
      string: '{"metric":{"content":{"format":"#,##0","tree":{"content":[{"content":[{"value":"COUNT","content":[{"value":"/gdc/md/pltywm9akkj6uqyzf6y14ksv2xuek39r/obj/286","position":{"column":27,"line":1},"type":"attribute
        object"}],"position":{"column":21,"line":1},"type":"function"}],"position":{"column":21,"line":1},"type":"expression"}],"position":{"column":14,"line":1},"type":"metric"},"expression":"SELECT
        COUNT([/gdc/md/pltywm9akkj6uqyzf6y14ksv2xuek39r/obj/286])"},"links":{"explain2":"/gdc/md/pltywm9akkj6uqyzf6y14ksv2xuek39r/obj/351/explain2"},"meta":{"author":"/gdc/account/profile/a4c644d7b42b65c34e5a0f46809f7164","uri":"/gdc/md/pltywm9akkj6uqyzf6y14ksv2xuek39r/obj/351","tags":"","created":"2018-12-05
        15:07:59","identifier":"metric.customers.count","deprecated":"0","summary":"","isProduction":1,"title":"Customers
        Count","category":"metric","updated":"2018-12-05 15:02:25","contributor":"/gdc/account/profile/a4c644d7b42b65c34e5a0f46809f7164"}}}'
    http_version: 
  recorded_at: Wed, 05 Dec 2018 14:15:18 GMT
- request:
    method: get
    uri: https://staging3-lcm-prod.intgdc.com/gdc/md/pltywm9akkj6uqyzf6y14ksv2xuek39r/objects/query?category=metric&limit=50&offset=0
    body:
      encoding: US-ASCII
      string: ''
    headers:
      Accept:
      - application/json, application/zip
      Accept-Encoding:
      - gzip, deflate
      User-Agent:
      - gooddata-gem/1.3.3/x86_64-darwin16/2.3.4
      Content-Type:
      - application/json
      X-Gdc-Authtt:
      - "<X_GDC_AUTHTT>"
      X-Gdc-Request:
      - AgRRz_fenO2iwUt7x5DsHw:1_eQ4Hkl-A9GQgHE6pk_Sg
      Host:
      - staging3-lcm-prod.intgdc.com
  response:
    status:
      code: 200
      message: OK
    headers:
      Date:
      - Wed, 05 Dec 2018 14:15:18 GMT
      Server:
      - GoodData WebApp
      Keep-Alive:
      - timeout=5, max=92
      X-Gdc-Log-Header:
      - ''
      Cache-Control:
      - no-cache, no-store, must-revalidate
      Content-Type:
      - application/json;charset=UTF-8
      Transfer-Encoding:
      - chunked
      Vary:
      - Accept-Encoding
      - origin
      X-Gdc-Request:
      - AgRRz_fenO2iwUt7x5DsHw:1_eQ4Hkl-A9GQgHE6pk_Sg:d5DckRvKVR3y4Dmg
      X-Gdc-Request-Time:
      - '33'
      Strict-Transport-Security:
      - max-age=10886400; includeSubDomains; preload;
    body:
      encoding: ASCII-8BIT
      string: '{"objects":{"paging":{"count":2,"offset":0},"items":[{"metric":{"content":{"format":"#,##0","tree":{"content":[{"content":[{"value":"MAX","content":[{"value":"/gdc/md/pltywm9akkj6uqyzf6y14ksv2xuek39r/obj/315","position":{"column":25,"line":1},"type":"fact
        object"}],"position":{"column":21,"line":1},"type":"function"}],"position":{"column":21,"line":1},"type":"expression"}],"position":{"column":14,"line":1},"type":"metric"},"expression":"SELECT
        MAX([/gdc/md/pltywm9akkj6uqyzf6y14ksv2xuek39r/obj/315])"},"links":{"explain2":"/gdc/md/pltywm9akkj6uqyzf6y14ksv2xuek39r/obj/350/explain2"},"meta":{"author":"/gdc/account/profile/a4c644d7b42b65c34e5a0f46809f7164","uri":"/gdc/md/pltywm9akkj6uqyzf6y14ksv2xuek39r/obj/350","tags":"metric","created":"2018-12-05
        15:07:59","identifier":"metric.max.claim.amount","deprecated":"0","summary":"","isProduction":1,"title":"Max
        Claim Amount","category":"metric","updated":"2018-12-05 15:02:08","contributor":"/gdc/account/profile/a4c644d7b42b65c34e5a0f46809f7164"}}},{"metric":{"content":{"format":"#,##0","tree":{"content":[{"content":[{"value":"COUNT","content":[{"value":"/gdc/md/pltywm9akkj6uqyzf6y14ksv2xuek39r/obj/286","position":{"column":27,"line":1},"type":"attribute
        object"}],"position":{"column":21,"line":1},"type":"function"}],"position":{"column":21,"line":1},"type":"expression"}],"position":{"column":14,"line":1},"type":"metric"},"expression":"SELECT
        COUNT([/gdc/md/pltywm9akkj6uqyzf6y14ksv2xuek39r/obj/286])"},"links":{"explain2":"/gdc/md/pltywm9akkj6uqyzf6y14ksv2xuek39r/obj/351/explain2"},"meta":{"author":"/gdc/account/profile/a4c644d7b42b65c34e5a0f46809f7164","uri":"/gdc/md/pltywm9akkj6uqyzf6y14ksv2xuek39r/obj/351","tags":"","created":"2018-12-05
        15:07:59","identifier":"metric.customers.count","deprecated":"0","summary":"","isProduction":1,"title":"Customers
        Count","category":"metric","updated":"2018-12-05 15:02:25","contributor":"/gdc/account/profile/a4c644d7b42b65c34e5a0f46809f7164"}}}]}}'
    http_version: 
  recorded_at: Wed, 05 Dec 2018 14:15:18 GMT
- request:
    method: get
    uri: https://staging3-lcm-prod.intgdc.com/gdc/md/k1ocfm1di3ddj89nmi3gb1h2xt4qdtt9/objects/query?category=metric&limit=50&offset=0
    body:
      encoding: US-ASCII
      string: ''
    headers:
      Accept:
      - application/json, application/zip
      Accept-Encoding:
      - gzip, deflate
      User-Agent:
      - gooddata-gem/1.3.3/x86_64-darwin16/2.3.4
      Content-Type:
      - application/json
      X-Gdc-Authtt:
      - "<X_GDC_AUTHTT>"
      X-Gdc-Request:
      - AgRRz_fenO2iwUt7x5DsHw:Of9bgPoykY_RZwqg5OgUZQ
      Host:
      - staging3-lcm-prod.intgdc.com
  response:
    status:
      code: 200
      message: OK
    headers:
      Date:
      - Wed, 05 Dec 2018 14:15:19 GMT
      Server:
      - GoodData WebApp
      Keep-Alive:
      - timeout=5, max=54
      X-Gdc-Log-Header:
      - ''
      Cache-Control:
      - no-cache, no-store, must-revalidate
      Content-Type:
      - application/json;charset=UTF-8
      Transfer-Encoding:
      - chunked
      Vary:
      - Accept-Encoding
      - origin
      X-Gdc-Request:
      - AgRRz_fenO2iwUt7x5DsHw:Of9bgPoykY_RZwqg5OgUZQ:khClilkBoqq4Akev
      X-Gdc-Request-Time:
      - '44'
      Strict-Transport-Security:
      - max-age=10886400; includeSubDomains; preload;
    body:
      encoding: ASCII-8BIT
      string: '{"objects":{"paging":{"count":2,"offset":0},"items":[{"metric":{"content":{"format":"#,##0","tree":{"content":[{"content":[{"value":"MAX","content":[{"value":"/gdc/md/k1ocfm1di3ddj89nmi3gb1h2xt4qdtt9/obj/315","position":{"column":25,"line":1},"type":"fact
        object"}],"position":{"column":21,"line":1},"type":"function"}],"position":{"column":21,"line":1},"type":"expression"}],"position":{"column":14,"line":1},"type":"metric"},"expression":"SELECT
        MAX([/gdc/md/k1ocfm1di3ddj89nmi3gb1h2xt4qdtt9/obj/315])"},"links":{"explain2":"/gdc/md/k1ocfm1di3ddj89nmi3gb1h2xt4qdtt9/obj/350/explain2"},"meta":{"locked":1,"author":"/gdc/account/profile/a4c644d7b42b65c34e5a0f46809f7164","uri":"/gdc/md/k1ocfm1di3ddj89nmi3gb1h2xt4qdtt9/obj/350","tags":"_lcm_managed_object
        metric","created":"2018-12-05 15:07:59","identifier":"metric.max.claim.amount","deprecated":"0","summary":"","isProduction":1,"title":"Max
        Claim Amount","category":"metric","updated":"2018-12-05 15:02:08","contributor":"/gdc/account/profile/a4c644d7b42b65c34e5a0f46809f7164"}}},{"metric":{"content":{"format":"#,##0","tree":{"content":[{"content":[{"value":"COUNT","content":[{"value":"/gdc/md/k1ocfm1di3ddj89nmi3gb1h2xt4qdtt9/obj/286","position":{"column":27,"line":1},"type":"attribute
        object"}],"position":{"column":21,"line":1},"type":"function"}],"position":{"column":21,"line":1},"type":"expression"}],"position":{"column":14,"line":1},"type":"metric"},"expression":"SELECT
        COUNT([/gdc/md/k1ocfm1di3ddj89nmi3gb1h2xt4qdtt9/obj/286])"},"links":{"explain2":"/gdc/md/k1ocfm1di3ddj89nmi3gb1h2xt4qdtt9/obj/351/explain2"},"meta":{"locked":1,"author":"/gdc/account/profile/a4c644d7b42b65c34e5a0f46809f7164","uri":"/gdc/md/k1ocfm1di3ddj89nmi3gb1h2xt4qdtt9/obj/351","tags":"_lcm_managed_object","created":"2018-12-05
        15:07:59","identifier":"metric.customers.count","deprecated":"0","summary":"","isProduction":1,"title":"Customers
        Count","category":"metric","updated":"2018-12-05 15:02:25","contributor":"/gdc/account/profile/a4c644d7b42b65c34e5a0f46809f7164"}}}]}}'
    http_version: 
  recorded_at: Wed, 05 Dec 2018 14:15:19 GMT
- request:
    method: get
    uri: https://staging3-lcm-prod.intgdc.com/gdc/md/i1a3ygobo7o1hy2xx5tqcchw37fibmik/objects/query?category=metric&limit=50&offset=0
    body:
      encoding: US-ASCII
      string: ''
    headers:
      Accept:
      - application/json, application/zip
      Accept-Encoding:
      - gzip, deflate
      User-Agent:
      - gooddata-gem/1.3.3/x86_64-darwin16/2.3.4
      Content-Type:
      - application/json
      X-Gdc-Authtt:
      - "<X_GDC_AUTHTT>"
      X-Gdc-Request:
      - AgRRz_fenO2iwUt7x5DsHw:lOSs_GWAlWCtV3c4dm1jcw
      Host:
      - staging3-lcm-prod.intgdc.com
  response:
    status:
      code: 200
      message: OK
    headers:
      Date:
      - Wed, 05 Dec 2018 14:15:19 GMT
      Server:
      - GoodData WebApp
      Keep-Alive:
      - timeout=5, max=83
      X-Gdc-Log-Header:
      - ''
      Cache-Control:
      - no-cache, no-store, must-revalidate
      Content-Type:
      - application/json;charset=UTF-8
      Transfer-Encoding:
      - chunked
      Vary:
      - Accept-Encoding
      - origin
      X-Gdc-Request:
      - AgRRz_fenO2iwUt7x5DsHw:lOSs_GWAlWCtV3c4dm1jcw:1Ujf07To1UQsQs8H
      X-Gdc-Request-Time:
      - '34'
      Strict-Transport-Security:
      - max-age=10886400; includeSubDomains; preload;
    body:
      encoding: ASCII-8BIT
      string: '{"objects":{"paging":{"count":2,"offset":0},"items":[{"metric":{"content":{"format":"#,##0","tree":{"content":[{"content":[{"value":"MAX","content":[{"value":"/gdc/md/i1a3ygobo7o1hy2xx5tqcchw37fibmik/obj/315","position":{"column":25,"line":1},"type":"fact
        object"}],"position":{"column":21,"line":1},"type":"function"}],"position":{"column":21,"line":1},"type":"expression"}],"position":{"column":14,"line":1},"type":"metric"},"expression":"SELECT
        MAX([/gdc/md/i1a3ygobo7o1hy2xx5tqcchw37fibmik/obj/315])"},"links":{"explain2":"/gdc/md/i1a3ygobo7o1hy2xx5tqcchw37fibmik/obj/350/explain2"},"meta":{"locked":1,"author":"/gdc/account/profile/a4c644d7b42b65c34e5a0f46809f7164","uri":"/gdc/md/i1a3ygobo7o1hy2xx5tqcchw37fibmik/obj/350","tags":"_lcm_managed_object
        metric","created":"2018-12-05 15:07:59","identifier":"metric.max.claim.amount","deprecated":"0","summary":"","isProduction":1,"title":"Max
        Claim Amount","category":"metric","updated":"2018-12-05 15:02:08","contributor":"/gdc/account/profile/a4c644d7b42b65c34e5a0f46809f7164"}}},{"metric":{"content":{"format":"#,##0","tree":{"content":[{"content":[{"value":"COUNT","content":[{"value":"/gdc/md/i1a3ygobo7o1hy2xx5tqcchw37fibmik/obj/286","position":{"column":27,"line":1},"type":"attribute
        object"}],"position":{"column":21,"line":1},"type":"function"}],"position":{"column":21,"line":1},"type":"expression"}],"position":{"column":14,"line":1},"type":"metric"},"expression":"SELECT
        COUNT([/gdc/md/i1a3ygobo7o1hy2xx5tqcchw37fibmik/obj/286])"},"links":{"explain2":"/gdc/md/i1a3ygobo7o1hy2xx5tqcchw37fibmik/obj/351/explain2"},"meta":{"locked":1,"author":"/gdc/account/profile/a4c644d7b42b65c34e5a0f46809f7164","uri":"/gdc/md/i1a3ygobo7o1hy2xx5tqcchw37fibmik/obj/351","tags":"_lcm_managed_object","created":"2018-12-05
        15:07:59","identifier":"metric.customers.count","deprecated":"0","summary":"","isProduction":1,"title":"Customers
        Count","category":"metric","updated":"2018-12-05 15:02:25","contributor":"/gdc/account/profile/a4c644d7b42b65c34e5a0f46809f7164"}}}]}}'
    http_version: 
  recorded_at: Wed, 05 Dec 2018 14:15:19 GMT
- request:
    method: get
    uri: https://staging3-lcm-prod.intgdc.com/gdc/md/g4zo0xsvjioeghonxxiqppg63v03fkjh/objects/query?category=metric&limit=50&offset=0
    body:
      encoding: US-ASCII
      string: ''
    headers:
      Accept:
      - application/json, application/zip
      Accept-Encoding:
      - gzip, deflate
      User-Agent:
      - gooddata-gem/1.3.3/x86_64-darwin16/2.3.4
      Content-Type:
      - application/json
      X-Gdc-Authtt:
      - "<X_GDC_AUTHTT>"
      X-Gdc-Request:
      - AgRRz_fenO2iwUt7x5DsHw:-wkv6vRe_RJy5HmESSpWDg
      Host:
      - staging3-lcm-prod.intgdc.com
  response:
    status:
      code: 200
      message: OK
    headers:
      Date:
      - Wed, 05 Dec 2018 14:15:20 GMT
      Server:
      - GoodData WebApp
      Keep-Alive:
      - timeout=5, max=89
      X-Gdc-Log-Header:
      - ''
      Cache-Control:
      - no-cache, no-store, must-revalidate
      Content-Type:
      - application/json;charset=UTF-8
      Transfer-Encoding:
      - chunked
      Vary:
      - Accept-Encoding
      - origin
      X-Gdc-Request:
      - AgRRz_fenO2iwUt7x5DsHw:-wkv6vRe_RJy5HmESSpWDg:rbgxUXTSE1uUwGIK
      X-Gdc-Request-Time:
      - '33'
      Strict-Transport-Security:
      - max-age=10886400; includeSubDomains; preload;
    body:
      encoding: ASCII-8BIT
      string: '{"objects":{"paging":{"count":2,"offset":0},"items":[{"metric":{"content":{"format":"#,##0","tree":{"content":[{"content":[{"value":"MAX","content":[{"value":"/gdc/md/g4zo0xsvjioeghonxxiqppg63v03fkjh/obj/315","position":{"column":25,"line":1},"type":"fact
        object"}],"position":{"column":21,"line":1},"type":"function"}],"position":{"column":21,"line":1},"type":"expression"}],"position":{"column":14,"line":1},"type":"metric"},"expression":"SELECT
        MAX([/gdc/md/g4zo0xsvjioeghonxxiqppg63v03fkjh/obj/315])"},"links":{"explain2":"/gdc/md/g4zo0xsvjioeghonxxiqppg63v03fkjh/obj/350/explain2"},"meta":{"locked":1,"author":"/gdc/account/profile/a4c644d7b42b65c34e5a0f46809f7164","uri":"/gdc/md/g4zo0xsvjioeghonxxiqppg63v03fkjh/obj/350","tags":"_lcm_managed_object
        metric","created":"2018-12-05 15:07:59","identifier":"metric.max.claim.amount","deprecated":"0","summary":"","isProduction":1,"title":"Max
        Claim Amount","category":"metric","updated":"2018-12-05 15:02:08","contributor":"/gdc/account/profile/a4c644d7b42b65c34e5a0f46809f7164"}}},{"metric":{"content":{"format":"#,##0","tree":{"content":[{"content":[{"value":"COUNT","content":[{"value":"/gdc/md/g4zo0xsvjioeghonxxiqppg63v03fkjh/obj/286","position":{"column":27,"line":1},"type":"attribute
        object"}],"position":{"column":21,"line":1},"type":"function"}],"position":{"column":21,"line":1},"type":"expression"}],"position":{"column":14,"line":1},"type":"metric"},"expression":"SELECT
        COUNT([/gdc/md/g4zo0xsvjioeghonxxiqppg63v03fkjh/obj/286])"},"links":{"explain2":"/gdc/md/g4zo0xsvjioeghonxxiqppg63v03fkjh/obj/351/explain2"},"meta":{"locked":1,"author":"/gdc/account/profile/a4c644d7b42b65c34e5a0f46809f7164","uri":"/gdc/md/g4zo0xsvjioeghonxxiqppg63v03fkjh/obj/351","tags":"_lcm_managed_object","created":"2018-12-05
        15:07:59","identifier":"metric.customers.count","deprecated":"0","summary":"","isProduction":1,"title":"Customers
        Count","category":"metric","updated":"2018-12-05 15:02:25","contributor":"/gdc/account/profile/a4c644d7b42b65c34e5a0f46809f7164"}}}]}}'
    http_version: 
  recorded_at: Wed, 05 Dec 2018 14:15:20 GMT
recorded_with: VCR 4.0.0
