---
http_interactions:
- request:
    method: get
    uri: https://staging2-lcm-prod.intgdc.com/gdc/projects/yh4nq8fhp6fvw8vch2eb259dj7fy3q9x/dataload/processes
    body:
      encoding: US-ASCII
      string: ''
    headers:
      Accept:
      - application/json, application/zip
      Accept-Encoding:
      - gzip, deflate
      User-Agent:
      - gooddata-gem/2.1.3/x86_64-darwin18/2.4.5
      Content-Type:
      - application/json
      X-Gdc-Authtt:
      - "<X_GDC_AUTHTT>"
      X-Gdc-Request:
      - ":mqq9aj74KN01b_JNGLlprw:ic_8hf8ZErVjDCXKt7PHdA"
      Stats-On:
      - ''
      Host:
      - staging2-lcm-prod.intgdc.com
  response:
    status:
      code: 200
      message: OK
    headers:
      X-Gdc-Log-Header:
      - ''
      Content-Type:
      - application/json;charset=UTF-8
      Transfer-Encoding:
      - chunked
      Vary:
      - Accept-Encoding
      - origin
      Date:
      - Thu, 18 Apr 2019 12:46:19 GMT
      Server:
      - GoodData WebApp
      X-Gdc-Request:
      - ":mqq9aj74KN01b_JNGLlprw:ic_8hf8ZErVjDCXKt7PHdA:q1JotXW4xYGV41hM"
      Cache-Control:
      - no-cache, no-store, must-revalidate
      X-Gdc-Request-Time:
      - '7'
      Strict-Transport-Security:
      - max-age=10886400; includeSubDomains; preload;
    body:
      encoding: ASCII-8BIT
      string: '{"processes":{"items":[{"process":{"type":"GRAPH","name":"Simple CloudConnect
        Process","graphs":["graph/test.grf"],"executables":["graph/test.grf"],"ownerLogin":"rubydev+admin@gooddata.com","links":{"self":"/gdc/projects/yh4nq8fhp6fvw8vch2eb259dj7fy3q9x/dataload/processes/a8ba7304-eaf5-4b27-bf77-b1111c85a73d","executions":"/gdc/projects/yh4nq8fhp6fvw8vch2eb259dj7fy3q9x/dataload/processes/a8ba7304-eaf5-4b27-bf77-b1111c85a73d/executions","source":"/gdc/projects/yh4nq8fhp6fvw8vch2eb259dj7fy3q9x/dataload/processes/a8ba7304-eaf5-4b27-bf77-b1111c85a73d/source"}}},{"process":{"type":"RUBY","name":"Simple
        Ruby Process","path":"${PUBLIC_APPSTORE}:branch/master:/apps/hello_world_brick","graphs":["main.rb"],"executables":["main.rb"],"lastDeployed":"2019-04-18T12:45:46.380Z","ownerLogin":"rubydev+admin@gooddata.com","links":{"self":"/gdc/projects/yh4nq8fhp6fvw8vch2eb259dj7fy3q9x/dataload/processes/5759dcc5-7a50-429f-b549-632a154ee6ff","executions":"/gdc/projects/yh4nq8fhp6fvw8vch2eb259dj7fy3q9x/dataload/processes/5759dcc5-7a50-429f-b549-632a154ee6ff/executions","source":"/gdc/projects/yh4nq8fhp6fvw8vch2eb259dj7fy3q9x/dataload/processes/5759dcc5-7a50-429f-b549-632a154ee6ff/source"}}},{"process":{"type":"ETL","name":"lcm-end-to-end-csv-download","graphs":[],"executables":[],"ownerLogin":"rubydev+admin@gooddata.com","links":{"self":"/gdc/projects/yh4nq8fhp6fvw8vch2eb259dj7fy3q9x/dataload/processes/07b38be7-bd6f-4da3-8f39-4851729fa5b9","executions":"/gdc/projects/yh4nq8fhp6fvw8vch2eb259dj7fy3q9x/dataload/processes/07b38be7-bd6f-4da3-8f39-4851729fa5b9/executions","source":"/gdc/projects/yh4nq8fhp6fvw8vch2eb259dj7fy3q9x/dataload/processes/07b38be7-bd6f-4da3-8f39-4851729fa5b9/source"},"component":{"name":"gdc-etl-csv-downloader","version":"1","configLocation":{"s3":{"path":"s3://s3_bucket/s3_folder/","accessKey":"s3_access_key","serverSideEncryption":true}}}}},{"process":{"type":"ETL","name":"lcm-end-to-end-sql-exec","graphs":[],"executables":[],"ownerLogin":"rubydev+admin@gooddata.com","links":{"self":"/gdc/projects/yh4nq8fhp6fvw8vch2eb259dj7fy3q9x/dataload/processes/79c4c986-5aa4-41df-b3cd-fd0a96092e71","executions":"/gdc/projects/yh4nq8fhp6fvw8vch2eb259dj7fy3q9x/dataload/processes/79c4c986-5aa4-41df-b3cd-fd0a96092e71/executions","source":"/gdc/projects/yh4nq8fhp6fvw8vch2eb259dj7fy3q9x/dataload/processes/79c4c986-5aa4-41df-b3cd-fd0a96092e71/source"},"component":{"name":"gdc-etl-sql-executor","version":"1","configLocation":{"s3":{"path":"s3://s3_bucket/s3_folder/","accessKey":"s3_access_key","serverSideEncryption":true}}}}}],"links":{"self":"/gdc/projects/yh4nq8fhp6fvw8vch2eb259dj7fy3q9x/dataload/processes"}}}'
    http_version: null
  recorded_at: Thu, 18 Apr 2019 12:46:20 GMT
- request:
    method: get
    uri: https://staging2-lcm-prod.intgdc.com/gdc/projects/yh4nq8fhp6fvw8vch2eb259dj7fy3q9x/schedules
    body:
      encoding: US-ASCII
      string: ''
    headers:
      Accept:
      - application/json, application/zip
      Accept-Encoding:
      - gzip, deflate
      User-Agent:
      - gooddata-gem/2.1.3/x86_64-darwin18/2.4.5
      Content-Type:
      - application/json
      X-Gdc-Authtt:
      - "<X_GDC_AUTHTT>"
      X-Gdc-Request:
      - ":mqq9aj74KN01b_JNGLlprw:UfmskqSrK3nzJcDEw9j0lA"
      Stats-On:
      - ''
      Host:
      - staging2-lcm-prod.intgdc.com
  response:
    status:
      code: 200
      message: OK
    headers:
      X-Gdc-Log-Header:
      - ''
      Content-Type:
      - application/json;charset=UTF-8
      Transfer-Encoding:
      - chunked
      Vary:
      - Accept-Encoding
      - origin
      Date:
      - Thu, 18 Apr 2019 12:46:21 GMT
      Server:
      - GoodData WebApp
      X-Gdc-Request:
      - ":mqq9aj74KN01b_JNGLlprw:UfmskqSrK3nzJcDEw9j0lA:Gye9Lo4hkShs7SrL"
      Cache-Control:
      - no-cache, no-store, must-revalidate
      X-Gdc-Request-Time:
      - '12'
      Strict-Transport-Security:
      - max-age=10886400; includeSubDomains; preload;
    body:
      encoding: ASCII-8BIT
      string: '{"schedules":{"paging":{"offset":0,"count":2},"schedulesLink":"/gdc/projects/yh4nq8fhp6fvw8vch2eb259dj7fy3q9x/schedules","items":[{"schedule":{"name":"main.rb","type":"MSETL","state":"ENABLED","params":{"msg_from_release_brick":"Hi,
        I was set by release brick","EXECUTABLE":"main.rb","param_2":"b","param_1":"a","msg_from_provisioning_brick":"Hi,
        I was set by provisioning brick","print_reverted":"hidden_msg_from_provisioning_brick,SECURE_PARAM_2","PROCESS_ID":"5759dcc5-7a50-429f-b549-632a154ee6ff"},"hiddenParams":{"secure_param_2":null,"secure_param_1":null,"hidden_msg_from_release_brick":null,"SECURE_PARAM_2":null},"timezone":"UTC","consecutiveFailedExecutionCount":0,"ownerLogin":"rubydev+admin@gooddata.com","links":{"self":"/gdc/projects/yh4nq8fhp6fvw8vch2eb259dj7fy3q9x/schedules/5cb8717ae4b0d86679f226a8","executions":"/gdc/projects/yh4nq8fhp6fvw8vch2eb259dj7fy3q9x/schedules/5cb8717ae4b0d86679f226a8/executions"},"triggerScheduleId":"5cb8717ae4b0d86679f226a7"}},{"schedule":{"name":"test.grf","type":"MSETL","state":"ENABLED","params":{"msg_from_release_brick":"Hi,
        I was set by release brick","EXECUTABLE":"graph/test.grf","param_2":"b","param_1":"a","msg_from_provisioning_brick":"Hi,
        I was set by provisioning brick","print_reverted":"hidden_msg_from_provisioning_brick,SECURE_PARAM_2","PROCESS_ID":"a8ba7304-eaf5-4b27-bf77-b1111c85a73d"},"hiddenParams":{"secure_param_2":null,"secure_param_1":null,"hidden_msg_from_release_brick":null,"SECURE_PARAM_2":null},"cron":"0
        15 10 3 *","timezone":"UTC","nextExecutionTime":"2020-03-10T15:00:00.000Z","consecutiveFailedExecutionCount":0,"ownerLogin":"rubydev+admin@gooddata.com","links":{"self":"/gdc/projects/yh4nq8fhp6fvw8vch2eb259dj7fy3q9x/schedules/5cb8717ae4b0d86679f226a7","executions":"/gdc/projects/yh4nq8fhp6fvw8vch2eb259dj7fy3q9x/schedules/5cb8717ae4b0d86679f226a7/executions"}}}]}}'
    http_version: null
  recorded_at: Thu, 18 Apr 2019 12:46:21 GMT
- request:
    method: get
    uri: https://staging2-lcm-prod.intgdc.com/gdc/projects/ifu9pf5wu697rww6y7zld524mvkm7zy4/dataload/processes
    body:
      encoding: US-ASCII
      string: ''
    headers:
      Accept:
      - application/json, application/zip
      Accept-Encoding:
      - gzip, deflate
      User-Agent:
      - gooddata-gem/2.1.3/x86_64-darwin18/2.4.5
      Content-Type:
      - application/json
      X-Gdc-Authtt:
      - "<X_GDC_AUTHTT>"
      X-Gdc-Request:
      - ":mqq9aj74KN01b_JNGLlprw:M7vifWUN2zvgnO2z8dNj7g"
      Stats-On:
      - ''
      Host:
      - staging2-lcm-prod.intgdc.com
  response:
    status:
      code: 200
      message: OK
    headers:
      X-Gdc-Log-Header:
      - ''
      Content-Type:
      - application/json;charset=UTF-8
      Transfer-Encoding:
      - chunked
      Vary:
      - Accept-Encoding
      - origin
      Date:
      - Thu, 18 Apr 2019 12:46:21 GMT
      Server:
      - GoodData WebApp
      X-Gdc-Request:
      - ":mqq9aj74KN01b_JNGLlprw:M7vifWUN2zvgnO2z8dNj7g:EpuBR1YFYX5ha0rs"
      Cache-Control:
      - no-cache, no-store, must-revalidate
      X-Gdc-Request-Time:
      - '7'
      Strict-Transport-Security:
      - max-age=10886400; includeSubDomains; preload;
    body:
      encoding: ASCII-8BIT
      string: '{"processes":{"items":[{"process":{"type":"GRAPH","name":"Simple CloudConnect
        Process","graphs":["graph/test.grf"],"executables":["graph/test.grf"],"ownerLogin":"rubydev+admin@gooddata.com","links":{"self":"/gdc/projects/ifu9pf5wu697rww6y7zld524mvkm7zy4/dataload/processes/943cdbcc-875d-4c3a-9eff-0cc98afd0bb6","executions":"/gdc/projects/ifu9pf5wu697rww6y7zld524mvkm7zy4/dataload/processes/943cdbcc-875d-4c3a-9eff-0cc98afd0bb6/executions","source":"/gdc/projects/ifu9pf5wu697rww6y7zld524mvkm7zy4/dataload/processes/943cdbcc-875d-4c3a-9eff-0cc98afd0bb6/source"}}},{"process":{"type":"RUBY","name":"Simple
        Ruby Process","path":"${PUBLIC_APPSTORE}:branch/master:/apps/hello_world_brick","graphs":["main.rb"],"executables":["main.rb"],"lastDeployed":"2019-04-18T12:45:46.181Z","ownerLogin":"rubydev+admin@gooddata.com","links":{"self":"/gdc/projects/ifu9pf5wu697rww6y7zld524mvkm7zy4/dataload/processes/055cd20c-7b0b-43d1-ad0e-878755ce9506","executions":"/gdc/projects/ifu9pf5wu697rww6y7zld524mvkm7zy4/dataload/processes/055cd20c-7b0b-43d1-ad0e-878755ce9506/executions","source":"/gdc/projects/ifu9pf5wu697rww6y7zld524mvkm7zy4/dataload/processes/055cd20c-7b0b-43d1-ad0e-878755ce9506/source"}}},{"process":{"type":"ETL","name":"lcm-end-to-end-csv-download","graphs":[],"executables":[],"ownerLogin":"rubydev+admin@gooddata.com","links":{"self":"/gdc/projects/ifu9pf5wu697rww6y7zld524mvkm7zy4/dataload/processes/2438f69c-772e-4b03-acd1-082ecfa33e8a","executions":"/gdc/projects/ifu9pf5wu697rww6y7zld524mvkm7zy4/dataload/processes/2438f69c-772e-4b03-acd1-082ecfa33e8a/executions","source":"/gdc/projects/ifu9pf5wu697rww6y7zld524mvkm7zy4/dataload/processes/2438f69c-772e-4b03-acd1-082ecfa33e8a/source"},"component":{"name":"gdc-etl-csv-downloader","version":"1","configLocation":{"s3":{"path":"s3://s3_bucket/s3_folder/","accessKey":"s3_access_key","serverSideEncryption":true}}}}},{"process":{"type":"ETL","name":"lcm-end-to-end-sql-exec","graphs":[],"executables":[],"ownerLogin":"rubydev+admin@gooddata.com","links":{"self":"/gdc/projects/ifu9pf5wu697rww6y7zld524mvkm7zy4/dataload/processes/5084cff2-3ca4-4c71-bf22-683d3ab9447b","executions":"/gdc/projects/ifu9pf5wu697rww6y7zld524mvkm7zy4/dataload/processes/5084cff2-3ca4-4c71-bf22-683d3ab9447b/executions","source":"/gdc/projects/ifu9pf5wu697rww6y7zld524mvkm7zy4/dataload/processes/5084cff2-3ca4-4c71-bf22-683d3ab9447b/source"},"component":{"name":"gdc-etl-sql-executor","version":"1","configLocation":{"s3":{"path":"s3://s3_bucket/s3_folder/","accessKey":"s3_access_key","serverSideEncryption":true}}}}}],"links":{"self":"/gdc/projects/ifu9pf5wu697rww6y7zld524mvkm7zy4/dataload/processes"}}}'
    http_version: null
  recorded_at: Thu, 18 Apr 2019 12:46:21 GMT
- request:
    method: get
    uri: https://staging2-lcm-prod.intgdc.com/gdc/projects/ifu9pf5wu697rww6y7zld524mvkm7zy4/schedules
    body:
      encoding: US-ASCII
      string: ''
    headers:
      Accept:
      - application/json, application/zip
      Accept-Encoding:
      - gzip, deflate
      User-Agent:
      - gooddata-gem/2.1.3/x86_64-darwin18/2.4.5
      Content-Type:
      - application/json
      X-Gdc-Authtt:
      - "<X_GDC_AUTHTT>"
      X-Gdc-Request:
      - ":mqq9aj74KN01b_JNGLlprw:1jvAO6_acZH4rITCtJ8nQw"
      Stats-On:
      - ''
      Host:
      - staging2-lcm-prod.intgdc.com
  response:
    status:
      code: 200
      message: OK
    headers:
      X-Gdc-Log-Header:
      - ''
      Content-Type:
      - application/json;charset=UTF-8
      Transfer-Encoding:
      - chunked
      Vary:
      - Accept-Encoding
      - origin
      Date:
      - Thu, 18 Apr 2019 12:46:21 GMT
      Server:
      - GoodData WebApp
      X-Gdc-Request:
      - ":mqq9aj74KN01b_JNGLlprw:1jvAO6_acZH4rITCtJ8nQw:vY8NUnsbptTYBxl9"
      Cache-Control:
      - no-cache, no-store, must-revalidate
      X-Gdc-Request-Time:
      - '10'
      Strict-Transport-Security:
      - max-age=10886400; includeSubDomains; preload;
    body:
      encoding: ASCII-8BIT
      string: '{"schedules":{"paging":{"offset":0,"count":2},"schedulesLink":"/gdc/projects/ifu9pf5wu697rww6y7zld524mvkm7zy4/schedules","items":[{"schedule":{"name":"main.rb","type":"MSETL","state":"ENABLED","params":{"msg_from_release_brick":"Hi,
        I was set by release brick","EXECUTABLE":"main.rb","param_2":"b","param_1":"a","msg_from_provisioning_brick":"Hi,
        I was set by provisioning brick","print_reverted":"hidden_msg_from_provisioning_brick,SECURE_PARAM_2","PROCESS_ID":"055cd20c-7b0b-43d1-ad0e-878755ce9506"},"hiddenParams":{"secure_param_2":null,"secure_param_1":null,"hidden_msg_from_release_brick":null,"SECURE_PARAM_2":null},"timezone":"UTC","consecutiveFailedExecutionCount":0,"ownerLogin":"rubydev+admin@gooddata.com","links":{"self":"/gdc/projects/ifu9pf5wu697rww6y7zld524mvkm7zy4/schedules/5cb8717ae4b0d86679f226a6","executions":"/gdc/projects/ifu9pf5wu697rww6y7zld524mvkm7zy4/schedules/5cb8717ae4b0d86679f226a6/executions"},"triggerScheduleId":"5cb8717ae4b0d86679f226a5"}},{"schedule":{"name":"test.grf","type":"MSETL","state":"ENABLED","params":{"msg_from_release_brick":"Hi,
        I was set by release brick","EXECUTABLE":"graph/test.grf","param_2":"b","param_1":"a","msg_from_provisioning_brick":"Hi,
        I was set by provisioning brick","print_reverted":"hidden_msg_from_provisioning_brick,SECURE_PARAM_2","PROCESS_ID":"943cdbcc-875d-4c3a-9eff-0cc98afd0bb6"},"hiddenParams":{"secure_param_2":null,"secure_param_1":null,"hidden_msg_from_release_brick":null,"SECURE_PARAM_2":null},"cron":"0
        15 10 3 *","timezone":"UTC","nextExecutionTime":"2020-03-10T15:00:00.000Z","consecutiveFailedExecutionCount":0,"ownerLogin":"rubydev+admin@gooddata.com","links":{"self":"/gdc/projects/ifu9pf5wu697rww6y7zld524mvkm7zy4/schedules/5cb8717ae4b0d86679f226a5","executions":"/gdc/projects/ifu9pf5wu697rww6y7zld524mvkm7zy4/schedules/5cb8717ae4b0d86679f226a5/executions"}}}]}}'
    http_version: null
  recorded_at: Thu, 18 Apr 2019 12:46:22 GMT
- request:
    method: get
    uri: https://staging2-lcm-prod.intgdc.com/gdc/projects/c6vxre8nhydx2z6t9716ssfsh19hm3im/dataload/processes
    body:
      encoding: US-ASCII
      string: ''
    headers:
      Accept:
      - application/json, application/zip
      Accept-Encoding:
      - gzip, deflate
      User-Agent:
      - gooddata-gem/2.1.3/x86_64-darwin18/2.4.5
      Content-Type:
      - application/json
      X-Gdc-Authtt:
      - "<X_GDC_AUTHTT>"
      X-Gdc-Request:
      - ":mqq9aj74KN01b_JNGLlprw:fGDQo-LYOmRFskBBx77B_Q"
      Stats-On:
      - ''
      Host:
      - staging2-lcm-prod.intgdc.com
  response:
    status:
      code: 200
      message: OK
    headers:
      X-Gdc-Log-Header:
      - ''
      Content-Type:
      - application/json;charset=UTF-8
      Transfer-Encoding:
      - chunked
      Vary:
      - Accept-Encoding
      - origin
      Date:
      - Thu, 18 Apr 2019 12:46:22 GMT
      Server:
      - GoodData WebApp
      X-Gdc-Request:
      - ":mqq9aj74KN01b_JNGLlprw:fGDQo-LYOmRFskBBx77B_Q:0DjLJDdJd2E62qVq"
      Cache-Control:
      - no-cache, no-store, must-revalidate
      X-Gdc-Request-Time:
      - '7'
      Strict-Transport-Security:
      - max-age=10886400; includeSubDomains; preload;
    body:
      encoding: ASCII-8BIT
      string: '{"processes":{"items":[{"process":{"type":"GRAPH","name":"Simple CloudConnect
        Process","graphs":["graph/test.grf"],"executables":["graph/test.grf"],"ownerLogin":"rubydev+admin@gooddata.com","links":{"self":"/gdc/projects/c6vxre8nhydx2z6t9716ssfsh19hm3im/dataload/processes/58ed6aa2-ab58-4995-8758-55a6e898a357","executions":"/gdc/projects/c6vxre8nhydx2z6t9716ssfsh19hm3im/dataload/processes/58ed6aa2-ab58-4995-8758-55a6e898a357/executions","source":"/gdc/projects/c6vxre8nhydx2z6t9716ssfsh19hm3im/dataload/processes/58ed6aa2-ab58-4995-8758-55a6e898a357/source"}}},{"process":{"type":"RUBY","name":"Simple
        Ruby Process","path":"${PUBLIC_APPSTORE}:branch/master:/apps/hello_world_brick","graphs":["main.rb"],"executables":["main.rb"],"lastDeployed":"2019-04-18T12:45:45.998Z","ownerLogin":"rubydev+admin@gooddata.com","links":{"self":"/gdc/projects/c6vxre8nhydx2z6t9716ssfsh19hm3im/dataload/processes/7a1eeff4-8a7b-4827-aac9-9f0d7b1db268","executions":"/gdc/projects/c6vxre8nhydx2z6t9716ssfsh19hm3im/dataload/processes/7a1eeff4-8a7b-4827-aac9-9f0d7b1db268/executions","source":"/gdc/projects/c6vxre8nhydx2z6t9716ssfsh19hm3im/dataload/processes/7a1eeff4-8a7b-4827-aac9-9f0d7b1db268/source"}}},{"process":{"type":"ETL","name":"lcm-end-to-end-csv-download","graphs":[],"executables":[],"ownerLogin":"rubydev+admin@gooddata.com","links":{"self":"/gdc/projects/c6vxre8nhydx2z6t9716ssfsh19hm3im/dataload/processes/991135d0-eb42-4c7c-8d12-64fd46c677f8","executions":"/gdc/projects/c6vxre8nhydx2z6t9716ssfsh19hm3im/dataload/processes/991135d0-eb42-4c7c-8d12-64fd46c677f8/executions","source":"/gdc/projects/c6vxre8nhydx2z6t9716ssfsh19hm3im/dataload/processes/991135d0-eb42-4c7c-8d12-64fd46c677f8/source"},"component":{"name":"gdc-etl-csv-downloader","version":"1","configLocation":{"s3":{"path":"s3://s3_bucket/s3_folder/","accessKey":"s3_access_key","serverSideEncryption":true}}}}},{"process":{"type":"ETL","name":"lcm-end-to-end-sql-exec","graphs":[],"executables":[],"ownerLogin":"rubydev+admin@gooddata.com","links":{"self":"/gdc/projects/c6vxre8nhydx2z6t9716ssfsh19hm3im/dataload/processes/cc5b7d9a-1d01-47bf-adc0-68cbb46b4256","executions":"/gdc/projects/c6vxre8nhydx2z6t9716ssfsh19hm3im/dataload/processes/cc5b7d9a-1d01-47bf-adc0-68cbb46b4256/executions","source":"/gdc/projects/c6vxre8nhydx2z6t9716ssfsh19hm3im/dataload/processes/cc5b7d9a-1d01-47bf-adc0-68cbb46b4256/source"},"component":{"name":"gdc-etl-sql-executor","version":"1","configLocation":{"s3":{"path":"s3://s3_bucket/s3_folder/","accessKey":"s3_access_key","serverSideEncryption":true}}}}}],"links":{"self":"/gdc/projects/c6vxre8nhydx2z6t9716ssfsh19hm3im/dataload/processes"}}}'
    http_version: null
  recorded_at: Thu, 18 Apr 2019 12:46:22 GMT
- request:
    method: get
    uri: https://staging2-lcm-prod.intgdc.com/gdc/projects/c6vxre8nhydx2z6t9716ssfsh19hm3im/schedules
    body:
      encoding: US-ASCII
      string: ''
    headers:
      Accept:
      - application/json, application/zip
      Accept-Encoding:
      - gzip, deflate
      User-Agent:
      - gooddata-gem/2.1.3/x86_64-darwin18/2.4.5
      Content-Type:
      - application/json
      X-Gdc-Authtt:
      - "<X_GDC_AUTHTT>"
      X-Gdc-Request:
      - ":mqq9aj74KN01b_JNGLlprw:NxVfKLIMVhOcvwhOW1ei1w"
      Stats-On:
      - ''
      Host:
      - staging2-lcm-prod.intgdc.com
  response:
    status:
      code: 200
      message: OK
    headers:
      X-Gdc-Log-Header:
      - ''
      Content-Type:
      - application/json;charset=UTF-8
      Transfer-Encoding:
      - chunked
      Vary:
      - Accept-Encoding
      - origin
      Date:
      - Thu, 18 Apr 2019 12:46:22 GMT
      Server:
      - GoodData WebApp
      X-Gdc-Request:
      - ":mqq9aj74KN01b_JNGLlprw:NxVfKLIMVhOcvwhOW1ei1w:rINv9cSjRnchT8ny"
      Cache-Control:
      - no-cache, no-store, must-revalidate
      X-Gdc-Request-Time:
      - '11'
      Strict-Transport-Security:
      - max-age=10886400; includeSubDomains; preload;
    body:
      encoding: ASCII-8BIT
      string: '{"schedules":{"paging":{"offset":0,"count":2},"schedulesLink":"/gdc/projects/c6vxre8nhydx2z6t9716ssfsh19hm3im/schedules","items":[{"schedule":{"name":"test.grf","type":"MSETL","state":"ENABLED","params":{"msg_from_release_brick":"Hi,
        I was set by release brick","EXECUTABLE":"graph/test.grf","param_2":"b","param_1":"a","msg_from_provisioning_brick":"Hi,
        I was set by provisioning brick","print_reverted":"hidden_msg_from_provisioning_brick,SECURE_PARAM_2","PROCESS_ID":"58ed6aa2-ab58-4995-8758-55a6e898a357"},"hiddenParams":{"secure_param_2":null,"secure_param_1":null,"hidden_msg_from_release_brick":null,"SECURE_PARAM_2":null},"cron":"0
        15 10 3 *","timezone":"UTC","nextExecutionTime":"2020-03-10T15:00:00.000Z","consecutiveFailedExecutionCount":0,"ownerLogin":"rubydev+admin@gooddata.com","links":{"self":"/gdc/projects/c6vxre8nhydx2z6t9716ssfsh19hm3im/schedules/5cb8717ae4b0d86679f226a3","executions":"/gdc/projects/c6vxre8nhydx2z6t9716ssfsh19hm3im/schedules/5cb8717ae4b0d86679f226a3/executions"}}},{"schedule":{"name":"main.rb","type":"MSETL","state":"ENABLED","params":{"msg_from_release_brick":"Hi,
        I was set by release brick","EXECUTABLE":"main.rb","param_2":"b","param_1":"a","msg_from_provisioning_brick":"Hi,
        I was set by provisioning brick","print_reverted":"hidden_msg_from_provisioning_brick,SECURE_PARAM_2","PROCESS_ID":"7a1eeff4-8a7b-4827-aac9-9f0d7b1db268"},"hiddenParams":{"secure_param_2":null,"secure_param_1":null,"hidden_msg_from_release_brick":null,"SECURE_PARAM_2":null},"timezone":"UTC","consecutiveFailedExecutionCount":0,"ownerLogin":"rubydev+admin@gooddata.com","links":{"self":"/gdc/projects/c6vxre8nhydx2z6t9716ssfsh19hm3im/schedules/5cb8717ae4b0d86679f226a4","executions":"/gdc/projects/c6vxre8nhydx2z6t9716ssfsh19hm3im/schedules/5cb8717ae4b0d86679f226a4/executions"},"triggerScheduleId":"5cb8717ae4b0d86679f226a3"}}]}}'
    http_version: null
  recorded_at: Thu, 18 Apr 2019 12:46:23 GMT
- request:
    method: get
    uri: https://staging2-lcm-prod.intgdc.com/gdc/projects/oa1tpppehpjcf7s6cxr4cvpp927dhvyf/dataload/processes
    body:
      encoding: US-ASCII
      string: ''
    headers:
      Accept:
      - application/json, application/zip
      User-Agent:
      - gooddata-gem/2.1.10/x86_64-darwin16/2.3.8
      Content-Type:
      - application/json
      X-Gdc-Authtt:
      - "<X_GDC_AUTHTT>"
      X-Gdc-Request:
      - ":ghHIjeuJLXujOGpnft_aoQ:tfgeV8HYhOtuLs3Tf04s4w"
      Stats-On:
      - ''
      X-Gdc-Version:
      - '2'
      Accept-Encoding:
      - gzip;q=1.0,deflate;q=0.6,identity;q=0.3
      Host:
      - staging2-lcm-prod.intgdc.com
  response:
    status:
      code: 200
      message: OK
    headers:
      X-Gdc-Log-Header:
      - ''
      Content-Type:
      - application/json;charset=UTF-8
      Transfer-Encoding:
      - chunked
      Date:
      - Thu, 07 May 2020 11:05:52 GMT
      Server:
      - GoodData WebApp
      X-Gdc-Request-Time:
      - '8'
      X-Gdc-Request:
      - ":ghHIjeuJLXujOGpnft_aoQ:tfgeV8HYhOtuLs3Tf04s4w:OgAYiktGRlPbHUDb"
      Cache-Control:
      - no-cache, no-store, must-revalidate
      Vary:
      - Accept-Encoding,origin,X-GDC-VERSION
      Strict-Transport-Security:
      - max-age=10886400; includeSubDomains; preload;
    body:
      encoding: ASCII-8BIT
      string: '{"processes":{"items":[{"process":{"type":"GRAPH","name":"Simple CloudConnect
        Process","graphs":["graph/test.grf"],"executables":["graph/test.grf"],"ownerLogin":"rubydev+admin@gooddata.com","links":{"self":"/gdc/projects/oa1tpppehpjcf7s6cxr4cvpp927dhvyf/dataload/processes/7ef6b4d1-01bc-42c9-881a-908fad1bd9eb","executions":"/gdc/projects/oa1tpppehpjcf7s6cxr4cvpp927dhvyf/dataload/processes/7ef6b4d1-01bc-42c9-881a-908fad1bd9eb/executions","source":"/gdc/projects/oa1tpppehpjcf7s6cxr4cvpp927dhvyf/dataload/processes/7ef6b4d1-01bc-42c9-881a-908fad1bd9eb/source"}}},{"process":{"type":"RUBY","name":"Simple
        Ruby Process","path":"${PUBLIC_APPSTORE}:branch/master:/apps/hello_world_brick","graphs":["main.rb"],"executables":["main.rb"],"lastDeployed":"2020-05-07T11:05:01.837Z","ownerLogin":"rubydev+admin@gooddata.com","links":{"self":"/gdc/projects/oa1tpppehpjcf7s6cxr4cvpp927dhvyf/dataload/processes/a94ba6eb-bd9d-4578-b118-1d58a617ed11","executions":"/gdc/projects/oa1tpppehpjcf7s6cxr4cvpp927dhvyf/dataload/processes/a94ba6eb-bd9d-4578-b118-1d58a617ed11/executions","source":"/gdc/projects/oa1tpppehpjcf7s6cxr4cvpp927dhvyf/dataload/processes/a94ba6eb-bd9d-4578-b118-1d58a617ed11/source"}}},{"process":{"type":"ETL","name":"lcm-end-to-end-csv-download","graphs":[],"executables":[],"ownerLogin":"rubydev+admin@gooddata.com","links":{"self":"/gdc/projects/oa1tpppehpjcf7s6cxr4cvpp927dhvyf/dataload/processes/b7b3aa77-ab35-44bf-9b16-abaacd372f03","executions":"/gdc/projects/oa1tpppehpjcf7s6cxr4cvpp927dhvyf/dataload/processes/b7b3aa77-ab35-44bf-9b16-abaacd372f03/executions","source":"/gdc/projects/oa1tpppehpjcf7s6cxr4cvpp927dhvyf/dataload/processes/b7b3aa77-ab35-44bf-9b16-abaacd372f03/source"},"component":{"name":"gdc-etl-csv-downloader","version":"1","configLocation":{"s3":{"path":"s3://s3_bucket/s3_folder/","accessKey":"s3_access_key","serverSideEncryption":true}}}}},{"process":{"type":"ETL","name":"lcm-end-to-end-sql-exec","graphs":[],"executables":[],"ownerLogin":"rubydev+admin@gooddata.com","links":{"self":"/gdc/projects/oa1tpppehpjcf7s6cxr4cvpp927dhvyf/dataload/processes/50d70910-99a9-436a-82c8-930e20cfaa22","executions":"/gdc/projects/oa1tpppehpjcf7s6cxr4cvpp927dhvyf/dataload/processes/50d70910-99a9-436a-82c8-930e20cfaa22/executions","source":"/gdc/projects/oa1tpppehpjcf7s6cxr4cvpp927dhvyf/dataload/processes/50d70910-99a9-436a-82c8-930e20cfaa22/source"},"component":{"name":"gdc-etl-sql-executor","version":"1","configLocation":{"s3":{"path":"s3://s3_bucket/s3_folder/","accessKey":"s3_access_key","serverSideEncryption":true}}}}}],"links":{"self":"/gdc/projects/oa1tpppehpjcf7s6cxr4cvpp927dhvyf/dataload/processes"}}}'
    http_version: null
  recorded_at: Thu, 07 May 2020 11:05:52 GMT
- request:
    method: get
    uri: https://staging2-lcm-prod.intgdc.com/gdc/projects/oa1tpppehpjcf7s6cxr4cvpp927dhvyf/schedules
    body:
      encoding: US-ASCII
      string: ''
    headers:
      Accept:
      - application/json, application/zip
      User-Agent:
      - gooddata-gem/2.1.10/x86_64-darwin16/2.3.8
      Content-Type:
      - application/json
      X-Gdc-Authtt:
      - "<X_GDC_AUTHTT>"
      X-Gdc-Request:
      - ":ghHIjeuJLXujOGpnft_aoQ:soqBlky7p_g3xyG1IJ4dQw"
      Stats-On:
      - ''
      X-Gdc-Version:
      - '2'
      Accept-Encoding:
      - gzip;q=1.0,deflate;q=0.6,identity;q=0.3
      Host:
      - staging2-lcm-prod.intgdc.com
  response:
    status:
      code: 200
      message: OK
    headers:
      X-Gdc-Log-Header:
      - ''
      Content-Type:
      - application/json;charset=UTF-8
      Transfer-Encoding:
      - chunked
      Date:
      - Thu, 07 May 2020 11:05:52 GMT
      Server:
      - GoodData WebApp
      X-Gdc-Request-Time:
      - '15'
      X-Gdc-Request:
      - ":ghHIjeuJLXujOGpnft_aoQ:soqBlky7p_g3xyG1IJ4dQw:AO7BTngbPsl0m5n8"
      Cache-Control:
      - no-cache, no-store, must-revalidate
      Vary:
      - Accept-Encoding,origin,X-GDC-VERSION
      Strict-Transport-Security:
      - max-age=10886400; includeSubDomains; preload;
    body:
      encoding: ASCII-8BIT
      string: '{"schedules":{"paging":{"offset":0,"count":2},"schedulesLink":"/gdc/projects/oa1tpppehpjcf7s6cxr4cvpp927dhvyf/schedules","items":[{"schedule":{"name":"test.grf","type":"MSETL","state":"ENABLED","params":{"msg_from_release_brick":"Hi,
        I was set by release brick","all_dynamic_param":"is_in_every_schedule","EXECUTABLE":"graph/test.grf","param_2":"b","param_1":"a","msg_from_provisioning_brick":"Hi,
        I was set by provisioning brick","print_reverted":"hidden_msg_from_provisioning_brick,SECURE_PARAM_2","PROCESS_ID":"7ef6b4d1-01bc-42c9-881a-908fad1bd9eb"},"hiddenParams":{"secure_param_2":null,"secure_param_1":null,"hidden_msg_from_release_brick":null,"SECURE_PARAM_2":null,"all_dynamic_hidden_param":null},"cron":"0
        15 10 3 *","timezone":"UTC","nextExecutionTime":"2021-03-10T15:00:00.000Z","consecutiveFailedExecutionCount":0,"ownerLogin":"rubydev+admin@gooddata.com","links":{"self":"/gdc/projects/oa1tpppehpjcf7s6cxr4cvpp927dhvyf/schedules/5eb3eb5d71a6014624219e9a","executions":"/gdc/projects/oa1tpppehpjcf7s6cxr4cvpp927dhvyf/schedules/5eb3eb5d71a6014624219e9a/executions"}}},{"schedule":{"name":"SimpleRubySchedule","type":"MSETL","state":"ENABLED","params":{"msg_from_release_brick":"Hi,
        I was set by release brick","all_dynamic_param":"is_in_every_schedule","EXECUTABLE":"main.rb","param_2":"b","dynamic_param":"LCM_SPEC_CLIENT_WITH_CONFLICTING_LDM_CHANGES","param_1":"a","msg_from_provisioning_brick":"Hi,
        I was set by provisioning brick","print_reverted":"hidden_msg_from_provisioning_brick,SECURE_PARAM_2","PROCESS_ID":"a94ba6eb-bd9d-4578-b118-1d58a617ed11"},"hiddenParams":{"secure_param_2":null,"secure_param_1":null,"hidden_msg_from_release_brick":null,"SECURE_PARAM_2":null,"all_dynamic_hidden_param":null,"dynamic_hidden_param":null},"timezone":"UTC","consecutiveFailedExecutionCount":0,"ownerLogin":"rubydev+admin@gooddata.com","links":{"self":"/gdc/projects/oa1tpppehpjcf7s6cxr4cvpp927dhvyf/schedules/5eb3eb5d71a6014624219e9b","executions":"/gdc/projects/oa1tpppehpjcf7s6cxr4cvpp927dhvyf/schedules/5eb3eb5d71a6014624219e9b/executions"},"triggerScheduleId":"5eb3eb5d71a6014624219e9a"}}]}}'
    http_version: null
  recorded_at: Thu, 07 May 2020 11:05:52 GMT
- request:
    method: get
    uri: https://staging2-lcm-prod.intgdc.com/gdc/projects/u586yv7vl7kcb29a3jw30w37ppng6zue/dataload/processes
    body:
      encoding: US-ASCII
      string: ''
    headers:
      Accept:
      - application/json, application/zip
      User-Agent:
      - gooddata-gem/2.1.10/x86_64-darwin16/2.3.8
      Content-Type:
      - application/json
      X-Gdc-Authtt:
      - "<X_GDC_AUTHTT>"
      X-Gdc-Request:
      - ":ghHIjeuJLXujOGpnft_aoQ:TFEEi2kjXatm89kqKgOtnQ"
      Stats-On:
      - ''
      X-Gdc-Version:
      - '2'
      Accept-Encoding:
      - gzip;q=1.0,deflate;q=0.6,identity;q=0.3
      Host:
      - staging2-lcm-prod.intgdc.com
  response:
    status:
      code: 200
      message: OK
    headers:
      X-Gdc-Log-Header:
      - ''
      Content-Type:
      - application/json;charset=UTF-8
      Transfer-Encoding:
      - chunked
      Date:
      - Thu, 07 May 2020 11:05:52 GMT
      Server:
      - GoodData WebApp
      X-Gdc-Request-Time:
      - '8'
      X-Gdc-Request:
      - ":ghHIjeuJLXujOGpnft_aoQ:TFEEi2kjXatm89kqKgOtnQ:YpWzYrbakOzmJG4T"
      Cache-Control:
      - no-cache, no-store, must-revalidate
      Vary:
      - Accept-Encoding,origin,X-GDC-VERSION
      Strict-Transport-Security:
      - max-age=10886400; includeSubDomains; preload;
    body:
      encoding: ASCII-8BIT
      string: '{"processes":{"items":[{"process":{"type":"GRAPH","name":"Simple CloudConnect
        Process","graphs":["graph/test.grf"],"executables":["graph/test.grf"],"ownerLogin":"rubydev+admin@gooddata.com","links":{"self":"/gdc/projects/u586yv7vl7kcb29a3jw30w37ppng6zue/dataload/processes/7b937b44-0523-4bc3-85c1-566c1435bc20","executions":"/gdc/projects/u586yv7vl7kcb29a3jw30w37ppng6zue/dataload/processes/7b937b44-0523-4bc3-85c1-566c1435bc20/executions","source":"/gdc/projects/u586yv7vl7kcb29a3jw30w37ppng6zue/dataload/processes/7b937b44-0523-4bc3-85c1-566c1435bc20/source"}}},{"process":{"type":"RUBY","name":"Simple
        Ruby Process","path":"${PUBLIC_APPSTORE}:branch/master:/apps/hello_world_brick","graphs":["main.rb"],"executables":["main.rb"],"lastDeployed":"2020-05-07T11:05:01.685Z","ownerLogin":"rubydev+admin@gooddata.com","links":{"self":"/gdc/projects/u586yv7vl7kcb29a3jw30w37ppng6zue/dataload/processes/0206eb62-3bb2-4a1e-a292-543dd4e43964","executions":"/gdc/projects/u586yv7vl7kcb29a3jw30w37ppng6zue/dataload/processes/0206eb62-3bb2-4a1e-a292-543dd4e43964/executions","source":"/gdc/projects/u586yv7vl7kcb29a3jw30w37ppng6zue/dataload/processes/0206eb62-3bb2-4a1e-a292-543dd4e43964/source"}}},{"process":{"type":"ETL","name":"lcm-end-to-end-csv-download","graphs":[],"executables":[],"ownerLogin":"rubydev+admin@gooddata.com","links":{"self":"/gdc/projects/u586yv7vl7kcb29a3jw30w37ppng6zue/dataload/processes/d815bd3d-f153-484e-b0ae-26386b77895e","executions":"/gdc/projects/u586yv7vl7kcb29a3jw30w37ppng6zue/dataload/processes/d815bd3d-f153-484e-b0ae-26386b77895e/executions","source":"/gdc/projects/u586yv7vl7kcb29a3jw30w37ppng6zue/dataload/processes/d815bd3d-f153-484e-b0ae-26386b77895e/source"},"component":{"name":"gdc-etl-csv-downloader","version":"1","configLocation":{"s3":{"path":"s3://s3_bucket/s3_folder/","accessKey":"s3_access_key","serverSideEncryption":true}}}}},{"process":{"type":"ETL","name":"lcm-end-to-end-sql-exec","graphs":[],"executables":[],"ownerLogin":"rubydev+admin@gooddata.com","links":{"self":"/gdc/projects/u586yv7vl7kcb29a3jw30w37ppng6zue/dataload/processes/03a7122e-45f6-4ead-8db4-fa74b39d8677","executions":"/gdc/projects/u586yv7vl7kcb29a3jw30w37ppng6zue/dataload/processes/03a7122e-45f6-4ead-8db4-fa74b39d8677/executions","source":"/gdc/projects/u586yv7vl7kcb29a3jw30w37ppng6zue/dataload/processes/03a7122e-45f6-4ead-8db4-fa74b39d8677/source"},"component":{"name":"gdc-etl-sql-executor","version":"1","configLocation":{"s3":{"path":"s3://s3_bucket/s3_folder/","accessKey":"s3_access_key","serverSideEncryption":true}}}}}],"links":{"self":"/gdc/projects/u586yv7vl7kcb29a3jw30w37ppng6zue/dataload/processes"}}}'
    http_version: null
  recorded_at: Thu, 07 May 2020 11:05:53 GMT
- request:
    method: get
    uri: https://staging2-lcm-prod.intgdc.com/gdc/projects/u586yv7vl7kcb29a3jw30w37ppng6zue/schedules
    body:
      encoding: US-ASCII
      string: ''
    headers:
      Accept:
      - application/json, application/zip
      User-Agent:
      - gooddata-gem/2.1.10/x86_64-darwin16/2.3.8
      Content-Type:
      - application/json
      X-Gdc-Authtt:
      - "<X_GDC_AUTHTT>"
      X-Gdc-Request:
      - ":ghHIjeuJLXujOGpnft_aoQ:nBCXb3DqDyNF6r4ncIzxSw"
      Stats-On:
      - ''
      X-Gdc-Version:
      - '2'
      Accept-Encoding:
      - gzip;q=1.0,deflate;q=0.6,identity;q=0.3
      Host:
      - staging2-lcm-prod.intgdc.com
  response:
    status:
      code: 200
      message: OK
    headers:
      X-Gdc-Log-Header:
      - ''
      Content-Type:
      - application/json;charset=UTF-8
      Transfer-Encoding:
      - chunked
      Date:
      - Thu, 07 May 2020 11:05:54 GMT
      Server:
      - GoodData WebApp
      X-Gdc-Request-Time:
      - '14'
      X-Gdc-Request:
      - ":ghHIjeuJLXujOGpnft_aoQ:nBCXb3DqDyNF6r4ncIzxSw:dBWA11nmAIl1mu2G"
      Cache-Control:
      - no-cache, no-store, must-revalidate
      Vary:
      - Accept-Encoding,origin,X-GDC-VERSION
      Strict-Transport-Security:
      - max-age=10886400; includeSubDomains; preload;
    body:
      encoding: ASCII-8BIT
      string: '{"schedules":{"paging":{"offset":0,"count":2},"schedulesLink":"/gdc/projects/u586yv7vl7kcb29a3jw30w37ppng6zue/schedules","items":[{"schedule":{"name":"test.grf","type":"MSETL","state":"ENABLED","params":{"msg_from_release_brick":"Hi,
        I was set by release brick","all_dynamic_param":"is_in_every_schedule","EXECUTABLE":"graph/test.grf","param_2":"b","param_1":"a","msg_from_provisioning_brick":"Hi,
        I was set by provisioning brick","print_reverted":"hidden_msg_from_provisioning_brick,SECURE_PARAM_2","PROCESS_ID":"7b937b44-0523-4bc3-85c1-566c1435bc20"},"hiddenParams":{"secure_param_2":null,"secure_param_1":null,"hidden_msg_from_release_brick":null,"SECURE_PARAM_2":null,"all_dynamic_hidden_param":null},"cron":"0
        15 10 3 *","timezone":"UTC","nextExecutionTime":"2021-03-10T15:00:00.000Z","consecutiveFailedExecutionCount":0,"ownerLogin":"rubydev+admin@gooddata.com","links":{"self":"/gdc/projects/u586yv7vl7kcb29a3jw30w37ppng6zue/schedules/5eb3eb5d71a6014624219e98","executions":"/gdc/projects/u586yv7vl7kcb29a3jw30w37ppng6zue/schedules/5eb3eb5d71a6014624219e98/executions"}}},{"schedule":{"name":"SimpleRubySchedule","type":"MSETL","state":"ENABLED","params":{"msg_from_release_brick":"Hi,
        I was set by release brick","all_dynamic_param":"is_in_every_schedule","EXECUTABLE":"main.rb","param_2":"b","dynamic_param":"LCM_SPEC_CLIENT_2","param_1":"a","msg_from_provisioning_brick":"Hi,
        I was set by provisioning brick","print_reverted":"hidden_msg_from_provisioning_brick,SECURE_PARAM_2","PROCESS_ID":"0206eb62-3bb2-4a1e-a292-543dd4e43964"},"hiddenParams":{"secure_param_2":null,"secure_param_1":null,"hidden_msg_from_release_brick":null,"SECURE_PARAM_2":null,"all_dynamic_hidden_param":null,"dynamic_hidden_param":null},"timezone":"UTC","consecutiveFailedExecutionCount":0,"ownerLogin":"rubydev+admin@gooddata.com","links":{"self":"/gdc/projects/u586yv7vl7kcb29a3jw30w37ppng6zue/schedules/5eb3eb5d71a6014624219e99","executions":"/gdc/projects/u586yv7vl7kcb29a3jw30w37ppng6zue/schedules/5eb3eb5d71a6014624219e99/executions"},"triggerScheduleId":"5eb3eb5d71a6014624219e98"}}]}}'
    http_version: null
  recorded_at: Thu, 07 May 2020 11:05:54 GMT
- request:
    method: get
    uri: https://staging2-lcm-prod.intgdc.com/gdc/projects/bmj711dbr65hsga7zh5mshxomid5z3sv/dataload/processes
    body:
      encoding: US-ASCII
      string: ''
    headers:
      Accept:
      - application/json, application/zip
      User-Agent:
      - gooddata-gem/2.1.10/x86_64-darwin16/2.3.8
      Content-Type:
      - application/json
      X-Gdc-Authtt:
      - "<X_GDC_AUTHTT>"
      X-Gdc-Request:
      - ":ghHIjeuJLXujOGpnft_aoQ:EMAtLYuTgCb1Wtb7qKakrQ"
      Stats-On:
      - ''
      X-Gdc-Version:
      - '2'
      Accept-Encoding:
      - gzip;q=1.0,deflate;q=0.6,identity;q=0.3
      Host:
      - staging2-lcm-prod.intgdc.com
  response:
    status:
      code: 200
      message: OK
    headers:
      X-Gdc-Log-Header:
      - ''
      Content-Type:
      - application/json;charset=UTF-8
      Transfer-Encoding:
      - chunked
      Date:
      - Thu, 07 May 2020 11:05:55 GMT
      Server:
      - GoodData WebApp
      X-Gdc-Request-Time:
      - '8'
      X-Gdc-Request:
      - ":ghHIjeuJLXujOGpnft_aoQ:EMAtLYuTgCb1Wtb7qKakrQ:Tc6EfHtgUgJUc3pS"
      Cache-Control:
      - no-cache, no-store, must-revalidate
      Vary:
      - Accept-Encoding,origin,X-GDC-VERSION
      Strict-Transport-Security:
      - max-age=10886400; includeSubDomains; preload;
    body:
      encoding: ASCII-8BIT
      string: '{"processes":{"items":[{"process":{"type":"GRAPH","name":"Simple CloudConnect
        Process","graphs":["graph/test.grf"],"executables":["graph/test.grf"],"ownerLogin":"rubydev+admin@gooddata.com","links":{"self":"/gdc/projects/bmj711dbr65hsga7zh5mshxomid5z3sv/dataload/processes/8b257747-c165-4ed1-8a2b-87bfbebc3b5f","executions":"/gdc/projects/bmj711dbr65hsga7zh5mshxomid5z3sv/dataload/processes/8b257747-c165-4ed1-8a2b-87bfbebc3b5f/executions","source":"/gdc/projects/bmj711dbr65hsga7zh5mshxomid5z3sv/dataload/processes/8b257747-c165-4ed1-8a2b-87bfbebc3b5f/source"}}},{"process":{"type":"RUBY","name":"Simple
        Ruby Process","path":"${PUBLIC_APPSTORE}:branch/master:/apps/hello_world_brick","graphs":["main.rb"],"executables":["main.rb"],"lastDeployed":"2020-05-07T11:05:01.485Z","ownerLogin":"rubydev+admin@gooddata.com","links":{"self":"/gdc/projects/bmj711dbr65hsga7zh5mshxomid5z3sv/dataload/processes/0faf3090-95af-40f3-a038-a5fbf523c9db","executions":"/gdc/projects/bmj711dbr65hsga7zh5mshxomid5z3sv/dataload/processes/0faf3090-95af-40f3-a038-a5fbf523c9db/executions","source":"/gdc/projects/bmj711dbr65hsga7zh5mshxomid5z3sv/dataload/processes/0faf3090-95af-40f3-a038-a5fbf523c9db/source"}}},{"process":{"type":"ETL","name":"lcm-end-to-end-csv-download","graphs":[],"executables":[],"ownerLogin":"rubydev+admin@gooddata.com","links":{"self":"/gdc/projects/bmj711dbr65hsga7zh5mshxomid5z3sv/dataload/processes/64792464-6de5-405b-b7a0-9d3ac008511d","executions":"/gdc/projects/bmj711dbr65hsga7zh5mshxomid5z3sv/dataload/processes/64792464-6de5-405b-b7a0-9d3ac008511d/executions","source":"/gdc/projects/bmj711dbr65hsga7zh5mshxomid5z3sv/dataload/processes/64792464-6de5-405b-b7a0-9d3ac008511d/source"},"component":{"name":"gdc-etl-csv-downloader","version":"1","configLocation":{"s3":{"path":"s3://s3_bucket/s3_folder/","accessKey":"s3_access_key","serverSideEncryption":true}}}}},{"process":{"type":"ETL","name":"lcm-end-to-end-sql-exec","graphs":[],"executables":[],"ownerLogin":"rubydev+admin@gooddata.com","links":{"self":"/gdc/projects/bmj711dbr65hsga7zh5mshxomid5z3sv/dataload/processes/8fc7be5d-79d8-4775-9024-246fee307c3b","executions":"/gdc/projects/bmj711dbr65hsga7zh5mshxomid5z3sv/dataload/processes/8fc7be5d-79d8-4775-9024-246fee307c3b/executions","source":"/gdc/projects/bmj711dbr65hsga7zh5mshxomid5z3sv/dataload/processes/8fc7be5d-79d8-4775-9024-246fee307c3b/source"},"component":{"name":"gdc-etl-sql-executor","version":"1","configLocation":{"s3":{"path":"s3://s3_bucket/s3_folder/","accessKey":"s3_access_key","serverSideEncryption":true}}}}}],"links":{"self":"/gdc/projects/bmj711dbr65hsga7zh5mshxomid5z3sv/dataload/processes"}}}'
    http_version: null
  recorded_at: Thu, 07 May 2020 11:05:55 GMT
- request:
    method: get
    uri: https://staging2-lcm-prod.intgdc.com/gdc/projects/bmj711dbr65hsga7zh5mshxomid5z3sv/schedules
    body:
      encoding: US-ASCII
      string: ''
    headers:
      Accept:
      - application/json, application/zip
      User-Agent:
      - gooddata-gem/2.1.10/x86_64-darwin16/2.3.8
      Content-Type:
      - application/json
      X-Gdc-Authtt:
      - "<X_GDC_AUTHTT>"
      X-Gdc-Request:
      - ":ghHIjeuJLXujOGpnft_aoQ:ncIKktYZ2ahfRsSWf0BM9A"
      Stats-On:
      - ''
      X-Gdc-Version:
      - '2'
      Accept-Encoding:
      - gzip;q=1.0,deflate;q=0.6,identity;q=0.3
      Host:
      - staging2-lcm-prod.intgdc.com
  response:
    status:
      code: 200
      message: OK
    headers:
      X-Gdc-Log-Header:
      - ''
      Content-Type:
      - application/json;charset=UTF-8
      Transfer-Encoding:
      - chunked
      Date:
      - Thu, 07 May 2020 11:05:55 GMT
      Server:
      - GoodData WebApp
      X-Gdc-Request-Time:
      - '15'
      X-Gdc-Request:
      - ":ghHIjeuJLXujOGpnft_aoQ:ncIKktYZ2ahfRsSWf0BM9A:5CMhBJyObUxuEFhq"
      Cache-Control:
      - no-cache, no-store, must-revalidate
      Vary:
      - Accept-Encoding,origin,X-GDC-VERSION
      Strict-Transport-Security:
      - max-age=10886400; includeSubDomains; preload;
    body:
      encoding: ASCII-8BIT
      string: '{"schedules":{"paging":{"offset":0,"count":2},"schedulesLink":"/gdc/projects/bmj711dbr65hsga7zh5mshxomid5z3sv/schedules","items":[{"schedule":{"name":"test.grf","type":"MSETL","state":"ENABLED","params":{"msg_from_release_brick":"Hi,
        I was set by release brick","all_dynamic_param":"is_in_every_schedule","EXECUTABLE":"graph/test.grf","param_2":"b","param_1":"a","msg_from_provisioning_brick":"Hi,
        I was set by provisioning brick","print_reverted":"hidden_msg_from_provisioning_brick,SECURE_PARAM_2","PROCESS_ID":"8b257747-c165-4ed1-8a2b-87bfbebc3b5f"},"hiddenParams":{"secure_param_2":null,"secure_param_1":null,"hidden_msg_from_release_brick":null,"SECURE_PARAM_2":null,"all_dynamic_hidden_param":null},"cron":"0
        15 10 3 *","timezone":"UTC","nextExecutionTime":"2021-03-10T15:00:00.000Z","consecutiveFailedExecutionCount":0,"ownerLogin":"rubydev+admin@gooddata.com","links":{"self":"/gdc/projects/bmj711dbr65hsga7zh5mshxomid5z3sv/schedules/5eb3eb5d71a6014624219e96","executions":"/gdc/projects/bmj711dbr65hsga7zh5mshxomid5z3sv/schedules/5eb3eb5d71a6014624219e96/executions"}}},{"schedule":{"name":"SimpleRubySchedule","type":"MSETL","state":"ENABLED","params":{"msg_from_release_brick":"Hi,
        I was set by release brick","all_dynamic_param":"is_in_every_schedule","EXECUTABLE":"main.rb","param_2":"b","dynamic_param":"LCM_SPEC_CLIENT_0","param_1":"a","msg_from_provisioning_brick":"Hi,
        I was set by provisioning brick","print_reverted":"hidden_msg_from_provisioning_brick,SECURE_PARAM_2","PROCESS_ID":"0faf3090-95af-40f3-a038-a5fbf523c9db"},"hiddenParams":{"secure_param_2":null,"secure_param_1":null,"hidden_msg_from_release_brick":null,"SECURE_PARAM_2":null,"all_dynamic_hidden_param":null,"dynamic_hidden_param":null},"timezone":"UTC","consecutiveFailedExecutionCount":0,"ownerLogin":"rubydev+admin@gooddata.com","links":{"self":"/gdc/projects/bmj711dbr65hsga7zh5mshxomid5z3sv/schedules/5eb3eb5d71a6014624219e97","executions":"/gdc/projects/bmj711dbr65hsga7zh5mshxomid5z3sv/schedules/5eb3eb5d71a6014624219e97/executions"},"triggerScheduleId":"5eb3eb5d71a6014624219e96"}}]}}'
    http_version: null
  recorded_at: Thu, 07 May 2020 11:05:56 GMT
recorded_with: VCR 5.1.0
