---
http_interactions:
- request:
    method: post
    uri: https://staging2-lcm-prod.intgdc.com/gdc/md/aa9kzlzod3nq7oj9zj6q2ixk021j1v3v/identifiers
    body:
      encoding: UTF-8
      string: '{"identifierToUri":["attr.comp.my_computed_attr"]}'
    headers:
      Accept:
      - application/json, application/zip
      User-Agent:
      - gooddata-gem/2.1.10/x86_64-darwin16/2.3.8
      Content-Type:
      - application/json
      X-Gdc-Authtt:
      - "<X_GDC_AUTHTT>"
      X-Gdc-Request:
      - ":bRskxGTtAwaCcYwF7SRZHA:M0HUxwGBArQ2cmXXWmDoGw"
      Stats-On:
      - ''
      X-Gdc-Version:
      - '2'
      Content-Length:
      - '50'
      Accept-Encoding:
      - gzip;q=1.0,deflate;q=0.6,identity;q=0.3
      Host:
      - staging2-lcm-prod.intgdc.com
  response:
    status:
      code: 200
      message: OK
    headers:
      Date:
      - Thu, 07 May 2020 13:26:26 GMT
      Server:
      - GoodData WebApp
      Keep-Alive:
      - timeout=5, max=100
      X-Gdc-Log-Header:
      - ''
      Cache-Control:
      - no-cache, no-store, must-revalidate
      Content-Type:
      - application/json;charset=UTF-8
      X-Gdc-Request-Time:
      - '25'
      X-Gdc-Request:
      - ":bRskxGTtAwaCcYwF7SRZHA:M0HUxwGBArQ2cmXXWmDoGw:ll1J8BsjYa3mPadE"
      Vary:
      - origin,X-GDC-VERSION
      Transfer-Encoding:
      - chunked
      Strict-Transport-Security:
      - max-age=10886400; includeSubDomains; preload;
    body:
      encoding: ASCII-8BIT
      string: '{"identifiers":[{"identifier":"attr.comp.my_computed_attr","uri":"/gdc/md/aa9kzlzod3nq7oj9zj6q2ixk021j1v3v/obj/313"}]}'
    http_version: null
  recorded_at: Thu, 07 May 2020 13:26:25 GMT
- request:
    method: get
    uri: https://staging2-lcm-prod.intgdc.com/gdc/md/aa9kzlzod3nq7oj9zj6q2ixk021j1v3v/obj/313
    body:
      encoding: US-ASCII
      string: ''
    headers:
      Accept:
      - application/json, application/zip
      User-Agent:
      - gooddata-gem/2.1.10/x86_64-darwin16/2.3.8
      Content-Type:
      - application/json
      X-Gdc-Authtt:
      - "<X_GDC_AUTHTT>"
      X-Gdc-Request:
      - ":bRskxGTtAwaCcYwF7SRZHA:8pdq6Qk-ksQHACgezW22Lw"
      Stats-On:
      - ''
      X-Gdc-Version:
      - '2'
      Accept-Encoding:
      - gzip;q=1.0,deflate;q=0.6,identity;q=0.3
      Host:
      - staging2-lcm-prod.intgdc.com
  response:
    status:
      code: 200
      message: OK
    headers:
      Date:
      - Thu, 07 May 2020 13:26:27 GMT
      Server:
      - GoodData WebApp
      Keep-Alive:
      - timeout=5, max=100
      X-Gdc-Log-Header:
      - ''
      Cache-Control:
      - no-cache, no-store, must-revalidate
      Content-Type:
      - application/json;charset=UTF-8
      Transfer-Encoding:
      - chunked
      X-Gdc-Request-Time:
      - '44'
      X-Gdc-Request:
      - ":bRskxGTtAwaCcYwF7SRZHA:8pdq6Qk-ksQHACgezW22Lw:4V7jzjwa9NYPHByz"
      Vary:
      - Accept-Encoding,origin,X-GDC-VERSION
      Strict-Transport-Security:
      - max-age=10886400; includeSubDomains; preload;
    body:
      encoding: ASCII-8BIT
      string: '{"attribute":{"content":{"rel":["to {attr.csv_policies.state} as case
        when {metric.customers.count} <= 1000 then {attr.comp.my_computed_attr?\"Small\"},
        when {metric.customers.count} <= 2000 then {attr.comp.my_computed_attr?\"Medium\"},
        when {metric.customers.count} > 2000 then {attr.comp.my_computed_attr?\"Large\"}
        else {attr.comp.my_computed_attr?\"\"} end"],"drillDownStepAttributeDF":"/gdc/md/aa9kzlzod3nq7oj9zj6q2ixk021j1v3v/obj/289","pk":[{"type":"col","data":"/gdc/md/aa9kzlzod3nq7oj9zj6q2ixk021j1v3v/obj/105"}],"dimension":"/gdc/md/aa9kzlzod3nq7oj9zj6q2ixk021j1v3v/obj/312","displayForms":[{"content":{"formOf":"/gdc/md/aa9kzlzod3nq7oj9zj6q2ixk021j1v3v/obj/313","expression":"[/gdc/md/aa9kzlzod3nq7oj9zj6q2ixk021j1v3v/obj/107]","default":1},"links":{"elements":"/gdc/md/aa9kzlzod3nq7oj9zj6q2ixk021j1v3v/obj/314/elements"},"meta":{"author":"/gdc/account/profile/5ad80b895edcc438e5a4418e222733fa","uri":"/gdc/md/aa9kzlzod3nq7oj9zj6q2ixk021j1v3v/obj/314","tags":"","created":"2020-05-07
        15:18:55","identifier":"label.comp.my_computed_attr","deprecated":"0","summary":"","isProduction":1,"title":"Label.Comp.My
        Computed Attr","category":"attributeDisplayForm","updated":"2020-05-07 15:21:57","contributor":"/gdc/account/profile/5ad80b895edcc438e5a4418e222733fa"}}]},"meta":{"author":"/gdc/account/profile/5ad80b895edcc438e5a4418e222733fa","uri":"/gdc/md/aa9kzlzod3nq7oj9zj6q2ixk021j1v3v/obj/313","tags":"","created":"2020-05-07
        15:18:55","identifier":"attr.comp.my_computed_attr","deprecated":"0","summary":"","isProduction":1,"title":"My
        computed attribute","category":"attribute","updated":"2020-05-07 15:22:23","contributor":"/gdc/account/profile/5ad80b895edcc438e5a4418e222733fa"}}}'
    http_version: null
  recorded_at: Thu, 07 May 2020 13:26:26 GMT
- request:
    method: post
    uri: https://staging2-lcm-prod.intgdc.com/gdc/md/aa9kzlzod3nq7oj9zj6q2ixk021j1v3v/identifiers
    body:
      encoding: UTF-8
      string: '{"identifierToUri":["attr.csv_policies.customer"]}'
    headers:
      Accept:
      - application/json, application/zip
      User-Agent:
      - gooddata-gem/2.1.10/x86_64-darwin16/2.3.8
      Content-Type:
      - application/json
      X-Gdc-Authtt:
      - "<X_GDC_AUTHTT>"
      X-Gdc-Request:
      - ":bRskxGTtAwaCcYwF7SRZHA:KyGI1RTHLuwQ43qJleGy_w"
      Stats-On:
      - ''
      X-Gdc-Version:
      - '2'
      Content-Length:
      - '50'
      Accept-Encoding:
      - gzip;q=1.0,deflate;q=0.6,identity;q=0.3
      Host:
      - staging2-lcm-prod.intgdc.com
  response:
    status:
      code: 200
      message: OK
    headers:
      Date:
      - Thu, 07 May 2020 13:26:28 GMT
      Server:
      - GoodData WebApp
      Keep-Alive:
      - timeout=5, max=100
      X-Gdc-Log-Header:
      - ''
      Cache-Control:
      - no-cache, no-store, must-revalidate
      Content-Type:
      - application/json;charset=UTF-8
      X-Gdc-Request-Time:
      - '29'
      X-Gdc-Request:
      - ":bRskxGTtAwaCcYwF7SRZHA:KyGI1RTHLuwQ43qJleGy_w:RM8MJcr31d8U2TdM"
      Vary:
      - origin,X-GDC-VERSION
      Transfer-Encoding:
      - chunked
      Strict-Transport-Security:
      - max-age=10886400; includeSubDomains; preload;
    body:
      encoding: ASCII-8BIT
      string: '{"identifiers":[{"identifier":"attr.csv_policies.customer","uri":"/gdc/md/aa9kzlzod3nq7oj9zj6q2ixk021j1v3v/obj/288"}]}'
    http_version: null
  recorded_at: Thu, 07 May 2020 13:26:27 GMT
- request:
    method: get
    uri: https://staging2-lcm-prod.intgdc.com/gdc/md/aa9kzlzod3nq7oj9zj6q2ixk021j1v3v/obj/288
    body:
      encoding: US-ASCII
      string: ''
    headers:
      Accept:
      - application/json, application/zip
      User-Agent:
      - gooddata-gem/2.1.10/x86_64-darwin16/2.3.8
      Content-Type:
      - application/json
      X-Gdc-Authtt:
      - "<X_GDC_AUTHTT>"
      X-Gdc-Request:
      - ":bRskxGTtAwaCcYwF7SRZHA:AcJ2XrnvjOqOqU8Ht4zzug"
      Stats-On:
      - ''
      X-Gdc-Version:
      - '2'
      Accept-Encoding:
      - gzip;q=1.0,deflate;q=0.6,identity;q=0.3
      Host:
      - staging2-lcm-prod.intgdc.com
  response:
    status:
      code: 200
      message: OK
    headers:
      Date:
      - Thu, 07 May 2020 13:26:29 GMT
      Server:
      - GoodData WebApp
      Keep-Alive:
      - timeout=5, max=100
      X-Gdc-Log-Header:
      - ''
      Cache-Control:
      - no-cache, no-store, must-revalidate
      Content-Type:
      - application/json;charset=UTF-8
      Transfer-Encoding:
      - chunked
      X-Gdc-Request-Time:
      - '41'
      X-Gdc-Request:
      - ":bRskxGTtAwaCcYwF7SRZHA:AcJ2XrnvjOqOqU8Ht4zzug:PAm174goxaClYagq"
      Vary:
      - Accept-Encoding,origin,X-GDC-VERSION
      Strict-Transport-Security:
      - max-age=10886400; includeSubDomains; preload;
    body:
      encoding: ASCII-8BIT
      string: '{"attribute":{"content":{"pk":[{"type":"col","data":"/gdc/md/aa9kzlzod3nq7oj9zj6q2ixk021j1v3v/obj/90"}],"dimension":"/gdc/md/aa9kzlzod3nq7oj9zj6q2ixk021j1v3v/obj/286","displayForms":[{"content":{"formOf":"/gdc/md/aa9kzlzod3nq7oj9zj6q2ixk021j1v3v/obj/288","expression":"[/gdc/md/aa9kzlzod3nq7oj9zj6q2ixk021j1v3v/obj/92]","default":1},"links":{"elements":"/gdc/md/aa9kzlzod3nq7oj9zj6q2ixk021j1v3v/obj/289/elements"},"meta":{"author":"/gdc/account/profile/5ad80b895edcc438e5a4418e222733fa","uri":"/gdc/md/aa9kzlzod3nq7oj9zj6q2ixk021j1v3v/obj/289","tags":"","created":"2020-05-07
        15:18:54","identifier":"label.csv_policies.customer","deprecated":"0","summary":"","isProduction":1,"title":"Customer","category":"attributeDisplayForm","updated":"2020-05-07
        15:21:57","contributor":"/gdc/account/profile/5ad80b895edcc438e5a4418e222733fa"}}],"fk":[{"multivalue":false,"type":"col","data":"/gdc/md/aa9kzlzod3nq7oj9zj6q2ixk021j1v3v/obj/30"}]},"meta":{"author":"/gdc/account/profile/5ad80b895edcc438e5a4418e222733fa","uri":"/gdc/md/aa9kzlzod3nq7oj9zj6q2ixk021j1v3v/obj/288","tags":"","created":"2020-05-07
        15:18:54","identifier":"attr.csv_policies.customer","deprecated":"0","summary":"","isProduction":1,"title":"Customer","category":"attribute","updated":"2020-05-07
        15:21:57","contributor":"/gdc/account/profile/5ad80b895edcc438e5a4418e222733fa"}}}'
    http_version: null
  recorded_at: Thu, 07 May 2020 13:26:28 GMT
- request:
    method: get
    uri: https://staging2-lcm-prod.intgdc.com/gdc/md/aa9kzlzod3nq7oj9zj6q2ixk021j1v3v/obj/289
    body:
      encoding: US-ASCII
      string: ''
    headers:
      Accept:
      - application/json, application/zip
      User-Agent:
      - gooddata-gem/2.1.10/x86_64-darwin16/2.3.8
      Content-Type:
      - application/json
      X-Gdc-Authtt:
      - "<X_GDC_AUTHTT>"
      X-Gdc-Request:
      - ":bRskxGTtAwaCcYwF7SRZHA:RvnA5Zcdkt4DZah26D03ZA"
      Stats-On:
      - ''
      X-Gdc-Version:
      - '2'
      Accept-Encoding:
      - gzip;q=1.0,deflate;q=0.6,identity;q=0.3
      Host:
      - staging2-lcm-prod.intgdc.com
  response:
    status:
      code: 200
      message: OK
    headers:
      Date:
      - Thu, 07 May 2020 13:26:30 GMT
      Server:
      - GoodData WebApp
      Keep-Alive:
      - timeout=5, max=99
      X-Gdc-Log-Header:
      - ''
      Cache-Control:
      - no-cache, no-store, must-revalidate
      Content-Type:
      - application/json;charset=UTF-8
      X-Gdc-Request-Time:
      - '32'
      X-Gdc-Request:
      - ":bRskxGTtAwaCcYwF7SRZHA:RvnA5Zcdkt4DZah26D03ZA:v55YKdBVeiW3VDlM"
      Vary:
      - origin,X-GDC-VERSION
      Transfer-Encoding:
      - chunked
      Strict-Transport-Security:
      - max-age=10886400; includeSubDomains; preload;
    body:
      encoding: ASCII-8BIT
      string: '{"attributeDisplayForm":{"content":{"formOf":"/gdc/md/aa9kzlzod3nq7oj9zj6q2ixk021j1v3v/obj/288","expression":"[/gdc/md/aa9kzlzod3nq7oj9zj6q2ixk021j1v3v/obj/92]","default":1},"links":{"elements":"/gdc/md/aa9kzlzod3nq7oj9zj6q2ixk021j1v3v/obj/289/elements"},"meta":{"author":"/gdc/account/profile/5ad80b895edcc438e5a4418e222733fa","uri":"/gdc/md/aa9kzlzod3nq7oj9zj6q2ixk021j1v3v/obj/289","tags":"","created":"2020-05-07
        15:18:54","identifier":"label.csv_policies.customer","deprecated":"0","summary":"","isProduction":1,"title":"Customer","category":"attributeDisplayForm","updated":"2020-05-07
        15:21:57","contributor":"/gdc/account/profile/5ad80b895edcc438e5a4418e222733fa"}}}'
    http_version: null
  recorded_at: Thu, 07 May 2020 13:26:29 GMT
- request:
    method: post
    uri: https://staging2-lcm-prod.intgdc.com/gdc/md/m7meiy4mltkrfe0pim002b7vwwn05s4p/identifiers
    body:
      encoding: UTF-8
      string: '{"identifierToUri":["attr.comp.my_computed_attr"]}'
    headers:
      Accept:
      - application/json, application/zip
      User-Agent:
      - gooddata-gem/2.1.10/x86_64-darwin16/2.3.8
      Content-Type:
      - application/json
      X-Gdc-Authtt:
      - "<X_GDC_AUTHTT>"
      X-Gdc-Request:
      - ":bRskxGTtAwaCcYwF7SRZHA:9xS6ACtRF2-M1NCoNXOJgQ"
      Stats-On:
      - ''
      X-Gdc-Version:
      - '2'
      Content-Length:
      - '50'
      Accept-Encoding:
      - gzip;q=1.0,deflate;q=0.6,identity;q=0.3
      Host:
      - staging2-lcm-prod.intgdc.com
  response:
    status:
      code: 200
      message: OK
    headers:
      Date:
      - Thu, 07 May 2020 13:26:31 GMT
      Server:
      - GoodData WebApp
      Keep-Alive:
      - timeout=5, max=100
      X-Gdc-Log-Header:
      - ''
      Cache-Control:
      - no-cache, no-store, must-revalidate
      Content-Type:
      - application/json;charset=UTF-8
      X-Gdc-Request-Time:
      - '31'
      X-Gdc-Request:
      - ":bRskxGTtAwaCcYwF7SRZHA:9xS6ACtRF2-M1NCoNXOJgQ:5yNBoLCzcoig5mkH"
      Vary:
      - origin,X-GDC-VERSION
      Transfer-Encoding:
      - chunked
      Strict-Transport-Security:
      - max-age=10886400; includeSubDomains; preload;
    body:
      encoding: ASCII-8BIT
      string: '{"identifiers":[{"identifier":"attr.comp.my_computed_attr","uri":"/gdc/md/m7meiy4mltkrfe0pim002b7vwwn05s4p/obj/287"}]}'
    http_version: null
  recorded_at: Thu, 07 May 2020 13:26:30 GMT
- request:
    method: get
    uri: https://staging2-lcm-prod.intgdc.com/gdc/md/m7meiy4mltkrfe0pim002b7vwwn05s4p/obj/287
    body:
      encoding: US-ASCII
      string: ''
    headers:
      Accept:
      - application/json, application/zip
      User-Agent:
      - gooddata-gem/2.1.10/x86_64-darwin16/2.3.8
      Content-Type:
      - application/json
      X-Gdc-Authtt:
      - "<X_GDC_AUTHTT>"
      X-Gdc-Request:
      - ":bRskxGTtAwaCcYwF7SRZHA:-tyi8kszlFk-V6OvLXXmxQ"
      Stats-On:
      - ''
      X-Gdc-Version:
      - '2'
      Accept-Encoding:
      - gzip;q=1.0,deflate;q=0.6,identity;q=0.3
      Host:
      - staging2-lcm-prod.intgdc.com
  response:
    status:
      code: 200
      message: OK
    headers:
      Date:
      - Thu, 07 May 2020 13:26:32 GMT
      Server:
      - GoodData WebApp
      Keep-Alive:
      - timeout=5, max=100
      X-Gdc-Log-Header:
      - ''
      Cache-Control:
      - no-cache, no-store, must-revalidate
      Content-Type:
      - application/json;charset=UTF-8
      Transfer-Encoding:
      - chunked
      X-Gdc-Request-Time:
      - '39'
      X-Gdc-Request:
      - ":bRskxGTtAwaCcYwF7SRZHA:-tyi8kszlFk-V6OvLXXmxQ:YwyeIzkH0bpT0vjW"
      Vary:
      - Accept-Encoding,origin,X-GDC-VERSION
      Strict-Transport-Security:
      - max-age=10886400; includeSubDomains; preload;
    body:
      encoding: ASCII-8BIT
      string: '{"attribute":{"content":{"rel":["to {attr.csv_policies.state} as case
        when {metric.customers.count} <= 1000 then {attr.comp.my_computed_attr?\"Small\"},
        when {metric.customers.count} <= 2000 then {attr.comp.my_computed_attr?\"Medium\"},
        when {metric.customers.count} > 2000 then {attr.comp.my_computed_attr?\"Large\"}
        else {attr.comp.my_computed_attr?\"\"} end"],"drillDownStepAttributeDF":"/gdc/md/m7meiy4mltkrfe0pim002b7vwwn05s4p/obj/292","pk":[{"type":"col","data":"/gdc/md/m7meiy4mltkrfe0pim002b7vwwn05s4p/obj/105"}],"dimension":"/gdc/md/m7meiy4mltkrfe0pim002b7vwwn05s4p/obj/286","displayForms":[{"content":{"formOf":"/gdc/md/m7meiy4mltkrfe0pim002b7vwwn05s4p/obj/287","expression":"[/gdc/md/m7meiy4mltkrfe0pim002b7vwwn05s4p/obj/107]","default":1},"links":{"elements":"/gdc/md/m7meiy4mltkrfe0pim002b7vwwn05s4p/obj/288/elements"},"meta":{"author":"/gdc/account/profile/5ad80b895edcc438e5a4418e222733fa","uri":"/gdc/md/m7meiy4mltkrfe0pim002b7vwwn05s4p/obj/288","tags":"","created":"2020-05-07
        15:19:19","identifier":"label.comp.my_computed_attr","deprecated":"0","summary":"","isProduction":1,"title":"Label.Comp.My
        Computed Attr","category":"attributeDisplayForm","updated":"2020-05-07 15:22:16","contributor":"/gdc/account/profile/5ad80b895edcc438e5a4418e222733fa"}}]},"meta":{"author":"/gdc/account/profile/5ad80b895edcc438e5a4418e222733fa","uri":"/gdc/md/m7meiy4mltkrfe0pim002b7vwwn05s4p/obj/287","tags":"","created":"2020-05-07
        15:19:19","identifier":"attr.comp.my_computed_attr","deprecated":"0","summary":"","isProduction":1,"title":"My
        computed attribute","category":"attribute","updated":"2020-05-07 15:22:29","contributor":"/gdc/account/profile/5ad80b895edcc438e5a4418e222733fa"}}}'
    http_version: null
  recorded_at: Thu, 07 May 2020 13:26:31 GMT
- request:
    method: post
    uri: https://staging2-lcm-prod.intgdc.com/gdc/md/m7meiy4mltkrfe0pim002b7vwwn05s4p/identifiers
    body:
      encoding: UTF-8
      string: '{"identifierToUri":["attr.csv_policies.customer"]}'
    headers:
      Accept:
      - application/json, application/zip
      User-Agent:
      - gooddata-gem/2.1.10/x86_64-darwin16/2.3.8
      Content-Type:
      - application/json
      X-Gdc-Authtt:
      - "<X_GDC_AUTHTT>"
      X-Gdc-Request:
      - ":bRskxGTtAwaCcYwF7SRZHA:32Pm_NZHhbFC5A4zHNZuMw"
      Stats-On:
      - ''
      X-Gdc-Version:
      - '2'
      Content-Length:
      - '50'
      Accept-Encoding:
      - gzip;q=1.0,deflate;q=0.6,identity;q=0.3
      Host:
      - staging2-lcm-prod.intgdc.com
  response:
    status:
      code: 200
      message: OK
    headers:
      Date:
      - Thu, 07 May 2020 13:26:33 GMT
      Server:
      - GoodData WebApp
      Keep-Alive:
      - timeout=5, max=100
      X-Gdc-Log-Header:
      - ''
      Cache-Control:
      - no-cache, no-store, must-revalidate
      Content-Type:
      - application/json;charset=UTF-8
      X-Gdc-Request-Time:
      - '32'
      X-Gdc-Request:
      - ":bRskxGTtAwaCcYwF7SRZHA:32Pm_NZHhbFC5A4zHNZuMw:lo1q5n7LHPQxde56"
      Vary:
      - origin,X-GDC-VERSION
      Transfer-Encoding:
      - chunked
      Strict-Transport-Security:
      - max-age=10886400; includeSubDomains; preload;
    body:
      encoding: ASCII-8BIT
      string: '{"identifiers":[{"identifier":"attr.csv_policies.customer","uri":"/gdc/md/m7meiy4mltkrfe0pim002b7vwwn05s4p/obj/291"}]}'
    http_version: null
  recorded_at: Thu, 07 May 2020 13:26:32 GMT
- request:
    method: get
    uri: https://staging2-lcm-prod.intgdc.com/gdc/md/m7meiy4mltkrfe0pim002b7vwwn05s4p/obj/291
    body:
      encoding: US-ASCII
      string: ''
    headers:
      Accept:
      - application/json, application/zip
      User-Agent:
      - gooddata-gem/2.1.10/x86_64-darwin16/2.3.8
      Content-Type:
      - application/json
      X-Gdc-Authtt:
      - "<X_GDC_AUTHTT>"
      X-Gdc-Request:
      - ":bRskxGTtAwaCcYwF7SRZHA:2koCh2Q1LQMgGxbF4LmmLQ"
      Stats-On:
      - ''
      X-Gdc-Version:
      - '2'
      Accept-Encoding:
      - gzip;q=1.0,deflate;q=0.6,identity;q=0.3
      Host:
      - staging2-lcm-prod.intgdc.com
  response:
    status:
      code: 200
      message: OK
    headers:
      Date:
      - Thu, 07 May 2020 13:26:34 GMT
      Server:
      - GoodData WebApp
      Keep-Alive:
      - timeout=5, max=100
      X-Gdc-Log-Header:
      - ''
      Cache-Control:
      - no-cache, no-store, must-revalidate
      Content-Type:
      - application/json;charset=UTF-8
      Transfer-Encoding:
      - chunked
      X-Gdc-Request-Time:
      - '39'
      X-Gdc-Request:
      - ":bRskxGTtAwaCcYwF7SRZHA:2koCh2Q1LQMgGxbF4LmmLQ:VIVOlZXo51VM5U8K"
      Vary:
      - Accept-Encoding,origin,X-GDC-VERSION
      Strict-Transport-Security:
      - max-age=10886400; includeSubDomains; preload;
    body:
      encoding: ASCII-8BIT
      string: '{"attribute":{"content":{"pk":[{"type":"col","data":"/gdc/md/m7meiy4mltkrfe0pim002b7vwwn05s4p/obj/90"}],"dimension":"/gdc/md/m7meiy4mltkrfe0pim002b7vwwn05s4p/obj/289","displayForms":[{"content":{"formOf":"/gdc/md/m7meiy4mltkrfe0pim002b7vwwn05s4p/obj/291","expression":"[/gdc/md/m7meiy4mltkrfe0pim002b7vwwn05s4p/obj/92]","default":1},"links":{"elements":"/gdc/md/m7meiy4mltkrfe0pim002b7vwwn05s4p/obj/292/elements"},"meta":{"author":"/gdc/account/profile/5ad80b895edcc438e5a4418e222733fa","uri":"/gdc/md/m7meiy4mltkrfe0pim002b7vwwn05s4p/obj/292","tags":"","created":"2020-05-07
        15:19:19","identifier":"label.csv_policies.customer","deprecated":"0","summary":"","isProduction":1,"title":"Customer","category":"attributeDisplayForm","updated":"2020-05-07
        15:22:16","contributor":"/gdc/account/profile/5ad80b895edcc438e5a4418e222733fa"}}],"fk":[{"multivalue":false,"type":"col","data":"/gdc/md/m7meiy4mltkrfe0pim002b7vwwn05s4p/obj/30"}]},"meta":{"author":"/gdc/account/profile/5ad80b895edcc438e5a4418e222733fa","uri":"/gdc/md/m7meiy4mltkrfe0pim002b7vwwn05s4p/obj/291","tags":"","created":"2020-05-07
        15:19:19","identifier":"attr.csv_policies.customer","deprecated":"0","summary":"","isProduction":1,"title":"Customer","category":"attribute","updated":"2020-05-07
        15:22:16","contributor":"/gdc/account/profile/5ad80b895edcc438e5a4418e222733fa"}}}'
    http_version: null
  recorded_at: Thu, 07 May 2020 13:26:33 GMT
- request:
    method: get
    uri: https://staging2-lcm-prod.intgdc.com/gdc/md/m7meiy4mltkrfe0pim002b7vwwn05s4p/obj/292
    body:
      encoding: US-ASCII
      string: ''
    headers:
      Accept:
      - application/json, application/zip
      User-Agent:
      - gooddata-gem/2.1.10/x86_64-darwin16/2.3.8
      Content-Type:
      - application/json
      X-Gdc-Authtt:
      - "<X_GDC_AUTHTT>"
      X-Gdc-Request:
      - ":bRskxGTtAwaCcYwF7SRZHA:TcFDi3mnendAjvNt9vGhpA"
      Stats-On:
      - ''
      X-Gdc-Version:
      - '2'
      Accept-Encoding:
      - gzip;q=1.0,deflate;q=0.6,identity;q=0.3
      Host:
      - staging2-lcm-prod.intgdc.com
  response:
    status:
      code: 200
      message: OK
    headers:
      Date:
      - Thu, 07 May 2020 13:26:35 GMT
      Server:
      - GoodData WebApp
      Keep-Alive:
      - timeout=5, max=100
      X-Gdc-Log-Header:
      - ''
      Cache-Control:
      - no-cache, no-store, must-revalidate
      Content-Type:
      - application/json;charset=UTF-8
      X-Gdc-Request-Time:
      - '28'
      X-Gdc-Request:
      - ":bRskxGTtAwaCcYwF7SRZHA:TcFDi3mnendAjvNt9vGhpA:ZjJ5PitCMIdz9vnL"
      Vary:
      - origin,X-GDC-VERSION
      Transfer-Encoding:
      - chunked
      Strict-Transport-Security:
      - max-age=10886400; includeSubDomains; preload;
    body:
      encoding: ASCII-8BIT
      string: '{"attributeDisplayForm":{"content":{"formOf":"/gdc/md/m7meiy4mltkrfe0pim002b7vwwn05s4p/obj/291","expression":"[/gdc/md/m7meiy4mltkrfe0pim002b7vwwn05s4p/obj/92]","default":1},"links":{"elements":"/gdc/md/m7meiy4mltkrfe0pim002b7vwwn05s4p/obj/292/elements"},"meta":{"author":"/gdc/account/profile/5ad80b895edcc438e5a4418e222733fa","uri":"/gdc/md/m7meiy4mltkrfe0pim002b7vwwn05s4p/obj/292","tags":"","created":"2020-05-07
        15:19:19","identifier":"label.csv_policies.customer","deprecated":"0","summary":"","isProduction":1,"title":"Customer","category":"attributeDisplayForm","updated":"2020-05-07
        15:22:16","contributor":"/gdc/account/profile/5ad80b895edcc438e5a4418e222733fa"}}}'
    http_version: null
  recorded_at: Thu, 07 May 2020 13:26:34 GMT
recorded_with: VCR 5.1.0
