---
http_interactions:
- request:
    method: get
    uri: https://staging2-lcm-dev.intgdc.com/gdc/md/d1jibu5q4oaxutzx2gvh940i9c95domw/objects/query?category=projectDashboard&limit=50&offset=0
    body:
      encoding: US-ASCII
      string: ''
    headers:
      Accept:
      - application/json, application/zip
      User-Agent:
      - gooddata-gem/2.1.10/x86_64-darwin16/2.3.8
      Content-Type:
      - application/json
      X-Gdc-Authtt:
      - "<X_GDC_AUTHTT>"
      X-Gdc-Request:
      - ":2Wa6iWupUmeg_6eZ0KTMwg:rLCXd-KPJgqsiF92d4EbpQ"
      Stats-On:
      - ''
      X-Gdc-Version:
      - '2'
      Accept-Encoding:
      - gzip;q=1.0,deflate;q=0.6,identity;q=0.3
      Host:
      - staging2-lcm-dev.intgdc.com
  response:
    status:
      code: 200
      message: OK
    headers:
      Date:
      - Thu, 07 May 2020 13:26:04 GMT
      Server:
      - GoodData WebApp
      Keep-Alive:
      - timeout=5, max=100
      X-Gdc-Log-Header:
      - ''
      Cache-Control:
      - no-cache, no-store, must-revalidate
      Content-Type:
      - application/json;charset=UTF-8
      Transfer-Encoding:
      - chunked
      X-Gdc-Request-Time:
      - '55'
      X-Gdc-Request:
      - ":2Wa6iWupUmeg_6eZ0KTMwg:rLCXd-KPJgqsiF92d4EbpQ:9Au3Vp6pgzK0rl9m"
      Vary:
      - Accept-Encoding,origin,X-GDC-VERSION
      Strict-Transport-Security:
      - max-age=10886400; includeSubDomains; preload;
    body:
      encoding: ASCII-8BIT
      string: '{"objects":{"paging":{"count":2,"offset":0},"items":[{"projectDashboard":{"content":{"tabs":[{"identifier":"aagsLYmwb2wU","title":"Tab
        1","items":[{"reportItem":{"obj":"/gdc/md/d1jibu5q4oaxutzx2gvh940i9c95domw/obj/384","sizeY":100,"sizeX":640,"visualization":{"grid":{"columnWidths":[]},"oneNumber":{"labels":{}}},"style":{"displayTitle":1,"background":{"opacity":0.0}},"positionY":0,"filters":[],"positionX":0}},{"reportItem":{"obj":"/gdc/md/d1jibu5q4oaxutzx2gvh940i9c95domw/obj/386","sizeY":100,"sizeX":640,"visualization":{"grid":{"columnWidths":[]},"oneNumber":{"labels":{}}},"style":{"displayTitle":1,"background":{"opacity":0.0}},"positionY":150,"filters":[],"positionX":0}},{"reportItem":{"obj":"/gdc/md/d1jibu5q4oaxutzx2gvh940i9c95domw/obj/396","sizeY":100,"sizeX":640,"visualization":{"grid":{"columnWidths":[]},"oneNumber":{"labels":{}}},"style":{"displayTitle":1,"background":{"opacity":0.0}},"positionY":0,"filters":[],"positionX":0}}]},{"identifier":"aahsLYmwb2wU","title":"Tab
        2","items":[{"reportItem":{"obj":"/gdc/md/d1jibu5q4oaxutzx2gvh940i9c95domw/obj/384","sizeY":100,"sizeX":640,"visualization":{"grid":{"columnWidths":[]},"oneNumber":{"labels":{}}},"style":{"displayTitle":1,"background":{"opacity":0.0}},"positionY":0,"filters":[],"positionX":0}},{"reportItem":{"obj":"/gdc/md/d1jibu5q4oaxutzx2gvh940i9c95domw/obj/386","sizeY":100,"sizeX":640,"visualization":{"grid":{"columnWidths":[]},"oneNumber":{"labels":{}}},"style":{"displayTitle":1,"background":{"opacity":0.0}},"positionY":150,"filters":[],"positionX":0}},{"reportItem":{"obj":"/gdc/md/d1jibu5q4oaxutzx2gvh940i9c95domw/obj/396","sizeY":100,"sizeX":640,"visualization":{"grid":{"columnWidths":[]},"oneNumber":{"labels":{}}},"style":{"displayTitle":1,"background":{"opacity":0.0}},"positionY":0,"filters":[],"positionX":0}}]}],"filters":[]},"meta":{"author":"/gdc/account/profile/ef00d74950b4291e8567b4bcbdfed9a0","uri":"/gdc/md/d1jibu5q4oaxutzx2gvh940i9c95domw/obj/397","tags":"dashboard","created":"2020-05-07
        15:15:06","identifier":"dashboard.dashboard.1","deprecated":"0","summary":"","isProduction":1,"title":"Dashboard
        1","category":"projectDashboard","updated":"2020-05-07 15:15:08","contributor":"/gdc/account/profile/ef00d74950b4291e8567b4bcbdfed9a0"}}},{"projectDashboard":{"content":{"tabs":[{"identifier":"aaisLLlnb2Pb","title":"Tab
        1","items":[{"reportItem":{"obj":"/gdc/md/d1jibu5q4oaxutzx2gvh940i9c95domw/obj/384","sizeY":100,"sizeX":640,"visualization":{"grid":{"columnWidths":[]},"oneNumber":{"labels":{}}},"style":{"displayTitle":1,"background":{"opacity":0.0}},"positionY":0,"filters":[],"positionX":0}},{"reportItem":{"obj":"/gdc/md/d1jibu5q4oaxutzx2gvh940i9c95domw/obj/386","sizeY":100,"sizeX":640,"visualization":{"grid":{"columnWidths":[]},"oneNumber":{"labels":{}}},"style":{"displayTitle":1,"background":{"opacity":0.0}},"positionY":150,"filters":[],"positionX":0}},{"reportItem":{"obj":"/gdc/md/d1jibu5q4oaxutzx2gvh940i9c95domw/obj/396","sizeY":100,"sizeX":640,"visualization":{"grid":{"columnWidths":[]},"oneNumber":{"labels":{}}},"style":{"displayTitle":1,"background":{"opacity":0.0}},"positionY":0,"filters":[],"positionX":0}}]},{"identifier":"aajsLLlnb2Pb","title":"Tab
        2","items":[{"reportItem":{"obj":"/gdc/md/d1jibu5q4oaxutzx2gvh940i9c95domw/obj/384","sizeY":100,"sizeX":640,"visualization":{"grid":{"columnWidths":[]},"oneNumber":{"labels":{}}},"style":{"displayTitle":1,"background":{"opacity":0.0}},"positionY":0,"filters":[],"positionX":0}},{"reportItem":{"obj":"/gdc/md/d1jibu5q4oaxutzx2gvh940i9c95domw/obj/386","sizeY":100,"sizeX":640,"visualization":{"grid":{"columnWidths":[]},"oneNumber":{"labels":{}}},"style":{"displayTitle":1,"background":{"opacity":0.0}},"positionY":150,"filters":[],"positionX":0}},{"reportItem":{"obj":"/gdc/md/d1jibu5q4oaxutzx2gvh940i9c95domw/obj/396","sizeY":100,"sizeX":640,"visualization":{"grid":{"columnWidths":[]},"oneNumber":{"labels":{}}},"style":{"displayTitle":1,"background":{"opacity":0.0}},"positionY":0,"filters":[],"positionX":0}}]}],"filters":[]},"meta":{"author":"/gdc/account/profile/ef00d74950b4291e8567b4bcbdfed9a0","uri":"/gdc/md/d1jibu5q4oaxutzx2gvh940i9c95domw/obj/398","tags":"dashboard","created":"2020-05-07
        15:15:22","identifier":"dashboard.dashboard.2","deprecated":"0","summary":"","isProduction":1,"title":"Dashboard
        2","category":"projectDashboard","updated":"2020-05-07 15:15:24","contributor":"/gdc/account/profile/ef00d74950b4291e8567b4bcbdfed9a0"}}}]}}'
    http_version: null
  recorded_at: Thu, 07 May 2020 13:26:03 GMT
- request:
    method: get
    uri: https://staging2-lcm-dev.intgdc.com/gdc/md/d1jibu5q4oaxutzx2gvh940i9c95domw/obj/384
    body:
      encoding: US-ASCII
      string: ''
    headers:
      Accept:
      - application/json, application/zip
      User-Agent:
      - gooddata-gem/2.1.10/x86_64-darwin16/2.3.8
      Content-Type:
      - application/json
      X-Gdc-Authtt:
      - "<X_GDC_AUTHTT>"
      X-Gdc-Request:
      - ":2Wa6iWupUmeg_6eZ0KTMwg:H-K-0lgkFsic9Ivpc98cFA"
      Stats-On:
      - ''
      X-Gdc-Version:
      - '2'
      Accept-Encoding:
      - gzip;q=1.0,deflate;q=0.6,identity;q=0.3
      Host:
      - staging2-lcm-dev.intgdc.com
  response:
    status:
      code: 200
      message: OK
    headers:
      Date:
      - Thu, 07 May 2020 13:26:05 GMT
      Server:
      - GoodData WebApp
      Keep-Alive:
      - timeout=5, max=100
      X-Gdc-Log-Header:
      - ''
      Cache-Control:
      - no-cache, no-store, must-revalidate
      Content-Type:
      - application/json;charset=UTF-8
      X-Gdc-Request-Time:
      - '33'
      X-Gdc-Request:
      - ":2Wa6iWupUmeg_6eZ0KTMwg:H-K-0lgkFsic9Ivpc98cFA:HGYqCZGDKG4UFsy8"
      Vary:
      - origin,X-GDC-VERSION
      Transfer-Encoding:
      - chunked
      Strict-Transport-Security:
      - max-age=10886400; includeSubDomains; preload;
    body:
      encoding: ASCII-8BIT
      string: '{"report":{"content":{"domains":[],"definitions":["/gdc/md/d1jibu5q4oaxutzx2gvh940i9c95domw/obj/383"]},"meta":{"author":"/gdc/account/profile/ef00d74950b4291e8567b4bcbdfed9a0","uri":"/gdc/md/d1jibu5q4oaxutzx2gvh940i9c95domw/obj/384","tags":"","created":"2020-05-07
        15:13:51","identifier":"report.customers.count.by.gender","deprecated":"0","summary":"","isProduction":1,"title":"Customers
        Count By Gender","category":"report","updated":"2020-05-07 15:13:53","contributor":"/gdc/account/profile/ef00d74950b4291e8567b4bcbdfed9a0"}}}'
    http_version: null
  recorded_at: Thu, 07 May 2020 13:26:04 GMT
- request:
    method: get
    uri: https://staging2-lcm-dev.intgdc.com/gdc/md/d1jibu5q4oaxutzx2gvh940i9c95domw/obj/386
    body:
      encoding: US-ASCII
      string: ''
    headers:
      Accept:
      - application/json, application/zip
      User-Agent:
      - gooddata-gem/2.1.10/x86_64-darwin16/2.3.8
      Content-Type:
      - application/json
      X-Gdc-Authtt:
      - "<X_GDC_AUTHTT>"
      X-Gdc-Request:
      - ":2Wa6iWupUmeg_6eZ0KTMwg:vdgluj8B2rLhdhjfBrULnA"
      Stats-On:
      - ''
      X-Gdc-Version:
      - '2'
      Accept-Encoding:
      - gzip;q=1.0,deflate;q=0.6,identity;q=0.3
      Host:
      - staging2-lcm-dev.intgdc.com
  response:
    status:
      code: 200
      message: OK
    headers:
      Date:
      - Thu, 07 May 2020 13:26:06 GMT
      Server:
      - GoodData WebApp
      Keep-Alive:
      - timeout=5, max=100
      X-Gdc-Log-Header:
      - ''
      Cache-Control:
      - no-cache, no-store, must-revalidate
      Content-Type:
      - application/json;charset=UTF-8
      X-Gdc-Request-Time:
      - '32'
      X-Gdc-Request:
      - ":2Wa6iWupUmeg_6eZ0KTMwg:vdgluj8B2rLhdhjfBrULnA:NpoXeAP3qkS9uvZi"
      Vary:
      - origin,X-GDC-VERSION
      Transfer-Encoding:
      - chunked
      Strict-Transport-Security:
      - max-age=10886400; includeSubDomains; preload;
    body:
      encoding: ASCII-8BIT
      string: '{"report":{"content":{"domains":[],"definitions":["/gdc/md/d1jibu5q4oaxutzx2gvh940i9c95domw/obj/385"]},"meta":{"author":"/gdc/account/profile/ef00d74950b4291e8567b4bcbdfed9a0","uri":"/gdc/md/d1jibu5q4oaxutzx2gvh940i9c95domw/obj/386","tags":"","created":"2020-05-07
        15:14:01","identifier":"report.customers.count.by.state","deprecated":"0","summary":"","isProduction":1,"title":"Customers
        Count By State","category":"report","updated":"2020-05-07 15:14:03","contributor":"/gdc/account/profile/ef00d74950b4291e8567b4bcbdfed9a0"}}}'
    http_version: null
  recorded_at: Thu, 07 May 2020 13:26:06 GMT
- request:
    method: get
    uri: https://staging2-lcm-dev.intgdc.com/gdc/md/d1jibu5q4oaxutzx2gvh940i9c95domw/obj/396
    body:
      encoding: US-ASCII
      string: ''
    headers:
      Accept:
      - application/json, application/zip
      User-Agent:
      - gooddata-gem/2.1.10/x86_64-darwin16/2.3.8
      Content-Type:
      - application/json
      X-Gdc-Authtt:
      - "<X_GDC_AUTHTT>"
      X-Gdc-Request:
      - ":2Wa6iWupUmeg_6eZ0KTMwg:EWemU0a_hJhcRybK45-8dQ"
      Stats-On:
      - ''
      X-Gdc-Version:
      - '2'
      Accept-Encoding:
      - gzip;q=1.0,deflate;q=0.6,identity;q=0.3
      Host:
      - staging2-lcm-dev.intgdc.com
  response:
    status:
      code: 200
      message: OK
    headers:
      Date:
      - Thu, 07 May 2020 13:26:07 GMT
      Server:
      - GoodData WebApp
      Keep-Alive:
      - timeout=5, max=100
      X-Gdc-Log-Header:
      - ''
      Cache-Control:
      - no-cache, no-store, must-revalidate
      Content-Type:
      - application/json;charset=UTF-8
      X-Gdc-Request-Time:
      - '29'
      X-Gdc-Request:
      - ":2Wa6iWupUmeg_6eZ0KTMwg:EWemU0a_hJhcRybK45-8dQ:iACdVAhvxtoYoNNH"
      Vary:
      - origin,X-GDC-VERSION
      Transfer-Encoding:
      - chunked
      Strict-Transport-Security:
      - max-age=10886400; includeSubDomains; preload;
    body:
      encoding: ASCII-8BIT
      string: '{"report":{"content":{"domains":[],"definitions":["/gdc/md/d1jibu5q4oaxutzx2gvh940i9c95domw/obj/395"]},"meta":{"author":"/gdc/account/profile/ef00d74950b4291e8567b4bcbdfed9a0","uri":"/gdc/md/d1jibu5q4oaxutzx2gvh940i9c95domw/obj/396","tags":"","created":"2020-05-07
        15:14:47","identifier":"report.report.contains.ca","deprecated":"0","summary":"","isProduction":1,"title":"Report
        contains CA","category":"report","updated":"2020-05-07 15:14:49","contributor":"/gdc/account/profile/ef00d74950b4291e8567b4bcbdfed9a0"}}}'
    http_version: null
  recorded_at: Thu, 07 May 2020 13:26:07 GMT
- request:
    method: get
    uri: https://staging2-lcm-dev.intgdc.com/gdc/md/d1jibu5q4oaxutzx2gvh940i9c95domw/obj/384
    body:
      encoding: US-ASCII
      string: ''
    headers:
      Accept:
      - application/json, application/zip
      User-Agent:
      - gooddata-gem/2.1.10/x86_64-darwin16/2.3.8
      Content-Type:
      - application/json
      X-Gdc-Authtt:
      - "<X_GDC_AUTHTT>"
      X-Gdc-Request:
      - ":2Wa6iWupUmeg_6eZ0KTMwg:iU7UbEvfEtyKOEOF12S3eQ"
      Stats-On:
      - ''
      X-Gdc-Version:
      - '2'
      Accept-Encoding:
      - gzip;q=1.0,deflate;q=0.6,identity;q=0.3
      Host:
      - staging2-lcm-dev.intgdc.com
  response:
    status:
      code: 200
      message: OK
    headers:
      Date:
      - Thu, 07 May 2020 13:26:08 GMT
      Server:
      - GoodData WebApp
      Keep-Alive:
      - timeout=5, max=100
      X-Gdc-Log-Header:
      - ''
      Cache-Control:
      - no-cache, no-store, must-revalidate
      Content-Type:
      - application/json;charset=UTF-8
      X-Gdc-Request-Time:
      - '57'
      X-Gdc-Request:
      - ":2Wa6iWupUmeg_6eZ0KTMwg:iU7UbEvfEtyKOEOF12S3eQ:5DI7GWW4QaIPYMbg"
      Vary:
      - origin,X-GDC-VERSION
      Transfer-Encoding:
      - chunked
      Strict-Transport-Security:
      - max-age=10886400; includeSubDomains; preload;
    body:
      encoding: ASCII-8BIT
      string: '{"report":{"content":{"domains":[],"definitions":["/gdc/md/d1jibu5q4oaxutzx2gvh940i9c95domw/obj/383"]},"meta":{"author":"/gdc/account/profile/ef00d74950b4291e8567b4bcbdfed9a0","uri":"/gdc/md/d1jibu5q4oaxutzx2gvh940i9c95domw/obj/384","tags":"","created":"2020-05-07
        15:13:51","identifier":"report.customers.count.by.gender","deprecated":"0","summary":"","isProduction":1,"title":"Customers
        Count By Gender","category":"report","updated":"2020-05-07 15:13:53","contributor":"/gdc/account/profile/ef00d74950b4291e8567b4bcbdfed9a0"}}}'
    http_version: null
  recorded_at: Thu, 07 May 2020 13:26:08 GMT
- request:
    method: get
    uri: https://staging2-lcm-dev.intgdc.com/gdc/md/d1jibu5q4oaxutzx2gvh940i9c95domw/obj/386
    body:
      encoding: US-ASCII
      string: ''
    headers:
      Accept:
      - application/json, application/zip
      User-Agent:
      - gooddata-gem/2.1.10/x86_64-darwin16/2.3.8
      Content-Type:
      - application/json
      X-Gdc-Authtt:
      - "<X_GDC_AUTHTT>"
      X-Gdc-Request:
      - ":2Wa6iWupUmeg_6eZ0KTMwg:cU_ufW7ughjMlXwvsMYE6Q"
      Stats-On:
      - ''
      X-Gdc-Version:
      - '2'
      Accept-Encoding:
      - gzip;q=1.0,deflate;q=0.6,identity;q=0.3
      Host:
      - staging2-lcm-dev.intgdc.com
  response:
    status:
      code: 200
      message: OK
    headers:
      Date:
      - Thu, 07 May 2020 13:26:09 GMT
      Server:
      - GoodData WebApp
      Keep-Alive:
      - timeout=5, max=100
      X-Gdc-Log-Header:
      - ''
      Cache-Control:
      - no-cache, no-store, must-revalidate
      Content-Type:
      - application/json;charset=UTF-8
      X-Gdc-Request-Time:
      - '37'
      X-Gdc-Request:
      - ":2Wa6iWupUmeg_6eZ0KTMwg:cU_ufW7ughjMlXwvsMYE6Q:JYp29O4vEo6yKC08"
      Vary:
      - origin,X-GDC-VERSION
      Transfer-Encoding:
      - chunked
      Strict-Transport-Security:
      - max-age=10886400; includeSubDomains; preload;
    body:
      encoding: ASCII-8BIT
      string: '{"report":{"content":{"domains":[],"definitions":["/gdc/md/d1jibu5q4oaxutzx2gvh940i9c95domw/obj/385"]},"meta":{"author":"/gdc/account/profile/ef00d74950b4291e8567b4bcbdfed9a0","uri":"/gdc/md/d1jibu5q4oaxutzx2gvh940i9c95domw/obj/386","tags":"","created":"2020-05-07
        15:14:01","identifier":"report.customers.count.by.state","deprecated":"0","summary":"","isProduction":1,"title":"Customers
        Count By State","category":"report","updated":"2020-05-07 15:14:03","contributor":"/gdc/account/profile/ef00d74950b4291e8567b4bcbdfed9a0"}}}'
    http_version: null
  recorded_at: Thu, 07 May 2020 13:26:09 GMT
- request:
    method: get
    uri: https://staging2-lcm-dev.intgdc.com/gdc/md/d1jibu5q4oaxutzx2gvh940i9c95domw/obj/396
    body:
      encoding: US-ASCII
      string: ''
    headers:
      Accept:
      - application/json, application/zip
      User-Agent:
      - gooddata-gem/2.1.10/x86_64-darwin16/2.3.8
      Content-Type:
      - application/json
      X-Gdc-Authtt:
      - "<X_GDC_AUTHTT>"
      X-Gdc-Request:
      - ":2Wa6iWupUmeg_6eZ0KTMwg:z1mfLsdSwtAAOBqe65Jw0A"
      Stats-On:
      - ''
      X-Gdc-Version:
      - '2'
      Accept-Encoding:
      - gzip;q=1.0,deflate;q=0.6,identity;q=0.3
      Host:
      - staging2-lcm-dev.intgdc.com
  response:
    status:
      code: 200
      message: OK
    headers:
      Date:
      - Thu, 07 May 2020 13:26:10 GMT
      Server:
      - GoodData WebApp
      Keep-Alive:
      - timeout=5, max=100
      X-Gdc-Log-Header:
      - ''
      Cache-Control:
      - no-cache, no-store, must-revalidate
      Content-Type:
      - application/json;charset=UTF-8
      X-Gdc-Request-Time:
      - '28'
      X-Gdc-Request:
      - ":2Wa6iWupUmeg_6eZ0KTMwg:z1mfLsdSwtAAOBqe65Jw0A:9uAXCEAdjYh6tPiD"
      Vary:
      - origin,X-GDC-VERSION
      Transfer-Encoding:
      - chunked
      Strict-Transport-Security:
      - max-age=10886400; includeSubDomains; preload;
    body:
      encoding: ASCII-8BIT
      string: '{"report":{"content":{"domains":[],"definitions":["/gdc/md/d1jibu5q4oaxutzx2gvh940i9c95domw/obj/395"]},"meta":{"author":"/gdc/account/profile/ef00d74950b4291e8567b4bcbdfed9a0","uri":"/gdc/md/d1jibu5q4oaxutzx2gvh940i9c95domw/obj/396","tags":"","created":"2020-05-07
        15:14:47","identifier":"report.report.contains.ca","deprecated":"0","summary":"","isProduction":1,"title":"Report
        contains CA","category":"report","updated":"2020-05-07 15:14:49","contributor":"/gdc/account/profile/ef00d74950b4291e8567b4bcbdfed9a0"}}}'
    http_version: null
  recorded_at: Thu, 07 May 2020 13:26:10 GMT
- request:
    method: get
    uri: https://staging2-lcm-dev.intgdc.com/gdc/md/d1jibu5q4oaxutzx2gvh940i9c95domw/obj/384
    body:
      encoding: US-ASCII
      string: ''
    headers:
      Accept:
      - application/json, application/zip
      User-Agent:
      - gooddata-gem/2.1.10/x86_64-darwin16/2.3.8
      Content-Type:
      - application/json
      X-Gdc-Authtt:
      - "<X_GDC_AUTHTT>"
      X-Gdc-Request:
      - ":2Wa6iWupUmeg_6eZ0KTMwg:c6Rpq5s0A9REEATeutAq4Q"
      Stats-On:
      - ''
      X-Gdc-Version:
      - '2'
      Accept-Encoding:
      - gzip;q=1.0,deflate;q=0.6,identity;q=0.3
      Host:
      - staging2-lcm-dev.intgdc.com
  response:
    status:
      code: 200
      message: OK
    headers:
      Date:
      - Thu, 07 May 2020 13:26:11 GMT
      Server:
      - GoodData WebApp
      Keep-Alive:
      - timeout=5, max=100
      X-Gdc-Log-Header:
      - ''
      Cache-Control:
      - no-cache, no-store, must-revalidate
      Content-Type:
      - application/json;charset=UTF-8
      X-Gdc-Request-Time:
      - '35'
      X-Gdc-Request:
      - ":2Wa6iWupUmeg_6eZ0KTMwg:c6Rpq5s0A9REEATeutAq4Q:okQk54MuoGU8yeOt"
      Vary:
      - origin,X-GDC-VERSION
      Transfer-Encoding:
      - chunked
      Strict-Transport-Security:
      - max-age=10886400; includeSubDomains; preload;
    body:
      encoding: ASCII-8BIT
      string: '{"report":{"content":{"domains":[],"definitions":["/gdc/md/d1jibu5q4oaxutzx2gvh940i9c95domw/obj/383"]},"meta":{"author":"/gdc/account/profile/ef00d74950b4291e8567b4bcbdfed9a0","uri":"/gdc/md/d1jibu5q4oaxutzx2gvh940i9c95domw/obj/384","tags":"","created":"2020-05-07
        15:13:51","identifier":"report.customers.count.by.gender","deprecated":"0","summary":"","isProduction":1,"title":"Customers
        Count By Gender","category":"report","updated":"2020-05-07 15:13:53","contributor":"/gdc/account/profile/ef00d74950b4291e8567b4bcbdfed9a0"}}}'
    http_version: null
  recorded_at: Thu, 07 May 2020 13:26:11 GMT
- request:
    method: get
    uri: https://staging2-lcm-dev.intgdc.com/gdc/md/d1jibu5q4oaxutzx2gvh940i9c95domw/obj/386
    body:
      encoding: US-ASCII
      string: ''
    headers:
      Accept:
      - application/json, application/zip
      User-Agent:
      - gooddata-gem/2.1.10/x86_64-darwin16/2.3.8
      Content-Type:
      - application/json
      X-Gdc-Authtt:
      - "<X_GDC_AUTHTT>"
      X-Gdc-Request:
      - ":2Wa6iWupUmeg_6eZ0KTMwg:7WIy8HizhVK_lzVb8GQXHA"
      Stats-On:
      - ''
      X-Gdc-Version:
      - '2'
      Accept-Encoding:
      - gzip;q=1.0,deflate;q=0.6,identity;q=0.3
      Host:
      - staging2-lcm-dev.intgdc.com
  response:
    status:
      code: 200
      message: OK
    headers:
      Date:
      - Thu, 07 May 2020 13:26:13 GMT
      Server:
      - GoodData WebApp
      Keep-Alive:
      - timeout=5, max=100
      X-Gdc-Log-Header:
      - ''
      Cache-Control:
      - no-cache, no-store, must-revalidate
      Content-Type:
      - application/json;charset=UTF-8
      X-Gdc-Request-Time:
      - '33'
      X-Gdc-Request:
      - ":2Wa6iWupUmeg_6eZ0KTMwg:7WIy8HizhVK_lzVb8GQXHA:FBscOD3JzdLtfHt4"
      Vary:
      - origin,X-GDC-VERSION
      Transfer-Encoding:
      - chunked
      Strict-Transport-Security:
      - max-age=10886400; includeSubDomains; preload;
    body:
      encoding: ASCII-8BIT
      string: '{"report":{"content":{"domains":[],"definitions":["/gdc/md/d1jibu5q4oaxutzx2gvh940i9c95domw/obj/385"]},"meta":{"author":"/gdc/account/profile/ef00d74950b4291e8567b4bcbdfed9a0","uri":"/gdc/md/d1jibu5q4oaxutzx2gvh940i9c95domw/obj/386","tags":"","created":"2020-05-07
        15:14:01","identifier":"report.customers.count.by.state","deprecated":"0","summary":"","isProduction":1,"title":"Customers
        Count By State","category":"report","updated":"2020-05-07 15:14:03","contributor":"/gdc/account/profile/ef00d74950b4291e8567b4bcbdfed9a0"}}}'
    http_version: null
  recorded_at: Thu, 07 May 2020 13:26:12 GMT
- request:
    method: get
    uri: https://staging2-lcm-dev.intgdc.com/gdc/md/d1jibu5q4oaxutzx2gvh940i9c95domw/obj/396
    body:
      encoding: US-ASCII
      string: ''
    headers:
      Accept:
      - application/json, application/zip
      User-Agent:
      - gooddata-gem/2.1.10/x86_64-darwin16/2.3.8
      Content-Type:
      - application/json
      X-Gdc-Authtt:
      - "<X_GDC_AUTHTT>"
      X-Gdc-Request:
      - ":2Wa6iWupUmeg_6eZ0KTMwg:oAcIaddmVe2Y9RdSrRDcCA"
      Stats-On:
      - ''
      X-Gdc-Version:
      - '2'
      Accept-Encoding:
      - gzip;q=1.0,deflate;q=0.6,identity;q=0.3
      Host:
      - staging2-lcm-dev.intgdc.com
  response:
    status:
      code: 200
      message: OK
    headers:
      Date:
      - Thu, 07 May 2020 13:26:14 GMT
      Server:
      - GoodData WebApp
      Keep-Alive:
      - timeout=5, max=100
      X-Gdc-Log-Header:
      - ''
      Cache-Control:
      - no-cache, no-store, must-revalidate
      Content-Type:
      - application/json;charset=UTF-8
      X-Gdc-Request-Time:
      - '32'
      X-Gdc-Request:
      - ":2Wa6iWupUmeg_6eZ0KTMwg:oAcIaddmVe2Y9RdSrRDcCA:k5D9xCJIrUetEDbB"
      Vary:
      - origin,X-GDC-VERSION
      Transfer-Encoding:
      - chunked
      Strict-Transport-Security:
      - max-age=10886400; includeSubDomains; preload;
    body:
      encoding: ASCII-8BIT
      string: '{"report":{"content":{"domains":[],"definitions":["/gdc/md/d1jibu5q4oaxutzx2gvh940i9c95domw/obj/395"]},"meta":{"author":"/gdc/account/profile/ef00d74950b4291e8567b4bcbdfed9a0","uri":"/gdc/md/d1jibu5q4oaxutzx2gvh940i9c95domw/obj/396","tags":"","created":"2020-05-07
        15:14:47","identifier":"report.report.contains.ca","deprecated":"0","summary":"","isProduction":1,"title":"Report
        contains CA","category":"report","updated":"2020-05-07 15:14:49","contributor":"/gdc/account/profile/ef00d74950b4291e8567b4bcbdfed9a0"}}}'
    http_version: null
  recorded_at: Thu, 07 May 2020 13:26:13 GMT
- request:
    method: get
    uri: https://staging2-lcm-dev.intgdc.com/gdc/md/d1jibu5q4oaxutzx2gvh940i9c95domw/obj/384
    body:
      encoding: US-ASCII
      string: ''
    headers:
      Accept:
      - application/json, application/zip
      User-Agent:
      - gooddata-gem/2.1.10/x86_64-darwin16/2.3.8
      Content-Type:
      - application/json
      X-Gdc-Authtt:
      - "<X_GDC_AUTHTT>"
      X-Gdc-Request:
      - ":2Wa6iWupUmeg_6eZ0KTMwg:rDMoy0ol9T5BhzUmfk_rZg"
      Stats-On:
      - ''
      X-Gdc-Version:
      - '2'
      Accept-Encoding:
      - gzip;q=1.0,deflate;q=0.6,identity;q=0.3
      Host:
      - staging2-lcm-dev.intgdc.com
  response:
    status:
      code: 200
      message: OK
    headers:
      Date:
      - Thu, 07 May 2020 13:26:14 GMT
      Server:
      - GoodData WebApp
      Keep-Alive:
      - timeout=5, max=100
      X-Gdc-Log-Header:
      - ''
      Cache-Control:
      - no-cache, no-store, must-revalidate
      Content-Type:
      - application/json;charset=UTF-8
      X-Gdc-Request-Time:
      - '34'
      X-Gdc-Request:
      - ":2Wa6iWupUmeg_6eZ0KTMwg:rDMoy0ol9T5BhzUmfk_rZg:Zio1Apxemnhk4RHS"
      Vary:
      - origin,X-GDC-VERSION
      Transfer-Encoding:
      - chunked
      Strict-Transport-Security:
      - max-age=10886400; includeSubDomains; preload;
    body:
      encoding: ASCII-8BIT
      string: '{"report":{"content":{"domains":[],"definitions":["/gdc/md/d1jibu5q4oaxutzx2gvh940i9c95domw/obj/383"]},"meta":{"author":"/gdc/account/profile/ef00d74950b4291e8567b4bcbdfed9a0","uri":"/gdc/md/d1jibu5q4oaxutzx2gvh940i9c95domw/obj/384","tags":"","created":"2020-05-07
        15:13:51","identifier":"report.customers.count.by.gender","deprecated":"0","summary":"","isProduction":1,"title":"Customers
        Count By Gender","category":"report","updated":"2020-05-07 15:13:53","contributor":"/gdc/account/profile/ef00d74950b4291e8567b4bcbdfed9a0"}}}'
    http_version: null
  recorded_at: Thu, 07 May 2020 13:26:14 GMT
- request:
    method: get
    uri: https://staging2-lcm-dev.intgdc.com/gdc/md/d1jibu5q4oaxutzx2gvh940i9c95domw/obj/386
    body:
      encoding: US-ASCII
      string: ''
    headers:
      Accept:
      - application/json, application/zip
      User-Agent:
      - gooddata-gem/2.1.10/x86_64-darwin16/2.3.8
      Content-Type:
      - application/json
      X-Gdc-Authtt:
      - "<X_GDC_AUTHTT>"
      X-Gdc-Request:
      - ":2Wa6iWupUmeg_6eZ0KTMwg:PLbMViINLW99XiySLCceuw"
      Stats-On:
      - ''
      X-Gdc-Version:
      - '2'
      Accept-Encoding:
      - gzip;q=1.0,deflate;q=0.6,identity;q=0.3
      Host:
      - staging2-lcm-dev.intgdc.com
  response:
    status:
      code: 200
      message: OK
    headers:
      Date:
      - Thu, 07 May 2020 13:26:15 GMT
      Server:
      - GoodData WebApp
      Keep-Alive:
      - timeout=5, max=100
      X-Gdc-Log-Header:
      - ''
      Cache-Control:
      - no-cache, no-store, must-revalidate
      Content-Type:
      - application/json;charset=UTF-8
      X-Gdc-Request-Time:
      - '31'
      X-Gdc-Request:
      - ":2Wa6iWupUmeg_6eZ0KTMwg:PLbMViINLW99XiySLCceuw:O8M4WJW0TMMabVHN"
      Vary:
      - origin,X-GDC-VERSION
      Transfer-Encoding:
      - chunked
      Strict-Transport-Security:
      - max-age=10886400; includeSubDomains; preload;
    body:
      encoding: ASCII-8BIT
      string: '{"report":{"content":{"domains":[],"definitions":["/gdc/md/d1jibu5q4oaxutzx2gvh940i9c95domw/obj/385"]},"meta":{"author":"/gdc/account/profile/ef00d74950b4291e8567b4bcbdfed9a0","uri":"/gdc/md/d1jibu5q4oaxutzx2gvh940i9c95domw/obj/386","tags":"","created":"2020-05-07
        15:14:01","identifier":"report.customers.count.by.state","deprecated":"0","summary":"","isProduction":1,"title":"Customers
        Count By State","category":"report","updated":"2020-05-07 15:14:03","contributor":"/gdc/account/profile/ef00d74950b4291e8567b4bcbdfed9a0"}}}'
    http_version: null
  recorded_at: Thu, 07 May 2020 13:26:15 GMT
- request:
    method: get
    uri: https://staging2-lcm-dev.intgdc.com/gdc/md/d1jibu5q4oaxutzx2gvh940i9c95domw/obj/396
    body:
      encoding: US-ASCII
      string: ''
    headers:
      Accept:
      - application/json, application/zip
      User-Agent:
      - gooddata-gem/2.1.10/x86_64-darwin16/2.3.8
      Content-Type:
      - application/json
      X-Gdc-Authtt:
      - "<X_GDC_AUTHTT>"
      X-Gdc-Request:
      - ":2Wa6iWupUmeg_6eZ0KTMwg:h3THV8yWR6vKxUW77rf8kw"
      Stats-On:
      - ''
      X-Gdc-Version:
      - '2'
      Accept-Encoding:
      - gzip;q=1.0,deflate;q=0.6,identity;q=0.3
      Host:
      - staging2-lcm-dev.intgdc.com
  response:
    status:
      code: 200
      message: OK
    headers:
      Date:
      - Thu, 07 May 2020 13:26:16 GMT
      Server:
      - GoodData WebApp
      Keep-Alive:
      - timeout=5, max=100
      X-Gdc-Log-Header:
      - ''
      Cache-Control:
      - no-cache, no-store, must-revalidate
      Content-Type:
      - application/json;charset=UTF-8
      X-Gdc-Request-Time:
      - '32'
      X-Gdc-Request:
      - ":2Wa6iWupUmeg_6eZ0KTMwg:h3THV8yWR6vKxUW77rf8kw:Gvk07SojoTtCcMNp"
      Vary:
      - origin,X-GDC-VERSION
      Transfer-Encoding:
      - chunked
      Strict-Transport-Security:
      - max-age=10886400; includeSubDomains; preload;
    body:
      encoding: ASCII-8BIT
      string: '{"report":{"content":{"domains":[],"definitions":["/gdc/md/d1jibu5q4oaxutzx2gvh940i9c95domw/obj/395"]},"meta":{"author":"/gdc/account/profile/ef00d74950b4291e8567b4bcbdfed9a0","uri":"/gdc/md/d1jibu5q4oaxutzx2gvh940i9c95domw/obj/396","tags":"","created":"2020-05-07
        15:14:47","identifier":"report.report.contains.ca","deprecated":"0","summary":"","isProduction":1,"title":"Report
        contains CA","category":"report","updated":"2020-05-07 15:14:49","contributor":"/gdc/account/profile/ef00d74950b4291e8567b4bcbdfed9a0"}}}'
    http_version: null
  recorded_at: Thu, 07 May 2020 13:26:16 GMT
- request:
    method: get
    uri: https://staging2-lcm-dev.intgdc.com/gdc/md/d1jibu5q4oaxutzx2gvh940i9c95domw/obj/383
    body:
      encoding: US-ASCII
      string: ''
    headers:
      Accept:
      - application/json, application/zip
      User-Agent:
      - gooddata-gem/2.1.10/x86_64-darwin16/2.3.8
      Content-Type:
      - application/json
      X-Gdc-Authtt:
      - "<X_GDC_AUTHTT>"
      X-Gdc-Request:
      - ":2Wa6iWupUmeg_6eZ0KTMwg:RBZn-SPh0XLZ5rtGShFVzw"
      Stats-On:
      - ''
      X-Gdc-Version:
      - '2'
      Accept-Encoding:
      - gzip;q=1.0,deflate;q=0.6,identity;q=0.3
      Host:
      - staging2-lcm-dev.intgdc.com
  response:
    status:
      code: 200
      message: OK
    headers:
      Date:
      - Thu, 07 May 2020 13:26:17 GMT
      Server:
      - GoodData WebApp
      Keep-Alive:
      - timeout=5, max=100
      X-Gdc-Log-Header:
      - ''
      Cache-Control:
      - no-cache, no-store, must-revalidate
      Content-Type:
      - application/json;charset=UTF-8
      X-Gdc-Request-Time:
      - '34'
      X-Gdc-Request:
      - ":2Wa6iWupUmeg_6eZ0KTMwg:RBZn-SPh0XLZ5rtGShFVzw:ce2UoiVYG2jFyQqm"
      Vary:
      - origin,X-GDC-VERSION
      Transfer-Encoding:
      - chunked
      Strict-Transport-Security:
      - max-age=10886400; includeSubDomains; preload;
    body:
      encoding: ASCII-8BIT
      string: '{"reportDefinition":{"content":{"grid":{"sort":{"columns":[],"rows":[]},"columnWidths":[],"columns":[{"attribute":{"alias":"","totals":[[]],"uri":"/gdc/md/d1jibu5q4oaxutzx2gvh940i9c95domw/obj/293"}}],"metrics":[{"alias":"Customers
        Count","uri":"/gdc/md/d1jibu5q4oaxutzx2gvh940i9c95domw/obj/369"}],"rows":["metricGroup"]},"format":"grid","filters":[]},"links":{"explain2":"/gdc/md/d1jibu5q4oaxutzx2gvh940i9c95domw/obj/383/explain2"},"meta":{"author":"/gdc/account/profile/ef00d74950b4291e8567b4bcbdfed9a0","uri":"/gdc/md/d1jibu5q4oaxutzx2gvh940i9c95domw/obj/383","tags":"","created":"2020-05-07
        15:13:49","identifier":"aahsIBLHgfkV","deprecated":"0","summary":"","isProduction":1,"title":"Untitled
        report definition","category":"reportDefinition","updated":"2020-05-07 15:13:49","contributor":"/gdc/account/profile/ef00d74950b4291e8567b4bcbdfed9a0"}}}'
    http_version: null
  recorded_at: Thu, 07 May 2020 13:26:17 GMT
- request:
    method: get
    uri: https://staging2-lcm-dev.intgdc.com/gdc/md/d1jibu5q4oaxutzx2gvh940i9c95domw/obj/385
    body:
      encoding: US-ASCII
      string: ''
    headers:
      Accept:
      - application/json, application/zip
      User-Agent:
      - gooddata-gem/2.1.10/x86_64-darwin16/2.3.8
      Content-Type:
      - application/json
      X-Gdc-Authtt:
      - "<X_GDC_AUTHTT>"
      X-Gdc-Request:
      - ":2Wa6iWupUmeg_6eZ0KTMwg:GsLJSil2eyB2PGPp9XUfiA"
      Stats-On:
      - ''
      X-Gdc-Version:
      - '2'
      Accept-Encoding:
      - gzip;q=1.0,deflate;q=0.6,identity;q=0.3
      Host:
      - staging2-lcm-dev.intgdc.com
  response:
    status:
      code: 200
      message: OK
    headers:
      Date:
      - Thu, 07 May 2020 13:26:18 GMT
      Server:
      - GoodData WebApp
      Keep-Alive:
      - timeout=5, max=100
      X-Gdc-Log-Header:
      - ''
      Cache-Control:
      - no-cache, no-store, must-revalidate
      Content-Type:
      - application/json;charset=UTF-8
      X-Gdc-Request-Time:
      - '31'
      X-Gdc-Request:
      - ":2Wa6iWupUmeg_6eZ0KTMwg:GsLJSil2eyB2PGPp9XUfiA:CZy6Cxe76InLv2Lk"
      Vary:
      - origin,X-GDC-VERSION
      Transfer-Encoding:
      - chunked
      Strict-Transport-Security:
      - max-age=10886400; includeSubDomains; preload;
    body:
      encoding: ASCII-8BIT
      string: '{"reportDefinition":{"content":{"grid":{"sort":{"columns":[],"rows":[]},"columnWidths":[],"columns":[{"attribute":{"alias":"","totals":[[]],"uri":"/gdc/md/d1jibu5q4oaxutzx2gvh940i9c95domw/obj/285"}}],"metrics":[{"alias":"Customers
        Count","uri":"/gdc/md/d1jibu5q4oaxutzx2gvh940i9c95domw/obj/369"}],"rows":["metricGroup"]},"format":"grid","filters":[]},"links":{"explain2":"/gdc/md/d1jibu5q4oaxutzx2gvh940i9c95domw/obj/385/explain2"},"meta":{"author":"/gdc/account/profile/ef00d74950b4291e8567b4bcbdfed9a0","uri":"/gdc/md/d1jibu5q4oaxutzx2gvh940i9c95domw/obj/385","tags":"","created":"2020-05-07
        15:13:59","identifier":"aacsLRoAhw2X","deprecated":"0","summary":"","isProduction":1,"title":"Untitled
        report definition","category":"reportDefinition","updated":"2020-05-07 15:13:59","contributor":"/gdc/account/profile/ef00d74950b4291e8567b4bcbdfed9a0"}}}'
    http_version: null
  recorded_at: Thu, 07 May 2020 13:26:18 GMT
- request:
    method: get
    uri: https://staging2-lcm-dev.intgdc.com/gdc/md/d1jibu5q4oaxutzx2gvh940i9c95domw/obj/395
    body:
      encoding: US-ASCII
      string: ''
    headers:
      Accept:
      - application/json, application/zip
      User-Agent:
      - gooddata-gem/2.1.10/x86_64-darwin16/2.3.8
      Content-Type:
      - application/json
      X-Gdc-Authtt:
      - "<X_GDC_AUTHTT>"
      X-Gdc-Request:
      - ":2Wa6iWupUmeg_6eZ0KTMwg:DGJVHyGTvGj4sEkNMbT90A"
      Stats-On:
      - ''
      X-Gdc-Version:
      - '2'
      Accept-Encoding:
      - gzip;q=1.0,deflate;q=0.6,identity;q=0.3
      Host:
      - staging2-lcm-dev.intgdc.com
  response:
    status:
      code: 200
      message: OK
    headers:
      Date:
      - Thu, 07 May 2020 13:26:19 GMT
      Server:
      - GoodData WebApp
      Keep-Alive:
      - timeout=5, max=100
      X-Gdc-Log-Header:
      - ''
      Cache-Control:
      - no-cache, no-store, must-revalidate
      Content-Type:
      - application/json;charset=UTF-8
      X-Gdc-Request-Time:
      - '42'
      X-Gdc-Request:
      - ":2Wa6iWupUmeg_6eZ0KTMwg:DGJVHyGTvGj4sEkNMbT90A:yIXgjhb3VWB8HAIy"
      Vary:
      - origin,X-GDC-VERSION
      Transfer-Encoding:
      - chunked
      Strict-Transport-Security:
      - max-age=10886400; includeSubDomains; preload;
    body:
      encoding: ASCII-8BIT
      string: '{"reportDefinition":{"content":{"grid":{"sort":{"columns":[],"rows":[]},"columnWidths":[],"columns":[],"metrics":[],"rows":[{"attribute":{"alias":"","totals":[],"uri":"/gdc/md/d1jibu5q4oaxutzx2gvh940i9c95domw/obj/378"}}]},"format":"grid","filters":[]},"links":{"explain2":"/gdc/md/d1jibu5q4oaxutzx2gvh940i9c95domw/obj/395/explain2"},"meta":{"author":"/gdc/account/profile/ef00d74950b4291e8567b4bcbdfed9a0","uri":"/gdc/md/d1jibu5q4oaxutzx2gvh940i9c95domw/obj/395","tags":"","created":"2020-05-07
        15:14:45","identifier":"aahsLD80b2eu","deprecated":"0","summary":"","isProduction":1,"title":"Untitled
        report definition","category":"reportDefinition","updated":"2020-05-07 15:14:45","contributor":"/gdc/account/profile/ef00d74950b4291e8567b4bcbdfed9a0"}}}'
    http_version: null
  recorded_at: Thu, 07 May 2020 13:26:19 GMT
- request:
    method: get
    uri: https://staging2-lcm-dev.intgdc.com/gdc/md/d1jibu5q4oaxutzx2gvh940i9c95domw/obj/369
    body:
      encoding: US-ASCII
      string: ''
    headers:
      Accept:
      - application/json, application/zip
      User-Agent:
      - gooddata-gem/2.1.10/x86_64-darwin16/2.3.8
      Content-Type:
      - application/json
      X-Gdc-Authtt:
      - "<X_GDC_AUTHTT>"
      X-Gdc-Request:
      - ":2Wa6iWupUmeg_6eZ0KTMwg:DicR3NPNHfRFoaQ8KZjUHw"
      Stats-On:
      - ''
      X-Gdc-Version:
      - '2'
      Accept-Encoding:
      - gzip;q=1.0,deflate;q=0.6,identity;q=0.3
      Host:
      - staging2-lcm-dev.intgdc.com
  response:
    status:
      code: 200
      message: OK
    headers:
      Date:
      - Thu, 07 May 2020 13:26:20 GMT
      Server:
      - GoodData WebApp
      Keep-Alive:
      - timeout=5, max=100
      X-Gdc-Log-Header:
      - ''
      Cache-Control:
      - no-cache, no-store, must-revalidate
      Content-Type:
      - application/json;charset=UTF-8
      X-Gdc-Request-Time:
      - '35'
      X-Gdc-Request:
      - ":2Wa6iWupUmeg_6eZ0KTMwg:DicR3NPNHfRFoaQ8KZjUHw:GcVoH7BRGqAvSR3n"
      Vary:
      - origin,X-GDC-VERSION
      Transfer-Encoding:
      - chunked
      Strict-Transport-Security:
      - max-age=10886400; includeSubDomains; preload;
    body:
      encoding: ASCII-8BIT
      string: '{"metric":{"content":{"format":"#,##0","tree":{"content":[{"content":[{"value":"COUNT","content":[{"value":"/gdc/md/d1jibu5q4oaxutzx2gvh940i9c95domw/obj/281","position":{"column":27,"line":1},"type":"attribute
        object"}],"position":{"column":21,"line":1},"type":"function"}],"position":{"column":21,"line":1},"type":"expression"}],"position":{"column":14,"line":1},"type":"metric"},"expression":"SELECT
        COUNT([/gdc/md/d1jibu5q4oaxutzx2gvh940i9c95domw/obj/281])"},"links":{"explain2":"/gdc/md/d1jibu5q4oaxutzx2gvh940i9c95domw/obj/369/explain2"},"meta":{"author":"/gdc/account/profile/ef00d74950b4291e8567b4bcbdfed9a0","uri":"/gdc/md/d1jibu5q4oaxutzx2gvh940i9c95domw/obj/369","tags":"","created":"2020-05-07
        15:13:17","identifier":"metric.customers.count","deprecated":"0","summary":"","isProduction":1,"title":"Customers
        Count","category":"metric","updated":"2020-05-07 15:13:19","contributor":"/gdc/account/profile/ef00d74950b4291e8567b4bcbdfed9a0"}}}'
    http_version: null
  recorded_at: Thu, 07 May 2020 13:26:20 GMT
- request:
    method: get
    uri: https://staging2-lcm-dev.intgdc.com/gdc/md/d1jibu5q4oaxutzx2gvh940i9c95domw/obj/369
    body:
      encoding: US-ASCII
      string: ''
    headers:
      Accept:
      - application/json, application/zip
      User-Agent:
      - gooddata-gem/2.1.10/x86_64-darwin16/2.3.8
      Content-Type:
      - application/json
      X-Gdc-Authtt:
      - "<X_GDC_AUTHTT>"
      X-Gdc-Request:
      - ":2Wa6iWupUmeg_6eZ0KTMwg:ewcJzbQlpoDsVXqT0MH0Ww"
      Stats-On:
      - ''
      X-Gdc-Version:
      - '2'
      Accept-Encoding:
      - gzip;q=1.0,deflate;q=0.6,identity;q=0.3
      Host:
      - staging2-lcm-dev.intgdc.com
  response:
    status:
      code: 200
      message: OK
    headers:
      Date:
      - Thu, 07 May 2020 13:26:21 GMT
      Server:
      - GoodData WebApp
      Keep-Alive:
      - timeout=5, max=100
      X-Gdc-Log-Header:
      - ''
      Cache-Control:
      - no-cache, no-store, must-revalidate
      Content-Type:
      - application/json;charset=UTF-8
      X-Gdc-Request-Time:
      - '32'
      X-Gdc-Request:
      - ":2Wa6iWupUmeg_6eZ0KTMwg:ewcJzbQlpoDsVXqT0MH0Ww:VGHax2UDlEbTYAMV"
      Vary:
      - origin,X-GDC-VERSION
      Transfer-Encoding:
      - chunked
      Strict-Transport-Security:
      - max-age=10886400; includeSubDomains; preload;
    body:
      encoding: ASCII-8BIT
      string: '{"metric":{"content":{"format":"#,##0","tree":{"content":[{"content":[{"value":"COUNT","content":[{"value":"/gdc/md/d1jibu5q4oaxutzx2gvh940i9c95domw/obj/281","position":{"column":27,"line":1},"type":"attribute
        object"}],"position":{"column":21,"line":1},"type":"function"}],"position":{"column":21,"line":1},"type":"expression"}],"position":{"column":14,"line":1},"type":"metric"},"expression":"SELECT
        COUNT([/gdc/md/d1jibu5q4oaxutzx2gvh940i9c95domw/obj/281])"},"links":{"explain2":"/gdc/md/d1jibu5q4oaxutzx2gvh940i9c95domw/obj/369/explain2"},"meta":{"author":"/gdc/account/profile/ef00d74950b4291e8567b4bcbdfed9a0","uri":"/gdc/md/d1jibu5q4oaxutzx2gvh940i9c95domw/obj/369","tags":"","created":"2020-05-07
        15:13:17","identifier":"metric.customers.count","deprecated":"0","summary":"","isProduction":1,"title":"Customers
        Count","category":"metric","updated":"2020-05-07 15:13:19","contributor":"/gdc/account/profile/ef00d74950b4291e8567b4bcbdfed9a0"}}}'
    http_version: null
  recorded_at: Thu, 07 May 2020 13:26:21 GMT
- request:
    method: get
    uri: https://staging2-lcm-dev.intgdc.com/gdc/md/d1jibu5q4oaxutzx2gvh940i9c95domw/objects/query?category=metric&limit=50&offset=0
    body:
      encoding: US-ASCII
      string: ''
    headers:
      Accept:
      - application/json, application/zip
      User-Agent:
      - gooddata-gem/2.1.10/x86_64-darwin16/2.3.8
      Content-Type:
      - application/json
      X-Gdc-Authtt:
      - "<X_GDC_AUTHTT>"
      X-Gdc-Request:
      - ":2Wa6iWupUmeg_6eZ0KTMwg:N6ROUAL3EOZ-DaG7nRxFcg"
      Stats-On:
      - ''
      X-Gdc-Version:
      - '2'
      Accept-Encoding:
      - gzip;q=1.0,deflate;q=0.6,identity;q=0.3
      Host:
      - staging2-lcm-dev.intgdc.com
  response:
    status:
      code: 200
      message: OK
    headers:
      Date:
      - Thu, 07 May 2020 13:26:22 GMT
      Server:
      - GoodData WebApp
      Keep-Alive:
      - timeout=5, max=100
      X-Gdc-Log-Header:
      - ''
      Cache-Control:
      - no-cache, no-store, must-revalidate
      Content-Type:
      - application/json;charset=UTF-8
      Transfer-Encoding:
      - chunked
      X-Gdc-Request-Time:
      - '81'
      X-Gdc-Request:
      - ":2Wa6iWupUmeg_6eZ0KTMwg:N6ROUAL3EOZ-DaG7nRxFcg:lACtxpnXgOrSHPsl"
      Vary:
      - Accept-Encoding,origin,X-GDC-VERSION
      Strict-Transport-Security:
      - max-age=10886400; includeSubDomains; preload;
    body:
      encoding: ASCII-8BIT
      string: '{"objects":{"paging":{"count":13,"offset":0},"items":[{"metric":{"content":{"format":"#,##0","tree":{"content":[{"content":[{"value":"SUM","content":[{"value":"/gdc/md/d1jibu5q4oaxutzx2gvh940i9c95domw/obj/310","position":{"column":25,"line":1},"type":"fact
        object"}],"position":{"column":21,"line":1},"type":"function"}],"position":{"column":21,"line":1},"type":"expression"}],"position":{"column":14,"line":1},"type":"metric"},"expression":"SELECT
        SUM([/gdc/md/d1jibu5q4oaxutzx2gvh940i9c95domw/obj/310])"},"links":{"explain2":"/gdc/md/d1jibu5q4oaxutzx2gvh940i9c95domw/obj/357/explain2"},"meta":{"author":"/gdc/account/profile/ef00d74950b4291e8567b4bcbdfed9a0","uri":"/gdc/md/d1jibu5q4oaxutzx2gvh940i9c95domw/obj/357","tags":"","created":"2020-05-07
        15:11:32","identifier":"metric.total.claim.amount","deprecated":"0","summary":"","isProduction":1,"title":"Total
        Claim Amount","category":"metric","updated":"2020-05-07 15:11:34","contributor":"/gdc/account/profile/ef00d74950b4291e8567b4bcbdfed9a0"}}},{"metric":{"content":{"format":"#,##0","tree":{"content":[{"content":[{"value":"SUM","content":[{"value":"/gdc/md/d1jibu5q4oaxutzx2gvh940i9c95domw/obj/309","position":{"column":25,"line":1},"type":"fact
        object"}],"position":{"column":21,"line":1},"type":"function"}],"position":{"column":21,"line":1},"type":"expression"}],"position":{"column":14,"line":1},"type":"metric"},"expression":"SELECT
        SUM([/gdc/md/d1jibu5q4oaxutzx2gvh940i9c95domw/obj/309])"},"links":{"explain2":"/gdc/md/d1jibu5q4oaxutzx2gvh940i9c95domw/obj/358/explain2"},"meta":{"author":"/gdc/account/profile/ef00d74950b4291e8567b4bcbdfed9a0","uri":"/gdc/md/d1jibu5q4oaxutzx2gvh940i9c95domw/obj/358","tags":"","created":"2020-05-07
        15:11:42","identifier":"metric.total.monthly.premium","deprecated":"0","summary":"","isProduction":1,"title":"Total
        Monthly Premium","category":"metric","updated":"2020-05-07 15:11:43","contributor":"/gdc/account/profile/ef00d74950b4291e8567b4bcbdfed9a0"}}},{"metric":{"content":{"format":"#,##0","tree":{"content":[{"content":[{"value":"SUM","content":[{"value":"/gdc/md/d1jibu5q4oaxutzx2gvh940i9c95domw/obj/307","position":{"column":25,"line":1},"type":"fact
        object"}],"position":{"column":21,"line":1},"type":"function"}],"position":{"column":21,"line":1},"type":"expression"}],"position":{"column":14,"line":1},"type":"metric"},"expression":"SELECT
        SUM([/gdc/md/d1jibu5q4oaxutzx2gvh940i9c95domw/obj/307])"},"links":{"explain2":"/gdc/md/d1jibu5q4oaxutzx2gvh940i9c95domw/obj/359/explain2"},"meta":{"author":"/gdc/account/profile/ef00d74950b4291e8567b4bcbdfed9a0","uri":"/gdc/md/d1jibu5q4oaxutzx2gvh940i9c95domw/obj/359","tags":"","created":"2020-05-07
        15:11:50","identifier":"metric.total.lifetime.value","deprecated":"0","summary":"","isProduction":1,"title":"Total
        Lifetime Value","category":"metric","updated":"2020-05-07 15:11:52","contributor":"/gdc/account/profile/ef00d74950b4291e8567b4bcbdfed9a0"}}},{"metric":{"content":{"format":"#,##0","tree":{"content":[{"content":[{"value":"AVG","content":[{"value":"/gdc/md/d1jibu5q4oaxutzx2gvh940i9c95domw/obj/310","position":{"column":25,"line":1},"type":"fact
        object"}],"position":{"column":21,"line":1},"type":"function"}],"position":{"column":21,"line":1},"type":"expression"}],"position":{"column":14,"line":1},"type":"metric"},"expression":"SELECT
        AVG([/gdc/md/d1jibu5q4oaxutzx2gvh940i9c95domw/obj/310])"},"links":{"explain2":"/gdc/md/d1jibu5q4oaxutzx2gvh940i9c95domw/obj/360/explain2"},"meta":{"author":"/gdc/account/profile/ef00d74950b4291e8567b4bcbdfed9a0","uri":"/gdc/md/d1jibu5q4oaxutzx2gvh940i9c95domw/obj/360","tags":"","created":"2020-05-07
        15:11:59","identifier":"metric.average.claim.amount","deprecated":"0","summary":"","isProduction":1,"title":"Average
        Claim Amount","category":"metric","updated":"2020-05-07 15:12:01","contributor":"/gdc/account/profile/ef00d74950b4291e8567b4bcbdfed9a0"}}},{"metric":{"content":{"format":"#,##0","tree":{"content":[{"content":[{"value":"AVG","content":[{"value":"/gdc/md/d1jibu5q4oaxutzx2gvh940i9c95domw/obj/309","position":{"column":25,"line":1},"type":"fact
        object"}],"position":{"column":21,"line":1},"type":"function"}],"position":{"column":21,"line":1},"type":"expression"}],"position":{"column":14,"line":1},"type":"metric"},"expression":"SELECT
        AVG([/gdc/md/d1jibu5q4oaxutzx2gvh940i9c95domw/obj/309])"},"links":{"explain2":"/gdc/md/d1jibu5q4oaxutzx2gvh940i9c95domw/obj/361/explain2"},"meta":{"author":"/gdc/account/profile/ef00d74950b4291e8567b4bcbdfed9a0","uri":"/gdc/md/d1jibu5q4oaxutzx2gvh940i9c95domw/obj/361","tags":"","created":"2020-05-07
        15:12:08","identifier":"metric.average.monthly.premium","deprecated":"0","summary":"","isProduction":1,"title":"Average
        Monthly Premium","category":"metric","updated":"2020-05-07 15:12:10","contributor":"/gdc/account/profile/ef00d74950b4291e8567b4bcbdfed9a0"}}},{"metric":{"content":{"format":"#,##0","tree":{"content":[{"content":[{"value":"AVG","content":[{"value":"/gdc/md/d1jibu5q4oaxutzx2gvh940i9c95domw/obj/307","position":{"column":25,"line":1},"type":"fact
        object"}],"position":{"column":21,"line":1},"type":"function"}],"position":{"column":21,"line":1},"type":"expression"}],"position":{"column":14,"line":1},"type":"metric"},"expression":"SELECT
        AVG([/gdc/md/d1jibu5q4oaxutzx2gvh940i9c95domw/obj/307])"},"links":{"explain2":"/gdc/md/d1jibu5q4oaxutzx2gvh940i9c95domw/obj/362/explain2"},"meta":{"author":"/gdc/account/profile/ef00d74950b4291e8567b4bcbdfed9a0","uri":"/gdc/md/d1jibu5q4oaxutzx2gvh940i9c95domw/obj/362","tags":"","created":"2020-05-07
        15:12:17","identifier":"metric.average.lifetime.value","deprecated":"0","summary":"","isProduction":1,"title":"Average
        Lifetime Value","category":"metric","updated":"2020-05-07 15:12:19","contributor":"/gdc/account/profile/ef00d74950b4291e8567b4bcbdfed9a0"}}},{"metric":{"content":{"format":"#,##0","tree":{"content":[{"content":[{"value":"MIN","content":[{"value":"/gdc/md/d1jibu5q4oaxutzx2gvh940i9c95domw/obj/310","position":{"column":25,"line":1},"type":"fact
        object"}],"position":{"column":21,"line":1},"type":"function"}],"position":{"column":21,"line":1},"type":"expression"}],"position":{"column":14,"line":1},"type":"metric"},"expression":"SELECT
        MIN([/gdc/md/d1jibu5q4oaxutzx2gvh940i9c95domw/obj/310])"},"links":{"explain2":"/gdc/md/d1jibu5q4oaxutzx2gvh940i9c95domw/obj/363/explain2"},"meta":{"author":"/gdc/account/profile/ef00d74950b4291e8567b4bcbdfed9a0","uri":"/gdc/md/d1jibu5q4oaxutzx2gvh940i9c95domw/obj/363","tags":"","created":"2020-05-07
        15:12:25","identifier":"metric.min.claim.amount","deprecated":"0","summary":"","isProduction":1,"title":"Min
        Claim Amount","category":"metric","updated":"2020-05-07 15:12:27","contributor":"/gdc/account/profile/ef00d74950b4291e8567b4bcbdfed9a0"}}},{"metric":{"content":{"format":"#,##0","tree":{"content":[{"content":[{"value":"MIN","content":[{"value":"/gdc/md/d1jibu5q4oaxutzx2gvh940i9c95domw/obj/309","position":{"column":25,"line":1},"type":"fact
        object"}],"position":{"column":21,"line":1},"type":"function"}],"position":{"column":21,"line":1},"type":"expression"}],"position":{"column":14,"line":1},"type":"metric"},"expression":"SELECT
        MIN([/gdc/md/d1jibu5q4oaxutzx2gvh940i9c95domw/obj/309])"},"links":{"explain2":"/gdc/md/d1jibu5q4oaxutzx2gvh940i9c95domw/obj/364/explain2"},"meta":{"author":"/gdc/account/profile/ef00d74950b4291e8567b4bcbdfed9a0","uri":"/gdc/md/d1jibu5q4oaxutzx2gvh940i9c95domw/obj/364","tags":"","created":"2020-05-07
        15:12:34","identifier":"metric.min.monthly.premium","deprecated":"0","summary":"","isProduction":1,"title":"Min
        Monthly Premium","category":"metric","updated":"2020-05-07 15:12:36","contributor":"/gdc/account/profile/ef00d74950b4291e8567b4bcbdfed9a0"}}},{"metric":{"content":{"format":"#,##0","tree":{"content":[{"content":[{"value":"MIN","content":[{"value":"/gdc/md/d1jibu5q4oaxutzx2gvh940i9c95domw/obj/307","position":{"column":25,"line":1},"type":"fact
        object"}],"position":{"column":21,"line":1},"type":"function"}],"position":{"column":21,"line":1},"type":"expression"}],"position":{"column":14,"line":1},"type":"metric"},"expression":"SELECT
        MIN([/gdc/md/d1jibu5q4oaxutzx2gvh940i9c95domw/obj/307])"},"links":{"explain2":"/gdc/md/d1jibu5q4oaxutzx2gvh940i9c95domw/obj/365/explain2"},"meta":{"author":"/gdc/account/profile/ef00d74950b4291e8567b4bcbdfed9a0","uri":"/gdc/md/d1jibu5q4oaxutzx2gvh940i9c95domw/obj/365","tags":"","created":"2020-05-07
        15:12:42","identifier":"metric.min.lifetime.value","deprecated":"0","summary":"","isProduction":1,"title":"Min
        Lifetime Value","category":"metric","updated":"2020-05-07 15:12:45","contributor":"/gdc/account/profile/ef00d74950b4291e8567b4bcbdfed9a0"}}},{"metric":{"content":{"format":"#,##0","tree":{"content":[{"content":[{"value":"MAX","content":[{"value":"/gdc/md/d1jibu5q4oaxutzx2gvh940i9c95domw/obj/310","position":{"column":25,"line":1},"type":"fact
        object"}],"position":{"column":21,"line":1},"type":"function"}],"position":{"column":21,"line":1},"type":"expression"}],"position":{"column":14,"line":1},"type":"metric"},"expression":"SELECT
        MAX([/gdc/md/d1jibu5q4oaxutzx2gvh940i9c95domw/obj/310])"},"links":{"explain2":"/gdc/md/d1jibu5q4oaxutzx2gvh940i9c95domw/obj/366/explain2"},"meta":{"author":"/gdc/account/profile/ef00d74950b4291e8567b4bcbdfed9a0","uri":"/gdc/md/d1jibu5q4oaxutzx2gvh940i9c95domw/obj/366","tags":"metric","created":"2020-05-07
        15:12:51","identifier":"metric.max.claim.amount","deprecated":"0","summary":"","isProduction":1,"title":"Max
        Claim Amount","category":"metric","updated":"2020-05-07 15:12:53","contributor":"/gdc/account/profile/ef00d74950b4291e8567b4bcbdfed9a0"}}},{"metric":{"content":{"format":"#,##0","tree":{"content":[{"content":[{"value":"MAX","content":[{"value":"/gdc/md/d1jibu5q4oaxutzx2gvh940i9c95domw/obj/309","position":{"column":25,"line":1},"type":"fact
        object"}],"position":{"column":21,"line":1},"type":"function"}],"position":{"column":21,"line":1},"type":"expression"}],"position":{"column":14,"line":1},"type":"metric"},"expression":"SELECT
        MAX([/gdc/md/d1jibu5q4oaxutzx2gvh940i9c95domw/obj/309])"},"links":{"explain2":"/gdc/md/d1jibu5q4oaxutzx2gvh940i9c95domw/obj/367/explain2"},"meta":{"author":"/gdc/account/profile/ef00d74950b4291e8567b4bcbdfed9a0","uri":"/gdc/md/d1jibu5q4oaxutzx2gvh940i9c95domw/obj/367","tags":"","created":"2020-05-07
        15:13:00","identifier":"metric.max.monthly.premium","deprecated":"0","summary":"","isProduction":1,"title":"Max
        Monthly Premium","category":"metric","updated":"2020-05-07 15:13:02","contributor":"/gdc/account/profile/ef00d74950b4291e8567b4bcbdfed9a0"}}},{"metric":{"content":{"format":"#,##0","tree":{"content":[{"content":[{"value":"MAX","content":[{"value":"/gdc/md/d1jibu5q4oaxutzx2gvh940i9c95domw/obj/307","position":{"column":25,"line":1},"type":"fact
        object"}],"position":{"column":21,"line":1},"type":"function"}],"position":{"column":21,"line":1},"type":"expression"}],"position":{"column":14,"line":1},"type":"metric"},"expression":"SELECT
        MAX([/gdc/md/d1jibu5q4oaxutzx2gvh940i9c95domw/obj/307])"},"links":{"explain2":"/gdc/md/d1jibu5q4oaxutzx2gvh940i9c95domw/obj/368/explain2"},"meta":{"author":"/gdc/account/profile/ef00d74950b4291e8567b4bcbdfed9a0","uri":"/gdc/md/d1jibu5q4oaxutzx2gvh940i9c95domw/obj/368","tags":"","created":"2020-05-07
        15:13:09","identifier":"metric.max.lifetime.value","deprecated":"0","summary":"","isProduction":1,"title":"Max
        Lifetime Value","category":"metric","updated":"2020-05-07 15:13:11","contributor":"/gdc/account/profile/ef00d74950b4291e8567b4bcbdfed9a0"}}},{"metric":{"content":{"format":"#,##0","tree":{"content":[{"content":[{"value":"COUNT","content":[{"value":"/gdc/md/d1jibu5q4oaxutzx2gvh940i9c95domw/obj/281","position":{"column":27,"line":1},"type":"attribute
        object"}],"position":{"column":21,"line":1},"type":"function"}],"position":{"column":21,"line":1},"type":"expression"}],"position":{"column":14,"line":1},"type":"metric"},"expression":"SELECT
        COUNT([/gdc/md/d1jibu5q4oaxutzx2gvh940i9c95domw/obj/281])"},"links":{"explain2":"/gdc/md/d1jibu5q4oaxutzx2gvh940i9c95domw/obj/369/explain2"},"meta":{"author":"/gdc/account/profile/ef00d74950b4291e8567b4bcbdfed9a0","uri":"/gdc/md/d1jibu5q4oaxutzx2gvh940i9c95domw/obj/369","tags":"","created":"2020-05-07
        15:13:17","identifier":"metric.customers.count","deprecated":"0","summary":"","isProduction":1,"title":"Customers
        Count","category":"metric","updated":"2020-05-07 15:13:19","contributor":"/gdc/account/profile/ef00d74950b4291e8567b4bcbdfed9a0"}}}]}}'
    http_version: null
  recorded_at: Thu, 07 May 2020 13:26:22 GMT
- request:
    method: get
    uri: https://staging2-lcm-prod.intgdc.com/gdc/md/aa9kzlzod3nq7oj9zj6q2ixk021j1v3v/objects/query?category=metric&limit=50&offset=0
    body:
      encoding: US-ASCII
      string: ''
    headers:
      Accept:
      - application/json, application/zip
      User-Agent:
      - gooddata-gem/2.1.10/x86_64-darwin16/2.3.8
      Content-Type:
      - application/json
      X-Gdc-Authtt:
      - "<X_GDC_AUTHTT>"
      X-Gdc-Request:
      - ":bRskxGTtAwaCcYwF7SRZHA:2iKadKHRGqEl4aUNTYjVbg"
      Stats-On:
      - ''
      X-Gdc-Version:
      - '2'
      Accept-Encoding:
      - gzip;q=1.0,deflate;q=0.6,identity;q=0.3
      Host:
      - staging2-lcm-prod.intgdc.com
  response:
    status:
      code: 200
      message: OK
    headers:
      Date:
      - Thu, 07 May 2020 13:26:23 GMT
      Server:
      - GoodData WebApp
      Keep-Alive:
      - timeout=5, max=100
      X-Gdc-Log-Header:
      - ''
      Cache-Control:
      - no-cache, no-store, must-revalidate
      Content-Type:
      - application/json;charset=UTF-8
      Transfer-Encoding:
      - chunked
      X-Gdc-Request-Time:
      - '41'
      X-Gdc-Request:
      - ":bRskxGTtAwaCcYwF7SRZHA:2iKadKHRGqEl4aUNTYjVbg:t3csGyNIZD8sGSqk"
      Vary:
      - Accept-Encoding,origin,X-GDC-VERSION
      Strict-Transport-Security:
      - max-age=10886400; includeSubDomains; preload;
    body:
      encoding: ASCII-8BIT
      string: '{"objects":{"paging":{"count":2,"offset":0},"items":[{"metric":{"content":{"format":"#,##0","tree":{"content":[{"content":[{"value":"MAX","content":[{"value":"/gdc/md/aa9kzlzod3nq7oj9zj6q2ixk021j1v3v/obj/319","position":{"column":25,"line":1},"type":"fact
        object"}],"position":{"column":21,"line":1},"type":"function"}],"position":{"column":21,"line":1},"type":"expression"}],"position":{"column":14,"line":1},"type":"metric"},"expression":"SELECT
        MAX([/gdc/md/aa9kzlzod3nq7oj9zj6q2ixk021j1v3v/obj/319])"},"links":{"explain2":"/gdc/md/aa9kzlzod3nq7oj9zj6q2ixk021j1v3v/obj/354/explain2"},"meta":{"author":"/gdc/account/profile/5ad80b895edcc438e5a4418e222733fa","uri":"/gdc/md/aa9kzlzod3nq7oj9zj6q2ixk021j1v3v/obj/354","tags":"metric","created":"2020-05-07
        15:21:56","identifier":"metric.max.claim.amount","deprecated":"0","summary":"","isProduction":1,"title":"Max
        Claim Amount","category":"metric","updated":"2020-05-07 15:12:53","contributor":"/gdc/account/profile/5ad80b895edcc438e5a4418e222733fa"}}},{"metric":{"content":{"format":"#,##0","tree":{"content":[{"content":[{"value":"COUNT","content":[{"value":"/gdc/md/aa9kzlzod3nq7oj9zj6q2ixk021j1v3v/obj/287","position":{"column":27,"line":1},"type":"attribute
        object"}],"position":{"column":21,"line":1},"type":"function"}],"position":{"column":21,"line":1},"type":"expression"}],"position":{"column":14,"line":1},"type":"metric"},"expression":"SELECT
        COUNT([/gdc/md/aa9kzlzod3nq7oj9zj6q2ixk021j1v3v/obj/287])"},"links":{"explain2":"/gdc/md/aa9kzlzod3nq7oj9zj6q2ixk021j1v3v/obj/355/explain2"},"meta":{"author":"/gdc/account/profile/5ad80b895edcc438e5a4418e222733fa","uri":"/gdc/md/aa9kzlzod3nq7oj9zj6q2ixk021j1v3v/obj/355","tags":"","created":"2020-05-07
        15:21:57","identifier":"metric.customers.count","deprecated":"0","summary":"","isProduction":1,"title":"Customers
        Count","category":"metric","updated":"2020-05-07 15:13:19","contributor":"/gdc/account/profile/5ad80b895edcc438e5a4418e222733fa"}}}]}}'
    http_version: null
  recorded_at: Thu, 07 May 2020 13:26:23 GMT
- request:
    method: get
    uri: https://staging2-lcm-prod.intgdc.com/gdc/md/m7meiy4mltkrfe0pim002b7vwwn05s4p/objects/query?category=metric&limit=50&offset=0
    body:
      encoding: US-ASCII
      string: ''
    headers:
      Accept:
      - application/json, application/zip
      User-Agent:
      - gooddata-gem/2.1.10/x86_64-darwin16/2.3.8
      Content-Type:
      - application/json
      X-Gdc-Authtt:
      - "<X_GDC_AUTHTT>"
      X-Gdc-Request:
      - ":bRskxGTtAwaCcYwF7SRZHA:WhJGdGTOov-neU6ljeKwHw"
      Stats-On:
      - ''
      X-Gdc-Version:
      - '2'
      Accept-Encoding:
      - gzip;q=1.0,deflate;q=0.6,identity;q=0.3
      Host:
      - staging2-lcm-prod.intgdc.com
  response:
    status:
      code: 200
      message: OK
    headers:
      Date:
      - Thu, 07 May 2020 13:26:25 GMT
      Server:
      - GoodData WebApp
      Keep-Alive:
      - timeout=5, max=100
      X-Gdc-Log-Header:
      - ''
      Cache-Control:
      - no-cache, no-store, must-revalidate
      Content-Type:
      - application/json;charset=UTF-8
      Transfer-Encoding:
      - chunked
      X-Gdc-Request-Time:
      - '43'
      X-Gdc-Request:
      - ":bRskxGTtAwaCcYwF7SRZHA:WhJGdGTOov-neU6ljeKwHw:bO97O1ElzXvwgA6r"
      Vary:
      - Accept-Encoding,origin,X-GDC-VERSION
      Strict-Transport-Security:
      - max-age=10886400; includeSubDomains; preload;
    body:
      encoding: ASCII-8BIT
      string: '{"objects":{"paging":{"count":2,"offset":0},"items":[{"metric":{"content":{"format":"#,##0","tree":{"content":[{"content":[{"value":"MAX","content":[{"value":"/gdc/md/m7meiy4mltkrfe0pim002b7vwwn05s4p/obj/319","position":{"column":25,"line":1},"type":"fact
        object"}],"position":{"column":21,"line":1},"type":"function"}],"position":{"column":21,"line":1},"type":"expression"}],"position":{"column":14,"line":1},"type":"metric"},"expression":"SELECT
        MAX([/gdc/md/m7meiy4mltkrfe0pim002b7vwwn05s4p/obj/319])"},"links":{"explain2":"/gdc/md/m7meiy4mltkrfe0pim002b7vwwn05s4p/obj/354/explain2"},"meta":{"author":"/gdc/account/profile/5ad80b895edcc438e5a4418e222733fa","uri":"/gdc/md/m7meiy4mltkrfe0pim002b7vwwn05s4p/obj/354","tags":"metric","created":"2020-05-07
        15:22:16","identifier":"metric.max.claim.amount","deprecated":"0","summary":"","isProduction":1,"title":"Max
        Claim Amount","category":"metric","updated":"2020-05-07 15:12:53","contributor":"/gdc/account/profile/5ad80b895edcc438e5a4418e222733fa"}}},{"metric":{"content":{"format":"#,##0","tree":{"content":[{"content":[{"value":"COUNT","content":[{"value":"/gdc/md/m7meiy4mltkrfe0pim002b7vwwn05s4p/obj/290","position":{"column":27,"line":1},"type":"attribute
        object"}],"position":{"column":21,"line":1},"type":"function"}],"position":{"column":21,"line":1},"type":"expression"}],"position":{"column":14,"line":1},"type":"metric"},"expression":"SELECT
        COUNT([/gdc/md/m7meiy4mltkrfe0pim002b7vwwn05s4p/obj/290])"},"links":{"explain2":"/gdc/md/m7meiy4mltkrfe0pim002b7vwwn05s4p/obj/355/explain2"},"meta":{"author":"/gdc/account/profile/5ad80b895edcc438e5a4418e222733fa","uri":"/gdc/md/m7meiy4mltkrfe0pim002b7vwwn05s4p/obj/355","tags":"","created":"2020-05-07
        15:22:16","identifier":"metric.customers.count","deprecated":"0","summary":"","isProduction":1,"title":"Customers
        Count","category":"metric","updated":"2020-05-07 15:13:19","contributor":"/gdc/account/profile/5ad80b895edcc438e5a4418e222733fa"}}}]}}'
    http_version: null
  recorded_at: Thu, 07 May 2020 13:26:24 GMT
recorded_with: VCR 5.1.0
