---
http_interactions:
- request:
    method: get
    uri: https://staging2-lcm-dev.intgdc.com/gdc/projects/d1jibu5q4oaxutzx2gvh940i9c95domw/model/view?includeCA=true&includeDeprecated=true&includeGrain=true
    body:
      encoding: US-ASCII
      string: ''
    headers:
      Accept:
      - application/json, application/zip
      User-Agent:
      - gooddata-gem/2.1.10/x86_64-darwin16/2.3.8
      Content-Type:
      - application/json
      X-Gdc-Authtt:
      - "<X_GDC_AUTHTT>"
      X-Gdc-Request:
      - ":2Wa6iWupUmeg_6eZ0KTMwg:AH-URV7ft_Kv_Fz7yzSORQ"
      Stats-On:
      - ''
      X-Gdc-Version:
      - '2'
      Accept-Encoding:
      - gzip;q=1.0,deflate;q=0.6,identity;q=0.3
      Host:
      - staging2-lcm-dev.intgdc.com
  response:
    status:
      code: 202
      message: Accepted
    headers:
      Location:
      - "/gdc/projects/d1jibu5q4oaxutzx2gvh940i9c95domw/model/view/65b0a6a5db078b9b4271325039d606fa54078d6dc2c16ba900000015"
      X-Gdc-Log-Header:
      - ''
      Content-Type:
      - application/json;charset=UTF-8
      Date:
      - Thu, 07 May 2020 13:25:09 GMT
      Server:
      - GoodData WebApp
      X-Gdc-Request-Time:
      - '23'
      X-Gdc-Request:
      - ":2Wa6iWupUmeg_6eZ0KTMwg:AH-URV7ft_Kv_Fz7yzSORQ:eHwAAC6yvHpLqthJ"
      Cache-Control:
      - no-cache, no-store, must-revalidate
      Vary:
      - origin,X-GDC-VERSION
      Transfer-Encoding:
      - chunked
      Strict-Transport-Security:
      - max-age=10886400; includeSubDomains; preload;
    body:
      encoding: ASCII-8BIT
      string: '{"asyncTask":{"link":{"poll":"/gdc/projects/d1jibu5q4oaxutzx2gvh940i9c95domw/model/view/65b0a6a5db078b9b4271325039d606fa54078d6dc2c16ba900000015"}}}'
    http_version: null
  recorded_at: Thu, 07 May 2020 13:25:08 GMT
- request:
    method: get
    uri: https://staging2-lcm-dev.intgdc.com/gdc/projects/d1jibu5q4oaxutzx2gvh940i9c95domw/model/view/65b0a6a5db078b9b4271325039d606fa54078d6dc2c16ba900000015
    body:
      encoding: US-ASCII
      string: ''
    headers:
      Accept:
      - application/json, application/zip
      User-Agent:
      - gooddata-gem/2.1.10/x86_64-darwin16/2.3.8
      Content-Type:
      - application/json
      X-Gdc-Authtt:
      - "<X_GDC_AUTHTT>"
      X-Gdc-Request:
      - ":2Wa6iWupUmeg_6eZ0KTMwg:_xQAp_1f_0FgzAiZEdXI8Q"
      Process:
      - 'false'
      Stats-On:
      - ''
      X-Gdc-Version:
      - '2'
      Accept-Encoding:
      - gzip;q=1.0,deflate;q=0.6,identity;q=0.3
      Host:
      - staging2-lcm-dev.intgdc.com
  response:
    status:
      code: 200
      message: OK
    headers:
      X-Gdc-Log-Header:
      - ''
      Content-Type:
      - application/json;charset=UTF-8
      Transfer-Encoding:
      - chunked
      Date:
      - Thu, 07 May 2020 13:25:09 GMT
      Server:
      - GoodData WebApp
      X-Gdc-Request-Time:
      - '20'
      X-Gdc-Request:
      - ":2Wa6iWupUmeg_6eZ0KTMwg:_xQAp_1f_0FgzAiZEdXI8Q:6JX8b8IbLCwCQn7i"
      Cache-Control:
      - no-cache, no-store, must-revalidate
      Vary:
      - Accept-Encoding,origin,X-GDC-VERSION
      Strict-Transport-Security:
      - max-age=10886400; includeSubDomains; preload;
    body:
      encoding: ASCII-8BIT
      string: '{"projectModelView":{"model":{"projectModel":{"modelMetadata":{"containCA":true},"datasets":[{"dataset":{"identifier":"dataset.csv_policies","title":"Policies","anchor":{"attribute":{"identifier":"attr.csv_policies.factsof","title":"Records
        of Policies","folder":"Policies"}},"attributes":[{"attribute":{"identifier":"attr.csv_policies.customer","title":"Customer","folder":"Policies","labels":[{"label":{"identifier":"label.csv_policies.customer","title":"Customer","type":"GDC.text","dataType":"VARCHAR(255)"}}],"defaultLabel":"label.csv_policies.customer"}},{"attribute":{"identifier":"attr.csv_policies.state","title":"State","folder":"Policies","labels":[{"label":{"identifier":"label.csv_policies.state","title":"State","type":"GDC.text","dataType":"VARCHAR(255)"}}],"defaultLabel":"label.csv_policies.state"}},{"attribute":{"identifier":"attr.csv_policies.coverage","title":"Coverage","folder":"Policies","labels":[{"label":{"identifier":"label.csv_policies.coverage","title":"Coverage","type":"GDC.text","dataType":"VARCHAR(255)"}}],"defaultLabel":"label.csv_policies.coverage"}},{"attribute":{"identifier":"attr.csv_policies.education","title":"Education","folder":"Policies","labels":[{"label":{"identifier":"label.csv_policies.education","title":"Education","type":"GDC.text","dataType":"VARCHAR(255)"}}],"defaultLabel":"label.csv_policies.education"}},{"attribute":{"identifier":"attr.csv_policies.employmentstatus","title":"Employmentstatus","folder":"Policies","labels":[{"label":{"identifier":"label.csv_policies.employmentstatus","title":"Employmentstatus","type":"GDC.text","dataType":"VARCHAR(255)"}}],"defaultLabel":"label.csv_policies.employmentstatus"}},{"attribute":{"identifier":"attr.csv_policies.gender","title":"Gender","folder":"Policies","labels":[{"label":{"identifier":"label.csv_policies.gender","title":"Gender","type":"GDC.text","dataType":"VARCHAR(255)"}}],"defaultLabel":"label.csv_policies.gender"}},{"attribute":{"identifier":"attr.csv_policies.marital_status","title":"Marital
        Status","folder":"Policies","labels":[{"label":{"identifier":"label.csv_policies.marital_status","title":"Marital
        Status","type":"GDC.text","dataType":"VARCHAR(255)"}}],"defaultLabel":"label.csv_policies.marital_status"}},{"attribute":{"identifier":"attr.csv_policies.policy_type","title":"Policy
        Type","folder":"Policies","labels":[{"label":{"identifier":"label.csv_policies.policy_type","title":"Policy
        Type","type":"GDC.text","dataType":"VARCHAR(255)"}}],"defaultLabel":"label.csv_policies.policy_type"}},{"attribute":{"identifier":"attr.csv_policies.renew_offer_type","title":"Renew
        Offer Type","folder":"Policies","labels":[{"label":{"identifier":"label.csv_policies.renew_offer_type","title":"Renew
        Offer Type","type":"GDC.text","dataType":"VARCHAR(255)"}}],"defaultLabel":"label.csv_policies.renew_offer_type"}},{"attribute":{"identifier":"attr.csv_policies.sales_channel","title":"Sales
        Channel","folder":"Policies","labels":[{"label":{"identifier":"label.csv_policies.sales_channel","title":"Sales
        Channel","type":"GDC.text","dataType":"VARCHAR(255)"}}],"defaultLabel":"label.csv_policies.sales_channel"}},{"attribute":{"identifier":"attr.csv_policies.vehicle_class","title":"Vehicle
        Class","folder":"Policies","labels":[{"label":{"identifier":"label.csv_policies.vehicle_class","title":"Vehicle
        Class","type":"GDC.text","dataType":"VARCHAR(255)"}}],"defaultLabel":"label.csv_policies.vehicle_class"}},{"attribute":{"identifier":"attr.csv_policies.vehicle_size","title":"Vehicle
        Size","folder":"Policies","labels":[{"label":{"identifier":"label.csv_policies.vehicle_size","title":"Vehicle
        Size","type":"GDC.text","dataType":"VARCHAR(255)"}}],"defaultLabel":"label.csv_policies.vehicle_size"}}],"facts":[{"fact":{"identifier":"fact.csv_policies.customer_lifetime_value","title":"Customer
        Lifetime Value","folder":"Policies","dataType":"DECIMAL(15,6)"}},{"fact":{"identifier":"fact.csv_policies.income","title":"Income","folder":"Policies","dataType":"DECIMAL(15,6)"}},{"fact":{"identifier":"fact.csv_policies.monthly_premium_auto","title":"Monthly
        Premium Auto","folder":"Policies","dataType":"DECIMAL(15,6)"}},{"fact":{"identifier":"fact.csv_policies.total_claim_amount","title":"Total
        Claim Amount","folder":"Policies","dataType":"DECIMAL(15,6)"}}],"references":["effective_to_date"],"production":true}},{"dataset":{"identifier":"dataset.comp.my_computed_attr","title":"My
        computed attribute","anchor":{"attribute":{"identifier":"attr.comp.my_computed_attr","title":"My
        computed attribute","folder":"My computed attribute","labels":[{"label":{"identifier":"label.comp.my_computed_attr","title":"Label.Comp.My
        Computed Attr","type":"GDC.text","dataType":"VARCHAR(128)"}}],"defaultLabel":"label.comp.my_computed_attr","relations":["to
        {attr.csv_policies.state} as case when {metric.customers.count} <= 1000 then
        {attr.comp.my_computed_attr?\"Small\"}, when {metric.customers.count} <= 2000
        then {attr.comp.my_computed_attr?\"Medium\"}, when {metric.customers.count}
        > 2000 then {attr.comp.my_computed_attr?\"Large\"} else {attr.comp.my_computed_attr?\"\"}
        end"]}},"production":true}}],"dateDimensions":[{"dateDimension":{"name":"effective_to_date","title":"Effective
        To Date","production":true,"urn":"urn:gooddata:date","identifier":"effective_to_date.dataset.dt","identifierPrefix":"effective_to_date","bridges":[]}}]}}}}'
    http_version: null
  recorded_at: Thu, 07 May 2020 13:25:09 GMT
- request:
    method: get
    uri: https://staging2-lcm-dev.intgdc.com/gdc/projects/d1jibu5q4oaxutzx2gvh940i9c95domw/model/view/65b0a6a5db078b9b4271325039d606fa54078d6dc2c16ba900000015
    body:
      encoding: US-ASCII
      string: ''
    headers:
      Accept:
      - application/json, application/zip
      User-Agent:
      - gooddata-gem/2.1.10/x86_64-darwin16/2.3.8
      Content-Type:
      - application/json
      X-Gdc-Authtt:
      - "<X_GDC_AUTHTT>"
      X-Gdc-Request:
      - ":2Wa6iWupUmeg_6eZ0KTMwg:_sFFFjrQdPv6G8qE9aSHVQ"
      Stats-On:
      - ''
      X-Gdc-Version:
      - '2'
      Accept-Encoding:
      - gzip;q=1.0,deflate;q=0.6,identity;q=0.3
      Host:
      - staging2-lcm-dev.intgdc.com
  response:
    status:
      code: 200
      message: OK
    headers:
      X-Gdc-Log-Header:
      - ''
      Content-Type:
      - application/json;charset=UTF-8
      Transfer-Encoding:
      - chunked
      Date:
      - Thu, 07 May 2020 13:25:11 GMT
      Server:
      - GoodData WebApp
      X-Gdc-Request-Time:
      - '16'
      X-Gdc-Request:
      - ":2Wa6iWupUmeg_6eZ0KTMwg:_sFFFjrQdPv6G8qE9aSHVQ:lhrW5VeBmIvrDwkg"
      Cache-Control:
      - no-cache, no-store, must-revalidate
      Vary:
      - Accept-Encoding,origin,X-GDC-VERSION
      Strict-Transport-Security:
      - max-age=10886400; includeSubDomains; preload;
    body:
      encoding: ASCII-8BIT
      string: '{"projectModelView":{"model":{"projectModel":{"modelMetadata":{"containCA":true},"datasets":[{"dataset":{"identifier":"dataset.csv_policies","title":"Policies","anchor":{"attribute":{"identifier":"attr.csv_policies.factsof","title":"Records
        of Policies","folder":"Policies"}},"attributes":[{"attribute":{"identifier":"attr.csv_policies.customer","title":"Customer","folder":"Policies","labels":[{"label":{"identifier":"label.csv_policies.customer","title":"Customer","type":"GDC.text","dataType":"VARCHAR(255)"}}],"defaultLabel":"label.csv_policies.customer"}},{"attribute":{"identifier":"attr.csv_policies.state","title":"State","folder":"Policies","labels":[{"label":{"identifier":"label.csv_policies.state","title":"State","type":"GDC.text","dataType":"VARCHAR(255)"}}],"defaultLabel":"label.csv_policies.state"}},{"attribute":{"identifier":"attr.csv_policies.coverage","title":"Coverage","folder":"Policies","labels":[{"label":{"identifier":"label.csv_policies.coverage","title":"Coverage","type":"GDC.text","dataType":"VARCHAR(255)"}}],"defaultLabel":"label.csv_policies.coverage"}},{"attribute":{"identifier":"attr.csv_policies.education","title":"Education","folder":"Policies","labels":[{"label":{"identifier":"label.csv_policies.education","title":"Education","type":"GDC.text","dataType":"VARCHAR(255)"}}],"defaultLabel":"label.csv_policies.education"}},{"attribute":{"identifier":"attr.csv_policies.employmentstatus","title":"Employmentstatus","folder":"Policies","labels":[{"label":{"identifier":"label.csv_policies.employmentstatus","title":"Employmentstatus","type":"GDC.text","dataType":"VARCHAR(255)"}}],"defaultLabel":"label.csv_policies.employmentstatus"}},{"attribute":{"identifier":"attr.csv_policies.gender","title":"Gender","folder":"Policies","labels":[{"label":{"identifier":"label.csv_policies.gender","title":"Gender","type":"GDC.text","dataType":"VARCHAR(255)"}}],"defaultLabel":"label.csv_policies.gender"}},{"attribute":{"identifier":"attr.csv_policies.marital_status","title":"Marital
        Status","folder":"Policies","labels":[{"label":{"identifier":"label.csv_policies.marital_status","title":"Marital
        Status","type":"GDC.text","dataType":"VARCHAR(255)"}}],"defaultLabel":"label.csv_policies.marital_status"}},{"attribute":{"identifier":"attr.csv_policies.policy_type","title":"Policy
        Type","folder":"Policies","labels":[{"label":{"identifier":"label.csv_policies.policy_type","title":"Policy
        Type","type":"GDC.text","dataType":"VARCHAR(255)"}}],"defaultLabel":"label.csv_policies.policy_type"}},{"attribute":{"identifier":"attr.csv_policies.renew_offer_type","title":"Renew
        Offer Type","folder":"Policies","labels":[{"label":{"identifier":"label.csv_policies.renew_offer_type","title":"Renew
        Offer Type","type":"GDC.text","dataType":"VARCHAR(255)"}}],"defaultLabel":"label.csv_policies.renew_offer_type"}},{"attribute":{"identifier":"attr.csv_policies.sales_channel","title":"Sales
        Channel","folder":"Policies","labels":[{"label":{"identifier":"label.csv_policies.sales_channel","title":"Sales
        Channel","type":"GDC.text","dataType":"VARCHAR(255)"}}],"defaultLabel":"label.csv_policies.sales_channel"}},{"attribute":{"identifier":"attr.csv_policies.vehicle_class","title":"Vehicle
        Class","folder":"Policies","labels":[{"label":{"identifier":"label.csv_policies.vehicle_class","title":"Vehicle
        Class","type":"GDC.text","dataType":"VARCHAR(255)"}}],"defaultLabel":"label.csv_policies.vehicle_class"}},{"attribute":{"identifier":"attr.csv_policies.vehicle_size","title":"Vehicle
        Size","folder":"Policies","labels":[{"label":{"identifier":"label.csv_policies.vehicle_size","title":"Vehicle
        Size","type":"GDC.text","dataType":"VARCHAR(255)"}}],"defaultLabel":"label.csv_policies.vehicle_size"}}],"facts":[{"fact":{"identifier":"fact.csv_policies.customer_lifetime_value","title":"Customer
        Lifetime Value","folder":"Policies","dataType":"DECIMAL(15,6)"}},{"fact":{"identifier":"fact.csv_policies.income","title":"Income","folder":"Policies","dataType":"DECIMAL(15,6)"}},{"fact":{"identifier":"fact.csv_policies.monthly_premium_auto","title":"Monthly
        Premium Auto","folder":"Policies","dataType":"DECIMAL(15,6)"}},{"fact":{"identifier":"fact.csv_policies.total_claim_amount","title":"Total
        Claim Amount","folder":"Policies","dataType":"DECIMAL(15,6)"}}],"references":["effective_to_date"],"production":true}},{"dataset":{"identifier":"dataset.comp.my_computed_attr","title":"My
        computed attribute","anchor":{"attribute":{"identifier":"attr.comp.my_computed_attr","title":"My
        computed attribute","folder":"My computed attribute","labels":[{"label":{"identifier":"label.comp.my_computed_attr","title":"Label.Comp.My
        Computed Attr","type":"GDC.text","dataType":"VARCHAR(128)"}}],"defaultLabel":"label.comp.my_computed_attr","relations":["to
        {attr.csv_policies.state} as case when {metric.customers.count} <= 1000 then
        {attr.comp.my_computed_attr?\"Small\"}, when {metric.customers.count} <= 2000
        then {attr.comp.my_computed_attr?\"Medium\"}, when {metric.customers.count}
        > 2000 then {attr.comp.my_computed_attr?\"Large\"} else {attr.comp.my_computed_attr?\"\"}
        end"]}},"production":true}}],"dateDimensions":[{"dateDimension":{"name":"effective_to_date","title":"Effective
        To Date","production":true,"urn":"urn:gooddata:date","identifier":"effective_to_date.dataset.dt","identifierPrefix":"effective_to_date","bridges":[]}}]}}}}'
    http_version: null
  recorded_at: Thu, 07 May 2020 13:25:10 GMT
- request:
    method: post
    uri: https://staging2-lcm-prod.intgdc.com/gdc/projects/aa9kzlzod3nq7oj9zj6q2ixk021j1v3v/model/diff?includeCA=true&includeGrain=true
    body:
      encoding: UTF-8
      string: '{"diffRequest":{"targetModel":{"projectModel":{"modelMetadata":{"containCA":true},"datasets":[{"dataset":{"identifier":"dataset.csv_policies","title":"Policies","anchor":{"attribute":{"identifier":"attr.csv_policies.factsof","title":"Records
        of Policies","folder":"Policies"}},"attributes":[{"attribute":{"identifier":"attr.csv_policies.customer","title":"Customer","folder":"Policies","labels":[{"label":{"identifier":"label.csv_policies.customer","title":"Customer","type":"GDC.text","dataType":"VARCHAR(255)"}}],"defaultLabel":"label.csv_policies.customer"}},{"attribute":{"identifier":"attr.csv_policies.state","title":"State","folder":"Policies","labels":[{"label":{"identifier":"label.csv_policies.state","title":"State","type":"GDC.text","dataType":"VARCHAR(255)"}}],"defaultLabel":"label.csv_policies.state"}},{"attribute":{"identifier":"attr.csv_policies.coverage","title":"Coverage","folder":"Policies","labels":[{"label":{"identifier":"label.csv_policies.coverage","title":"Coverage","type":"GDC.text","dataType":"VARCHAR(255)"}}],"defaultLabel":"label.csv_policies.coverage"}},{"attribute":{"identifier":"attr.csv_policies.education","title":"Education","folder":"Policies","labels":[{"label":{"identifier":"label.csv_policies.education","title":"Education","type":"GDC.text","dataType":"VARCHAR(255)"}}],"defaultLabel":"label.csv_policies.education"}},{"attribute":{"identifier":"attr.csv_policies.employmentstatus","title":"Employmentstatus","folder":"Policies","labels":[{"label":{"identifier":"label.csv_policies.employmentstatus","title":"Employmentstatus","type":"GDC.text","dataType":"VARCHAR(255)"}}],"defaultLabel":"label.csv_policies.employmentstatus"}},{"attribute":{"identifier":"attr.csv_policies.gender","title":"Gender","folder":"Policies","labels":[{"label":{"identifier":"label.csv_policies.gender","title":"Gender","type":"GDC.text","dataType":"VARCHAR(255)"}}],"defaultLabel":"label.csv_policies.gender"}},{"attribute":{"identifier":"attr.csv_policies.marital_status","title":"Marital
        Status","folder":"Policies","labels":[{"label":{"identifier":"label.csv_policies.marital_status","title":"Marital
        Status","type":"GDC.text","dataType":"VARCHAR(255)"}}],"defaultLabel":"label.csv_policies.marital_status"}},{"attribute":{"identifier":"attr.csv_policies.policy_type","title":"Policy
        Type","folder":"Policies","labels":[{"label":{"identifier":"label.csv_policies.policy_type","title":"Policy
        Type","type":"GDC.text","dataType":"VARCHAR(255)"}}],"defaultLabel":"label.csv_policies.policy_type"}},{"attribute":{"identifier":"attr.csv_policies.renew_offer_type","title":"Renew
        Offer Type","folder":"Policies","labels":[{"label":{"identifier":"label.csv_policies.renew_offer_type","title":"Renew
        Offer Type","type":"GDC.text","dataType":"VARCHAR(255)"}}],"defaultLabel":"label.csv_policies.renew_offer_type"}},{"attribute":{"identifier":"attr.csv_policies.sales_channel","title":"Sales
        Channel","folder":"Policies","labels":[{"label":{"identifier":"label.csv_policies.sales_channel","title":"Sales
        Channel","type":"GDC.text","dataType":"VARCHAR(255)"}}],"defaultLabel":"label.csv_policies.sales_channel"}},{"attribute":{"identifier":"attr.csv_policies.vehicle_class","title":"Vehicle
        Class","folder":"Policies","labels":[{"label":{"identifier":"label.csv_policies.vehicle_class","title":"Vehicle
        Class","type":"GDC.text","dataType":"VARCHAR(255)"}}],"defaultLabel":"label.csv_policies.vehicle_class"}},{"attribute":{"identifier":"attr.csv_policies.vehicle_size","title":"Vehicle
        Size","folder":"Policies","labels":[{"label":{"identifier":"label.csv_policies.vehicle_size","title":"Vehicle
        Size","type":"GDC.text","dataType":"VARCHAR(255)"}}],"defaultLabel":"label.csv_policies.vehicle_size"}}],"facts":[{"fact":{"identifier":"fact.csv_policies.customer_lifetime_value","title":"Customer
        Lifetime Value","folder":"Policies","dataType":"DECIMAL(15,6)","type":"fact"}},{"fact":{"identifier":"fact.csv_policies.income","title":"Income","folder":"Policies","dataType":"DECIMAL(15,6)","type":"fact"}},{"fact":{"identifier":"fact.csv_policies.monthly_premium_auto","title":"Monthly
        Premium Auto","folder":"Policies","dataType":"DECIMAL(15,6)","type":"fact"}},{"fact":{"identifier":"fact.csv_policies.total_claim_amount","title":"Total
        Claim Amount","folder":"Policies","dataType":"DECIMAL(15,6)","type":"fact"}}],"references":["effective_to_date"],"bridges":[]}},{"dataset":{"identifier":"dataset.comp.my_computed_attr","title":"My
        computed attribute","anchor":{"attribute":{"identifier":"attr.comp.my_computed_attr","title":"My
        computed attribute","folder":"My computed attribute","labels":[{"label":{"identifier":"label.comp.my_computed_attr","title":"Label.Comp.My
        Computed Attr","type":"GDC.text","dataType":"VARCHAR(128)"}}],"relations":["to
        {attr.csv_policies.state} as case when {metric.customers.count} <= 1000 then
        {attr.comp.my_computed_attr?\"Small\"}, when {metric.customers.count} <= 2000
        then {attr.comp.my_computed_attr?\"Medium\"}, when {metric.customers.count}
        > 2000 then {attr.comp.my_computed_attr?\"Large\"} else {attr.comp.my_computed_attr?\"\"}
        end"],"defaultLabel":"label.comp.my_computed_attr"}},"attributes":[],"facts":[],"references":[],"bridges":[]}}],"dateDimensions":[{"dateDimension":{"name":"effective_to_date","urn":"urn:gooddata:date","title":"Effective
        To Date","identifierPrefix":"effective_to_date","bridges":[]}}]}}}}'
    headers:
      Accept:
      - application/json, application/zip
      User-Agent:
      - gooddata-gem/2.1.10/x86_64-darwin16/2.3.8
      Content-Type:
      - application/json
      X-Gdc-Authtt:
      - "<X_GDC_AUTHTT>"
      X-Gdc-Request:
      - ":bRskxGTtAwaCcYwF7SRZHA:t2OF5fvZvW-dPB8qMU4fnQ"
      Stats-On:
      - ''
      X-Gdc-Version:
      - '2'
      Content-Length:
      - '5373'
      Accept-Encoding:
      - gzip;q=1.0,deflate;q=0.6,identity;q=0.3
      Host:
      - staging2-lcm-prod.intgdc.com
  response:
    status:
      code: 202
      message: Accepted
    headers:
      Location:
      - "/gdc/projects/aa9kzlzod3nq7oj9zj6q2ixk021j1v3v/model/diff/db9ce1e6b0d1df249e7ffa2fbd7b45a31f8d8f8c7e8c193600000015"
      X-Gdc-Log-Header:
      - ''
      Content-Type:
      - application/json;charset=UTF-8
      Date:
      - Thu, 07 May 2020 13:25:12 GMT
      Server:
      - GoodData WebApp
      X-Gdc-Request-Time:
      - '241'
      X-Gdc-Request:
      - ":bRskxGTtAwaCcYwF7SRZHA:t2OF5fvZvW-dPB8qMU4fnQ:Ftq7jBzdCB6U8yIP"
      Cache-Control:
      - no-cache, no-store, must-revalidate
      Vary:
      - origin,X-GDC-VERSION
      Transfer-Encoding:
      - chunked
      Strict-Transport-Security:
      - max-age=10886400; includeSubDomains; preload;
    body:
      encoding: ASCII-8BIT
      string: '{"asyncTask":{"link":{"poll":"/gdc/projects/aa9kzlzod3nq7oj9zj6q2ixk021j1v3v/model/diff/db9ce1e6b0d1df249e7ffa2fbd7b45a31f8d8f8c7e8c193600000015"}}}'
    http_version: null
  recorded_at: Thu, 07 May 2020 13:25:11 GMT
- request:
    method: get
    uri: https://staging2-lcm-prod.intgdc.com/gdc/projects/aa9kzlzod3nq7oj9zj6q2ixk021j1v3v/model/diff/db9ce1e6b0d1df249e7ffa2fbd7b45a31f8d8f8c7e8c193600000015
    body:
      encoding: US-ASCII
      string: ''
    headers:
      Accept:
      - application/json, application/zip
      User-Agent:
      - gooddata-gem/2.1.10/x86_64-darwin16/2.3.8
      Content-Type:
      - application/json
      X-Gdc-Authtt:
      - "<X_GDC_AUTHTT>"
      X-Gdc-Request:
      - ":bRskxGTtAwaCcYwF7SRZHA:HLmJvOMyOo4eeSy7sEWp9g"
      Process:
      - 'false'
      Stats-On:
      - ''
      X-Gdc-Version:
      - '2'
      Accept-Encoding:
      - gzip;q=1.0,deflate;q=0.6,identity;q=0.3
      Host:
      - staging2-lcm-prod.intgdc.com
  response:
    status:
      code: 202
      message: Accepted
    headers:
      Location:
      - "/gdc/projects/aa9kzlzod3nq7oj9zj6q2ixk021j1v3v/model/diff/db9ce1e6b0d1df249e7ffa2fbd7b45a31f8d8f8c7e8c193600000015"
      X-Gdc-Log-Header:
      - ''
      Content-Type:
      - application/json;charset=UTF-8
      Date:
      - Thu, 07 May 2020 13:25:12 GMT
      Server:
      - GoodData WebApp
      X-Gdc-Request-Time:
      - '12'
      X-Gdc-Request:
      - ":bRskxGTtAwaCcYwF7SRZHA:HLmJvOMyOo4eeSy7sEWp9g:sybla70lqy300glu"
      Cache-Control:
      - no-cache, no-store, must-revalidate
      Vary:
      - origin,X-GDC-VERSION
      Transfer-Encoding:
      - chunked
      Strict-Transport-Security:
      - max-age=10886400; includeSubDomains; preload;
    body:
      encoding: ASCII-8BIT
      string: '{"asyncTask":{"link":{"poll":"/gdc/projects/aa9kzlzod3nq7oj9zj6q2ixk021j1v3v/model/diff/db9ce1e6b0d1df249e7ffa2fbd7b45a31f8d8f8c7e8c193600000015"}}}'
    http_version: null
  recorded_at: Thu, 07 May 2020 13:25:12 GMT
- request:
    method: get
    uri: https://staging2-lcm-prod.intgdc.com/gdc/projects/aa9kzlzod3nq7oj9zj6q2ixk021j1v3v/model/diff/db9ce1e6b0d1df249e7ffa2fbd7b45a31f8d8f8c7e8c193600000015
    body:
      encoding: US-ASCII
      string: ''
    headers:
      Accept:
      - application/json, application/zip
      User-Agent:
      - gooddata-gem/2.1.10/x86_64-darwin16/2.3.8
      Content-Type:
      - application/json
      X-Gdc-Authtt:
      - "<X_GDC_AUTHTT>"
      X-Gdc-Request:
      - ":bRskxGTtAwaCcYwF7SRZHA:4kapCzErzJP3Wl4EJilPHw"
      Process:
      - 'false'
      Stats-On:
      - ''
      X-Gdc-Version:
      - '2'
      Accept-Encoding:
      - gzip;q=1.0,deflate;q=0.6,identity;q=0.3
      Host:
      - staging2-lcm-prod.intgdc.com
  response:
    status:
      code: 200
      message: OK
    headers:
      X-Gdc-Log-Header:
      - ''
      Content-Type:
      - application/json;charset=UTF-8
      Date:
      - Thu, 07 May 2020 13:25:15 GMT
      Server:
      - GoodData WebApp
      X-Gdc-Request-Time:
      - '20'
      X-Gdc-Request:
      - ":bRskxGTtAwaCcYwF7SRZHA:4kapCzErzJP3Wl4EJilPHw:Mp8iwuoZClOI3syV"
      Cache-Control:
      - no-cache, no-store, must-revalidate
      Vary:
      - origin,X-GDC-VERSION
      Transfer-Encoding:
      - chunked
      Strict-Transport-Security:
      - max-age=10886400; includeSubDomains; preload;
    body:
      encoding: ASCII-8BIT
      string: '{"projectModelDiff":{"updateOperations":[],"updateScripts":[]}}'
    http_version: null
  recorded_at: Thu, 07 May 2020 13:25:14 GMT
- request:
    method: get
    uri: https://staging2-lcm-prod.intgdc.com/gdc/projects/aa9kzlzod3nq7oj9zj6q2ixk021j1v3v/model/diff/db9ce1e6b0d1df249e7ffa2fbd7b45a31f8d8f8c7e8c193600000015
    body:
      encoding: US-ASCII
      string: ''
    headers:
      Accept:
      - application/json, application/zip
      User-Agent:
      - gooddata-gem/2.1.10/x86_64-darwin16/2.3.8
      Content-Type:
      - application/json
      X-Gdc-Authtt:
      - "<X_GDC_AUTHTT>"
      X-Gdc-Request:
      - ":bRskxGTtAwaCcYwF7SRZHA:xARnYT37sxu5Sq3sb2oAYw"
      Stats-On:
      - ''
      X-Gdc-Version:
      - '2'
      Accept-Encoding:
      - gzip;q=1.0,deflate;q=0.6,identity;q=0.3
      Host:
      - staging2-lcm-prod.intgdc.com
  response:
    status:
      code: 200
      message: OK
    headers:
      X-Gdc-Log-Header:
      - ''
      Content-Type:
      - application/json;charset=UTF-8
      Date:
      - Thu, 07 May 2020 13:25:16 GMT
      Server:
      - GoodData WebApp
      X-Gdc-Request-Time:
      - '16'
      X-Gdc-Request:
      - ":bRskxGTtAwaCcYwF7SRZHA:xARnYT37sxu5Sq3sb2oAYw:g0Z1V0XA9ZfWuFxP"
      Cache-Control:
      - no-cache, no-store, must-revalidate
      Vary:
      - origin,X-GDC-VERSION
      Transfer-Encoding:
      - chunked
      Strict-Transport-Security:
      - max-age=10886400; includeSubDomains; preload;
    body:
      encoding: ASCII-8BIT
      string: '{"projectModelDiff":{"updateOperations":[],"updateScripts":[]}}'
    http_version: null
  recorded_at: Thu, 07 May 2020 13:25:15 GMT
- request:
    method: get
    uri: https://staging2-lcm-dev.intgdc.com/gdc/projects/d1jibu5q4oaxutzx2gvh940i9c95domw/model/view?includeCA=true&includeDeprecated=true&includeGrain=true
    body:
      encoding: US-ASCII
      string: ''
    headers:
      Accept:
      - application/json, application/zip
      User-Agent:
      - gooddata-gem/2.1.10/x86_64-darwin16/2.3.8
      Content-Type:
      - application/json
      X-Gdc-Authtt:
      - "<X_GDC_AUTHTT>"
      X-Gdc-Request:
      - ":2Wa6iWupUmeg_6eZ0KTMwg:4bLzXtxnUaV-VcI_T4k5bQ"
      Stats-On:
      - ''
      X-Gdc-Version:
      - '2'
      Accept-Encoding:
      - gzip;q=1.0,deflate;q=0.6,identity;q=0.3
      Host:
      - staging2-lcm-dev.intgdc.com
  response:
    status:
      code: 202
      message: Accepted
    headers:
      Location:
      - "/gdc/projects/d1jibu5q4oaxutzx2gvh940i9c95domw/model/view/63503db525da6978b8f0a89de7dcee2f623bb470dbe849e700000015"
      X-Gdc-Log-Header:
      - ''
      Content-Type:
      - application/json;charset=UTF-8
      Date:
      - Thu, 07 May 2020 13:25:17 GMT
      Server:
      - GoodData WebApp
      X-Gdc-Request-Time:
      - '14'
      X-Gdc-Request:
      - ":2Wa6iWupUmeg_6eZ0KTMwg:4bLzXtxnUaV-VcI_T4k5bQ:33XZguxWKaJvCCw1"
      Cache-Control:
      - no-cache, no-store, must-revalidate
      Vary:
      - origin,X-GDC-VERSION
      Transfer-Encoding:
      - chunked
      Strict-Transport-Security:
      - max-age=10886400; includeSubDomains; preload;
    body:
      encoding: ASCII-8BIT
      string: '{"asyncTask":{"link":{"poll":"/gdc/projects/d1jibu5q4oaxutzx2gvh940i9c95domw/model/view/63503db525da6978b8f0a89de7dcee2f623bb470dbe849e700000015"}}}'
    http_version: null
  recorded_at: Thu, 07 May 2020 13:25:16 GMT
- request:
    method: get
    uri: https://staging2-lcm-dev.intgdc.com/gdc/projects/d1jibu5q4oaxutzx2gvh940i9c95domw/model/view/63503db525da6978b8f0a89de7dcee2f623bb470dbe849e700000015
    body:
      encoding: US-ASCII
      string: ''
    headers:
      Accept:
      - application/json, application/zip
      User-Agent:
      - gooddata-gem/2.1.10/x86_64-darwin16/2.3.8
      Content-Type:
      - application/json
      X-Gdc-Authtt:
      - "<X_GDC_AUTHTT>"
      X-Gdc-Request:
      - ":2Wa6iWupUmeg_6eZ0KTMwg:kmCanQapckl6Kd4p8PoSyg"
      Process:
      - 'false'
      Stats-On:
      - ''
      X-Gdc-Version:
      - '2'
      Accept-Encoding:
      - gzip;q=1.0,deflate;q=0.6,identity;q=0.3
      Host:
      - staging2-lcm-dev.intgdc.com
  response:
    status:
      code: 200
      message: OK
    headers:
      X-Gdc-Log-Header:
      - ''
      Content-Type:
      - application/json;charset=UTF-8
      Transfer-Encoding:
      - chunked
      Date:
      - Thu, 07 May 2020 13:25:17 GMT
      Server:
      - GoodData WebApp
      X-Gdc-Request-Time:
      - '17'
      X-Gdc-Request:
      - ":2Wa6iWupUmeg_6eZ0KTMwg:kmCanQapckl6Kd4p8PoSyg:6f9WiXK2mr85YxPR"
      Cache-Control:
      - no-cache, no-store, must-revalidate
      Vary:
      - Accept-Encoding,origin,X-GDC-VERSION
      Strict-Transport-Security:
      - max-age=10886400; includeSubDomains; preload;
    body:
      encoding: ASCII-8BIT
      string: '{"projectModelView":{"model":{"projectModel":{"modelMetadata":{"containCA":true},"datasets":[{"dataset":{"identifier":"dataset.csv_policies","title":"Policies","anchor":{"attribute":{"identifier":"attr.csv_policies.factsof","title":"Records
        of Policies","folder":"Policies"}},"attributes":[{"attribute":{"identifier":"attr.csv_policies.customer","title":"Customer","folder":"Policies","labels":[{"label":{"identifier":"label.csv_policies.customer","title":"Customer","type":"GDC.text","dataType":"VARCHAR(255)"}}],"defaultLabel":"label.csv_policies.customer"}},{"attribute":{"identifier":"attr.csv_policies.state","title":"State","folder":"Policies","labels":[{"label":{"identifier":"label.csv_policies.state","title":"State","type":"GDC.text","dataType":"VARCHAR(255)"}}],"defaultLabel":"label.csv_policies.state"}},{"attribute":{"identifier":"attr.csv_policies.coverage","title":"Coverage","folder":"Policies","labels":[{"label":{"identifier":"label.csv_policies.coverage","title":"Coverage","type":"GDC.text","dataType":"VARCHAR(255)"}}],"defaultLabel":"label.csv_policies.coverage"}},{"attribute":{"identifier":"attr.csv_policies.education","title":"Education","folder":"Policies","labels":[{"label":{"identifier":"label.csv_policies.education","title":"Education","type":"GDC.text","dataType":"VARCHAR(255)"}}],"defaultLabel":"label.csv_policies.education"}},{"attribute":{"identifier":"attr.csv_policies.employmentstatus","title":"Employmentstatus","folder":"Policies","labels":[{"label":{"identifier":"label.csv_policies.employmentstatus","title":"Employmentstatus","type":"GDC.text","dataType":"VARCHAR(255)"}}],"defaultLabel":"label.csv_policies.employmentstatus"}},{"attribute":{"identifier":"attr.csv_policies.gender","title":"Gender","folder":"Policies","labels":[{"label":{"identifier":"label.csv_policies.gender","title":"Gender","type":"GDC.text","dataType":"VARCHAR(255)"}}],"defaultLabel":"label.csv_policies.gender"}},{"attribute":{"identifier":"attr.csv_policies.marital_status","title":"Marital
        Status","folder":"Policies","labels":[{"label":{"identifier":"label.csv_policies.marital_status","title":"Marital
        Status","type":"GDC.text","dataType":"VARCHAR(255)"}}],"defaultLabel":"label.csv_policies.marital_status"}},{"attribute":{"identifier":"attr.csv_policies.policy_type","title":"Policy
        Type","folder":"Policies","labels":[{"label":{"identifier":"label.csv_policies.policy_type","title":"Policy
        Type","type":"GDC.text","dataType":"VARCHAR(255)"}}],"defaultLabel":"label.csv_policies.policy_type"}},{"attribute":{"identifier":"attr.csv_policies.renew_offer_type","title":"Renew
        Offer Type","folder":"Policies","labels":[{"label":{"identifier":"label.csv_policies.renew_offer_type","title":"Renew
        Offer Type","type":"GDC.text","dataType":"VARCHAR(255)"}}],"defaultLabel":"label.csv_policies.renew_offer_type"}},{"attribute":{"identifier":"attr.csv_policies.sales_channel","title":"Sales
        Channel","folder":"Policies","labels":[{"label":{"identifier":"label.csv_policies.sales_channel","title":"Sales
        Channel","type":"GDC.text","dataType":"VARCHAR(255)"}}],"defaultLabel":"label.csv_policies.sales_channel"}},{"attribute":{"identifier":"attr.csv_policies.vehicle_class","title":"Vehicle
        Class","folder":"Policies","labels":[{"label":{"identifier":"label.csv_policies.vehicle_class","title":"Vehicle
        Class","type":"GDC.text","dataType":"VARCHAR(255)"}}],"defaultLabel":"label.csv_policies.vehicle_class"}},{"attribute":{"identifier":"attr.csv_policies.vehicle_size","title":"Vehicle
        Size","folder":"Policies","labels":[{"label":{"identifier":"label.csv_policies.vehicle_size","title":"Vehicle
        Size","type":"GDC.text","dataType":"VARCHAR(255)"}}],"defaultLabel":"label.csv_policies.vehicle_size"}}],"facts":[{"fact":{"identifier":"fact.csv_policies.customer_lifetime_value","title":"Customer
        Lifetime Value","folder":"Policies","dataType":"DECIMAL(15,6)"}},{"fact":{"identifier":"fact.csv_policies.income","title":"Income","folder":"Policies","dataType":"DECIMAL(15,6)"}},{"fact":{"identifier":"fact.csv_policies.monthly_premium_auto","title":"Monthly
        Premium Auto","folder":"Policies","dataType":"DECIMAL(15,6)"}},{"fact":{"identifier":"fact.csv_policies.total_claim_amount","title":"Total
        Claim Amount","folder":"Policies","dataType":"DECIMAL(15,6)"}}],"references":["effective_to_date"],"production":true}},{"dataset":{"identifier":"dataset.comp.my_computed_attr","title":"My
        computed attribute","anchor":{"attribute":{"identifier":"attr.comp.my_computed_attr","title":"My
        computed attribute","folder":"My computed attribute","labels":[{"label":{"identifier":"label.comp.my_computed_attr","title":"Label.Comp.My
        Computed Attr","type":"GDC.text","dataType":"VARCHAR(128)"}}],"defaultLabel":"label.comp.my_computed_attr","relations":["to
        {attr.csv_policies.state} as case when {metric.customers.count} <= 1000 then
        {attr.comp.my_computed_attr?\"Small\"}, when {metric.customers.count} <= 2000
        then {attr.comp.my_computed_attr?\"Medium\"}, when {metric.customers.count}
        > 2000 then {attr.comp.my_computed_attr?\"Large\"} else {attr.comp.my_computed_attr?\"\"}
        end"]}},"production":true}}],"dateDimensions":[{"dateDimension":{"name":"effective_to_date","title":"Effective
        To Date","production":true,"urn":"urn:gooddata:date","identifier":"effective_to_date.dataset.dt","identifierPrefix":"effective_to_date","bridges":[]}}]}}}}'
    http_version: null
  recorded_at: Thu, 07 May 2020 13:25:17 GMT
- request:
    method: get
    uri: https://staging2-lcm-dev.intgdc.com/gdc/projects/d1jibu5q4oaxutzx2gvh940i9c95domw/model/view/63503db525da6978b8f0a89de7dcee2f623bb470dbe849e700000015
    body:
      encoding: US-ASCII
      string: ''
    headers:
      Accept:
      - application/json, application/zip
      User-Agent:
      - gooddata-gem/2.1.10/x86_64-darwin16/2.3.8
      Content-Type:
      - application/json
      X-Gdc-Authtt:
      - "<X_GDC_AUTHTT>"
      X-Gdc-Request:
      - ":2Wa6iWupUmeg_6eZ0KTMwg:1Qv8K0RFj7jB0rOJMRjarw"
      Stats-On:
      - ''
      X-Gdc-Version:
      - '2'
      Accept-Encoding:
      - gzip;q=1.0,deflate;q=0.6,identity;q=0.3
      Host:
      - staging2-lcm-dev.intgdc.com
  response:
    status:
      code: 200
      message: OK
    headers:
      X-Gdc-Log-Header:
      - ''
      Content-Type:
      - application/json;charset=UTF-8
      Transfer-Encoding:
      - chunked
      Date:
      - Thu, 07 May 2020 13:25:19 GMT
      Server:
      - GoodData WebApp
      X-Gdc-Request-Time:
      - '19'
      X-Gdc-Request:
      - ":2Wa6iWupUmeg_6eZ0KTMwg:1Qv8K0RFj7jB0rOJMRjarw:4NCMvvptAYzRD8Fc"
      Cache-Control:
      - no-cache, no-store, must-revalidate
      Vary:
      - Accept-Encoding,origin,X-GDC-VERSION
      Strict-Transport-Security:
      - max-age=10886400; includeSubDomains; preload;
    body:
      encoding: ASCII-8BIT
      string: '{"projectModelView":{"model":{"projectModel":{"modelMetadata":{"containCA":true},"datasets":[{"dataset":{"identifier":"dataset.csv_policies","title":"Policies","anchor":{"attribute":{"identifier":"attr.csv_policies.factsof","title":"Records
        of Policies","folder":"Policies"}},"attributes":[{"attribute":{"identifier":"attr.csv_policies.customer","title":"Customer","folder":"Policies","labels":[{"label":{"identifier":"label.csv_policies.customer","title":"Customer","type":"GDC.text","dataType":"VARCHAR(255)"}}],"defaultLabel":"label.csv_policies.customer"}},{"attribute":{"identifier":"attr.csv_policies.state","title":"State","folder":"Policies","labels":[{"label":{"identifier":"label.csv_policies.state","title":"State","type":"GDC.text","dataType":"VARCHAR(255)"}}],"defaultLabel":"label.csv_policies.state"}},{"attribute":{"identifier":"attr.csv_policies.coverage","title":"Coverage","folder":"Policies","labels":[{"label":{"identifier":"label.csv_policies.coverage","title":"Coverage","type":"GDC.text","dataType":"VARCHAR(255)"}}],"defaultLabel":"label.csv_policies.coverage"}},{"attribute":{"identifier":"attr.csv_policies.education","title":"Education","folder":"Policies","labels":[{"label":{"identifier":"label.csv_policies.education","title":"Education","type":"GDC.text","dataType":"VARCHAR(255)"}}],"defaultLabel":"label.csv_policies.education"}},{"attribute":{"identifier":"attr.csv_policies.employmentstatus","title":"Employmentstatus","folder":"Policies","labels":[{"label":{"identifier":"label.csv_policies.employmentstatus","title":"Employmentstatus","type":"GDC.text","dataType":"VARCHAR(255)"}}],"defaultLabel":"label.csv_policies.employmentstatus"}},{"attribute":{"identifier":"attr.csv_policies.gender","title":"Gender","folder":"Policies","labels":[{"label":{"identifier":"label.csv_policies.gender","title":"Gender","type":"GDC.text","dataType":"VARCHAR(255)"}}],"defaultLabel":"label.csv_policies.gender"}},{"attribute":{"identifier":"attr.csv_policies.marital_status","title":"Marital
        Status","folder":"Policies","labels":[{"label":{"identifier":"label.csv_policies.marital_status","title":"Marital
        Status","type":"GDC.text","dataType":"VARCHAR(255)"}}],"defaultLabel":"label.csv_policies.marital_status"}},{"attribute":{"identifier":"attr.csv_policies.policy_type","title":"Policy
        Type","folder":"Policies","labels":[{"label":{"identifier":"label.csv_policies.policy_type","title":"Policy
        Type","type":"GDC.text","dataType":"VARCHAR(255)"}}],"defaultLabel":"label.csv_policies.policy_type"}},{"attribute":{"identifier":"attr.csv_policies.renew_offer_type","title":"Renew
        Offer Type","folder":"Policies","labels":[{"label":{"identifier":"label.csv_policies.renew_offer_type","title":"Renew
        Offer Type","type":"GDC.text","dataType":"VARCHAR(255)"}}],"defaultLabel":"label.csv_policies.renew_offer_type"}},{"attribute":{"identifier":"attr.csv_policies.sales_channel","title":"Sales
        Channel","folder":"Policies","labels":[{"label":{"identifier":"label.csv_policies.sales_channel","title":"Sales
        Channel","type":"GDC.text","dataType":"VARCHAR(255)"}}],"defaultLabel":"label.csv_policies.sales_channel"}},{"attribute":{"identifier":"attr.csv_policies.vehicle_class","title":"Vehicle
        Class","folder":"Policies","labels":[{"label":{"identifier":"label.csv_policies.vehicle_class","title":"Vehicle
        Class","type":"GDC.text","dataType":"VARCHAR(255)"}}],"defaultLabel":"label.csv_policies.vehicle_class"}},{"attribute":{"identifier":"attr.csv_policies.vehicle_size","title":"Vehicle
        Size","folder":"Policies","labels":[{"label":{"identifier":"label.csv_policies.vehicle_size","title":"Vehicle
        Size","type":"GDC.text","dataType":"VARCHAR(255)"}}],"defaultLabel":"label.csv_policies.vehicle_size"}}],"facts":[{"fact":{"identifier":"fact.csv_policies.customer_lifetime_value","title":"Customer
        Lifetime Value","folder":"Policies","dataType":"DECIMAL(15,6)"}},{"fact":{"identifier":"fact.csv_policies.income","title":"Income","folder":"Policies","dataType":"DECIMAL(15,6)"}},{"fact":{"identifier":"fact.csv_policies.monthly_premium_auto","title":"Monthly
        Premium Auto","folder":"Policies","dataType":"DECIMAL(15,6)"}},{"fact":{"identifier":"fact.csv_policies.total_claim_amount","title":"Total
        Claim Amount","folder":"Policies","dataType":"DECIMAL(15,6)"}}],"references":["effective_to_date"],"production":true}},{"dataset":{"identifier":"dataset.comp.my_computed_attr","title":"My
        computed attribute","anchor":{"attribute":{"identifier":"attr.comp.my_computed_attr","title":"My
        computed attribute","folder":"My computed attribute","labels":[{"label":{"identifier":"label.comp.my_computed_attr","title":"Label.Comp.My
        Computed Attr","type":"GDC.text","dataType":"VARCHAR(128)"}}],"defaultLabel":"label.comp.my_computed_attr","relations":["to
        {attr.csv_policies.state} as case when {metric.customers.count} <= 1000 then
        {attr.comp.my_computed_attr?\"Small\"}, when {metric.customers.count} <= 2000
        then {attr.comp.my_computed_attr?\"Medium\"}, when {metric.customers.count}
        > 2000 then {attr.comp.my_computed_attr?\"Large\"} else {attr.comp.my_computed_attr?\"\"}
        end"]}},"production":true}}],"dateDimensions":[{"dateDimension":{"name":"effective_to_date","title":"Effective
        To Date","production":true,"urn":"urn:gooddata:date","identifier":"effective_to_date.dataset.dt","identifierPrefix":"effective_to_date","bridges":[]}}]}}}}'
    http_version: null
  recorded_at: Thu, 07 May 2020 13:25:18 GMT
- request:
    method: post
    uri: https://staging2-lcm-prod.intgdc.com/gdc/projects/m7meiy4mltkrfe0pim002b7vwwn05s4p/model/diff?includeCA=true&includeGrain=true
    body:
      encoding: UTF-8
      string: '{"diffRequest":{"targetModel":{"projectModel":{"modelMetadata":{"containCA":true},"datasets":[{"dataset":{"identifier":"dataset.csv_policies","title":"Policies","anchor":{"attribute":{"identifier":"attr.csv_policies.factsof","title":"Records
        of Policies","folder":"Policies"}},"attributes":[{"attribute":{"identifier":"attr.csv_policies.customer","title":"Customer","folder":"Policies","labels":[{"label":{"identifier":"label.csv_policies.customer","title":"Customer","type":"GDC.text","dataType":"VARCHAR(255)"}}],"defaultLabel":"label.csv_policies.customer"}},{"attribute":{"identifier":"attr.csv_policies.state","title":"State","folder":"Policies","labels":[{"label":{"identifier":"label.csv_policies.state","title":"State","type":"GDC.text","dataType":"VARCHAR(255)"}}],"defaultLabel":"label.csv_policies.state"}},{"attribute":{"identifier":"attr.csv_policies.coverage","title":"Coverage","folder":"Policies","labels":[{"label":{"identifier":"label.csv_policies.coverage","title":"Coverage","type":"GDC.text","dataType":"VARCHAR(255)"}}],"defaultLabel":"label.csv_policies.coverage"}},{"attribute":{"identifier":"attr.csv_policies.education","title":"Education","folder":"Policies","labels":[{"label":{"identifier":"label.csv_policies.education","title":"Education","type":"GDC.text","dataType":"VARCHAR(255)"}}],"defaultLabel":"label.csv_policies.education"}},{"attribute":{"identifier":"attr.csv_policies.employmentstatus","title":"Employmentstatus","folder":"Policies","labels":[{"label":{"identifier":"label.csv_policies.employmentstatus","title":"Employmentstatus","type":"GDC.text","dataType":"VARCHAR(255)"}}],"defaultLabel":"label.csv_policies.employmentstatus"}},{"attribute":{"identifier":"attr.csv_policies.gender","title":"Gender","folder":"Policies","labels":[{"label":{"identifier":"label.csv_policies.gender","title":"Gender","type":"GDC.text","dataType":"VARCHAR(255)"}}],"defaultLabel":"label.csv_policies.gender"}},{"attribute":{"identifier":"attr.csv_policies.marital_status","title":"Marital
        Status","folder":"Policies","labels":[{"label":{"identifier":"label.csv_policies.marital_status","title":"Marital
        Status","type":"GDC.text","dataType":"VARCHAR(255)"}}],"defaultLabel":"label.csv_policies.marital_status"}},{"attribute":{"identifier":"attr.csv_policies.policy_type","title":"Policy
        Type","folder":"Policies","labels":[{"label":{"identifier":"label.csv_policies.policy_type","title":"Policy
        Type","type":"GDC.text","dataType":"VARCHAR(255)"}}],"defaultLabel":"label.csv_policies.policy_type"}},{"attribute":{"identifier":"attr.csv_policies.renew_offer_type","title":"Renew
        Offer Type","folder":"Policies","labels":[{"label":{"identifier":"label.csv_policies.renew_offer_type","title":"Renew
        Offer Type","type":"GDC.text","dataType":"VARCHAR(255)"}}],"defaultLabel":"label.csv_policies.renew_offer_type"}},{"attribute":{"identifier":"attr.csv_policies.sales_channel","title":"Sales
        Channel","folder":"Policies","labels":[{"label":{"identifier":"label.csv_policies.sales_channel","title":"Sales
        Channel","type":"GDC.text","dataType":"VARCHAR(255)"}}],"defaultLabel":"label.csv_policies.sales_channel"}},{"attribute":{"identifier":"attr.csv_policies.vehicle_class","title":"Vehicle
        Class","folder":"Policies","labels":[{"label":{"identifier":"label.csv_policies.vehicle_class","title":"Vehicle
        Class","type":"GDC.text","dataType":"VARCHAR(255)"}}],"defaultLabel":"label.csv_policies.vehicle_class"}},{"attribute":{"identifier":"attr.csv_policies.vehicle_size","title":"Vehicle
        Size","folder":"Policies","labels":[{"label":{"identifier":"label.csv_policies.vehicle_size","title":"Vehicle
        Size","type":"GDC.text","dataType":"VARCHAR(255)"}}],"defaultLabel":"label.csv_policies.vehicle_size"}}],"facts":[{"fact":{"identifier":"fact.csv_policies.customer_lifetime_value","title":"Customer
        Lifetime Value","folder":"Policies","dataType":"DECIMAL(15,6)","type":"fact"}},{"fact":{"identifier":"fact.csv_policies.income","title":"Income","folder":"Policies","dataType":"DECIMAL(15,6)","type":"fact"}},{"fact":{"identifier":"fact.csv_policies.monthly_premium_auto","title":"Monthly
        Premium Auto","folder":"Policies","dataType":"DECIMAL(15,6)","type":"fact"}},{"fact":{"identifier":"fact.csv_policies.total_claim_amount","title":"Total
        Claim Amount","folder":"Policies","dataType":"DECIMAL(15,6)","type":"fact"}}],"references":["effective_to_date"],"bridges":[]}},{"dataset":{"identifier":"dataset.comp.my_computed_attr","title":"My
        computed attribute","anchor":{"attribute":{"identifier":"attr.comp.my_computed_attr","title":"My
        computed attribute","folder":"My computed attribute","labels":[{"label":{"identifier":"label.comp.my_computed_attr","title":"Label.Comp.My
        Computed Attr","type":"GDC.text","dataType":"VARCHAR(128)"}}],"relations":["to
        {attr.csv_policies.state} as case when {metric.customers.count} <= 1000 then
        {attr.comp.my_computed_attr?\"Small\"}, when {metric.customers.count} <= 2000
        then {attr.comp.my_computed_attr?\"Medium\"}, when {metric.customers.count}
        > 2000 then {attr.comp.my_computed_attr?\"Large\"} else {attr.comp.my_computed_attr?\"\"}
        end"],"defaultLabel":"label.comp.my_computed_attr"}},"attributes":[],"facts":[],"references":[],"bridges":[]}}],"dateDimensions":[{"dateDimension":{"name":"effective_to_date","urn":"urn:gooddata:date","title":"Effective
        To Date","identifierPrefix":"effective_to_date","bridges":[]}}]}}}}'
    headers:
      Accept:
      - application/json, application/zip
      User-Agent:
      - gooddata-gem/2.1.10/x86_64-darwin16/2.3.8
      Content-Type:
      - application/json
      X-Gdc-Authtt:
      - "<X_GDC_AUTHTT>"
      X-Gdc-Request:
      - ":bRskxGTtAwaCcYwF7SRZHA:daJnBY2pgZVkjRVUOiSk8g"
      Stats-On:
      - ''
      X-Gdc-Version:
      - '2'
      Content-Length:
      - '5373'
      Accept-Encoding:
      - gzip;q=1.0,deflate;q=0.6,identity;q=0.3
      Host:
      - staging2-lcm-prod.intgdc.com
  response:
    status:
      code: 202
      message: Accepted
    headers:
      Location:
      - "/gdc/projects/m7meiy4mltkrfe0pim002b7vwwn05s4p/model/diff/2aef48d0f78a991e6c6535bd112c5fc03d0318940b72b09600000015"
      X-Gdc-Log-Header:
      - ''
      Content-Type:
      - application/json;charset=UTF-8
      Date:
      - Thu, 07 May 2020 13:25:20 GMT
      Server:
      - GoodData WebApp
      X-Gdc-Request-Time:
      - '230'
      X-Gdc-Request:
      - ":bRskxGTtAwaCcYwF7SRZHA:daJnBY2pgZVkjRVUOiSk8g:8wfw6eE9AhIEXnf0"
      Cache-Control:
      - no-cache, no-store, must-revalidate
      Vary:
      - origin,X-GDC-VERSION
      Transfer-Encoding:
      - chunked
      Strict-Transport-Security:
      - max-age=10886400; includeSubDomains; preload;
    body:
      encoding: ASCII-8BIT
      string: '{"asyncTask":{"link":{"poll":"/gdc/projects/m7meiy4mltkrfe0pim002b7vwwn05s4p/model/diff/2aef48d0f78a991e6c6535bd112c5fc03d0318940b72b09600000015"}}}'
    http_version: null
  recorded_at: Thu, 07 May 2020 13:25:20 GMT
- request:
    method: get
    uri: https://staging2-lcm-prod.intgdc.com/gdc/projects/m7meiy4mltkrfe0pim002b7vwwn05s4p/model/diff/2aef48d0f78a991e6c6535bd112c5fc03d0318940b72b09600000015
    body:
      encoding: US-ASCII
      string: ''
    headers:
      Accept:
      - application/json, application/zip
      User-Agent:
      - gooddata-gem/2.1.10/x86_64-darwin16/2.3.8
      Content-Type:
      - application/json
      X-Gdc-Authtt:
      - "<X_GDC_AUTHTT>"
      X-Gdc-Request:
      - ":bRskxGTtAwaCcYwF7SRZHA:eaJrPXRvsC5huO6ESwfzqw"
      Process:
      - 'false'
      Stats-On:
      - ''
      X-Gdc-Version:
      - '2'
      Accept-Encoding:
      - gzip;q=1.0,deflate;q=0.6,identity;q=0.3
      Host:
      - staging2-lcm-prod.intgdc.com
  response:
    status:
      code: 202
      message: Accepted
    headers:
      Location:
      - "/gdc/projects/m7meiy4mltkrfe0pim002b7vwwn05s4p/model/diff/2aef48d0f78a991e6c6535bd112c5fc03d0318940b72b09600000015"
      X-Gdc-Log-Header:
      - ''
      Content-Type:
      - application/json;charset=UTF-8
      Date:
      - Thu, 07 May 2020 13:25:21 GMT
      Server:
      - GoodData WebApp
      X-Gdc-Request-Time:
      - '18'
      X-Gdc-Request:
      - ":bRskxGTtAwaCcYwF7SRZHA:eaJrPXRvsC5huO6ESwfzqw:KKzFFzCUzNpOUzgR"
      Cache-Control:
      - no-cache, no-store, must-revalidate
      Vary:
      - origin,X-GDC-VERSION
      Transfer-Encoding:
      - chunked
      Strict-Transport-Security:
      - max-age=10886400; includeSubDomains; preload;
    body:
      encoding: ASCII-8BIT
      string: '{"asyncTask":{"link":{"poll":"/gdc/projects/m7meiy4mltkrfe0pim002b7vwwn05s4p/model/diff/2aef48d0f78a991e6c6535bd112c5fc03d0318940b72b09600000015"}}}'
    http_version: null
  recorded_at: Thu, 07 May 2020 13:25:20 GMT
- request:
    method: get
    uri: https://staging2-lcm-prod.intgdc.com/gdc/projects/m7meiy4mltkrfe0pim002b7vwwn05s4p/model/diff/2aef48d0f78a991e6c6535bd112c5fc03d0318940b72b09600000015
    body:
      encoding: US-ASCII
      string: ''
    headers:
      Accept:
      - application/json, application/zip
      User-Agent:
      - gooddata-gem/2.1.10/x86_64-darwin16/2.3.8
      Content-Type:
      - application/json
      X-Gdc-Authtt:
      - "<X_GDC_AUTHTT>"
      X-Gdc-Request:
      - ":bRskxGTtAwaCcYwF7SRZHA:zEQcGaXUw2-kn7-B5mw3vw"
      Process:
      - 'false'
      Stats-On:
      - ''
      X-Gdc-Version:
      - '2'
      Accept-Encoding:
      - gzip;q=1.0,deflate;q=0.6,identity;q=0.3
      Host:
      - staging2-lcm-prod.intgdc.com
  response:
    status:
      code: 200
      message: OK
    headers:
      X-Gdc-Log-Header:
      - ''
      Content-Type:
      - application/json;charset=UTF-8
      Date:
      - Thu, 07 May 2020 13:25:23 GMT
      Server:
      - GoodData WebApp
      X-Gdc-Request-Time:
      - '15'
      X-Gdc-Request:
      - ":bRskxGTtAwaCcYwF7SRZHA:zEQcGaXUw2-kn7-B5mw3vw:yxC8zbpHOUy5sPYi"
      Cache-Control:
      - no-cache, no-store, must-revalidate
      Vary:
      - origin,X-GDC-VERSION
      Transfer-Encoding:
      - chunked
      Strict-Transport-Security:
      - max-age=10886400; includeSubDomains; preload;
    body:
      encoding: ASCII-8BIT
      string: '{"projectModelDiff":{"updateOperations":[],"updateScripts":[]}}'
    http_version: null
  recorded_at: Thu, 07 May 2020 13:25:23 GMT
- request:
    method: get
    uri: https://staging2-lcm-prod.intgdc.com/gdc/projects/m7meiy4mltkrfe0pim002b7vwwn05s4p/model/diff/2aef48d0f78a991e6c6535bd112c5fc03d0318940b72b09600000015
    body:
      encoding: US-ASCII
      string: ''
    headers:
      Accept:
      - application/json, application/zip
      User-Agent:
      - gooddata-gem/2.1.10/x86_64-darwin16/2.3.8
      Content-Type:
      - application/json
      X-Gdc-Authtt:
      - "<X_GDC_AUTHTT>"
      X-Gdc-Request:
      - ":bRskxGTtAwaCcYwF7SRZHA:krCtdANEAK0IoGEGbKt5Ug"
      Stats-On:
      - ''
      X-Gdc-Version:
      - '2'
      Accept-Encoding:
      - gzip;q=1.0,deflate;q=0.6,identity;q=0.3
      Host:
      - staging2-lcm-prod.intgdc.com
  response:
    status:
      code: 200
      message: OK
    headers:
      X-Gdc-Log-Header:
      - ''
      Content-Type:
      - application/json;charset=UTF-8
      Date:
      - Thu, 07 May 2020 13:25:24 GMT
      Server:
      - GoodData WebApp
      X-Gdc-Request-Time:
      - '16'
      X-Gdc-Request:
      - ":bRskxGTtAwaCcYwF7SRZHA:krCtdANEAK0IoGEGbKt5Ug:ycA5oUB5FYOP3VrT"
      Cache-Control:
      - no-cache, no-store, must-revalidate
      Vary:
      - origin,X-GDC-VERSION
      Transfer-Encoding:
      - chunked
      Strict-Transport-Security:
      - max-age=10886400; includeSubDomains; preload;
    body:
      encoding: ASCII-8BIT
      string: '{"projectModelDiff":{"updateOperations":[],"updateScripts":[]}}'
    http_version: null
  recorded_at: Thu, 07 May 2020 13:25:24 GMT
recorded_with: VCR 5.1.0
