---
http_interactions:
- request:
    method: post
    uri: https://staging2-lcm-prod.intgdc.com/gdc/md/lb3sj06x77mdo10c1w4z4wnbqyi7a7zy/maintenance/export
    body:
      encoding: UTF-8
      string: '{"exportProject":{"exportUsers":0,"exportData":1}}'
    headers:
      Accept:
      - application/json, application/zip
      Accept-Encoding:
      - gzip, deflate
      User-Agent:
      - gooddata-gem/2.1.3/x86_64-darwin18/2.4.5
      Content-Type:
      - application/json
      X-Gdc-Authtt:
      - "<X_GDC_AUTHTT>"
      X-Gdc-Request:
      - ":ICQJ3ry9EwysGx9oYgPkjQ:zulumsryuI6GOC9mrFuvMA"
      Stats-On:
      - ''
      Content-Length:
      - '50'
      Host:
      - staging2-lcm-prod.intgdc.com
  response:
    status:
      code: 200
      message: OK
    headers:
      Date:
      - Thu, 18 Apr 2019 14:02:47 GMT
      Server:
      - GoodData WebApp
      Keep-Alive:
      - timeout=5, max=100
      X-Gdc-Log-Header:
      - ''
      Cache-Control:
      - no-cache, no-store, must-revalidate
      Content-Type:
      - application/json;charset=UTF-8
      X-Gdc-Request:
      - ":ICQJ3ry9EwysGx9oYgPkjQ:zulumsryuI6GOC9mrFuvMA:XjQQjrXNbDt6jAdQ"
      Vary:
      - origin
      X-Gdc-Request-Time:
      - '39'
      Transfer-Encoding:
      - chunked
      Strict-Transport-Security:
      - max-age=10886400; includeSubDomains; preload;
    body:
      encoding: ASCII-8BIT
      string: '{"exportArtifact":{"status":{"uri":"/gdc/md/lb3sj06x77mdo10c1w4z4wnbqyi7a7zy/etltask/595a5f96cc8fa21a8430384ac2417f0900000032"},"token":"<TOKEN>"}}'
    http_version: 
  recorded_at: Thu, 18 Apr 2019 14:02:47 GMT
- request:
    method: get
    uri: https://staging2-lcm-prod.intgdc.com/gdc/md/lb3sj06x77mdo10c1w4z4wnbqyi7a7zy/etltask/595a5f96cc8fa21a8430384ac2417f0900000032
    body:
      encoding: US-ASCII
      string: ''
    headers:
      Accept:
      - application/json, application/zip
      Accept-Encoding:
      - gzip, deflate
      User-Agent:
      - gooddata-gem/2.1.3/x86_64-darwin18/2.4.5
      Content-Type:
      - application/json
      X-Gdc-Authtt:
      - "<X_GDC_AUTHTT>"
      X-Gdc-Request:
      - ":ICQJ3ry9EwysGx9oYgPkjQ:NFg2gxoWQLfw8-_9r32Alg"
      Process:
      - 'true'
      Stats-On:
      - ''
      Host:
      - staging2-lcm-prod.intgdc.com
  response:
    status:
      code: 200
      message: OK
    headers:
      Date:
      - Thu, 18 Apr 2019 14:02:48 GMT
      Server:
      - GoodData WebApp
      Keep-Alive:
      - timeout=5, max=100
      X-Gdc-Log-Header:
      - ''
      Cache-Control:
      - no-cache, no-store, must-revalidate
      Content-Type:
      - application/json;charset=UTF-8
      X-Gdc-Request:
      - ":ICQJ3ry9EwysGx9oYgPkjQ:NFg2gxoWQLfw8-_9r32Alg:eF7qBV2zoxPiHZ9B"
      Vary:
      - origin
      X-Gdc-Request-Time:
      - '56'
      Transfer-Encoding:
      - chunked
      Strict-Transport-Security:
      - max-age=10886400; includeSubDomains; preload;
    body:
      encoding: ASCII-8BIT
      string: '{"taskState":{"msg":"","status":"RUNNING"}}'
    http_version: 
  recorded_at: Thu, 18 Apr 2019 14:02:48 GMT
- request:
    method: get
    uri: https://staging2-lcm-prod.intgdc.com/gdc/md/lb3sj06x77mdo10c1w4z4wnbqyi7a7zy/etltask/595a5f96cc8fa21a8430384ac2417f0900000032
    body:
      encoding: US-ASCII
      string: ''
    headers:
      Accept:
      - application/json, application/zip
      Accept-Encoding:
      - gzip, deflate
      User-Agent:
      - gooddata-gem/2.1.3/x86_64-darwin18/2.4.5
      Content-Type:
      - application/json
      X-Gdc-Authtt:
      - "<X_GDC_AUTHTT>"
      X-Gdc-Request:
      - ":ICQJ3ry9EwysGx9oYgPkjQ:FUh6kSvV-FKCSKG5hztSvg"
      Process:
      - 'true'
      Stats-On:
      - ''
      Host:
      - staging2-lcm-prod.intgdc.com
  response:
    status:
      code: 200
      message: OK
    headers:
      Date:
      - Thu, 18 Apr 2019 14:02:50 GMT
      Server:
      - GoodData WebApp
      Keep-Alive:
      - timeout=5, max=100
      X-Gdc-Log-Header:
      - ''
      Cache-Control:
      - no-cache, no-store, must-revalidate
      Content-Type:
      - application/json;charset=UTF-8
      X-Gdc-Request:
      - ":ICQJ3ry9EwysGx9oYgPkjQ:FUh6kSvV-FKCSKG5hztSvg:JdQfJ4xgvajDPSd5"
      Vary:
      - origin
      X-Gdc-Request-Time:
      - '25'
      Transfer-Encoding:
      - chunked
      Strict-Transport-Security:
      - max-age=10886400; includeSubDomains; preload;
    body:
      encoding: ASCII-8BIT
      string: '{"taskState":{"msg":"","status":"RUNNING"}}'
    http_version: 
  recorded_at: Thu, 18 Apr 2019 14:02:50 GMT
- request:
    method: get
    uri: https://staging2-lcm-prod.intgdc.com/gdc/md/lb3sj06x77mdo10c1w4z4wnbqyi7a7zy/etltask/595a5f96cc8fa21a8430384ac2417f0900000032
    body:
      encoding: US-ASCII
      string: ''
    headers:
      Accept:
      - application/json, application/zip
      Accept-Encoding:
      - gzip, deflate
      User-Agent:
      - gooddata-gem/2.1.3/x86_64-darwin18/2.4.5
      Content-Type:
      - application/json
      X-Gdc-Authtt:
      - "<X_GDC_AUTHTT>"
      X-Gdc-Request:
      - ":ICQJ3ry9EwysGx9oYgPkjQ:xylvzBd3roNMmTJPNxNYtg"
      Process:
      - 'true'
      Stats-On:
      - ''
      Host:
      - staging2-lcm-prod.intgdc.com
  response:
    status:
      code: 200
      message: OK
    headers:
      Date:
      - Thu, 18 Apr 2019 14:02:52 GMT
      Server:
      - GoodData WebApp
      Keep-Alive:
      - timeout=5, max=100
      X-Gdc-Log-Header:
      - ''
      Cache-Control:
      - no-cache, no-store, must-revalidate
      Content-Type:
      - application/json;charset=UTF-8
      X-Gdc-Request:
      - ":ICQJ3ry9EwysGx9oYgPkjQ:xylvzBd3roNMmTJPNxNYtg:0DnY2LIhJvjQrVvN"
      Vary:
      - origin
      X-Gdc-Request-Time:
      - '35'
      Transfer-Encoding:
      - chunked
      Strict-Transport-Security:
      - max-age=10886400; includeSubDomains; preload;
    body:
      encoding: ASCII-8BIT
      string: '{"taskState":{"msg":"","status":"OK"}}'
    http_version: 
  recorded_at: Thu, 18 Apr 2019 14:02:52 GMT
- request:
    method: post
    uri: https://staging2-lcm-prod.intgdc.com/gdc/projects
    body:
      encoding: UTF-8
      string: '{"project":{"meta":{"summary":"No summary","title":"project clone"},"content":{"guidedNavigation":1,"driver":"Pg","environment":"DEVELOPMENT","authorizationToken":"<AUTHORIZATION_TOKEN>"}}}'
    headers:
      Accept:
      - application/json, application/zip
      Accept-Encoding:
      - gzip, deflate
      User-Agent:
      - gooddata-gem/2.1.3/x86_64-darwin18/2.4.5
      Content-Type:
      - application/json
      X-Gdc-Authtt:
      - "<X_GDC_AUTHTT>"
      X-Gdc-Request:
      - ":ICQJ3ry9EwysGx9oYgPkjQ:r5Jon9WfArnNuzYpfsTzWA"
      Stats-On:
      - ''
      Content-Length:
      - '180'
      Host:
      - staging2-lcm-prod.intgdc.com
  response:
    status:
      code: 200
      message: OK
    headers:
      Date:
      - Thu, 18 Apr 2019 14:02:52 GMT
      Server:
      - GoodData WebApp
      Keep-Alive:
      - timeout=5, max=100
      X-Gdc-Log-Header:
      - ''
      Cache-Control:
      - no-cache, no-store, must-revalidate
      Content-Type:
      - application/json;charset=UTF-8
      X-Gdc-Request:
      - ":ICQJ3ry9EwysGx9oYgPkjQ:r5Jon9WfArnNuzYpfsTzWA:5CblWIvbPf07YkmD"
      Vary:
      - origin
      X-Gdc-Request-Time:
      - '439'
      Transfer-Encoding:
      - chunked
      Strict-Transport-Security:
      - max-age=10886400; includeSubDomains; preload;
    body:
      encoding: ASCII-8BIT
      string: '{"uri":"/gdc/projects/g2c56ut1ucsbkg6nmlpcx53bk2nz8pra"}'
    http_version: 
  recorded_at: Thu, 18 Apr 2019 14:02:53 GMT
- request:
    method: get
    uri: https://staging2-lcm-prod.intgdc.com/gdc/projects/g2c56ut1ucsbkg6nmlpcx53bk2nz8pra
    body:
      encoding: US-ASCII
      string: ''
    headers:
      Accept:
      - application/json, application/zip
      Accept-Encoding:
      - gzip, deflate
      User-Agent:
      - gooddata-gem/2.1.3/x86_64-darwin18/2.4.5
      Content-Type:
      - application/json
      X-Gdc-Authtt:
      - "<X_GDC_AUTHTT>"
      X-Gdc-Request:
      - ":ICQJ3ry9EwysGx9oYgPkjQ:8-wBITw9bld8iy5VWFBI5w"
      Stats-On:
      - ''
      Host:
      - staging2-lcm-prod.intgdc.com
  response:
    status:
      code: 200
      message: OK
    headers:
      Date:
      - Thu, 18 Apr 2019 14:02:53 GMT
      Server:
      - GoodData WebApp
      Keep-Alive:
      - timeout=5, max=100
      X-Gdc-Log-Header:
      - ''
      Cache-Control:
      - no-cache, no-store, must-revalidate
      Content-Type:
      - application/json;charset=UTF-8
      Transfer-Encoding:
      - chunked
      Vary:
      - Accept-Encoding
      - origin
      X-Gdc-Request:
      - ":ICQJ3ry9EwysGx9oYgPkjQ:8-wBITw9bld8iy5VWFBI5w:RcAjZ8nqKcgKftdz"
      X-Gdc-Request-Time:
      - '52'
      Strict-Transport-Security:
      - max-age=10886400; includeSubDomains; preload;
    body:
      encoding: ASCII-8BIT
      string: '{"project":{"content":{"environment":"DEVELOPMENT","cluster":"","guidedNavigation":"1","isPublic":"0","driver":"Pg","state":"PREPARING"},"links":{"ldm_thumbnail":"/gdc/projects/g2c56ut1ucsbkg6nmlpcx53bk2nz8pra/ldm?thumbnail=1","self":"/gdc/projects/g2c56ut1ucsbkg6nmlpcx53bk2nz8pra","clearCaches":"/gdc/projects/g2c56ut1ucsbkg6nmlpcx53bk2nz8pra/clearCaches","invitations":"/gdc/projects/g2c56ut1ucsbkg6nmlpcx53bk2nz8pra/invitations","users":"/gdc/projects/g2c56ut1ucsbkg6nmlpcx53bk2nz8pra/users?link=1&offset=0&limit=100","checkXaeCompatibility":"/gdc/projects/g2c56ut1ucsbkg6nmlpcx53bk2nz8pra/checkXaeCompatibility","uploads":"/gdc/projects/g2c56ut1ucsbkg6nmlpcx53bk2nz8pra/uploads/","ldm":"/gdc/projects/g2c56ut1ucsbkg6nmlpcx53bk2nz8pra/ldm","metadata":"/gdc/md/g2c56ut1ucsbkg6nmlpcx53bk2nz8pra","publicartifacts":"/gdc/projects/g2c56ut1ucsbkg6nmlpcx53bk2nz8pra/publicartifacts","roles":"/gdc/projects/g2c56ut1ucsbkg6nmlpcx53bk2nz8pra/roles","userRoles":"/gdc/projects/g2c56ut1ucsbkg6nmlpcx53bk2nz8pra/users/5ad80b895edcc438e5a4418e222733fa/roles","userPermissions":"/gdc/projects/g2c56ut1ucsbkg6nmlpcx53bk2nz8pra/users/5ad80b895edcc438e5a4418e222733fa/permissions","dataload":"/gdc/projects/g2c56ut1ucsbkg6nmlpcx53bk2nz8pra/dataload","connectors":"/gdc/projects/g2c56ut1ucsbkg6nmlpcx53bk2nz8pra/connectors","execute":"/gdc/projects/g2c56ut1ucsbkg6nmlpcx53bk2nz8pra/execute","config":"/gdc/projects/g2c56ut1ucsbkg6nmlpcx53bk2nz8pra/config","projectFeatureFlags":"/gdc/projects/g2c56ut1ucsbkg6nmlpcx53bk2nz8pra/projectFeatureFlags","schedules":"/gdc/projects/g2c56ut1ucsbkg6nmlpcx53bk2nz8pra/schedules","templates":"/gdc/md/g2c56ut1ucsbkg6nmlpcx53bk2nz8pra/templates"},"meta":{"created":"2019-04-18
        16:02:52","summary":"No summary","updated":"2019-04-18 16:02:53","author":"/gdc/account/profile/5ad80b895edcc438e5a4418e222733fa","title":"project
        clone","contributor":"/gdc/account/profile/5ad80b895edcc438e5a4418e222733fa"}}}'
    http_version: 
  recorded_at: Thu, 18 Apr 2019 14:02:54 GMT
- request:
    method: get
    uri: https://staging2-lcm-prod.intgdc.com/gdc/projects/g2c56ut1ucsbkg6nmlpcx53bk2nz8pra
    body:
      encoding: US-ASCII
      string: ''
    headers:
      Accept:
      - application/json, application/zip
      Accept-Encoding:
      - gzip, deflate
      User-Agent:
      - gooddata-gem/2.1.3/x86_64-darwin18/2.4.5
      Content-Type:
      - application/json
      X-Gdc-Authtt:
      - "<X_GDC_AUTHTT>"
      X-Gdc-Request:
      - ":ICQJ3ry9EwysGx9oYgPkjQ:3cCRRSApJcQwzaNprZkNQA"
      Stats-On:
      - ''
      Host:
      - staging2-lcm-prod.intgdc.com
  response:
    status:
      code: 200
      message: OK
    headers:
      Date:
      - Thu, 18 Apr 2019 14:02:58 GMT
      Server:
      - GoodData WebApp
      Keep-Alive:
      - timeout=5, max=100
      X-Gdc-Log-Header:
      - ''
      Cache-Control:
      - no-cache, no-store, must-revalidate
      Content-Type:
      - application/json;charset=UTF-8
      Transfer-Encoding:
      - chunked
      Vary:
      - Accept-Encoding
      - origin
      X-Gdc-Request:
      - ":ICQJ3ry9EwysGx9oYgPkjQ:3cCRRSApJcQwzaNprZkNQA:ui6P2UuZNJ0cDltc"
      X-Gdc-Request-Time:
      - '41'
      Strict-Transport-Security:
      - max-age=10886400; includeSubDomains; preload;
    body:
      encoding: ASCII-8BIT
      string: '{"project":{"content":{"environment":"DEVELOPMENT","cluster":"","authorizationToken":"<AUTHORIZATION_TOKEN>","guidedNavigation":"1","isPublic":"0","driver":"Pg","state":"ENABLED"},"links":{"ldm_thumbnail":"/gdc/projects/g2c56ut1ucsbkg6nmlpcx53bk2nz8pra/ldm?thumbnail=1","self":"/gdc/projects/g2c56ut1ucsbkg6nmlpcx53bk2nz8pra","clearCaches":"/gdc/projects/g2c56ut1ucsbkg6nmlpcx53bk2nz8pra/clearCaches","invitations":"/gdc/projects/g2c56ut1ucsbkg6nmlpcx53bk2nz8pra/invitations","users":"/gdc/projects/g2c56ut1ucsbkg6nmlpcx53bk2nz8pra/users?link=1&offset=0&limit=100","checkXaeCompatibility":"/gdc/projects/g2c56ut1ucsbkg6nmlpcx53bk2nz8pra/checkXaeCompatibility","uploads":"/gdc/projects/g2c56ut1ucsbkg6nmlpcx53bk2nz8pra/uploads/","ldm":"/gdc/projects/g2c56ut1ucsbkg6nmlpcx53bk2nz8pra/ldm","metadata":"/gdc/md/g2c56ut1ucsbkg6nmlpcx53bk2nz8pra","publicartifacts":"/gdc/projects/g2c56ut1ucsbkg6nmlpcx53bk2nz8pra/publicartifacts","roles":"/gdc/projects/g2c56ut1ucsbkg6nmlpcx53bk2nz8pra/roles","userRoles":"/gdc/projects/g2c56ut1ucsbkg6nmlpcx53bk2nz8pra/users/5ad80b895edcc438e5a4418e222733fa/roles","userPermissions":"/gdc/projects/g2c56ut1ucsbkg6nmlpcx53bk2nz8pra/users/5ad80b895edcc438e5a4418e222733fa/permissions","dataload":"/gdc/projects/g2c56ut1ucsbkg6nmlpcx53bk2nz8pra/dataload","connectors":"/gdc/projects/g2c56ut1ucsbkg6nmlpcx53bk2nz8pra/connectors","execute":"/gdc/projects/g2c56ut1ucsbkg6nmlpcx53bk2nz8pra/execute","config":"/gdc/projects/g2c56ut1ucsbkg6nmlpcx53bk2nz8pra/config","projectFeatureFlags":"/gdc/projects/g2c56ut1ucsbkg6nmlpcx53bk2nz8pra/projectFeatureFlags","schedules":"/gdc/projects/g2c56ut1ucsbkg6nmlpcx53bk2nz8pra/schedules","templates":"/gdc/md/g2c56ut1ucsbkg6nmlpcx53bk2nz8pra/templates"},"meta":{"created":"2019-04-18
        16:02:52","summary":"No summary","updated":"2019-04-18 16:02:54","author":"/gdc/account/profile/5ad80b895edcc438e5a4418e222733fa","title":"project
        clone","contributor":"/gdc/account/profile/5ad80b895edcc438e5a4418e222733fa"}}}'
    http_version: 
  recorded_at: Thu, 18 Apr 2019 14:02:58 GMT
- request:
    method: post
    uri: https://staging2-lcm-prod.intgdc.com/gdc/md/g2c56ut1ucsbkg6nmlpcx53bk2nz8pra/maintenance/import
    body:
      encoding: UTF-8
      string: '{"importProject":{"token":"<TOKEN>"}}'
    headers:
      Accept:
      - application/json, application/zip
      Accept-Encoding:
      - gzip, deflate
      User-Agent:
      - gooddata-gem/2.1.3/x86_64-darwin18/2.4.5
      Content-Type:
      - application/json
      X-Gdc-Authtt:
      - "<X_GDC_AUTHTT>"
      X-Gdc-Request:
      - ":ICQJ3ry9EwysGx9oYgPkjQ:VaRv5Qkj0U2fAd7IV4jyLA"
      Stats-On:
      - ''
      Content-Length:
      - '45'
      Host:
      - staging2-lcm-prod.intgdc.com
  response:
    status:
      code: 200
      message: OK
    headers:
      Date:
      - Thu, 18 Apr 2019 14:03:02 GMT
      Server:
      - GoodData WebApp
      Keep-Alive:
      - timeout=5, max=100
      X-Gdc-Log-Header:
      - ''
      Cache-Control:
      - no-cache, no-store, must-revalidate
      Content-Type:
      - application/json;charset=UTF-8
      X-Gdc-Request:
      - ":ICQJ3ry9EwysGx9oYgPkjQ:VaRv5Qkj0U2fAd7IV4jyLA:MzEQNjDik07BuF0a"
      Vary:
      - origin
      X-Gdc-Request-Time:
      - '47'
      Transfer-Encoding:
      - chunked
      Strict-Transport-Security:
      - max-age=10886400; includeSubDomains; preload;
    body:
      encoding: ASCII-8BIT
      string: '{"uri":"/gdc/md/g2c56ut1ucsbkg6nmlpcx53bk2nz8pra/etltask/5d7287cdee52e2f63c9771c39d56fa8e00000032"}'
    http_version: 
  recorded_at: Thu, 18 Apr 2019 14:03:02 GMT
- request:
    method: delete
    uri: https://staging2-lcm-prod.intgdc.com/gdc/projects/g2c56ut1ucsbkg6nmlpcx53bk2nz8pra
    body:
      encoding: US-ASCII
      string: ''
    headers:
      Accept:
      - application/json, application/zip
      Accept-Encoding:
      - gzip, deflate
      User-Agent:
      - gooddata-gem/2.1.3/x86_64-darwin18/2.4.5
      Content-Type:
      - application/json
      X-Gdc-Authtt:
      - "<X_GDC_AUTHTT>"
      X-Gdc-Request:
      - ":ICQJ3ry9EwysGx9oYgPkjQ:F9jbhOr4hfUCynqshkhN7w"
      Stats-On:
      - ''
      Host:
      - staging2-lcm-prod.intgdc.com
  response:
    status:
      code: 204
      message: No Content
    headers:
      Date:
      - Thu, 18 Apr 2019 14:03:03 GMT
      Server:
      - GoodData WebApp
      Keep-Alive:
      - timeout=5, max=100
      X-Gdc-Log-Header:
      - ''
      Cache-Control:
      - no-cache, no-store, must-revalidate
      X-Gdc-Request-Time:
      - '68'
      X-Gdc-Request:
      - ":ICQJ3ry9EwysGx9oYgPkjQ:F9jbhOr4hfUCynqshkhN7w:hMPGeDqBXSz9vcDs"
      Vary:
      - origin
      Strict-Transport-Security:
      - max-age=10886400; includeSubDomains; preload;
    body:
      encoding: UTF-8
      string: ''
    http_version: 
  recorded_at: Thu, 18 Apr 2019 14:03:04 GMT
recorded_with: VCR 4.0.0
