---
http_interactions:
- request:
    method: post
    uri: https://staging2-lcm-prod.intgdc.com/gdc/userGroups/bG6Ipk-LvUdC2Wbq5QNtaww/modifyMembers
    body:
      encoding: UTF-8
      string: '{"modifyMembers":{"operation":"SET","items":["/gdc/account/profile/5ad80b895edcc438e5a4418e222733fa"]}}'
    headers:
      Accept:
      - application/json, application/zip
      Accept-Encoding:
      - gzip, deflate
      User-Agent:
      - gooddata-gem/1.0.2/java/2.3.3
      Content-Type:
      - application/json
      X-Gdc-Authtt:
      - "<X_GDC_AUTHTT>"
      X-Gdc-Request:
      - BJ7jVkUSVBb_c05Mc5sXfA:wbdIm5cUa83DtQjeqnAiSg
      Content-Length:
      - '103'
      Host:
      - staging2-lcm-prod.intgdc.com
  response:
    status:
      code: 204
      message: No Content
    headers:
      Vary:
      - Origin
      X-Gdc-Log-Header:
      - ''
      Cache-Control:
      - no-cache, no-store, must-revalidate
      Date:
      - Wed, 02 May 2018 13:51:34 GMT
      Server:
      - GoodData WebApp
      X-Gdc-Request-Time:
      - '12'
      X-Gdc-Request:
      - BJ7jVkUSVBb_c05Mc5sXfA:wbdIm5cUa83DtQjeqnAiSg:5FGeOjxLL8U3af70
      Strict-Transport-Security:
      - max-age=10886400; includeSubDomains; preload;
    body:
      encoding: UTF-8
      string: ''
    http_version:
  recorded_at: Wed, 02 May 2018 13:51:35 GMT
- request:
    method: get
    uri: https://staging2-lcm-prod.intgdc.com/gdc/userGroups/bG6Ipk-LvUdC2Wbq5QNtaww/members
    body:
      encoding: US-ASCII
      string: ''
    headers:
      Accept:
      - application/json, application/zip
      Accept-Encoding:
      - gzip, deflate
      User-Agent:
      - gooddata-gem/1.0.2/java/2.3.3
      Content-Type:
      - application/json
      X-Gdc-Authtt:
      - "<X_GDC_AUTHTT>"
      X-Gdc-Request:
      - BJ7jVkUSVBb_c05Mc5sXfA:ePWoQC59LiF875CI2WPu7w
      Host:
      - staging2-lcm-prod.intgdc.com
  response:
    status:
      code: 200
      message: OK
    headers:
      Vary:
      - Origin
      X-Gdc-Log-Header:
      - ''
      Cache-Control:
      - no-cache, no-store, must-revalidate
      Content-Type:
      - application/json;charset=UTF-8
      Date:
      - Wed, 02 May 2018 13:51:35 GMT
      Server:
      - GoodData WebApp
      X-Gdc-Request:
      - BJ7jVkUSVBb_c05Mc5sXfA:ePWoQC59LiF875CI2WPu7w:Nb6BVizK3XC7UiF4
      X-Gdc-Request-Time:
      - '12'
      Transfer-Encoding:
      - chunked
      Strict-Transport-Security:
      - max-age=10886400; includeSubDomains; preload;
    body:
      encoding: ASCII-8BIT
      string: '{"userGroupMembers":{"paging":{"offset":null,"limit":1000,"next":null},"items":[{"user":{"content":{"firstName":"the","lastName":"1"},"links":{"self":"/gdc/account/profile/5ad80b895edcc438e5a4418e222733fa"}}}]}}'
    http_version:
  recorded_at: Wed, 02 May 2018 13:51:35 GMT
- request:
    method: get
    uri: https://staging2-lcm-prod.intgdc.com/gdc/account/profile/5ad80b895edcc438e5a4418e222733fa
    body:
      encoding: US-ASCII
      string: ''
    headers:
      Accept:
      - application/json, application/zip
      Accept-Encoding:
      - gzip, deflate
      User-Agent:
      - gooddata-gem/1.0.2/java/2.3.3
      Content-Type:
      - application/json
      X-Gdc-Authtt:
      - "<X_GDC_AUTHTT>"
      X-Gdc-Request:
      - BJ7jVkUSVBb_c05Mc5sXfA:HJgN1bamr0_b6OxAIZoLxw
      Host:
      - staging2-lcm-prod.intgdc.com
  response:
    status:
      code: 200
      message: OK
    headers:
      Vary:
      - Origin
      Date:
      - Wed, 02 May 2018 13:51:36 GMT
      Server:
      - GoodData WebApp
      Keep-Alive:
      - timeout=5, max=94
      X-Gdc-Log-Header:
      - ''
      Cache-Control:
      - no-cache, no-store, must-revalidate
      Content-Type:
      - application/json;charset=UTF-8
      X-Gdc-Request:
      - BJ7jVkUSVBb_c05Mc5sXfA:HJgN1bamr0_b6OxAIZoLxw:430stw4LbmCmbVSC
      X-Gdc-Request-Time:
      - '21'
      Transfer-Encoding:
      - chunked
      Strict-Transport-Security:
      - max-age=10886400; includeSubDomains; preload;
    body:
      encoding: ASCII-8BIT
      string: '{"accountSetting":{"position":null,"effectiveIpWhitelist":null,"email":"rubydev+admin@gooddata.com","updated":"2018-05-02
        15:47:16","lastName":"1","phoneNumber":"","links":{"auditEvents":"/gdc/account/profile/5ad80b895edcc438e5a4418e222733fa/auditEvents","domain":"/gdc/domains/staging2-lcm-prod","self":"/gdc/account/profile/5ad80b895edcc438e5a4418e222733fa","projects":"/gdc/account/profile/5ad80b895edcc438e5a4418e222733fa/projects"},"firstName":"the","country":null,"ssoProvider":"test-ruby","language":"en-US","timezone":null,"ipWhitelist":null,"companyName":"","authenticationModes":["PASSWORD","SSO"],"login":"rubydev+admin@gooddata.com","created":"2017-02-10
        12:18:01"}}'
    http_version:
  recorded_at: Wed, 02 May 2018 13:51:36 GMT
- request:
    method: post
    uri: https://staging2-lcm-prod.intgdc.com/gdc/userGroups/bG6Ipk-LvUdC2Wbq5QNtaww/modifyMembers
    body:
      encoding: UTF-8
      string: '{"modifyMembers":{"operation":"REMOVE","items":["/gdc/account/profile/5ad80b895edcc438e5a4418e222733fa"]}}'
    headers:
      Accept:
      - application/json, application/zip
      Accept-Encoding:
      - gzip, deflate
      User-Agent:
      - gooddata-gem/1.0.2/java/2.3.3
      Content-Type:
      - application/json
      X-Gdc-Authtt:
      - "<X_GDC_AUTHTT>"
      X-Gdc-Request:
      - BJ7jVkUSVBb_c05Mc5sXfA:y3fm3APlAS4W8Qz9HUsnYw
      Content-Length:
      - '106'
      Host:
      - staging2-lcm-prod.intgdc.com
  response:
    status:
      code: 204
      message: No Content
    headers:
      Vary:
      - Origin
      X-Gdc-Log-Header:
      - ''
      Cache-Control:
      - no-cache, no-store, must-revalidate
      Date:
      - Wed, 02 May 2018 13:51:36 GMT
      Server:
      - GoodData WebApp
      X-Gdc-Request-Time:
      - '15'
      X-Gdc-Request:
      - BJ7jVkUSVBb_c05Mc5sXfA:y3fm3APlAS4W8Qz9HUsnYw:aJJKRKULqjHZLLCx
      Strict-Transport-Security:
      - max-age=10886400; includeSubDomains; preload;
    body:
      encoding: UTF-8
      string: ''
    http_version:
  recorded_at: Wed, 02 May 2018 13:51:37 GMT
- request:
    method: get
    uri: https://staging2-lcm-prod.intgdc.com/gdc/userGroups/bG6Ipk-LvUdC2Wbq5QNtaww/members
    body:
      encoding: US-ASCII
      string: ''
    headers:
      Accept:
      - application/json, application/zip
      Accept-Encoding:
      - gzip, deflate
      User-Agent:
      - gooddata-gem/1.0.2/java/2.3.3
      Content-Type:
      - application/json
      X-Gdc-Authtt:
      - "<X_GDC_AUTHTT>"
      X-Gdc-Request:
      - BJ7jVkUSVBb_c05Mc5sXfA:v5VAQk5ygFsTzPnx9FHBQA
      Host:
      - staging2-lcm-prod.intgdc.com
  response:
    status:
      code: 200
      message: OK
    headers:
      Vary:
      - Origin
      X-Gdc-Log-Header:
      - ''
      Cache-Control:
      - no-cache, no-store, must-revalidate
      Content-Type:
      - application/json;charset=UTF-8
      Date:
      - Wed, 02 May 2018 13:51:37 GMT
      Server:
      - GoodData WebApp
      X-Gdc-Request:
      - BJ7jVkUSVBb_c05Mc5sXfA:v5VAQk5ygFsTzPnx9FHBQA:kCuKOahovIWaZ8Yx
      X-Gdc-Request-Time:
      - '13'
      Transfer-Encoding:
      - chunked
      Strict-Transport-Security:
      - max-age=10886400; includeSubDomains; preload;
    body:
      encoding: ASCII-8BIT
      string: '{"userGroupMembers":{"paging":{"offset":null,"limit":1000,"next":null},"items":[]}}'
    http_version:
  recorded_at: Wed, 02 May 2018 13:51:37 GMT
recorded_with: VCR 4.0.0
