---
http_interactions:
- request:
    method: get
    uri: https://staging2-lcm-prod.intgdc.com/gdc/account/profile/b098706e0f6df2f2dd9823f8ab4dd57e
    body:
      encoding: US-ASCII
      string: ''
    headers:
      Accept:
      - application/json, application/zip
      Accept-Encoding:
      - gzip, deflate
      User-Agent:
      - gooddata-gem/1.1.0/x86_64-linux/2.4.1
      Content-Type:
      - application/json
      X-Gdc-Authtt:
      - "<X_GDC_AUTHTT>"
      X-Gdc-Request:
      - 25mbedlRNqSEXPNndZCxCw:gYoBffXvMuWvXSbUx4Bg_A
      Host:
      - staging2-lcm-prod.intgdc.com
  response:
    status:
      code: 200
      message: OK
    headers:
      Date:
      - Tue, 12 Jun 2018 09:05:52 GMT
      Server:
      - GoodData WebApp
      Keep-Alive:
      - timeout=5, max=60
      X-Gdc-Log-Header:
      - ''
      Cache-Control:
      - no-cache, no-store, must-revalidate
      Content-Type:
      - application/json;charset=UTF-8
      X-Gdc-Request:
      - 25mbedlRNqSEXPNndZCxCw:gYoBffXvMuWvXSbUx4Bg_A:VCqju1wzEqhqqcF9
      Vary:
      - origin
      X-Gdc-Request-Time:
      - '38'
      Transfer-Encoding:
      - chunked
      Strict-Transport-Security:
      - max-age=10886400; includeSubDomains; preload;
    body:
      encoding: ASCII-8BIT
      string: '{"accountSetting":{"position":null,"effectiveIpWhitelist":null,"email":"gemtest_64609@gooddata.com","updated":"2018-06-12
        11:05:52","lastName":"LastName","phoneNumber":null,"links":{"auditEvents":"/gdc/account/profile/b098706e0f6df2f2dd9823f8ab4dd57e/auditEvents","domain":"/gdc/domains/staging2-lcm-prod","self":"/gdc/account/profile/b098706e0f6df2f2dd9823f8ab4dd57e","projects":"/gdc/account/profile/b098706e0f6df2f2dd9823f8ab4dd57e/projects"},"firstName":"FirstName","country":null,"ssoProvider":null,"timezone":null,"language":"en-US","ipWhitelist":null,"companyName":null,"authenticationModes":[],"login":"gemtest_64609@gooddata.com","created":"2018-06-12
        11:05:52"}}'
    http_version:
  recorded_at: Tue, 12 Jun 2018 09:05:52 GMT
- request:
    method: get
    uri: https://staging2-lcm-prod.intgdc.com/gdc/account/profile/bd5c481fa83d48a05a235fd2ae23700c
    body:
      encoding: US-ASCII
      string: ''
    headers:
      Accept:
      - application/json, application/zip
      Accept-Encoding:
      - gzip, deflate
      User-Agent:
      - gooddata-gem/1.3.1/x86_64-darwin16/2.3.3
      Content-Type:
      - application/json
      X-Gdc-Authtt:
      - "<X_GDC_AUTHTT>"
      X-Gdc-Request:
      - LXWUgW5kFq1hnrhQx20fmw:FeiQ6zoWGKef598l__9WFw
      Host:
      - staging2-lcm-prod.intgdc.com
  response:
    status:
      code: 200
      message: OK
    headers:
      Date:
      - Fri, 05 Oct 2018 12:47:56 GMT
      Server:
      - GoodData WebApp
      Keep-Alive:
      - timeout=5, max=40
      X-Gdc-Log-Header:
      - ''
      Cache-Control:
      - no-cache, no-store, must-revalidate
      Content-Type:
      - application/json;charset=UTF-8
      X-Gdc-Request:
      - LXWUgW5kFq1hnrhQx20fmw:FeiQ6zoWGKef598l__9WFw:rxKcNWNnEVi31BAz
      Vary:
      - origin
      X-Gdc-Request-Time:
      - '31'
      Transfer-Encoding:
      - chunked
      Strict-Transport-Security:
      - max-age=10886400; includeSubDomains; preload;
    body:
      encoding: ASCII-8BIT
      string: '{"accountSetting":{"position":null,"effectiveIpWhitelist":null,"email":"gemtest_344731@gooddata.com","updated":"2018-10-05
        14:47:55","lastName":"LastName","phoneNumber":null,"links":{"auditEvents":"/gdc/account/profile/bd5c481fa83d48a05a235fd2ae23700c/auditEvents","domain":"/gdc/domains/staging2-lcm-prod","self":"/gdc/account/profile/bd5c481fa83d48a05a235fd2ae23700c","projects":"/gdc/account/profile/bd5c481fa83d48a05a235fd2ae23700c/projects"},"firstName":"FirstName","country":null,"ssoProvider":null,"language":"en-US","timezone":null,"ipWhitelist":null,"companyName":null,"authenticationModes":[],"login":"gemtest_344731@gooddata.com","created":"2018-10-05
        14:47:55"}}'
    http_version:
  recorded_at: Fri, 05 Oct 2018 12:47:56 GMT
- request:
    method: get
    uri: https://staging2-lcm-prod.intgdc.com/gdc/account/profile/e274526a2e148547d4488aae26d30279
    body:
      encoding: US-ASCII
      string: ''
    headers:
      Accept:
      - application/json, application/zip
      Accept-Encoding:
      - gzip, deflate
      User-Agent:
      - gooddata-gem/1.3.2/x86_64-darwin16/2.3.3
      Content-Type:
      - application/json
      X-Gdc-Authtt:
      - "<X_GDC_AUTHTT>"
      X-Gdc-Request:
      - vMKcyPvLxtF2Pm3vGcsZLA:Ay3WsmQ0xQNkMMZo-IuC-Q
      Host:
      - staging2-lcm-prod.intgdc.com
  response:
    status:
      code: 200
      message: OK
    headers:
      Date:
      - Wed, 10 Oct 2018 10:46:20 GMT
      Server:
      - GoodData WebApp
      Keep-Alive:
      - timeout=5, max=100
      X-Gdc-Log-Header:
      - ''
      Cache-Control:
      - no-cache, no-store, must-revalidate
      Content-Type:
      - application/json;charset=UTF-8
      X-Gdc-Request:
      - vMKcyPvLxtF2Pm3vGcsZLA:Ay3WsmQ0xQNkMMZo-IuC-Q:jACj4HinjpqjQFQT
      Vary:
      - origin
      X-Gdc-Request-Time:
      - '36'
      Transfer-Encoding:
      - chunked
      Strict-Transport-Security:
      - max-age=10886400; includeSubDomains; preload;
    body:
      encoding: ASCII-8BIT
      string: '{"accountSetting":{"position":null,"effectiveIpWhitelist":null,"email":"gemtest_126107@gooddata.com","updated":"2018-10-10
        12:46:19","lastName":"LastName","phoneNumber":null,"links":{"auditEvents":"/gdc/account/profile/e274526a2e148547d4488aae26d30279/auditEvents","domain":"/gdc/domains/staging2-lcm-prod","self":"/gdc/account/profile/e274526a2e148547d4488aae26d30279","projects":"/gdc/account/profile/e274526a2e148547d4488aae26d30279/projects"},"firstName":"FirstName","country":null,"ssoProvider":null,"language":"en-US","timezone":null,"ipWhitelist":null,"companyName":null,"authenticationModes":[],"login":"gemtest_126107@gooddata.com","created":"2018-10-10
        12:46:19"}}'
    http_version:
  recorded_at: Wed, 10 Oct 2018 10:46:20 GMT
- request:
    method: get
    uri: https://staging2-lcm-prod.intgdc.com/gdc/account/profile/1f5c9c98bf86845381af8cd36eec4b9d
    body:
      encoding: US-ASCII
      string: ''
    headers:
      Accept:
      - application/json, application/zip
      Accept-Encoding:
      - gzip, deflate
      User-Agent:
      - gooddata-gem/1.3.6/x86_64-linux/2.3.6
      Content-Type:
      - application/json
      X-Gdc-Authtt:
      - "<X_GDC_AUTHTT>"
      X-Gdc-Request:
      - ":t4pPiA_Rw5mUR_qI0Z7msQ:M4dp7Q7loXkFA2qTFnll4A"
      Stats-On:
      - ''
      Host:
      - staging2-lcm-prod.intgdc.com
  response:
    status:
      code: 200
      message: OK
    headers:
      X-Gdc-Log-Header:
      - ''
      Cache-Control:
      - no-cache, no-store, must-revalidate
      Content-Type:
      - application/json;charset=UTF-8
      Date:
      - Thu, 24 Jan 2019 13:01:29 GMT
      Server:
      - GoodData WebApp
      X-Gdc-Request:
      - ":t4pPiA_Rw5mUR_qI0Z7msQ:M4dp7Q7loXkFA2qTFnll4A:fZHRyFfDkUv9aMVK"
      Vary:
      - origin
      X-Gdc-Request-Time:
      - '14'
      Transfer-Encoding:
      - chunked
      Strict-Transport-Security:
      - max-age=10886400; includeSubDomains; preload;
    body:
      encoding: ASCII-8BIT
      string: '{"accountSetting":{"links":{"self":"/gdc/account/profile/1f5c9c98bf86845381af8cd36eec4b9d","projects":"/gdc/account/profile/1f5c9c98bf86845381af8cd36eec4b9d/projects","auditEvents":"/gdc/account/profile/1f5c9c98bf86845381af8cd36eec4b9d/auditEvents","domain":"/gdc/domains/staging2-lcm-prod"},"firstName":"FirstName","lastName":"LastName","companyName":null,"position":null,"created":"2019-01-24
        14:01:29","updated":"2019-01-24 14:01:29","country":null,"phoneNumber":null,"authenticationModes":[],"login":"gemtest_405146@gooddata.com","timezone":null,"ssoProvider":null,"email":"gemtest_405146@gooddata.com","language":"en-US","ipWhitelist":null,"effectiveIpWhitelist":null}}'
    http_version:
  recorded_at: Thu, 24 Jan 2019 13:01:29 GMT
- request:
    method: post
    uri: https://staging2-lcm-prod.intgdc.com/gdc/account/domains/staging2-lcm-prod/users
    body:
      encoding: UTF-8
      string: '{"accountSetting":{"login":"gemtest_103909@gooddata.com","firstName":"FirstName","lastName":"LastName","password":"<PASSWORD>","verifyPassword":"<PASSWORD>","email":"gemtest_103909@gooddata.com","language":"en-US"}}'
    headers:
      Accept:
      - application/json, application/zip
      User-Agent:
      - gooddata-gem/2.1.9/java/2.5.0
      Content-Type:
      - application/json
      X-Gdc-Authtt:
      - "<X_GDC_AUTHTT>"
      X-Gdc-Request:
      - ":1Gq71eG6RbrEd6gZJ3x_rQ:l5-A2JCtMuPhOGyL11EL9g"
      Stats-On:
      - ''
      X-Gdc-Version:
      - '2'
      Content-Length:
      - '291'
      Accept-Encoding:
      - gzip;q=1.0,deflate;q=0.6,identity;q=0.3
      Host:
      - staging2-lcm-prod.intgdc.com
  response:
    status:
      code: 201
      message: Created
    headers:
      Location:
      - "/gdc/account/profile/3994c3677fadaed87065663768afc956"
      X-Gdc-Log-Header:
      - ''
      Cache-Control:
      - no-cache, no-store, must-revalidate
      Content-Type:
      - application/json;charset=UTF-8
      Date:
      - Wed, 15 Jan 2020 05:00:56 GMT
      Server:
      - GoodData WebApp
      X-Gdc-Request-Time:
      - '162'
      X-Gdc-Request:
      - ":1Gq71eG6RbrEd6gZJ3x_rQ:l5-A2JCtMuPhOGyL11EL9g:JiU2s7lc0AaiTlOo"
      Vary:
      - origin,X-GDC-VERSION
      Transfer-Encoding:
      - chunked
      Strict-Transport-Security:
      - max-age=10886400; includeSubDomains; preload;
    body:
      encoding: ASCII-8BIT
      string: '{"uri":"/gdc/account/profile/3994c3677fadaed87065663768afc956"}'
    http_version:
  recorded_at: Wed, 15 Jan 2020 05:00:56 GMT
- request:
    method: get
    uri: https://staging2-lcm-prod.intgdc.com/gdc/account/profile/3994c3677fadaed87065663768afc956
    body:
      encoding: US-ASCII
      string: ''
    headers:
      Accept:
      - application/json, application/zip
      User-Agent:
      - gooddata-gem/2.1.9/java/2.5.0
      Content-Type:
      - application/json
      X-Gdc-Authtt:
      - "<X_GDC_AUTHTT>"
      X-Gdc-Request:
      - ":1Gq71eG6RbrEd6gZJ3x_rQ:AQqBxlFLm5j_UxICaVi_xg"
      Stats-On:
      - ''
      X-Gdc-Version:
      - '2'
      Accept-Encoding:
      - gzip;q=1.0,deflate;q=0.6,identity;q=0.3
      Host:
      - staging2-lcm-prod.intgdc.com
  response:
    status:
      code: 200
      message: OK
    headers:
      X-Gdc-Log-Header:
      - ''
      Cache-Control:
      - no-cache, no-store, must-revalidate
      Content-Type:
      - application/json;charset=UTF-8
      Date:
      - Wed, 15 Jan 2020 05:00:57 GMT
      Server:
      - GoodData WebApp
      X-Gdc-Request-Time:
      - '14'
      X-Gdc-Request:
      - ":1Gq71eG6RbrEd6gZJ3x_rQ:AQqBxlFLm5j_UxICaVi_xg:8r2FIxENmIsgPt7o"
      Vary:
      - origin,X-GDC-VERSION
      Transfer-Encoding:
      - chunked
      Strict-Transport-Security:
      - max-age=10886400; includeSubDomains; preload;
    body:
      encoding: ASCII-8BIT
      string: '{"accountSetting":{"links":{"self":"/gdc/account/profile/3994c3677fadaed87065663768afc956","projects":"/gdc/account/profile/3994c3677fadaed87065663768afc956/projects","auditEvents":"/gdc/account/profile/3994c3677fadaed87065663768afc956/auditEvents","domain":"/gdc/domains/staging2-lcm-prod"},"firstName":"FirstName","lastName":"LastName","companyName":null,"position":null,"created":"2020-01-15
        06:00:56","updated":"2020-01-15 06:00:56","country":null,"phoneNumber":null,"authenticationModes":[],"login":"gemtest_103909@gooddata.com","timezone":null,"ssoProvider":null,"email":"gemtest_103909@gooddata.com","language":"en-US","ipWhitelist":null,"effectiveIpWhitelist":null}}'
    http_version:
  recorded_at: Wed, 15 Jan 2020 05:00:57 GMT
recorded_with: VCR 5.0.0
