---
http_interactions:
- request:
    method: get
    uri: https://staging2-lcm-prod.intgdc.com/gdc/projects/ulqqp5kx5q1q01gwwdg6qfzt838w8qop/dataload/processes/8190558e-414d-44bd-8b6e-eb0f128a248e
    body:
      encoding: US-ASCII
      string: ''
    headers:
      Accept:
      - application/json, application/zip
      Accept-Encoding:
      - gzip, deflate
      User-Agent:
      - gooddata-gem/1.3.3/x86_64-darwin16/2.3.3
      Content-Type:
      - application/json
      X-Gdc-Authtt:
      - "<X_GDC_AUTHTT>"
      X-Gdc-Request:
      - UCyVsnFzNaUqga8LwoG0Zw:mrDDtnwDs75L2_E1kQ9wCQ
      Host:
      - staging2-lcm-prod.intgdc.com
  response:
    status:
      code: 200
      message: OK
    headers:
      X-Gdc-Log-Header:
      - ''
      Date:
      - Wed, 28 Nov 2018 16:59:44 GMT
      Server:
      - GoodData WebApp
      Cache-Control:
      - no-cache, no-store, must-revalidate
      Content-Type:
      - application/json;charset=UTF-8
      X-Gdc-Request:
      - UCyVsnFzNaUqga8LwoG0Zw:mrDDtnwDs75L2_E1kQ9wCQ:AeqymhRRbvZo2JzU
      Vary:
      - origin
      X-Gdc-Request-Time:
      - '93'
      Transfer-Encoding:
      - chunked
      Strict-Transport-Security:
      - max-age=10886400; includeSubDomains; preload;
    body:
      encoding: ASCII-8BIT
      string: '{"process":{"type":"RUBY","name":"Simple Ruby Process","path":"${PUBLIC_APPSTORE}:branch/master:/apps/hello_world_brick","graphs":["main.rb"],"executables":["main.rb"],"lastDeployed":"2018-11-28T16:58:28.764Z","ownerLogin":"rubydev+admin@gooddata.com","links":{"self":"/gdc/projects/ulqqp5kx5q1q01gwwdg6qfzt838w8qop/dataload/processes/8190558e-414d-44bd-8b6e-eb0f128a248e","executions":"/gdc/projects/ulqqp5kx5q1q01gwwdg6qfzt838w8qop/dataload/processes/8190558e-414d-44bd-8b6e-eb0f128a248e/executions","source":"/gdc/projects/ulqqp5kx5q1q01gwwdg6qfzt838w8qop/dataload/processes/8190558e-414d-44bd-8b6e-eb0f128a248e/source"}}}'
    http_version:
  recorded_at: Wed, 28 Nov 2018 16:59:44 GMT
- request:
    method: post
    uri: https://staging2-lcm-prod.intgdc.com/gdc/projects/ulqqp5kx5q1q01gwwdg6qfzt838w8qop/schedules
    body:
      encoding: UTF-8
      string: '{"schedule":{"name":null,"type":"MSETL","state":"ENABLED","timezone":"UTC","cron":"0
        15 27 7 *","triggerScheduleId":null,"params":{"PROCESS_ID":"8190558e-414d-44bd-8b6e-eb0f128a248e","EXECUTABLE":"main.rb","a":"b","b":"c"},"hiddenParams":{}}}'
    headers:
      Accept:
      - application/json, application/zip
      Accept-Encoding:
      - gzip, deflate
      User-Agent:
      - gooddata-gem/1.3.3/x86_64-darwin16/2.3.3
      Content-Type:
      - application/json
      X-Gdc-Authtt:
      - "<X_GDC_AUTHTT>"
      X-Gdc-Request:
      - UCyVsnFzNaUqga8LwoG0Zw:aW9FJpBI8-mPtHQP_qusYQ
      Content-Length:
      - '242'
      Host:
      - staging2-lcm-prod.intgdc.com
  response:
    status:
      code: 201
      message: Created
    headers:
      Location:
      - "/gdc/projects/ulqqp5kx5q1q01gwwdg6qfzt838w8qop/schedules/5bfec981e4b0f3ce81febf2d"
      X-Gdc-Log-Header:
      - ''
      Date:
      - Wed, 28 Nov 2018 16:59:45 GMT
      Server:
      - GoodData WebApp
      Cache-Control:
      - no-cache, no-store, must-revalidate
      Content-Type:
      - application/json;charset=UTF-8
      X-Gdc-Request:
      - UCyVsnFzNaUqga8LwoG0Zw:aW9FJpBI8-mPtHQP_qusYQ:MJxLZLinZcWycKSL
      Vary:
      - origin
      X-Gdc-Request-Time:
      - '28'
      Transfer-Encoding:
      - chunked
      Strict-Transport-Security:
      - max-age=10886400; includeSubDomains; preload;
    body:
      encoding: ASCII-8BIT
      string: '{"schedule":{"name":"main.rb","type":"MSETL","state":"ENABLED","params":{"a":"b","b":"c","EXECUTABLE":"main.rb","PROCESS_ID":"8190558e-414d-44bd-8b6e-eb0f128a248e"},"cron":"0
        15 27 7 *","timezone":"UTC","nextExecutionTime":"2019-07-27T15:00:00.000Z","consecutiveFailedExecutionCount":0,"ownerLogin":"rubydev+admin@gooddata.com","links":{"self":"/gdc/projects/ulqqp5kx5q1q01gwwdg6qfzt838w8qop/schedules/5bfec981e4b0f3ce81febf2d","executions":"/gdc/projects/ulqqp5kx5q1q01gwwdg6qfzt838w8qop/schedules/5bfec981e4b0f3ce81febf2d/executions"}}}'
    http_version:
  recorded_at: Wed, 28 Nov 2018 16:59:45 GMT
- request:
    method: get
    uri: https://staging2-lcm-prod.intgdc.com/gdc/projects/ulqqp5kx5q1q01gwwdg6qfzt838w8qop/schedules/5bfec981e4b0f3ce81febf2d
    body:
      encoding: US-ASCII
      string: ''
    headers:
      Accept:
      - application/json, application/zip
      Accept-Encoding:
      - gzip, deflate
      User-Agent:
      - gooddata-gem/1.3.3/x86_64-darwin16/2.3.3
      Content-Type:
      - application/json
      X-Gdc-Authtt:
      - "<X_GDC_AUTHTT>"
      X-Gdc-Request:
      - UCyVsnFzNaUqga8LwoG0Zw:vI4iFYfodVcrLZ12ZPUlPA
      Host:
      - staging2-lcm-prod.intgdc.com
  response:
    status:
      code: 200
      message: OK
    headers:
      X-Gdc-Log-Header:
      - ''
      Date:
      - Wed, 28 Nov 2018 16:59:45 GMT
      Server:
      - GoodData WebApp
      Cache-Control:
      - no-cache, no-store, must-revalidate
      Content-Type:
      - application/json;charset=UTF-8
      X-Gdc-Request:
      - UCyVsnFzNaUqga8LwoG0Zw:vI4iFYfodVcrLZ12ZPUlPA:GcndKCUVNkDcVzVd
      Vary:
      - origin
      X-Gdc-Request-Time:
      - '19'
      Transfer-Encoding:
      - chunked
      Strict-Transport-Security:
      - max-age=10886400; includeSubDomains; preload;
    body:
      encoding: ASCII-8BIT
      string: '{"schedule":{"name":"main.rb","type":"MSETL","state":"ENABLED","params":{"a":"b","b":"c","EXECUTABLE":"main.rb","PROCESS_ID":"8190558e-414d-44bd-8b6e-eb0f128a248e"},"cron":"0
        15 27 7 *","timezone":"UTC","nextExecutionTime":"2019-07-27T15:00:00.000Z","consecutiveFailedExecutionCount":0,"ownerLogin":"rubydev+admin@gooddata.com","links":{"self":"/gdc/projects/ulqqp5kx5q1q01gwwdg6qfzt838w8qop/schedules/5bfec981e4b0f3ce81febf2d","executions":"/gdc/projects/ulqqp5kx5q1q01gwwdg6qfzt838w8qop/schedules/5bfec981e4b0f3ce81febf2d/executions"}}}'
    http_version:
  recorded_at: Wed, 28 Nov 2018 16:59:45 GMT
- request:
    method: delete
    uri: https://staging2-lcm-prod.intgdc.com/gdc/projects/ulqqp5kx5q1q01gwwdg6qfzt838w8qop/schedules/5bfec981e4b0f3ce81febf2d
    body:
      encoding: US-ASCII
      string: ''
    headers:
      Accept:
      - application/json, application/zip
      Accept-Encoding:
      - gzip, deflate
      User-Agent:
      - gooddata-gem/1.3.3/x86_64-darwin16/2.3.3
      Content-Type:
      - application/json
      X-Gdc-Authtt:
      - "<X_GDC_AUTHTT>"
      X-Gdc-Request:
      - UCyVsnFzNaUqga8LwoG0Zw:LeUicLVcGfvMcHOj2a1uzw
      Host:
      - staging2-lcm-prod.intgdc.com
  response:
    status:
      code: 204
      message: No Content
    headers:
      Location:
      - "/gdc/projects/ulqqp5kx5q1q01gwwdg6qfzt838w8qop/schedules"
      X-Gdc-Log-Header:
      - ''
      Date:
      - Wed, 28 Nov 2018 16:59:46 GMT
      Server:
      - GoodData WebApp
      Cache-Control:
      - no-cache, no-store, must-revalidate
      X-Gdc-Request-Time:
      - '23'
      X-Gdc-Request:
      - UCyVsnFzNaUqga8LwoG0Zw:LeUicLVcGfvMcHOj2a1uzw:MWWpNEa9TOyErKYu
      Vary:
      - origin
      Strict-Transport-Security:
      - max-age=10886400; includeSubDomains; preload;
    body:
      encoding: UTF-8
      string: ''
    http_version:
  recorded_at: Wed, 28 Nov 2018 16:59:46 GMT
- request:
    method: get
    uri: https://staging2-lcm-prod.intgdc.com/gdc/projects/ofzungmvlxxnnj5lwtvphj65rgq2fswb/dataload/processes/0cf3d5a4-f5b2-448c-ab9f-cc6c20b59f39
    body:
      encoding: US-ASCII
      string: ''
    headers:
      Accept:
      - application/json, application/zip
      Accept-Encoding:
      - gzip, deflate
      User-Agent:
      - gooddata-gem/1.3.3/x86_64-darwin16/2.3.3
      Content-Type:
      - application/json
      X-Gdc-Authtt:
      - "<X_GDC_AUTHTT>"
      X-Gdc-Request:
      - SFe9KYu-EwEJMoECagfurA:E2QkzEDXS6lE7Ktomxmsbg
      Host:
      - staging2-lcm-prod.intgdc.com
  response:
    status:
      code: 200
      message: OK
    headers:
      X-Gdc-Log-Header:
      - ''
      Date:
      - Wed, 28 Nov 2018 17:03:44 GMT
      Server:
      - GoodData WebApp
      Cache-Control:
      - no-cache, no-store, must-revalidate
      Content-Type:
      - application/json;charset=UTF-8
      X-Gdc-Request:
      - SFe9KYu-EwEJMoECagfurA:E2QkzEDXS6lE7Ktomxmsbg:cWbEMwgRaWHzDApe
      Vary:
      - origin
      X-Gdc-Request-Time:
      - '85'
      Transfer-Encoding:
      - chunked
      Strict-Transport-Security:
      - max-age=10886400; includeSubDomains; preload;
    body:
      encoding: ASCII-8BIT
      string: '{"process":{"type":"RUBY","name":"Simple Ruby Process","path":"${PUBLIC_APPSTORE}:branch/master:/apps/hello_world_brick","graphs":["main.rb"],"executables":["main.rb"],"lastDeployed":"2018-11-28T17:03:31.114Z","ownerLogin":"rubydev+admin@gooddata.com","links":{"self":"/gdc/projects/ofzungmvlxxnnj5lwtvphj65rgq2fswb/dataload/processes/0cf3d5a4-f5b2-448c-ab9f-cc6c20b59f39","executions":"/gdc/projects/ofzungmvlxxnnj5lwtvphj65rgq2fswb/dataload/processes/0cf3d5a4-f5b2-448c-ab9f-cc6c20b59f39/executions","source":"/gdc/projects/ofzungmvlxxnnj5lwtvphj65rgq2fswb/dataload/processes/0cf3d5a4-f5b2-448c-ab9f-cc6c20b59f39/source"}}}'
    http_version:
  recorded_at: Wed, 28 Nov 2018 17:03:44 GMT
- request:
    method: get
    uri: https://staging2-lcm-prod.intgdc.com/gdc/projects/fanw3gqnpv87lmocwqj0x79k8i9zfepd/dataload/processes/1e9a44cc-c128-41f5-a85f-26c5f71c9679
    body:
      encoding: US-ASCII
      string: ''
    headers:
      Accept:
      - application/json, application/zip
      Accept-Encoding:
      - gzip, deflate
      User-Agent:
      - gooddata-gem/1.3.6/x86_64-linux/2.3.6
      Content-Type:
      - application/json
      X-Gdc-Authtt:
      - "<X_GDC_AUTHTT>"
      X-Gdc-Request:
      - ":ADJCyexmTo3xdkURu5mqMg:h84gyCObx2H7gehEMDR-Fg"
      Stats-On:
      - ''
      Host:
      - staging2-lcm-prod.intgdc.com
  response:
    status:
      code: 200
      message: OK
    headers:
      X-Gdc-Log-Header:
      - ''
      Date:
      - Thu, 24 Jan 2019 13:24:40 GMT
      Server:
      - GoodData WebApp
      Cache-Control:
      - no-cache, no-store, must-revalidate
      Content-Type:
      - application/json;charset=UTF-8
      X-Gdc-Request:
      - ":ADJCyexmTo3xdkURu5mqMg:h84gyCObx2H7gehEMDR-Fg:OVQ98iwJkau6YkIo"
      Vary:
      - origin
      X-Gdc-Request-Time:
      - '1098'
      Transfer-Encoding:
      - chunked
      Strict-Transport-Security:
      - max-age=10886400; includeSubDomains; preload;
    body:
      encoding: ASCII-8BIT
      string: '{"process":{"type":"RUBY","name":"Simple Ruby Process","path":"${PUBLIC_APPSTORE}:branch/master:/apps/hello_world_brick","graphs":["main.rb"],"executables":["main.rb"],"lastDeployed":"2019-01-24T12:44:06.025Z","ownerLogin":"rubydev+admin@gooddata.com","links":{"self":"/gdc/projects/fanw3gqnpv87lmocwqj0x79k8i9zfepd/dataload/processes/1e9a44cc-c128-41f5-a85f-26c5f71c9679","executions":"/gdc/projects/fanw3gqnpv87lmocwqj0x79k8i9zfepd/dataload/processes/1e9a44cc-c128-41f5-a85f-26c5f71c9679/executions","source":"/gdc/projects/fanw3gqnpv87lmocwqj0x79k8i9zfepd/dataload/processes/1e9a44cc-c128-41f5-a85f-26c5f71c9679/source"}}}'
    http_version:
  recorded_at: Thu, 24 Jan 2019 13:24:40 GMT
- request:
    method: post
    uri: https://staging2-lcm-prod.intgdc.com/gdc/projects/fanw3gqnpv87lmocwqj0x79k8i9zfepd/schedules
    body:
      encoding: UTF-8
      string: '{"schedule":{"name":null,"type":"MSETL","state":"ENABLED","timezone":"UTC","cron":"0
        15 27 7 *","triggerScheduleId":null,"params":{"PROCESS_ID":"1e9a44cc-c128-41f5-a85f-26c5f71c9679","EXECUTABLE":"main.rb","a":"b","b":"c"},"hiddenParams":{}}}'
    headers:
      Accept:
      - application/json, application/zip
      Accept-Encoding:
      - gzip, deflate
      User-Agent:
      - gooddata-gem/1.3.6/x86_64-linux/2.3.6
      Content-Type:
      - application/json
      X-Gdc-Authtt:
      - "<X_GDC_AUTHTT>"
      X-Gdc-Request:
      - ":ADJCyexmTo3xdkURu5mqMg:JtSE2L1dR9b6cdI45MWV4A"
      Stats-On:
      - ''
      Content-Length:
      - '242'
      Host:
      - staging2-lcm-prod.intgdc.com
  response:
    status:
      code: 201
      message: Created
    headers:
      Location:
      - "/gdc/projects/fanw3gqnpv87lmocwqj0x79k8i9zfepd/schedules/5c49bc99e4b0209098241c1f"
      X-Gdc-Log-Header:
      - ''
      Date:
      - Thu, 24 Jan 2019 13:24:40 GMT
      Server:
      - GoodData WebApp
      Cache-Control:
      - no-cache, no-store, must-revalidate
      Content-Type:
      - application/json;charset=UTF-8
      X-Gdc-Request:
      - ":ADJCyexmTo3xdkURu5mqMg:JtSE2L1dR9b6cdI45MWV4A:ulUUiXfOELSLWHuI"
      Vary:
      - origin
      X-Gdc-Request-Time:
      - '29'
      Transfer-Encoding:
      - chunked
      Strict-Transport-Security:
      - max-age=10886400; includeSubDomains; preload;
    body:
      encoding: ASCII-8BIT
      string: '{"schedule":{"name":"main.rb","type":"MSETL","state":"ENABLED","params":{"a":"b","b":"c","EXECUTABLE":"main.rb","PROCESS_ID":"1e9a44cc-c128-41f5-a85f-26c5f71c9679"},"cron":"0
        15 27 7 *","timezone":"UTC","nextExecutionTime":"2019-07-27T15:00:00.000Z","consecutiveFailedExecutionCount":0,"ownerLogin":"rubydev+admin@gooddata.com","links":{"self":"/gdc/projects/fanw3gqnpv87lmocwqj0x79k8i9zfepd/schedules/5c49bc99e4b0209098241c1f","executions":"/gdc/projects/fanw3gqnpv87lmocwqj0x79k8i9zfepd/schedules/5c49bc99e4b0209098241c1f/executions"}}}'
    http_version:
  recorded_at: Thu, 24 Jan 2019 13:24:41 GMT
- request:
    method: get
    uri: https://staging2-lcm-prod.intgdc.com/gdc/projects/fanw3gqnpv87lmocwqj0x79k8i9zfepd/schedules/5c49bc99e4b0209098241c1f
    body:
      encoding: US-ASCII
      string: ''
    headers:
      Accept:
      - application/json, application/zip
      Accept-Encoding:
      - gzip, deflate
      User-Agent:
      - gooddata-gem/1.3.6/x86_64-linux/2.3.6
      Content-Type:
      - application/json
      X-Gdc-Authtt:
      - "<X_GDC_AUTHTT>"
      X-Gdc-Request:
      - ":ADJCyexmTo3xdkURu5mqMg:BhxZ8pUIb0MdQLVbto47cw"
      Stats-On:
      - ''
      Host:
      - staging2-lcm-prod.intgdc.com
  response:
    status:
      code: 200
      message: OK
    headers:
      X-Gdc-Log-Header:
      - ''
      Date:
      - Thu, 24 Jan 2019 13:24:42 GMT
      Server:
      - GoodData WebApp
      Cache-Control:
      - no-cache, no-store, must-revalidate
      Content-Type:
      - application/json;charset=UTF-8
      X-Gdc-Request:
      - ":ADJCyexmTo3xdkURu5mqMg:BhxZ8pUIb0MdQLVbto47cw:Yc20O8ZlaC3izdGO"
      Vary:
      - origin
      X-Gdc-Request-Time:
      - '21'
      Transfer-Encoding:
      - chunked
      Strict-Transport-Security:
      - max-age=10886400; includeSubDomains; preload;
    body:
      encoding: ASCII-8BIT
      string: '{"schedule":{"name":"main.rb","type":"MSETL","state":"ENABLED","params":{"a":"b","b":"c","EXECUTABLE":"main.rb","PROCESS_ID":"1e9a44cc-c128-41f5-a85f-26c5f71c9679"},"cron":"0
        15 27 7 *","timezone":"UTC","nextExecutionTime":"2019-07-27T15:00:00.000Z","consecutiveFailedExecutionCount":0,"ownerLogin":"rubydev+admin@gooddata.com","links":{"self":"/gdc/projects/fanw3gqnpv87lmocwqj0x79k8i9zfepd/schedules/5c49bc99e4b0209098241c1f","executions":"/gdc/projects/fanw3gqnpv87lmocwqj0x79k8i9zfepd/schedules/5c49bc99e4b0209098241c1f/executions"}}}'
    http_version:
  recorded_at: Thu, 24 Jan 2019 13:24:42 GMT
- request:
    method: delete
    uri: https://staging2-lcm-prod.intgdc.com/gdc/projects/fanw3gqnpv87lmocwqj0x79k8i9zfepd/schedules/5c49bc99e4b0209098241c1f
    body:
      encoding: US-ASCII
      string: ''
    headers:
      Accept:
      - application/json, application/zip
      Accept-Encoding:
      - gzip, deflate
      User-Agent:
      - gooddata-gem/1.3.6/x86_64-linux/2.3.6
      Content-Type:
      - application/json
      X-Gdc-Authtt:
      - "<X_GDC_AUTHTT>"
      X-Gdc-Request:
      - ":ADJCyexmTo3xdkURu5mqMg:I_ADM-17s2C--lhfUqA9Ww"
      Stats-On:
      - ''
      Host:
      - staging2-lcm-prod.intgdc.com
  response:
    status:
      code: 204
      message: No Content
    headers:
      Location:
      - "/gdc/projects/fanw3gqnpv87lmocwqj0x79k8i9zfepd/schedules"
      X-Gdc-Log-Header:
      - ''
      Date:
      - Thu, 24 Jan 2019 13:24:42 GMT
      Server:
      - GoodData WebApp
      Cache-Control:
      - no-cache, no-store, must-revalidate
      X-Gdc-Request-Time:
      - '23'
      X-Gdc-Request:
      - ":ADJCyexmTo3xdkURu5mqMg:I_ADM-17s2C--lhfUqA9Ww:5jJGHdEWvjl3ons0"
      Vary:
      - origin
      Strict-Transport-Security:
      - max-age=10886400; includeSubDomains; preload;
    body:
      encoding: UTF-8
      string: ''
    http_version:
  recorded_at: Thu, 24 Jan 2019 13:24:43 GMT
- request:
    method: get
    uri: https://staging2-lcm-prod.intgdc.com/gdc/projects/ckggg1kn1hwetn3giedb8i2g7em2ykir/dataload/processes/74693e9c-7da7-40af-9dbf-1bf909ac55b4
    body:
      encoding: US-ASCII
      string: ''
    headers:
      Accept:
      - application/json, application/zip
      User-Agent:
      - gooddata-gem/2.1.9/java/2.5.0
      Content-Type:
      - application/json
      X-Gdc-Authtt:
      - "<X_GDC_AUTHTT>"
      X-Gdc-Request:
      - ":6R-eYvIIdIipxhY5OybcTg:t_Nt6yY1NxoqBhGe2OkOug"
      Stats-On:
      - ''
      X-Gdc-Version:
      - '2'
      Accept-Encoding:
      - gzip;q=1.0,deflate;q=0.6,identity;q=0.3
      Host:
      - staging2-lcm-prod.intgdc.com
  response:
    status:
      code: 200
      message: OK
    headers:
      X-Gdc-Log-Header:
      - ''
      Content-Type:
      - application/json;charset=UTF-8
      Date:
      - Wed, 15 Jan 2020 06:15:45 GMT
      Server:
      - GoodData WebApp
      X-Gdc-Request-Time:
      - '6'
      X-Gdc-Request:
      - ":6R-eYvIIdIipxhY5OybcTg:t_Nt6yY1NxoqBhGe2OkOug:0wARLrmuPtf6R2ul"
      Cache-Control:
      - no-cache, no-store, must-revalidate
      Vary:
      - origin,X-GDC-VERSION
      Transfer-Encoding:
      - chunked
      Strict-Transport-Security:
      - max-age=10886400; includeSubDomains; preload;
    body:
      encoding: ASCII-8BIT
      string: '{"process":{"type":"RUBY","name":"Simple Ruby Process","path":"${PUBLIC_APPSTORE}:branch/master:/apps/hello_world_brick","graphs":["main.rb"],"executables":["main.rb"],"lastDeployed":"2020-01-15T04:32:52.334Z","ownerLogin":"rubydev+admin@gooddata.com","links":{"self":"/gdc/projects/ckggg1kn1hwetn3giedb8i2g7em2ykir/dataload/processes/74693e9c-7da7-40af-9dbf-1bf909ac55b4","executions":"/gdc/projects/ckggg1kn1hwetn3giedb8i2g7em2ykir/dataload/processes/74693e9c-7da7-40af-9dbf-1bf909ac55b4/executions","source":"/gdc/projects/ckggg1kn1hwetn3giedb8i2g7em2ykir/dataload/processes/74693e9c-7da7-40af-9dbf-1bf909ac55b4/source"}}}'
    http_version:
  recorded_at: Wed, 15 Jan 2020 06:15:45 GMT
- request:
    method: post
    uri: https://staging2-lcm-prod.intgdc.com/gdc/projects/ckggg1kn1hwetn3giedb8i2g7em2ykir/schedules
    body:
      encoding: UTF-8
      string: '{"schedule":{"name":null,"type":"MSETL","state":"ENABLED","timezone":"UTC","cron":"0
        15 27 7 *","triggerScheduleId":null,"params":{"PROCESS_ID":"74693e9c-7da7-40af-9dbf-1bf909ac55b4","EXECUTABLE":"main.rb","a":"b","b":"c"},"hiddenParams":{}}}'
    headers:
      Accept:
      - application/json, application/zip
      User-Agent:
      - gooddata-gem/2.1.9/java/2.5.0
      Content-Type:
      - application/json
      X-Gdc-Authtt:
      - "<X_GDC_AUTHTT>"
      X-Gdc-Request:
      - ":6R-eYvIIdIipxhY5OybcTg:vG71nZAFezeT8yE4hoOmQw"
      Stats-On:
      - ''
      X-Gdc-Version:
      - '2'
      Content-Length:
      - '242'
      Accept-Encoding:
      - gzip;q=1.0,deflate;q=0.6,identity;q=0.3
      Host:
      - staging2-lcm-prod.intgdc.com
  response:
    status:
      code: 201
      message: Created
    headers:
      Location:
      - "/gdc/projects/ckggg1kn1hwetn3giedb8i2g7em2ykir/schedules/5e1eae121be1fc6a16f767e8"
      X-Gdc-Log-Header:
      - ''
      Content-Type:
      - application/json;charset=UTF-8
      Date:
      - Wed, 15 Jan 2020 06:15:46 GMT
      Server:
      - GoodData WebApp
      X-Gdc-Request-Time:
      - '15'
      X-Gdc-Request:
      - ":6R-eYvIIdIipxhY5OybcTg:vG71nZAFezeT8yE4hoOmQw:IrgXAzdDSBVyI5OO"
      Cache-Control:
      - no-cache, no-store, must-revalidate
      Vary:
      - origin,X-GDC-VERSION
      Transfer-Encoding:
      - chunked
      Strict-Transport-Security:
      - max-age=10886400; includeSubDomains; preload;
    body:
      encoding: ASCII-8BIT
      string: '{"schedule":{"name":"main.rb","type":"MSETL","state":"ENABLED","params":{"a":"b","b":"c","EXECUTABLE":"main.rb","PROCESS_ID":"74693e9c-7da7-40af-9dbf-1bf909ac55b4"},"cron":"0
        15 27 7 *","timezone":"UTC","nextExecutionTime":"2020-07-27T15:00:00.000Z","consecutiveFailedExecutionCount":0,"ownerLogin":"rubydev+admin@gooddata.com","links":{"self":"/gdc/projects/ckggg1kn1hwetn3giedb8i2g7em2ykir/schedules/5e1eae121be1fc6a16f767e8","executions":"/gdc/projects/ckggg1kn1hwetn3giedb8i2g7em2ykir/schedules/5e1eae121be1fc6a16f767e8/executions"}}}'
    http_version:
  recorded_at: Wed, 15 Jan 2020 06:15:46 GMT
- request:
    method: get
    uri: https://staging2-lcm-prod.intgdc.com/gdc/projects/ckggg1kn1hwetn3giedb8i2g7em2ykir/schedules/5e1eae121be1fc6a16f767e8
    body:
      encoding: US-ASCII
      string: ''
    headers:
      Accept:
      - application/json, application/zip
      User-Agent:
      - gooddata-gem/2.1.9/java/2.5.0
      Content-Type:
      - application/json
      X-Gdc-Authtt:
      - "<X_GDC_AUTHTT>"
      X-Gdc-Request:
      - ":6R-eYvIIdIipxhY5OybcTg:S6U9T3brbDePtAK5Eq7teg"
      Stats-On:
      - ''
      X-Gdc-Version:
      - '2'
      Accept-Encoding:
      - gzip;q=1.0,deflate;q=0.6,identity;q=0.3
      Host:
      - staging2-lcm-prod.intgdc.com
  response:
    status:
      code: 200
      message: OK
    headers:
      X-Gdc-Log-Header:
      - ''
      Content-Type:
      - application/json;charset=UTF-8
      Date:
      - Wed, 15 Jan 2020 06:15:46 GMT
      Server:
      - GoodData WebApp
      X-Gdc-Request-Time:
      - '7'
      X-Gdc-Request:
      - ":6R-eYvIIdIipxhY5OybcTg:S6U9T3brbDePtAK5Eq7teg:1YrHmruXuYttPibT"
      Cache-Control:
      - no-cache, no-store, must-revalidate
      Vary:
      - origin,X-GDC-VERSION
      Transfer-Encoding:
      - chunked
      Strict-Transport-Security:
      - max-age=10886400; includeSubDomains; preload;
    body:
      encoding: ASCII-8BIT
      string: '{"schedule":{"name":"main.rb","type":"MSETL","state":"ENABLED","params":{"a":"b","b":"c","EXECUTABLE":"main.rb","PROCESS_ID":"74693e9c-7da7-40af-9dbf-1bf909ac55b4"},"cron":"0
        15 27 7 *","timezone":"UTC","nextExecutionTime":"2020-07-27T15:00:00.000Z","consecutiveFailedExecutionCount":0,"ownerLogin":"rubydev+admin@gooddata.com","links":{"self":"/gdc/projects/ckggg1kn1hwetn3giedb8i2g7em2ykir/schedules/5e1eae121be1fc6a16f767e8","executions":"/gdc/projects/ckggg1kn1hwetn3giedb8i2g7em2ykir/schedules/5e1eae121be1fc6a16f767e8/executions"}}}'
    http_version:
  recorded_at: Wed, 15 Jan 2020 06:15:47 GMT
- request:
    method: delete
    uri: https://staging2-lcm-prod.intgdc.com/gdc/projects/ckggg1kn1hwetn3giedb8i2g7em2ykir/schedules/5e1eae121be1fc6a16f767e8
    body:
      encoding: US-ASCII
      string: ''
    headers:
      Accept:
      - application/json, application/zip
      User-Agent:
      - gooddata-gem/2.1.9/java/2.5.0
      Content-Type:
      - application/json
      X-Gdc-Authtt:
      - "<X_GDC_AUTHTT>"
      X-Gdc-Request:
      - ":6R-eYvIIdIipxhY5OybcTg:MqO510zRt0g9BwlI05_IIg"
      Stats-On:
      - ''
      X-Gdc-Version:
      - '2'
      Accept-Encoding:
      - gzip;q=1.0,deflate;q=0.6,identity;q=0.3
      Host:
      - staging2-lcm-prod.intgdc.com
  response:
    status:
      code: 204
      message: No Content
    headers:
      Location:
      - "/gdc/projects/ckggg1kn1hwetn3giedb8i2g7em2ykir/schedules"
      X-Gdc-Log-Header:
      - ''
      Date:
      - Wed, 15 Jan 2020 06:15:48 GMT
      Server:
      - GoodData WebApp
      X-Gdc-Request-Time:
      - '10'
      X-Gdc-Request:
      - ":6R-eYvIIdIipxhY5OybcTg:MqO510zRt0g9BwlI05_IIg:eopx0BgLJRj0DVKt"
      Cache-Control:
      - no-cache, no-store, must-revalidate
      Vary:
      - origin,X-GDC-VERSION
      Strict-Transport-Security:
      - max-age=10886400; includeSubDomains; preload;
    body:
      encoding: UTF-8
      string: ''
    http_version:
  recorded_at: Wed, 15 Jan 2020 06:15:48 GMT
recorded_with: VCR 5.0.0
