---
http_interactions:
- request:
    method: get
    uri: https://staging2-lcm-prod.intgdc.com/gdc/projects/ulqqp5kx5q1q01gwwdg6qfzt838w8qop/dataload/processes/8190558e-414d-44bd-8b6e-eb0f128a248e
    body:
      encoding: US-ASCII
      string: ''
    headers:
      Accept:
      - application/json, application/zip
      Accept-Encoding:
      - gzip, deflate
      User-Agent:
      - gooddata-gem/1.3.3/x86_64-darwin16/2.3.3
      Content-Type:
      - application/json
      X-Gdc-Authtt:
      - "<X_GDC_AUTHTT>"
      X-Gdc-Request:
      - UCyVsnFzNaUqga8LwoG0Zw:GPM6EnzwgT4-ETOnac8jDg
      Host:
      - staging2-lcm-prod.intgdc.com
  response:
    status:
      code: 200
      message: OK
    headers:
      X-Gdc-Log-Header:
      - ''
      Date:
      - Wed, 28 Nov 2018 16:59:48 GMT
      Server:
      - GoodData WebApp
      Cache-Control:
      - no-cache, no-store, must-revalidate
      Content-Type:
      - application/json;charset=UTF-8
      X-Gdc-Request:
      - UCyVsnFzNaUqga8LwoG0Zw:GPM6EnzwgT4-ETOnac8jDg:jDsAuTmSEqbPGlAf
      Vary:
      - origin
      X-Gdc-Request-Time:
      - '94'
      Transfer-Encoding:
      - chunked
      Strict-Transport-Security:
      - max-age=10886400; includeSubDomains; preload;
    body:
      encoding: ASCII-8BIT
      string: '{"process":{"type":"RUBY","name":"Simple Ruby Process","path":"${PUBLIC_APPSTORE}:branch/master:/apps/hello_world_brick","graphs":["main.rb"],"executables":["main.rb"],"lastDeployed":"2018-11-28T16:58:28.764Z","ownerLogin":"rubydev+admin@gooddata.com","links":{"self":"/gdc/projects/ulqqp5kx5q1q01gwwdg6qfzt838w8qop/dataload/processes/8190558e-414d-44bd-8b6e-eb0f128a248e","executions":"/gdc/projects/ulqqp5kx5q1q01gwwdg6qfzt838w8qop/dataload/processes/8190558e-414d-44bd-8b6e-eb0f128a248e/executions","source":"/gdc/projects/ulqqp5kx5q1q01gwwdg6qfzt838w8qop/dataload/processes/8190558e-414d-44bd-8b6e-eb0f128a248e/source"}}}'
    http_version:
  recorded_at: Wed, 28 Nov 2018 16:59:49 GMT
- request:
    method: post
    uri: https://staging2-lcm-prod.intgdc.com/gdc/projects/ulqqp5kx5q1q01gwwdg6qfzt838w8qop/schedules
    body:
      encoding: UTF-8
      string: '{"schedule":{"name":null,"type":"MSETL","state":"ENABLED","timezone":"UTC","cron":"0
        15 27 7 *","triggerScheduleId":null,"params":{"PROCESS_ID":"8190558e-414d-44bd-8b6e-eb0f128a248e","EXECUTABLE":"main.rb","a":"b","b":"c"},"hiddenParams":{}}}'
    headers:
      Accept:
      - application/json, application/zip
      Accept-Encoding:
      - gzip, deflate
      User-Agent:
      - gooddata-gem/1.3.3/x86_64-darwin16/2.3.3
      Content-Type:
      - application/json
      X-Gdc-Authtt:
      - "<X_GDC_AUTHTT>"
      X-Gdc-Request:
      - UCyVsnFzNaUqga8LwoG0Zw:hDn82q4JAt8ZQrqiuS-r5g
      Content-Length:
      - '242'
      Host:
      - staging2-lcm-prod.intgdc.com
  response:
    status:
      code: 201
      message: Created
    headers:
      Location:
      - "/gdc/projects/ulqqp5kx5q1q01gwwdg6qfzt838w8qop/schedules/5bfec985e4b0f3ce81febf2e"
      X-Gdc-Log-Header:
      - ''
      Date:
      - Wed, 28 Nov 2018 16:59:49 GMT
      Server:
      - GoodData WebApp
      Cache-Control:
      - no-cache, no-store, must-revalidate
      Content-Type:
      - application/json;charset=UTF-8
      X-Gdc-Request:
      - UCyVsnFzNaUqga8LwoG0Zw:hDn82q4JAt8ZQrqiuS-r5g:Kd4fzKb6ImJQ30rH
      Vary:
      - origin
      X-Gdc-Request-Time:
      - '32'
      Transfer-Encoding:
      - chunked
      Strict-Transport-Security:
      - max-age=10886400; includeSubDomains; preload;
    body:
      encoding: ASCII-8BIT
      string: '{"schedule":{"name":"main.rb","type":"MSETL","state":"ENABLED","params":{"a":"b","b":"c","EXECUTABLE":"main.rb","PROCESS_ID":"8190558e-414d-44bd-8b6e-eb0f128a248e"},"cron":"0
        15 27 7 *","timezone":"UTC","nextExecutionTime":"2019-07-27T15:00:00.000Z","consecutiveFailedExecutionCount":0,"ownerLogin":"rubydev+admin@gooddata.com","links":{"self":"/gdc/projects/ulqqp5kx5q1q01gwwdg6qfzt838w8qop/schedules/5bfec985e4b0f3ce81febf2e","executions":"/gdc/projects/ulqqp5kx5q1q01gwwdg6qfzt838w8qop/schedules/5bfec985e4b0f3ce81febf2e/executions"}}}'
    http_version:
  recorded_at: Wed, 28 Nov 2018 16:59:50 GMT
- request:
    method: get
    uri: https://staging2-lcm-prod.intgdc.com/gdc/projects/ulqqp5kx5q1q01gwwdg6qfzt838w8qop/schedules/5bfec985e4b0f3ce81febf2e
    body:
      encoding: US-ASCII
      string: ''
    headers:
      Accept:
      - application/json, application/zip
      Accept-Encoding:
      - gzip, deflate
      User-Agent:
      - gooddata-gem/1.3.3/x86_64-darwin16/2.3.3
      Content-Type:
      - application/json
      X-Gdc-Authtt:
      - "<X_GDC_AUTHTT>"
      X-Gdc-Request:
      - UCyVsnFzNaUqga8LwoG0Zw:lAC7RmIHy0UX_AIkKRCZcw
      Host:
      - staging2-lcm-prod.intgdc.com
  response:
    status:
      code: 200
      message: OK
    headers:
      X-Gdc-Log-Header:
      - ''
      Date:
      - Wed, 28 Nov 2018 16:59:50 GMT
      Server:
      - GoodData WebApp
      Cache-Control:
      - no-cache, no-store, must-revalidate
      Content-Type:
      - application/json;charset=UTF-8
      X-Gdc-Request:
      - UCyVsnFzNaUqga8LwoG0Zw:lAC7RmIHy0UX_AIkKRCZcw:qX1TgxuqJoUrA4TH
      Vary:
      - origin
      X-Gdc-Request-Time:
      - '21'
      Transfer-Encoding:
      - chunked
      Strict-Transport-Security:
      - max-age=10886400; includeSubDomains; preload;
    body:
      encoding: ASCII-8BIT
      string: '{"schedule":{"name":"main.rb","type":"MSETL","state":"ENABLED","params":{"a":"b","b":"c","EXECUTABLE":"main.rb","PROCESS_ID":"8190558e-414d-44bd-8b6e-eb0f128a248e"},"cron":"0
        15 27 7 *","timezone":"UTC","nextExecutionTime":"2019-07-27T15:00:00.000Z","consecutiveFailedExecutionCount":0,"ownerLogin":"rubydev+admin@gooddata.com","links":{"self":"/gdc/projects/ulqqp5kx5q1q01gwwdg6qfzt838w8qop/schedules/5bfec985e4b0f3ce81febf2e","executions":"/gdc/projects/ulqqp5kx5q1q01gwwdg6qfzt838w8qop/schedules/5bfec985e4b0f3ce81febf2e/executions"}}}'
    http_version:
  recorded_at: Wed, 28 Nov 2018 16:59:50 GMT
- request:
    method: delete
    uri: https://staging2-lcm-prod.intgdc.com/gdc/projects/ulqqp5kx5q1q01gwwdg6qfzt838w8qop/schedules/5bfec985e4b0f3ce81febf2e
    body:
      encoding: US-ASCII
      string: ''
    headers:
      Accept:
      - application/json, application/zip
      Accept-Encoding:
      - gzip, deflate
      User-Agent:
      - gooddata-gem/1.3.3/x86_64-darwin16/2.3.3
      Content-Type:
      - application/json
      X-Gdc-Authtt:
      - "<X_GDC_AUTHTT>"
      X-Gdc-Request:
      - UCyVsnFzNaUqga8LwoG0Zw:-xJVb94boy_-KqZXE7K9Vw
      Host:
      - staging2-lcm-prod.intgdc.com
  response:
    status:
      code: 204
      message: No Content
    headers:
      Location:
      - "/gdc/projects/ulqqp5kx5q1q01gwwdg6qfzt838w8qop/schedules"
      X-Gdc-Log-Header:
      - ''
      Date:
      - Wed, 28 Nov 2018 16:59:50 GMT
      Server:
      - GoodData WebApp
      Cache-Control:
      - no-cache, no-store, must-revalidate
      X-Gdc-Request-Time:
      - '23'
      X-Gdc-Request:
      - UCyVsnFzNaUqga8LwoG0Zw:-xJVb94boy_-KqZXE7K9Vw:OF5MxDLuz1xx3bIH
      Vary:
      - origin
      Strict-Transport-Security:
      - max-age=10886400; includeSubDomains; preload;
    body:
      encoding: UTF-8
      string: ''
    http_version:
  recorded_at: Wed, 28 Nov 2018 16:59:51 GMT
- request:
    method: get
    uri: https://staging2-lcm-prod.intgdc.com/gdc/projects/ofzungmvlxxnnj5lwtvphj65rgq2fswb/dataload/processes/0cf3d5a4-f5b2-448c-ab9f-cc6c20b59f39
    body:
      encoding: US-ASCII
      string: ''
    headers:
      Accept:
      - application/json, application/zip
      Accept-Encoding:
      - gzip, deflate
      User-Agent:
      - gooddata-gem/1.3.3/x86_64-darwin16/2.3.3
      Content-Type:
      - application/json
      X-Gdc-Authtt:
      - "<X_GDC_AUTHTT>"
      X-Gdc-Request:
      - SFe9KYu-EwEJMoECagfurA:PtSv7c7GfySvuxhwie7Edg
      Host:
      - staging2-lcm-prod.intgdc.com
  response:
    status:
      code: 200
      message: OK
    headers:
      X-Gdc-Log-Header:
      - ''
      Date:
      - Wed, 28 Nov 2018 17:03:45 GMT
      Server:
      - GoodData WebApp
      Cache-Control:
      - no-cache, no-store, must-revalidate
      Content-Type:
      - application/json;charset=UTF-8
      X-Gdc-Request:
      - SFe9KYu-EwEJMoECagfurA:PtSv7c7GfySvuxhwie7Edg:jjBwza6XDfpJyTQJ
      Vary:
      - origin
      X-Gdc-Request-Time:
      - '89'
      Transfer-Encoding:
      - chunked
      Strict-Transport-Security:
      - max-age=10886400; includeSubDomains; preload;
    body:
      encoding: ASCII-8BIT
      string: '{"process":{"type":"RUBY","name":"Simple Ruby Process","path":"${PUBLIC_APPSTORE}:branch/master:/apps/hello_world_brick","graphs":["main.rb"],"executables":["main.rb"],"lastDeployed":"2018-11-28T17:03:31.114Z","ownerLogin":"rubydev+admin@gooddata.com","links":{"self":"/gdc/projects/ofzungmvlxxnnj5lwtvphj65rgq2fswb/dataload/processes/0cf3d5a4-f5b2-448c-ab9f-cc6c20b59f39","executions":"/gdc/projects/ofzungmvlxxnnj5lwtvphj65rgq2fswb/dataload/processes/0cf3d5a4-f5b2-448c-ab9f-cc6c20b59f39/executions","source":"/gdc/projects/ofzungmvlxxnnj5lwtvphj65rgq2fswb/dataload/processes/0cf3d5a4-f5b2-448c-ab9f-cc6c20b59f39/source"}}}'
    http_version:
  recorded_at: Wed, 28 Nov 2018 17:03:46 GMT
- request:
    method: get
    uri: https://staging2-lcm-prod.intgdc.com/gdc/projects/fanw3gqnpv87lmocwqj0x79k8i9zfepd/dataload/processes/1e9a44cc-c128-41f5-a85f-26c5f71c9679
    body:
      encoding: US-ASCII
      string: ''
    headers:
      Accept:
      - application/json, application/zip
      Accept-Encoding:
      - gzip, deflate
      User-Agent:
      - gooddata-gem/1.3.6/x86_64-linux/2.3.6
      Content-Type:
      - application/json
      X-Gdc-Authtt:
      - "<X_GDC_AUTHTT>"
      X-Gdc-Request:
      - ":ADJCyexmTo3xdkURu5mqMg:vy2WaW6iJ6cNqSNDw_6vog"
      Stats-On:
      - ''
      Host:
      - staging2-lcm-prod.intgdc.com
  response:
    status:
      code: 200
      message: OK
    headers:
      X-Gdc-Log-Header:
      - ''
      Date:
      - Thu, 24 Jan 2019 13:24:46 GMT
      Server:
      - GoodData WebApp
      Cache-Control:
      - no-cache, no-store, must-revalidate
      Content-Type:
      - application/json;charset=UTF-8
      X-Gdc-Request:
      - ":ADJCyexmTo3xdkURu5mqMg:vy2WaW6iJ6cNqSNDw_6vog:78xRxZRwZguym2GB"
      Vary:
      - origin
      X-Gdc-Request-Time:
      - '93'
      Transfer-Encoding:
      - chunked
      Strict-Transport-Security:
      - max-age=10886400; includeSubDomains; preload;
    body:
      encoding: ASCII-8BIT
      string: '{"process":{"type":"RUBY","name":"Simple Ruby Process","path":"${PUBLIC_APPSTORE}:branch/master:/apps/hello_world_brick","graphs":["main.rb"],"executables":["main.rb"],"lastDeployed":"2019-01-24T12:44:06.025Z","ownerLogin":"rubydev+admin@gooddata.com","links":{"self":"/gdc/projects/fanw3gqnpv87lmocwqj0x79k8i9zfepd/dataload/processes/1e9a44cc-c128-41f5-a85f-26c5f71c9679","executions":"/gdc/projects/fanw3gqnpv87lmocwqj0x79k8i9zfepd/dataload/processes/1e9a44cc-c128-41f5-a85f-26c5f71c9679/executions","source":"/gdc/projects/fanw3gqnpv87lmocwqj0x79k8i9zfepd/dataload/processes/1e9a44cc-c128-41f5-a85f-26c5f71c9679/source"}}}'
    http_version:
  recorded_at: Thu, 24 Jan 2019 13:24:46 GMT
- request:
    method: post
    uri: https://staging2-lcm-prod.intgdc.com/gdc/projects/fanw3gqnpv87lmocwqj0x79k8i9zfepd/schedules
    body:
      encoding: UTF-8
      string: '{"schedule":{"name":null,"type":"MSETL","state":"ENABLED","timezone":"UTC","cron":"0
        15 27 7 *","triggerScheduleId":null,"params":{"PROCESS_ID":"1e9a44cc-c128-41f5-a85f-26c5f71c9679","EXECUTABLE":"main.rb","a":"b","b":"c"},"hiddenParams":{}}}'
    headers:
      Accept:
      - application/json, application/zip
      Accept-Encoding:
      - gzip, deflate
      User-Agent:
      - gooddata-gem/1.3.6/x86_64-linux/2.3.6
      Content-Type:
      - application/json
      X-Gdc-Authtt:
      - "<X_GDC_AUTHTT>"
      X-Gdc-Request:
      - ":ADJCyexmTo3xdkURu5mqMg:Q3vXqSrYmKnNNNA4v5C9QA"
      Stats-On:
      - ''
      Content-Length:
      - '242'
      Host:
      - staging2-lcm-prod.intgdc.com
  response:
    status:
      code: 201
      message: Created
    headers:
      Location:
      - "/gdc/projects/fanw3gqnpv87lmocwqj0x79k8i9zfepd/schedules/5c49bc9fe4b0209098241c21"
      X-Gdc-Log-Header:
      - ''
      Date:
      - Thu, 24 Jan 2019 13:24:46 GMT
      Server:
      - GoodData WebApp
      Cache-Control:
      - no-cache, no-store, must-revalidate
      Content-Type:
      - application/json;charset=UTF-8
      X-Gdc-Request:
      - ":ADJCyexmTo3xdkURu5mqMg:Q3vXqSrYmKnNNNA4v5C9QA:wJzXDX1lES2OvCx3"
      Vary:
      - origin
      X-Gdc-Request-Time:
      - '28'
      Transfer-Encoding:
      - chunked
      Strict-Transport-Security:
      - max-age=10886400; includeSubDomains; preload;
    body:
      encoding: ASCII-8BIT
      string: '{"schedule":{"name":"main.rb","type":"MSETL","state":"ENABLED","params":{"a":"b","b":"c","EXECUTABLE":"main.rb","PROCESS_ID":"1e9a44cc-c128-41f5-a85f-26c5f71c9679"},"cron":"0
        15 27 7 *","timezone":"UTC","nextExecutionTime":"2019-07-27T15:00:00.000Z","consecutiveFailedExecutionCount":0,"ownerLogin":"rubydev+admin@gooddata.com","links":{"self":"/gdc/projects/fanw3gqnpv87lmocwqj0x79k8i9zfepd/schedules/5c49bc9fe4b0209098241c21","executions":"/gdc/projects/fanw3gqnpv87lmocwqj0x79k8i9zfepd/schedules/5c49bc9fe4b0209098241c21/executions"}}}'
    http_version:
  recorded_at: Thu, 24 Jan 2019 13:24:47 GMT
- request:
    method: get
    uri: https://staging2-lcm-prod.intgdc.com/gdc/projects/fanw3gqnpv87lmocwqj0x79k8i9zfepd/schedules/5c49bc9fe4b0209098241c21
    body:
      encoding: US-ASCII
      string: ''
    headers:
      Accept:
      - application/json, application/zip
      Accept-Encoding:
      - gzip, deflate
      User-Agent:
      - gooddata-gem/1.3.6/x86_64-linux/2.3.6
      Content-Type:
      - application/json
      X-Gdc-Authtt:
      - "<X_GDC_AUTHTT>"
      X-Gdc-Request:
      - ":ADJCyexmTo3xdkURu5mqMg:W3EIFG6MwGYECgH4mlABBg"
      Stats-On:
      - ''
      Host:
      - staging2-lcm-prod.intgdc.com
  response:
    status:
      code: 200
      message: OK
    headers:
      X-Gdc-Log-Header:
      - ''
      Date:
      - Thu, 24 Jan 2019 13:24:47 GMT
      Server:
      - GoodData WebApp
      Cache-Control:
      - no-cache, no-store, must-revalidate
      Content-Type:
      - application/json;charset=UTF-8
      X-Gdc-Request:
      - ":ADJCyexmTo3xdkURu5mqMg:W3EIFG6MwGYECgH4mlABBg:0a4Wyuqg7pug8bDi"
      Vary:
      - origin
      X-Gdc-Request-Time:
      - '20'
      Transfer-Encoding:
      - chunked
      Strict-Transport-Security:
      - max-age=10886400; includeSubDomains; preload;
    body:
      encoding: ASCII-8BIT
      string: '{"schedule":{"name":"main.rb","type":"MSETL","state":"ENABLED","params":{"a":"b","b":"c","EXECUTABLE":"main.rb","PROCESS_ID":"1e9a44cc-c128-41f5-a85f-26c5f71c9679"},"cron":"0
        15 27 7 *","timezone":"UTC","nextExecutionTime":"2019-07-27T15:00:00.000Z","consecutiveFailedExecutionCount":0,"ownerLogin":"rubydev+admin@gooddata.com","links":{"self":"/gdc/projects/fanw3gqnpv87lmocwqj0x79k8i9zfepd/schedules/5c49bc9fe4b0209098241c21","executions":"/gdc/projects/fanw3gqnpv87lmocwqj0x79k8i9zfepd/schedules/5c49bc9fe4b0209098241c21/executions"}}}'
    http_version:
  recorded_at: Thu, 24 Jan 2019 13:24:48 GMT
- request:
    method: delete
    uri: https://staging2-lcm-prod.intgdc.com/gdc/projects/fanw3gqnpv87lmocwqj0x79k8i9zfepd/schedules/5c49bc9fe4b0209098241c21
    body:
      encoding: US-ASCII
      string: ''
    headers:
      Accept:
      - application/json, application/zip
      Accept-Encoding:
      - gzip, deflate
      User-Agent:
      - gooddata-gem/1.3.6/x86_64-linux/2.3.6
      Content-Type:
      - application/json
      X-Gdc-Authtt:
      - "<X_GDC_AUTHTT>"
      X-Gdc-Request:
      - ":ADJCyexmTo3xdkURu5mqMg:QNO_QkyvThmOqtdsylkmvQ"
      Stats-On:
      - ''
      Host:
      - staging2-lcm-prod.intgdc.com
  response:
    status:
      code: 204
      message: No Content
    headers:
      Location:
      - "/gdc/projects/fanw3gqnpv87lmocwqj0x79k8i9zfepd/schedules"
      X-Gdc-Log-Header:
      - ''
      Date:
      - Thu, 24 Jan 2019 13:24:48 GMT
      Server:
      - GoodData WebApp
      Cache-Control:
      - no-cache, no-store, must-revalidate
      X-Gdc-Request-Time:
      - '22'
      X-Gdc-Request:
      - ":ADJCyexmTo3xdkURu5mqMg:QNO_QkyvThmOqtdsylkmvQ:mes88qQRkbDjy9Ng"
      Vary:
      - origin
      Strict-Transport-Security:
      - max-age=10886400; includeSubDomains; preload;
    body:
      encoding: UTF-8
      string: ''
    http_version:
  recorded_at: Thu, 24 Jan 2019 13:24:49 GMT
- request:
    method: get
    uri: https://staging2-lcm-prod.intgdc.com/gdc/projects/ckggg1kn1hwetn3giedb8i2g7em2ykir/dataload/processes/74693e9c-7da7-40af-9dbf-1bf909ac55b4
    body:
      encoding: US-ASCII
      string: ''
    headers:
      Accept:
      - application/json, application/zip
      User-Agent:
      - gooddata-gem/2.1.9/java/2.5.0
      Content-Type:
      - application/json
      X-Gdc-Authtt:
      - "<X_GDC_AUTHTT>"
      X-Gdc-Request:
      - ":6R-eYvIIdIipxhY5OybcTg:tFLgZay09evy6kbJeO7-nQ"
      Stats-On:
      - ''
      X-Gdc-Version:
      - '2'
      Accept-Encoding:
      - gzip;q=1.0,deflate;q=0.6,identity;q=0.3
      Host:
      - staging2-lcm-prod.intgdc.com
  response:
    status:
      code: 200
      message: OK
    headers:
      X-Gdc-Log-Header:
      - ''
      Content-Type:
      - application/json;charset=UTF-8
      Date:
      - Wed, 15 Jan 2020 06:15:51 GMT
      Server:
      - GoodData WebApp
      X-Gdc-Request-Time:
      - '6'
      X-Gdc-Request:
      - ":6R-eYvIIdIipxhY5OybcTg:tFLgZay09evy6kbJeO7-nQ:pg1e5XTDhrqMX7Kf"
      Cache-Control:
      - no-cache, no-store, must-revalidate
      Vary:
      - origin,X-GDC-VERSION
      Transfer-Encoding:
      - chunked
      Strict-Transport-Security:
      - max-age=10886400; includeSubDomains; preload;
    body:
      encoding: ASCII-8BIT
      string: '{"process":{"type":"RUBY","name":"Simple Ruby Process","path":"${PUBLIC_APPSTORE}:branch/master:/apps/hello_world_brick","graphs":["main.rb"],"executables":["main.rb"],"lastDeployed":"2020-01-15T04:32:52.334Z","ownerLogin":"rubydev+admin@gooddata.com","links":{"self":"/gdc/projects/ckggg1kn1hwetn3giedb8i2g7em2ykir/dataload/processes/74693e9c-7da7-40af-9dbf-1bf909ac55b4","executions":"/gdc/projects/ckggg1kn1hwetn3giedb8i2g7em2ykir/dataload/processes/74693e9c-7da7-40af-9dbf-1bf909ac55b4/executions","source":"/gdc/projects/ckggg1kn1hwetn3giedb8i2g7em2ykir/dataload/processes/74693e9c-7da7-40af-9dbf-1bf909ac55b4/source"}}}'
    http_version:
  recorded_at: Wed, 15 Jan 2020 06:15:52 GMT
- request:
    method: post
    uri: https://staging2-lcm-prod.intgdc.com/gdc/projects/ckggg1kn1hwetn3giedb8i2g7em2ykir/schedules
    body:
      encoding: UTF-8
      string: '{"schedule":{"name":null,"type":"MSETL","state":"ENABLED","timezone":"UTC","cron":"0
        15 27 7 *","triggerScheduleId":null,"params":{"PROCESS_ID":"74693e9c-7da7-40af-9dbf-1bf909ac55b4","EXECUTABLE":"main.rb","a":"b","b":"c"},"hiddenParams":{}}}'
    headers:
      Accept:
      - application/json, application/zip
      User-Agent:
      - gooddata-gem/2.1.9/java/2.5.0
      Content-Type:
      - application/json
      X-Gdc-Authtt:
      - "<X_GDC_AUTHTT>"
      X-Gdc-Request:
      - ":6R-eYvIIdIipxhY5OybcTg:zheCiIlge5sXg0-LtP5cow"
      Stats-On:
      - ''
      X-Gdc-Version:
      - '2'
      Content-Length:
      - '242'
      Accept-Encoding:
      - gzip;q=1.0,deflate;q=0.6,identity;q=0.3
      Host:
      - staging2-lcm-prod.intgdc.com
  response:
    status:
      code: 201
      message: Created
    headers:
      Location:
      - "/gdc/projects/ckggg1kn1hwetn3giedb8i2g7em2ykir/schedules/5e1eae191be1fc6a16f767ea"
      X-Gdc-Log-Header:
      - ''
      Content-Type:
      - application/json;charset=UTF-8
      Date:
      - Wed, 15 Jan 2020 06:15:53 GMT
      Server:
      - GoodData WebApp
      X-Gdc-Request-Time:
      - '15'
      X-Gdc-Request:
      - ":6R-eYvIIdIipxhY5OybcTg:zheCiIlge5sXg0-LtP5cow:6xJSBIkA9dMkqz1e"
      Cache-Control:
      - no-cache, no-store, must-revalidate
      Vary:
      - origin,X-GDC-VERSION
      Transfer-Encoding:
      - chunked
      Strict-Transport-Security:
      - max-age=10886400; includeSubDomains; preload;
    body:
      encoding: ASCII-8BIT
      string: '{"schedule":{"name":"main.rb","type":"MSETL","state":"ENABLED","params":{"a":"b","b":"c","EXECUTABLE":"main.rb","PROCESS_ID":"74693e9c-7da7-40af-9dbf-1bf909ac55b4"},"cron":"0
        15 27 7 *","timezone":"UTC","nextExecutionTime":"2020-07-27T15:00:00.000Z","consecutiveFailedExecutionCount":0,"ownerLogin":"rubydev+admin@gooddata.com","links":{"self":"/gdc/projects/ckggg1kn1hwetn3giedb8i2g7em2ykir/schedules/5e1eae191be1fc6a16f767ea","executions":"/gdc/projects/ckggg1kn1hwetn3giedb8i2g7em2ykir/schedules/5e1eae191be1fc6a16f767ea/executions"}}}'
    http_version:
  recorded_at: Wed, 15 Jan 2020 06:15:53 GMT
- request:
    method: get
    uri: https://staging2-lcm-prod.intgdc.com/gdc/projects/ckggg1kn1hwetn3giedb8i2g7em2ykir/schedules/5e1eae191be1fc6a16f767ea
    body:
      encoding: US-ASCII
      string: ''
    headers:
      Accept:
      - application/json, application/zip
      User-Agent:
      - gooddata-gem/2.1.9/java/2.5.0
      Content-Type:
      - application/json
      X-Gdc-Authtt:
      - "<X_GDC_AUTHTT>"
      X-Gdc-Request:
      - ":6R-eYvIIdIipxhY5OybcTg:InGOXm2II_LCUCZrj4imXg"
      Stats-On:
      - ''
      X-Gdc-Version:
      - '2'
      Accept-Encoding:
      - gzip;q=1.0,deflate;q=0.6,identity;q=0.3
      Host:
      - staging2-lcm-prod.intgdc.com
  response:
    status:
      code: 200
      message: OK
    headers:
      X-Gdc-Log-Header:
      - ''
      Content-Type:
      - application/json;charset=UTF-8
      Date:
      - Wed, 15 Jan 2020 06:15:53 GMT
      Server:
      - GoodData WebApp
      X-Gdc-Request-Time:
      - '8'
      X-Gdc-Request:
      - ":6R-eYvIIdIipxhY5OybcTg:InGOXm2II_LCUCZrj4imXg:JkJ0jgJMS6m5eon1"
      Cache-Control:
      - no-cache, no-store, must-revalidate
      Vary:
      - origin,X-GDC-VERSION
      Transfer-Encoding:
      - chunked
      Strict-Transport-Security:
      - max-age=10886400; includeSubDomains; preload;
    body:
      encoding: ASCII-8BIT
      string: '{"schedule":{"name":"main.rb","type":"MSETL","state":"ENABLED","params":{"a":"b","b":"c","EXECUTABLE":"main.rb","PROCESS_ID":"74693e9c-7da7-40af-9dbf-1bf909ac55b4"},"cron":"0
        15 27 7 *","timezone":"UTC","nextExecutionTime":"2020-07-27T15:00:00.000Z","consecutiveFailedExecutionCount":0,"ownerLogin":"rubydev+admin@gooddata.com","links":{"self":"/gdc/projects/ckggg1kn1hwetn3giedb8i2g7em2ykir/schedules/5e1eae191be1fc6a16f767ea","executions":"/gdc/projects/ckggg1kn1hwetn3giedb8i2g7em2ykir/schedules/5e1eae191be1fc6a16f767ea/executions"}}}'
    http_version:
  recorded_at: Wed, 15 Jan 2020 06:15:54 GMT
- request:
    method: delete
    uri: https://staging2-lcm-prod.intgdc.com/gdc/projects/ckggg1kn1hwetn3giedb8i2g7em2ykir/schedules/5e1eae191be1fc6a16f767ea
    body:
      encoding: US-ASCII
      string: ''
    headers:
      Accept:
      - application/json, application/zip
      User-Agent:
      - gooddata-gem/2.1.9/java/2.5.0
      Content-Type:
      - application/json
      X-Gdc-Authtt:
      - "<X_GDC_AUTHTT>"
      X-Gdc-Request:
      - ":6R-eYvIIdIipxhY5OybcTg:5Rz9_gYy7fkSJmpK-J05XA"
      Stats-On:
      - ''
      X-Gdc-Version:
      - '2'
      Accept-Encoding:
      - gzip;q=1.0,deflate;q=0.6,identity;q=0.3
      Host:
      - staging2-lcm-prod.intgdc.com
  response:
    status:
      code: 204
      message: No Content
    headers:
      Location:
      - "/gdc/projects/ckggg1kn1hwetn3giedb8i2g7em2ykir/schedules"
      X-Gdc-Log-Header:
      - ''
      Date:
      - Wed, 15 Jan 2020 06:15:55 GMT
      Server:
      - GoodData WebApp
      X-Gdc-Request-Time:
      - '11'
      X-Gdc-Request:
      - ":6R-eYvIIdIipxhY5OybcTg:5Rz9_gYy7fkSJmpK-J05XA:AuOSiUG6M5QX9Dtt"
      Cache-Control:
      - no-cache, no-store, must-revalidate
      Vary:
      - origin,X-GDC-VERSION
      Strict-Transport-Security:
      - max-age=10886400; includeSubDomains; preload;
    body:
      encoding: UTF-8
      string: ''
    http_version:
  recorded_at: Wed, 15 Jan 2020 06:15:55 GMT
recorded_with: VCR 5.0.0
